[2026-02-02T16:36:58.785+0000] {local_task_job_runner.py:120} INFO - ::group::Pre task execution logs
[2026-02-02T16:36:58.875+0000] {taskinstance.py:2076} INFO - Dependencies all met for dep_context=non-requeueable deps ti=<TaskInstance: sales_silver_cleaning_pipeline.run_silver_cleaning manual__2026-02-02T16:36:43.159007+00:00 [queued]>
[2026-02-02T16:36:58.897+0000] {taskinstance.py:2076} INFO - Dependencies all met for dep_context=requeueable deps ti=<TaskInstance: sales_silver_cleaning_pipeline.run_silver_cleaning manual__2026-02-02T16:36:43.159007+00:00 [queued]>
[2026-02-02T16:36:58.899+0000] {taskinstance.py:2306} INFO - Starting attempt 1 of 2
[2026-02-02T16:36:58.986+0000] {taskinstance.py:2330} INFO - Executing <Task(PythonOperator): run_silver_cleaning> on 2026-02-02 16:36:43.159007+00:00
[2026-02-02T16:36:58.996+0000] {standard_task_runner.py:64} INFO - Started process 82 to run task
[2026-02-02T16:36:59.006+0000] {standard_task_runner.py:90} INFO - Running: ['airflow', 'tasks', 'run', 'sales_silver_cleaning_pipeline', 'run_silver_cleaning', 'manual__2026-02-02T16:36:43.159007+00:00', '--job-id', '555', '--raw', '--subdir', 'DAGS_FOLDER/clean_sales_dag.py', '--cfg-path', '/tmp/tmplkn3m3vj']
[2026-02-02T16:36:59.011+0000] {standard_task_runner.py:91} INFO - Job 555: Subtask run_silver_cleaning
[2026-02-02T16:36:59.153+0000] {task_command.py:426} INFO - Running <TaskInstance: sales_silver_cleaning_pipeline.run_silver_cleaning manual__2026-02-02T16:36:43.159007+00:00 [running]> on host 7121b8d7fa58
[2026-02-02T16:36:59.392+0000] {taskinstance.py:2648} INFO - Exporting env vars: AIRFLOW_CTX_DAG_OWNER='admin' AIRFLOW_CTX_DAG_ID='sales_silver_cleaning_pipeline' AIRFLOW_CTX_TASK_ID='run_silver_cleaning' AIRFLOW_CTX_EXECUTION_DATE='2026-02-02T16:36:43.159007+00:00' AIRFLOW_CTX_TRY_NUMBER='1' AIRFLOW_CTX_DAG_RUN_ID='manual__2026-02-02T16:36:43.159007+00:00'
[2026-02-02T16:36:59.394+0000] {taskinstance.py:430} INFO - ::endgroup::
[2026-02-02T16:36:59.430+0000] {clean_sales_dag.py:14} INFO - Current sys.path: ['/home/airflow/.local/bin', '/opt/airflow', '/usr/local/lib/python312.zip', '/usr/local/lib/python3.12', '/usr/local/lib/python3.12/lib-dynload', '/home/airflow/.local/lib/python3.12/site-packages', '/opt/airflow/dags', '/opt/airflow/config', '/opt/airflow/plugins']
[2026-02-02T16:36:59.431+0000] {clean_sales_dag.py:16} INFO - Contents of /opt/airflow: ['dags', 'logs', 'data_warehouse', 'source', 'scripts', 'airflow.cfg', 'data_transform']
[2026-02-02T16:36:59.440+0000] {clean_sales_dag.py:17} INFO - Contents of /opt/airflow/data_transform: ['clean_ingestion.py', 'clean_sales.py', 'load_clean_data.py', 'notebooks', 'raw_data_fetcher.py', '__init__.py', '__pycache__']
[2026-02-02T16:37:00.312+0000] {raw_data_fetcher.py:15} INFO - Fetched 500 records from raw.sales_data
[2026-02-02T16:37:00.724+0000] {python.py:237} INFO - Done. Returned value was: None
[2026-02-02T16:37:00.725+0000] {taskinstance.py:441} INFO - ::group::Post task execution logs
[2026-02-02T16:37:00.752+0000] {taskinstance.py:1206} INFO - Marking task as SUCCESS. dag_id=sales_silver_cleaning_pipeline, task_id=run_silver_cleaning, run_id=manual__2026-02-02T16:36:43.159007+00:00, execution_date=20260202T163643, start_date=20260202T163658, end_date=20260202T163700
[2026-02-02T16:37:00.791+0000] {local_task_job_runner.py:243} INFO - Task exited with return code 0
[2026-02-02T16:37:00.844+0000] {taskinstance.py:3503} INFO - 1 downstream tasks scheduled from follow-on schedule check
[2026-02-02T16:37:00.849+0000] {local_task_job_runner.py:222} INFO - ::endgroup::
