[2026-02-04T14:30:38.512+0000] {local_task_job_runner.py:120} INFO - ::group::Pre task execution logs
[2026-02-04T14:30:38.566+0000] {taskinstance.py:2076} INFO - Dependencies all met for dep_context=non-requeueable deps ti=<TaskInstance: star_schema_pipeline.run_star_schema_population manual__2026-02-04T14:30:32.366229+00:00 [queued]>
[2026-02-04T14:30:38.582+0000] {taskinstance.py:2076} INFO - Dependencies all met for dep_context=requeueable deps ti=<TaskInstance: star_schema_pipeline.run_star_schema_population manual__2026-02-04T14:30:32.366229+00:00 [queued]>
[2026-02-04T14:30:38.584+0000] {taskinstance.py:2306} INFO - Starting attempt 1 of 2
[2026-02-04T14:30:38.654+0000] {taskinstance.py:2330} INFO - Executing <Task(PythonOperator): run_star_schema_population> on 2026-02-04 14:30:32.366229+00:00
[2026-02-04T14:30:38.661+0000] {standard_task_runner.py:64} INFO - Started process 225 to run task
[2026-02-04T14:30:38.668+0000] {standard_task_runner.py:90} INFO - Running: ['airflow', 'tasks', 'run', 'star_schema_pipeline', 'run_star_schema_population', 'manual__2026-02-04T14:30:32.366229+00:00', '--job-id', '864', '--raw', '--subdir', 'DAGS_FOLDER/star_schema_dag.py', '--cfg-path', '/tmp/tmpc60jiydq']
[2026-02-04T14:30:38.673+0000] {standard_task_runner.py:91} INFO - Job 864: Subtask run_star_schema_population
[2026-02-04T14:30:38.767+0000] {task_command.py:426} INFO - Running <TaskInstance: star_schema_pipeline.run_star_schema_population manual__2026-02-04T14:30:32.366229+00:00 [running]> on host 6acbc927f227
[2026-02-04T14:30:39.018+0000] {taskinstance.py:2648} INFO - Exporting env vars: AIRFLOW_CTX_DAG_OWNER='admin' AIRFLOW_CTX_DAG_ID='star_schema_pipeline' AIRFLOW_CTX_TASK_ID='run_star_schema_population' AIRFLOW_CTX_EXECUTION_DATE='2026-02-04T14:30:32.366229+00:00' AIRFLOW_CTX_TRY_NUMBER='1' AIRFLOW_CTX_DAG_RUN_ID='manual__2026-02-04T14:30:32.366229+00:00'
[2026-02-04T14:30:39.020+0000] {taskinstance.py:430} INFO - ::endgroup::
[2026-02-04T14:30:39.674+0000] {logging_mixin.py:188} INFO - Loading silver data after 2026-02-04 14:25:22.820561...
[2026-02-04T14:30:39.743+0000] {logging_mixin.py:188} INFO - Extracted 100 new rows from silver layer.
[2026-02-04T14:30:39.745+0000] {logging_mixin.py:188} INFO - Building Dimension Tables...
[2026-02-04T14:30:39.746+0000] {logging_mixin.py:188} INFO - Building dim_date...
[2026-02-04T14:30:39.762+0000] {logging_mixin.py:188} INFO - dim_date is up to date.
[2026-02-04T14:30:39.763+0000] {logging_mixin.py:188} INFO - Building dim_product...
[2026-02-04T14:30:39.771+0000] {logging_mixin.py:188} INFO - dim_product is up to date.
[2026-02-04T14:30:39.772+0000] {logging_mixin.py:188} INFO - Building dim_customer...
[2026-02-04T14:30:39.785+0000] {logging_mixin.py:188} INFO - dim_customer is up to date.
[2026-02-04T14:30:39.786+0000] {logging_mixin.py:188} INFO - Building Fact Table...
[2026-02-04T14:30:39.799+0000] {logging_mixin.py:188} INFO - Inserting 100 new rows into fact_sales
[2026-02-04T14:30:39.827+0000] {logging_mixin.py:188} INFO - Star schema updated successfully!
[2026-02-04T14:30:39.829+0000] {python.py:237} INFO - Done. Returned value was: None
[2026-02-04T14:30:39.830+0000] {taskinstance.py:441} INFO - ::group::Post task execution logs
[2026-02-04T14:30:39.849+0000] {taskinstance.py:1206} INFO - Marking task as SUCCESS. dag_id=star_schema_pipeline, task_id=run_star_schema_population, run_id=manual__2026-02-04T14:30:32.366229+00:00, execution_date=20260204T143032, start_date=20260204T143038, end_date=20260204T143039
[2026-02-04T14:30:39.886+0000] {local_task_job_runner.py:243} INFO - Task exited with return code 0
[2026-02-04T14:30:39.916+0000] {taskinstance.py:3503} INFO - 0 downstream tasks scheduled from follow-on schedule check
[2026-02-04T14:30:39.919+0000] {local_task_job_runner.py:222} INFO - ::endgroup::
