[2026-02-02T19:45:42.447+0000] {local_task_job_runner.py:120} INFO - ::group::Pre task execution logs
[2026-02-02T19:45:42.556+0000] {taskinstance.py:2076} INFO - Dependencies all met for dep_context=non-requeueable deps ti=<TaskInstance: sales_ingestion_pipeline.run_sales_ingestion scheduled__2026-02-02T19:40:00+00:00 [queued]>
[2026-02-02T19:45:42.572+0000] {taskinstance.py:2076} INFO - Dependencies all met for dep_context=requeueable deps ti=<TaskInstance: sales_ingestion_pipeline.run_sales_ingestion scheduled__2026-02-02T19:40:00+00:00 [queued]>
[2026-02-02T19:45:42.573+0000] {taskinstance.py:2306} INFO - Starting attempt 1 of 2
[2026-02-02T19:45:42.659+0000] {taskinstance.py:2330} INFO - Executing <Task(PythonOperator): run_sales_ingestion> on 2026-02-02 19:40:00+00:00
[2026-02-02T19:45:42.684+0000] {standard_task_runner.py:90} INFO - Running: ['airflow', 'tasks', 'run', 'sales_ingestion_pipeline', 'run_sales_ingestion', 'scheduled__2026-02-02T19:40:00+00:00', '--job-id', '649', '--raw', '--subdir', 'DAGS_FOLDER/ingest_sales_dag.py', '--cfg-path', '/tmp/tmp9a_y6n90']
[2026-02-02T19:45:42.693+0000] {standard_task_runner.py:91} INFO - Job 649: Subtask run_sales_ingestion
[2026-02-02T19:45:42.696+0000] {logging_mixin.py:188} WARNING - /home/airflow/.local/lib/python3.12/site-packages/airflow/task/task_runner/standard_task_runner.py:62 DeprecationWarning: This process (pid=25) is multi-threaded, use of fork() may lead to deadlocks in the child.
[2026-02-02T19:45:42.697+0000] {standard_task_runner.py:64} INFO - Started process 38 to run task
[2026-02-02T19:45:42.816+0000] {task_command.py:426} INFO - Running <TaskInstance: sales_ingestion_pipeline.run_sales_ingestion scheduled__2026-02-02T19:40:00+00:00 [running]> on host 4fd63ccfb591
[2026-02-02T19:45:43.141+0000] {taskinstance.py:2648} INFO - Exporting env vars: AIRFLOW_CTX_DAG_OWNER='you' AIRFLOW_CTX_DAG_ID='sales_ingestion_pipeline' AIRFLOW_CTX_TASK_ID='run_sales_ingestion' AIRFLOW_CTX_EXECUTION_DATE='2026-02-02T19:40:00+00:00' AIRFLOW_CTX_TRY_NUMBER='1' AIRFLOW_CTX_DAG_RUN_ID='scheduled__2026-02-02T19:40:00+00:00'
[2026-02-02T19:45:43.144+0000] {taskinstance.py:430} INFO - ::endgroup::
[2026-02-02T19:45:43.275+0000] {ingest_sales.py:33} INFO - Starting automated incremental ingestion pipeline
[2026-02-02T19:45:43.409+0000] {logging_mixin.py:188} INFO - Extracted 1000 rows from Sales_Dataset.csv
[2026-02-02T19:45:43.466+0000] {ingest_sales.py:40} INFO - Current max order_id in DB: 999
[2026-02-02T19:45:43.488+0000] {ingest_sales.py:47} INFO - No new rows to load — pipeline complete!
[2026-02-02T19:45:43.490+0000] {python.py:237} INFO - Done. Returned value was: None
[2026-02-02T19:45:43.492+0000] {taskinstance.py:441} INFO - ::group::Post task execution logs
[2026-02-02T19:45:43.527+0000] {taskinstance.py:1206} INFO - Marking task as SUCCESS. dag_id=sales_ingestion_pipeline, task_id=run_sales_ingestion, run_id=scheduled__2026-02-02T19:40:00+00:00, execution_date=20260202T194000, start_date=20260202T194542, end_date=20260202T194543
[2026-02-02T19:45:43.560+0000] {local_task_job_runner.py:243} INFO - Task exited with return code 0
[2026-02-02T19:45:43.602+0000] {taskinstance.py:3503} INFO - 1 downstream tasks scheduled from follow-on schedule check
[2026-02-02T19:45:43.605+0000] {local_task_job_runner.py:222} INFO - ::endgroup::
