[2026-02-02T19:28:36.290+0000] {local_task_job_runner.py:120} INFO - ::group::Pre task execution logs
[2026-02-02T19:28:36.330+0000] {taskinstance.py:2076} INFO - Dependencies all met for dep_context=non-requeueable deps ti=<TaskInstance: star_schema_pipeline.run_star_schema_population manual__2026-02-02T19:23:22.157187+00:00 [queued]>
[2026-02-02T19:28:36.339+0000] {taskinstance.py:2076} INFO - Dependencies all met for dep_context=requeueable deps ti=<TaskInstance: star_schema_pipeline.run_star_schema_population manual__2026-02-02T19:23:22.157187+00:00 [queued]>
[2026-02-02T19:28:36.340+0000] {taskinstance.py:2306} INFO - Starting attempt 2 of 2
[2026-02-02T19:28:36.355+0000] {taskinstance.py:2330} INFO - Executing <Task(PythonOperator): run_star_schema_population> on 2026-02-02 19:23:22.157187+00:00
[2026-02-02T19:28:36.360+0000] {standard_task_runner.py:64} INFO - Started process 37 to run task
[2026-02-02T19:28:36.363+0000] {standard_task_runner.py:90} INFO - Running: ['airflow', 'tasks', 'run', 'star_schema_pipeline', 'run_star_schema_population', 'manual__2026-02-02T19:23:22.157187+00:00', '--job-id', '623', '--raw', '--subdir', 'DAGS_FOLDER/star_schema_dag.py', '--cfg-path', '/tmp/tmp3kfpyxjy']
[2026-02-02T19:28:36.366+0000] {standard_task_runner.py:91} INFO - Job 623: Subtask run_star_schema_population
[2026-02-02T19:28:36.487+0000] {task_command.py:426} INFO - Running <TaskInstance: star_schema_pipeline.run_star_schema_population manual__2026-02-02T19:23:22.157187+00:00 [running]> on host ae25c4aecd61
[2026-02-02T19:28:36.695+0000] {taskinstance.py:2648} INFO - Exporting env vars: AIRFLOW_CTX_DAG_OWNER='admin' AIRFLOW_CTX_DAG_ID='star_schema_pipeline' AIRFLOW_CTX_TASK_ID='run_star_schema_population' AIRFLOW_CTX_EXECUTION_DATE='2026-02-02T19:23:22.157187+00:00' AIRFLOW_CTX_TRY_NUMBER='2' AIRFLOW_CTX_DAG_RUN_ID='manual__2026-02-02T19:23:22.157187+00:00'
[2026-02-02T19:28:36.697+0000] {taskinstance.py:430} INFO - ::endgroup::
[2026-02-02T19:28:37.426+0000] {logging_mixin.py:188} INFO - Loading silver data...
[2026-02-02T19:28:37.454+0000] {logging_mixin.py:188} INFO - Building Dimension Tables...
[2026-02-02T19:28:37.455+0000] {logging_mixin.py:188} INFO - Building dim_date...
[2026-02-02T19:28:37.480+0000] {star_schema_dag.py:18} ERROR - Error running star schema ETL: (psycopg2.errors.UndefinedTable) relation "warehouse.dim_date" does not exist
LINE 1: SELECT date_key FROM warehouse.dim_date
                             ^

[SQL: SELECT date_key FROM warehouse.dim_date]
(Background on this error at: https://sqlalche.me/e/14/f405)
[2026-02-02T19:28:37.481+0000] {taskinstance.py:441} INFO - ::group::Post task execution logs
[2026-02-02T19:28:37.482+0000] {taskinstance.py:2905} ERROR - Task failed with exception
Traceback (most recent call last):
  File "/home/airflow/.local/lib/python3.12/site-packages/sqlalchemy/engine/base.py", line 1910, in _execute_context
    self.dialect.do_execute(
  File "/home/airflow/.local/lib/python3.12/site-packages/sqlalchemy/engine/default.py", line 736, in do_execute
    cursor.execute(statement, parameters)
psycopg2.errors.UndefinedTable: relation "warehouse.dim_date" does not exist
LINE 1: SELECT date_key FROM warehouse.dim_date
                             ^


The above exception was the direct cause of the following exception:

Traceback (most recent call last):
  File "/home/airflow/.local/lib/python3.12/site-packages/airflow/models/taskinstance.py", line 465, in _execute_task
    result = _execute_callable(context=context, **execute_callable_kwargs)
             ^^^^^^^^^^^^^^^^^^^^^^^^^^^^^^^^^^^^^^^^^^^^^^^^^^^^^^^^^^^^^
  File "/home/airflow/.local/lib/python3.12/site-packages/airflow/models/taskinstance.py", line 432, in _execute_callable
    return execute_callable(context=context, **execute_callable_kwargs)
           ^^^^^^^^^^^^^^^^^^^^^^^^^^^^^^^^^^^^^^^^^^^^^^^^^^^^^^^^^^^^
  File "/home/airflow/.local/lib/python3.12/site-packages/airflow/models/baseoperator.py", line 401, in wrapper
    return func(self, *args, **kwargs)
           ^^^^^^^^^^^^^^^^^^^^^^^^^^^
  File "/home/airflow/.local/lib/python3.12/site-packages/airflow/operators/python.py", line 235, in execute
    return_value = self.execute_callable()
                   ^^^^^^^^^^^^^^^^^^^^^^^
  File "/home/airflow/.local/lib/python3.12/site-packages/airflow/operators/python.py", line 252, in execute_callable
    return self.python_callable(*self.op_args, **self.op_kwargs)
           ^^^^^^^^^^^^^^^^^^^^^^^^^^^^^^^^^^^^^^^^^^^^^^^^^^^^^
  File "/opt/airflow/dags/star_schema_dag.py", line 19, in run_star_schema_wrapper
    raise e
  File "/opt/airflow/dags/star_schema_dag.py", line 16, in run_star_schema_wrapper
    run_star_schema_etl()
  File "/opt/airflow/data_warehouse/star_schema.py", line 183, in run_star_schema_etl
    star_schema.build_star_schema()
  File "/opt/airflow/data_warehouse/star_schema.py", line 24, in build_star_schema
    self.build_dimension_tables()
  File "/opt/airflow/data_warehouse/star_schema.py", line 45, in build_dimension_tables
    existing_dates = pd.read_sql("SELECT date_key FROM warehouse.dim_date", self.engine)
                     ^^^^^^^^^^^^^^^^^^^^^^^^^^^^^^^^^^^^^^^^^^^^^^^^^^^^^^^^^^^^^^^^^^^
  File "/home/airflow/.local/lib/python3.12/site-packages/pandas/io/sql.py", line 682, in read_sql
    return pandas_sql.read_query(
           ^^^^^^^^^^^^^^^^^^^^^^
  File "/home/airflow/.local/lib/python3.12/site-packages/pandas/io/sql.py", line 1776, in read_query
    result = self.execute(sql, params)
             ^^^^^^^^^^^^^^^^^^^^^^^^^
  File "/home/airflow/.local/lib/python3.12/site-packages/pandas/io/sql.py", line 1599, in execute
    return self.con.exec_driver_sql(sql, *args)
           ^^^^^^^^^^^^^^^^^^^^^^^^^^^^^^^^^^^^
  File "/home/airflow/.local/lib/python3.12/site-packages/sqlalchemy/engine/base.py", line 1770, in exec_driver_sql
    return self._exec_driver_sql(
           ^^^^^^^^^^^^^^^^^^^^^^
  File "/home/airflow/.local/lib/python3.12/site-packages/sqlalchemy/engine/base.py", line 1674, in _exec_driver_sql
    ret = self._execute_context(
          ^^^^^^^^^^^^^^^^^^^^^^
  File "/home/airflow/.local/lib/python3.12/site-packages/sqlalchemy/engine/base.py", line 1953, in _execute_context
    self._handle_dbapi_exception(
  File "/home/airflow/.local/lib/python3.12/site-packages/sqlalchemy/engine/base.py", line 2134, in _handle_dbapi_exception
    util.raise_(
  File "/home/airflow/.local/lib/python3.12/site-packages/sqlalchemy/util/compat.py", line 211, in raise_
    raise exception
  File "/home/airflow/.local/lib/python3.12/site-packages/sqlalchemy/engine/base.py", line 1910, in _execute_context
    self.dialect.do_execute(
  File "/home/airflow/.local/lib/python3.12/site-packages/sqlalchemy/engine/default.py", line 736, in do_execute
    cursor.execute(statement, parameters)
sqlalchemy.exc.ProgrammingError: (psycopg2.errors.UndefinedTable) relation "warehouse.dim_date" does not exist
LINE 1: SELECT date_key FROM warehouse.dim_date
                             ^

[SQL: SELECT date_key FROM warehouse.dim_date]
(Background on this error at: https://sqlalche.me/e/14/f405)
[2026-02-02T19:28:37.520+0000] {taskinstance.py:1206} INFO - Marking task as FAILED. dag_id=star_schema_pipeline, task_id=run_star_schema_population, run_id=manual__2026-02-02T19:23:22.157187+00:00, execution_date=20260202T192322, start_date=20260202T192836, end_date=20260202T192837
[2026-02-02T19:28:37.544+0000] {standard_task_runner.py:110} ERROR - Failed to execute job 623 for task run_star_schema_population ((psycopg2.errors.UndefinedTable) relation "warehouse.dim_date" does not exist
LINE 1: SELECT date_key FROM warehouse.dim_date
                             ^

[SQL: SELECT date_key FROM warehouse.dim_date]
(Background on this error at: https://sqlalche.me/e/14/f405); 37)
[2026-02-02T19:28:37.582+0000] {local_task_job_runner.py:243} INFO - Task exited with return code 1
[2026-02-02T19:28:37.612+0000] {taskinstance.py:3503} INFO - 0 downstream tasks scheduled from follow-on schedule check
[2026-02-02T19:28:37.615+0000] {local_task_job_runner.py:222} INFO - ::endgroup::
