[2026-02-04T14:25:06.103+0000] {local_task_job_runner.py:120} INFO - ::group::Pre task execution logs
[2026-02-04T14:25:06.168+0000] {taskinstance.py:2076} INFO - Dependencies all met for dep_context=non-requeueable deps ti=<TaskInstance: sales_ingestion_pipeline.run_sales_ingestion scheduled__2026-02-04T14:20:00+00:00 [queued]>
[2026-02-04T14:25:06.182+0000] {taskinstance.py:2076} INFO - Dependencies all met for dep_context=requeueable deps ti=<TaskInstance: sales_ingestion_pipeline.run_sales_ingestion scheduled__2026-02-04T14:20:00+00:00 [queued]>
[2026-02-04T14:25:06.183+0000] {taskinstance.py:2306} INFO - Starting attempt 1 of 2
[2026-02-04T14:25:06.250+0000] {taskinstance.py:2330} INFO - Executing <Task(PythonOperator): run_sales_ingestion> on 2026-02-04 14:20:00+00:00
[2026-02-04T14:25:06.268+0000] {standard_task_runner.py:90} INFO - Running: ['airflow', 'tasks', 'run', 'sales_ingestion_pipeline', 'run_sales_ingestion', 'scheduled__2026-02-04T14:20:00+00:00', '--job-id', '855', '--raw', '--subdir', 'DAGS_FOLDER/ingest_sales_dag.py', '--cfg-path', '/tmp/tmp_aeot3b0']
[2026-02-04T14:25:06.273+0000] {logging_mixin.py:188} WARNING - /home/airflow/.local/lib/python3.12/site-packages/airflow/task/task_runner/standard_task_runner.py:62 DeprecationWarning: This process (pid=83) is multi-threaded, use of fork() may lead to deadlocks in the child.
[2026-02-04T14:25:06.273+0000] {standard_task_runner.py:91} INFO - Job 855: Subtask run_sales_ingestion
[2026-02-04T14:25:06.274+0000] {standard_task_runner.py:64} INFO - Started process 94 to run task
[2026-02-04T14:25:06.356+0000] {task_command.py:426} INFO - Running <TaskInstance: sales_ingestion_pipeline.run_sales_ingestion scheduled__2026-02-04T14:20:00+00:00 [running]> on host 6acbc927f227
[2026-02-04T14:25:06.555+0000] {taskinstance.py:2648} INFO - Exporting env vars: AIRFLOW_CTX_DAG_OWNER='you' AIRFLOW_CTX_DAG_ID='sales_ingestion_pipeline' AIRFLOW_CTX_TASK_ID='run_sales_ingestion' AIRFLOW_CTX_EXECUTION_DATE='2026-02-04T14:20:00+00:00' AIRFLOW_CTX_TRY_NUMBER='1' AIRFLOW_CTX_DAG_RUN_ID='scheduled__2026-02-04T14:20:00+00:00'
[2026-02-04T14:25:06.557+0000] {taskinstance.py:430} INFO - ::endgroup::
[2026-02-04T14:25:06.572+0000] {ingest_sales.py:33} INFO - Starting automated incremental ingestion pipeline
[2026-02-04T14:25:06.594+0000] {logging_mixin.py:188} INFO - Extracted 1000 rows from Sales_Dataset.csv
[2026-02-04T14:25:06.621+0000] {ingest_sales.py:40} INFO - Current max order_id in DB: 399
[2026-02-04T14:25:06.624+0000] {ingest_sales.py:50} INFO - Found 100 new rows (OrderID 400 to 499)
[2026-02-04T14:25:06.625+0000] {load_raw.py:26} INFO - Starting load of 100 new rows
[2026-02-04T14:25:06.699+0000] {load_raw.py:50} INFO - Load completed successfully!
[2026-02-04T14:25:06.704+0000] {ingest_sales.py:56} INFO - Pipeline completed! New max order_id: 499
[2026-02-04T14:25:06.711+0000] {python.py:237} INFO - Done. Returned value was: None
[2026-02-04T14:25:06.713+0000] {taskinstance.py:441} INFO - ::group::Post task execution logs
[2026-02-04T14:25:06.741+0000] {taskinstance.py:1206} INFO - Marking task as SUCCESS. dag_id=sales_ingestion_pipeline, task_id=run_sales_ingestion, run_id=scheduled__2026-02-04T14:20:00+00:00, execution_date=20260204T142000, start_date=20260204T142506, end_date=20260204T142506
[2026-02-04T14:25:06.772+0000] {local_task_job_runner.py:243} INFO - Task exited with return code 0
[2026-02-04T14:25:06.824+0000] {taskinstance.py:3503} INFO - 1 downstream tasks scheduled from follow-on schedule check
[2026-02-04T14:25:06.828+0000] {local_task_job_runner.py:222} INFO - ::endgroup::
