[2026-02-02T19:00:34.531+0000] {local_task_job_runner.py:120} INFO - ::group::Pre task execution logs
[2026-02-02T19:00:34.595+0000] {taskinstance.py:2076} INFO - Dependencies all met for dep_context=non-requeueable deps ti=<TaskInstance: star_schema_pipeline.run_star_schema_population manual__2026-02-02T19:00:29.386162+00:00 [queued]>
[2026-02-02T19:00:34.616+0000] {taskinstance.py:2076} INFO - Dependencies all met for dep_context=requeueable deps ti=<TaskInstance: star_schema_pipeline.run_star_schema_population manual__2026-02-02T19:00:29.386162+00:00 [queued]>
[2026-02-02T19:00:34.619+0000] {taskinstance.py:2306} INFO - Starting attempt 1 of 2
[2026-02-02T19:00:34.705+0000] {taskinstance.py:2330} INFO - Executing <Task(PythonOperator): run_star_schema_population> on 2026-02-02 19:00:29.386162+00:00
[2026-02-02T19:00:34.716+0000] {standard_task_runner.py:64} INFO - Started process 293 to run task
[2026-02-02T19:00:34.724+0000] {standard_task_runner.py:90} INFO - Running: ['airflow', 'tasks', 'run', 'star_schema_pipeline', 'run_star_schema_population', 'manual__2026-02-02T19:00:29.386162+00:00', '--job-id', '590', '--raw', '--subdir', 'DAGS_FOLDER/star_schema_dag.py', '--cfg-path', '/tmp/tmp6fn3vk5t']
[2026-02-02T19:00:34.731+0000] {standard_task_runner.py:91} INFO - Job 590: Subtask run_star_schema_population
[2026-02-02T19:00:34.920+0000] {task_command.py:426} INFO - Running <TaskInstance: star_schema_pipeline.run_star_schema_population manual__2026-02-02T19:00:29.386162+00:00 [running]> on host 82ba14aed132
[2026-02-02T19:00:35.236+0000] {taskinstance.py:2648} INFO - Exporting env vars: AIRFLOW_CTX_DAG_OWNER='admin' AIRFLOW_CTX_DAG_ID='star_schema_pipeline' AIRFLOW_CTX_TASK_ID='run_star_schema_population' AIRFLOW_CTX_EXECUTION_DATE='2026-02-02T19:00:29.386162+00:00' AIRFLOW_CTX_TRY_NUMBER='1' AIRFLOW_CTX_DAG_RUN_ID='manual__2026-02-02T19:00:29.386162+00:00'
[2026-02-02T19:00:35.239+0000] {taskinstance.py:430} INFO - ::endgroup::
[2026-02-02T19:00:36.167+0000] {logging_mixin.py:188} INFO - Loading silver data...
[2026-02-02T19:00:36.196+0000] {logging_mixin.py:188} INFO - Building Dimension Tables...
[2026-02-02T19:00:36.197+0000] {logging_mixin.py:188} INFO - Building dim_date...
[2026-02-02T19:00:36.229+0000] {logging_mixin.py:188} INFO - Inserting 69 new rows into dim_date
[2026-02-02T19:00:36.247+0000] {logging_mixin.py:188} INFO - Building dim_product...
[2026-02-02T19:00:36.254+0000] {logging_mixin.py:188} INFO - dim_product is up to date.
[2026-02-02T19:00:36.255+0000] {logging_mixin.py:188} INFO - Building dim_customer...
[2026-02-02T19:00:36.269+0000] {logging_mixin.py:188} INFO - Inserting 47 new rows into dim_customer
[2026-02-02T19:00:36.283+0000] {logging_mixin.py:188} INFO - Building Fact Table...
[2026-02-02T19:00:36.405+0000] {logging_mixin.py:188} INFO - Star schema built successfully!
[2026-02-02T19:00:36.409+0000] {python.py:237} INFO - Done. Returned value was: None
[2026-02-02T19:00:36.414+0000] {taskinstance.py:441} INFO - ::group::Post task execution logs
[2026-02-02T19:00:36.446+0000] {taskinstance.py:1206} INFO - Marking task as SUCCESS. dag_id=star_schema_pipeline, task_id=run_star_schema_population, run_id=manual__2026-02-02T19:00:29.386162+00:00, execution_date=20260202T190029, start_date=20260202T190034, end_date=20260202T190036
[2026-02-02T19:00:36.509+0000] {local_task_job_runner.py:243} INFO - Task exited with return code 0
[2026-02-02T19:00:36.571+0000] {taskinstance.py:3503} INFO - 0 downstream tasks scheduled from follow-on schedule check
[2026-02-02T19:00:36.575+0000] {local_task_job_runner.py:222} INFO - ::endgroup::
