[2026-02-02T16:11:46.625+0000] {processor.py:161} INFO - Started process (PID=28) to work on /opt/airflow/dags/ingest_sales_dag.py
[2026-02-02T16:11:46.628+0000] {processor.py:830} INFO - Processing file /opt/airflow/dags/ingest_sales_dag.py for tasks to queue
[2026-02-02T16:11:46.632+0000] {logging_mixin.py:188} INFO - [2026-02-02T16:11:46.632+0000] {dagbag.py:545} INFO - Filling up the DagBag from /opt/airflow/dags/ingest_sales_dag.py
[2026-02-02T16:11:48.562+0000] {processor.py:840} INFO - DAG(s) 'sales_ingestion_pipeline' retrieved from /opt/airflow/dags/ingest_sales_dag.py
[2026-02-02T16:11:48.668+0000] {logging_mixin.py:188} INFO - [2026-02-02T16:11:48.667+0000] {dag.py:3089} INFO - Sync 1 DAGs
[2026-02-02T16:11:48.725+0000] {logging_mixin.py:188} INFO - [2026-02-02T16:11:48.724+0000] {dag.py:3947} INFO - Setting next_dagrun for sales_ingestion_pipeline to 2026-02-02 16:05:00+00:00, run_after=2026-02-02 16:10:00+00:00
[2026-02-02T16:11:48.833+0000] {processor.py:183} INFO - Processing /opt/airflow/dags/ingest_sales_dag.py took 2.222 seconds
[2026-02-02T16:12:19.186+0000] {processor.py:161} INFO - Started process (PID=72) to work on /opt/airflow/dags/ingest_sales_dag.py
[2026-02-02T16:12:19.188+0000] {processor.py:830} INFO - Processing file /opt/airflow/dags/ingest_sales_dag.py for tasks to queue
[2026-02-02T16:12:19.192+0000] {logging_mixin.py:188} INFO - [2026-02-02T16:12:19.191+0000] {dagbag.py:545} INFO - Filling up the DagBag from /opt/airflow/dags/ingest_sales_dag.py
[2026-02-02T16:12:19.938+0000] {processor.py:840} INFO - DAG(s) 'sales_ingestion_pipeline' retrieved from /opt/airflow/dags/ingest_sales_dag.py
[2026-02-02T16:12:20.000+0000] {logging_mixin.py:188} INFO - [2026-02-02T16:12:19.999+0000] {dag.py:3089} INFO - Sync 1 DAGs
[2026-02-02T16:12:20.095+0000] {logging_mixin.py:188} INFO - [2026-02-02T16:12:20.095+0000] {dag.py:3947} INFO - Setting next_dagrun for sales_ingestion_pipeline to 2026-02-02 16:10:00+00:00, run_after=2026-02-02 16:15:00+00:00
[2026-02-02T16:12:20.129+0000] {processor.py:183} INFO - Processing /opt/airflow/dags/ingest_sales_dag.py took 0.956 seconds
[2026-02-02T16:12:50.931+0000] {processor.py:161} INFO - Started process (PID=107) to work on /opt/airflow/dags/ingest_sales_dag.py
[2026-02-02T16:12:50.935+0000] {processor.py:830} INFO - Processing file /opt/airflow/dags/ingest_sales_dag.py for tasks to queue
[2026-02-02T16:12:50.939+0000] {logging_mixin.py:188} INFO - [2026-02-02T16:12:50.938+0000] {dagbag.py:545} INFO - Filling up the DagBag from /opt/airflow/dags/ingest_sales_dag.py
[2026-02-02T16:12:51.790+0000] {processor.py:840} INFO - DAG(s) 'sales_ingestion_pipeline' retrieved from /opt/airflow/dags/ingest_sales_dag.py
[2026-02-02T16:12:51.842+0000] {logging_mixin.py:188} INFO - [2026-02-02T16:12:51.841+0000] {dag.py:3089} INFO - Sync 1 DAGs
[2026-02-02T16:12:51.926+0000] {logging_mixin.py:188} INFO - [2026-02-02T16:12:51.926+0000] {dag.py:3947} INFO - Setting next_dagrun for sales_ingestion_pipeline to 2026-02-02 16:10:00+00:00, run_after=2026-02-02 16:15:00+00:00
[2026-02-02T16:12:51.984+0000] {processor.py:183} INFO - Processing /opt/airflow/dags/ingest_sales_dag.py took 1.075 seconds
[2026-02-02T16:13:22.604+0000] {processor.py:161} INFO - Started process (PID=150) to work on /opt/airflow/dags/ingest_sales_dag.py
[2026-02-02T16:13:22.606+0000] {processor.py:830} INFO - Processing file /opt/airflow/dags/ingest_sales_dag.py for tasks to queue
[2026-02-02T16:13:22.611+0000] {logging_mixin.py:188} INFO - [2026-02-02T16:13:22.609+0000] {dagbag.py:545} INFO - Filling up the DagBag from /opt/airflow/dags/ingest_sales_dag.py
[2026-02-02T16:13:23.258+0000] {processor.py:840} INFO - DAG(s) 'sales_ingestion_pipeline' retrieved from /opt/airflow/dags/ingest_sales_dag.py
[2026-02-02T16:13:23.349+0000] {logging_mixin.py:188} INFO - [2026-02-02T16:13:23.348+0000] {dag.py:3089} INFO - Sync 1 DAGs
[2026-02-02T16:13:23.423+0000] {logging_mixin.py:188} INFO - [2026-02-02T16:13:23.422+0000] {dag.py:3947} INFO - Setting next_dagrun for sales_ingestion_pipeline to 2026-02-02 16:10:00+00:00, run_after=2026-02-02 16:15:00+00:00
[2026-02-02T16:13:23.465+0000] {processor.py:183} INFO - Processing /opt/airflow/dags/ingest_sales_dag.py took 0.872 seconds
[2026-02-02T16:13:54.376+0000] {processor.py:161} INFO - Started process (PID=173) to work on /opt/airflow/dags/ingest_sales_dag.py
[2026-02-02T16:13:54.378+0000] {processor.py:830} INFO - Processing file /opt/airflow/dags/ingest_sales_dag.py for tasks to queue
[2026-02-02T16:13:54.384+0000] {logging_mixin.py:188} INFO - [2026-02-02T16:13:54.383+0000] {dagbag.py:545} INFO - Filling up the DagBag from /opt/airflow/dags/ingest_sales_dag.py
[2026-02-02T16:13:55.182+0000] {processor.py:840} INFO - DAG(s) 'sales_ingestion_pipeline' retrieved from /opt/airflow/dags/ingest_sales_dag.py
[2026-02-02T16:13:55.265+0000] {logging_mixin.py:188} INFO - [2026-02-02T16:13:55.264+0000] {dag.py:3089} INFO - Sync 1 DAGs
[2026-02-02T16:13:55.327+0000] {logging_mixin.py:188} INFO - [2026-02-02T16:13:55.327+0000] {dag.py:3947} INFO - Setting next_dagrun for sales_ingestion_pipeline to 2026-02-02 16:10:00+00:00, run_after=2026-02-02 16:15:00+00:00
[2026-02-02T16:13:55.379+0000] {processor.py:183} INFO - Processing /opt/airflow/dags/ingest_sales_dag.py took 1.018 seconds
[2026-02-02T16:14:26.126+0000] {processor.py:161} INFO - Started process (PID=177) to work on /opt/airflow/dags/ingest_sales_dag.py
[2026-02-02T16:14:26.131+0000] {processor.py:830} INFO - Processing file /opt/airflow/dags/ingest_sales_dag.py for tasks to queue
[2026-02-02T16:14:26.134+0000] {logging_mixin.py:188} INFO - [2026-02-02T16:14:26.134+0000] {dagbag.py:545} INFO - Filling up the DagBag from /opt/airflow/dags/ingest_sales_dag.py
[2026-02-02T16:14:26.823+0000] {processor.py:840} INFO - DAG(s) 'sales_ingestion_pipeline' retrieved from /opt/airflow/dags/ingest_sales_dag.py
[2026-02-02T16:14:26.861+0000] {logging_mixin.py:188} INFO - [2026-02-02T16:14:26.861+0000] {dag.py:3089} INFO - Sync 1 DAGs
[2026-02-02T16:14:26.890+0000] {logging_mixin.py:188} INFO - [2026-02-02T16:14:26.890+0000] {dag.py:3947} INFO - Setting next_dagrun for sales_ingestion_pipeline to 2026-02-02 16:10:00+00:00, run_after=2026-02-02 16:15:00+00:00
[2026-02-02T16:14:26.972+0000] {processor.py:183} INFO - Processing /opt/airflow/dags/ingest_sales_dag.py took 0.853 seconds
[2026-02-02T16:14:57.980+0000] {processor.py:161} INFO - Started process (PID=181) to work on /opt/airflow/dags/ingest_sales_dag.py
[2026-02-02T16:14:57.982+0000] {processor.py:830} INFO - Processing file /opt/airflow/dags/ingest_sales_dag.py for tasks to queue
[2026-02-02T16:14:57.988+0000] {logging_mixin.py:188} INFO - [2026-02-02T16:14:57.986+0000] {dagbag.py:545} INFO - Filling up the DagBag from /opt/airflow/dags/ingest_sales_dag.py
[2026-02-02T16:14:58.648+0000] {processor.py:840} INFO - DAG(s) 'sales_ingestion_pipeline' retrieved from /opt/airflow/dags/ingest_sales_dag.py
[2026-02-02T16:14:58.733+0000] {logging_mixin.py:188} INFO - [2026-02-02T16:14:58.732+0000] {dag.py:3089} INFO - Sync 1 DAGs
[2026-02-02T16:14:58.799+0000] {logging_mixin.py:188} INFO - [2026-02-02T16:14:58.799+0000] {dag.py:3947} INFO - Setting next_dagrun for sales_ingestion_pipeline to 2026-02-02 16:10:00+00:00, run_after=2026-02-02 16:15:00+00:00
[2026-02-02T16:14:58.898+0000] {processor.py:183} INFO - Processing /opt/airflow/dags/ingest_sales_dag.py took 0.937 seconds
[2026-02-02T16:17:33.458+0000] {processor.py:161} INFO - Started process (PID=28) to work on /opt/airflow/dags/ingest_sales_dag.py
[2026-02-02T16:17:33.459+0000] {processor.py:830} INFO - Processing file /opt/airflow/dags/ingest_sales_dag.py for tasks to queue
[2026-02-02T16:17:33.462+0000] {logging_mixin.py:188} INFO - [2026-02-02T16:17:33.461+0000] {dagbag.py:545} INFO - Filling up the DagBag from /opt/airflow/dags/ingest_sales_dag.py
[2026-02-02T16:17:36.026+0000] {processor.py:840} INFO - DAG(s) 'sales_ingestion_pipeline' retrieved from /opt/airflow/dags/ingest_sales_dag.py
[2026-02-02T16:17:36.065+0000] {logging_mixin.py:188} INFO - [2026-02-02T16:17:36.065+0000] {dag.py:3089} INFO - Sync 1 DAGs
[2026-02-02T16:17:36.103+0000] {logging_mixin.py:188} INFO - [2026-02-02T16:17:36.102+0000] {dag.py:3947} INFO - Setting next_dagrun for sales_ingestion_pipeline to 2026-02-02 16:15:00+00:00, run_after=2026-02-02 16:20:00+00:00
[2026-02-02T16:17:36.167+0000] {processor.py:183} INFO - Processing /opt/airflow/dags/ingest_sales_dag.py took 2.716 seconds
[2026-02-02T16:18:06.996+0000] {processor.py:161} INFO - Started process (PID=63) to work on /opt/airflow/dags/ingest_sales_dag.py
[2026-02-02T16:18:06.998+0000] {processor.py:830} INFO - Processing file /opt/airflow/dags/ingest_sales_dag.py for tasks to queue
[2026-02-02T16:18:07.001+0000] {logging_mixin.py:188} INFO - [2026-02-02T16:18:07.000+0000] {dagbag.py:545} INFO - Filling up the DagBag from /opt/airflow/dags/ingest_sales_dag.py
[2026-02-02T16:18:07.569+0000] {processor.py:840} INFO - DAG(s) 'sales_ingestion_pipeline' retrieved from /opt/airflow/dags/ingest_sales_dag.py
[2026-02-02T16:18:07.636+0000] {logging_mixin.py:188} INFO - [2026-02-02T16:18:07.635+0000] {dag.py:3089} INFO - Sync 1 DAGs
[2026-02-02T16:18:07.701+0000] {logging_mixin.py:188} INFO - [2026-02-02T16:18:07.700+0000] {dag.py:3947} INFO - Setting next_dagrun for sales_ingestion_pipeline to 2026-02-02 16:15:00+00:00, run_after=2026-02-02 16:20:00+00:00
[2026-02-02T16:18:07.785+0000] {processor.py:183} INFO - Processing /opt/airflow/dags/ingest_sales_dag.py took 0.798 seconds
[2026-02-02T16:18:38.578+0000] {processor.py:161} INFO - Started process (PID=95) to work on /opt/airflow/dags/ingest_sales_dag.py
[2026-02-02T16:18:38.581+0000] {processor.py:830} INFO - Processing file /opt/airflow/dags/ingest_sales_dag.py for tasks to queue
[2026-02-02T16:18:38.587+0000] {logging_mixin.py:188} INFO - [2026-02-02T16:18:38.586+0000] {dagbag.py:545} INFO - Filling up the DagBag from /opt/airflow/dags/ingest_sales_dag.py
[2026-02-02T16:18:39.377+0000] {processor.py:840} INFO - DAG(s) 'sales_ingestion_pipeline' retrieved from /opt/airflow/dags/ingest_sales_dag.py
[2026-02-02T16:18:39.441+0000] {logging_mixin.py:188} INFO - [2026-02-02T16:18:39.440+0000] {dag.py:3089} INFO - Sync 1 DAGs
[2026-02-02T16:18:39.499+0000] {logging_mixin.py:188} INFO - [2026-02-02T16:18:39.499+0000] {dag.py:3947} INFO - Setting next_dagrun for sales_ingestion_pipeline to 2026-02-02 16:15:00+00:00, run_after=2026-02-02 16:20:00+00:00
[2026-02-02T16:18:39.587+0000] {processor.py:183} INFO - Processing /opt/airflow/dags/ingest_sales_dag.py took 1.026 seconds
[2026-02-02T16:19:10.280+0000] {processor.py:161} INFO - Started process (PID=109) to work on /opt/airflow/dags/ingest_sales_dag.py
[2026-02-02T16:19:10.282+0000] {processor.py:830} INFO - Processing file /opt/airflow/dags/ingest_sales_dag.py for tasks to queue
[2026-02-02T16:19:10.285+0000] {logging_mixin.py:188} INFO - [2026-02-02T16:19:10.284+0000] {dagbag.py:545} INFO - Filling up the DagBag from /opt/airflow/dags/ingest_sales_dag.py
[2026-02-02T16:19:11.070+0000] {processor.py:840} INFO - DAG(s) 'sales_ingestion_pipeline' retrieved from /opt/airflow/dags/ingest_sales_dag.py
[2026-02-02T16:19:11.103+0000] {logging_mixin.py:188} INFO - [2026-02-02T16:19:11.102+0000] {dag.py:3089} INFO - Sync 1 DAGs
[2026-02-02T16:19:11.142+0000] {logging_mixin.py:188} INFO - [2026-02-02T16:19:11.142+0000] {dag.py:3947} INFO - Setting next_dagrun for sales_ingestion_pipeline to 2026-02-02 16:15:00+00:00, run_after=2026-02-02 16:20:00+00:00
[2026-02-02T16:19:11.220+0000] {processor.py:183} INFO - Processing /opt/airflow/dags/ingest_sales_dag.py took 0.949 seconds
[2026-02-02T16:19:41.943+0000] {processor.py:161} INFO - Started process (PID=113) to work on /opt/airflow/dags/ingest_sales_dag.py
[2026-02-02T16:19:41.946+0000] {processor.py:830} INFO - Processing file /opt/airflow/dags/ingest_sales_dag.py for tasks to queue
[2026-02-02T16:19:41.952+0000] {logging_mixin.py:188} INFO - [2026-02-02T16:19:41.951+0000] {dagbag.py:545} INFO - Filling up the DagBag from /opt/airflow/dags/ingest_sales_dag.py
[2026-02-02T16:19:42.944+0000] {processor.py:840} INFO - DAG(s) 'sales_ingestion_pipeline' retrieved from /opt/airflow/dags/ingest_sales_dag.py
[2026-02-02T16:19:43.029+0000] {logging_mixin.py:188} INFO - [2026-02-02T16:19:43.028+0000] {dag.py:3089} INFO - Sync 1 DAGs
[2026-02-02T16:19:43.100+0000] {logging_mixin.py:188} INFO - [2026-02-02T16:19:43.099+0000] {dag.py:3947} INFO - Setting next_dagrun for sales_ingestion_pipeline to 2026-02-02 16:15:00+00:00, run_after=2026-02-02 16:20:00+00:00
[2026-02-02T16:19:43.200+0000] {processor.py:183} INFO - Processing /opt/airflow/dags/ingest_sales_dag.py took 1.265 seconds
[2026-02-02T16:20:13.796+0000] {processor.py:161} INFO - Started process (PID=137) to work on /opt/airflow/dags/ingest_sales_dag.py
[2026-02-02T16:20:13.799+0000] {processor.py:830} INFO - Processing file /opt/airflow/dags/ingest_sales_dag.py for tasks to queue
[2026-02-02T16:20:13.803+0000] {logging_mixin.py:188} INFO - [2026-02-02T16:20:13.802+0000] {dagbag.py:545} INFO - Filling up the DagBag from /opt/airflow/dags/ingest_sales_dag.py
[2026-02-02T16:20:14.501+0000] {processor.py:840} INFO - DAG(s) 'sales_ingestion_pipeline' retrieved from /opt/airflow/dags/ingest_sales_dag.py
[2026-02-02T16:20:14.557+0000] {logging_mixin.py:188} INFO - [2026-02-02T16:20:14.556+0000] {dag.py:3089} INFO - Sync 1 DAGs
[2026-02-02T16:20:14.607+0000] {logging_mixin.py:188} INFO - [2026-02-02T16:20:14.607+0000] {dag.py:3947} INFO - Setting next_dagrun for sales_ingestion_pipeline to 2026-02-02 16:20:00+00:00, run_after=2026-02-02 16:25:00+00:00
[2026-02-02T16:20:14.693+0000] {processor.py:183} INFO - Processing /opt/airflow/dags/ingest_sales_dag.py took 0.909 seconds
[2026-02-02T16:20:45.472+0000] {processor.py:161} INFO - Started process (PID=171) to work on /opt/airflow/dags/ingest_sales_dag.py
[2026-02-02T16:20:45.477+0000] {processor.py:830} INFO - Processing file /opt/airflow/dags/ingest_sales_dag.py for tasks to queue
[2026-02-02T16:20:45.490+0000] {logging_mixin.py:188} INFO - [2026-02-02T16:20:45.488+0000] {dagbag.py:545} INFO - Filling up the DagBag from /opt/airflow/dags/ingest_sales_dag.py
[2026-02-02T16:20:46.181+0000] {processor.py:840} INFO - DAG(s) 'sales_ingestion_pipeline' retrieved from /opt/airflow/dags/ingest_sales_dag.py
[2026-02-02T16:20:46.257+0000] {logging_mixin.py:188} INFO - [2026-02-02T16:20:46.256+0000] {dag.py:3089} INFO - Sync 1 DAGs
[2026-02-02T16:20:46.294+0000] {logging_mixin.py:188} INFO - [2026-02-02T16:20:46.294+0000] {dag.py:3947} INFO - Setting next_dagrun for sales_ingestion_pipeline to 2026-02-02 16:20:00+00:00, run_after=2026-02-02 16:25:00+00:00
[2026-02-02T16:20:46.381+0000] {processor.py:183} INFO - Processing /opt/airflow/dags/ingest_sales_dag.py took 0.930 seconds
[2026-02-02T16:21:17.323+0000] {processor.py:161} INFO - Started process (PID=175) to work on /opt/airflow/dags/ingest_sales_dag.py
[2026-02-02T16:21:17.325+0000] {processor.py:830} INFO - Processing file /opt/airflow/dags/ingest_sales_dag.py for tasks to queue
[2026-02-02T16:21:17.329+0000] {logging_mixin.py:188} INFO - [2026-02-02T16:21:17.328+0000] {dagbag.py:545} INFO - Filling up the DagBag from /opt/airflow/dags/ingest_sales_dag.py
[2026-02-02T16:21:17.928+0000] {processor.py:840} INFO - DAG(s) 'sales_ingestion_pipeline' retrieved from /opt/airflow/dags/ingest_sales_dag.py
[2026-02-02T16:21:17.978+0000] {logging_mixin.py:188} INFO - [2026-02-02T16:21:17.978+0000] {dag.py:3089} INFO - Sync 1 DAGs
[2026-02-02T16:21:18.015+0000] {logging_mixin.py:188} INFO - [2026-02-02T16:21:18.015+0000] {dag.py:3947} INFO - Setting next_dagrun for sales_ingestion_pipeline to 2026-02-02 16:20:00+00:00, run_after=2026-02-02 16:25:00+00:00
[2026-02-02T16:21:18.094+0000] {processor.py:183} INFO - Processing /opt/airflow/dags/ingest_sales_dag.py took 0.783 seconds
[2026-02-02T16:21:49.114+0000] {processor.py:161} INFO - Started process (PID=179) to work on /opt/airflow/dags/ingest_sales_dag.py
[2026-02-02T16:21:49.116+0000] {processor.py:830} INFO - Processing file /opt/airflow/dags/ingest_sales_dag.py for tasks to queue
[2026-02-02T16:21:49.119+0000] {logging_mixin.py:188} INFO - [2026-02-02T16:21:49.119+0000] {dagbag.py:545} INFO - Filling up the DagBag from /opt/airflow/dags/ingest_sales_dag.py
[2026-02-02T16:21:49.790+0000] {processor.py:840} INFO - DAG(s) 'sales_ingestion_pipeline' retrieved from /opt/airflow/dags/ingest_sales_dag.py
[2026-02-02T16:21:49.833+0000] {logging_mixin.py:188} INFO - [2026-02-02T16:21:49.833+0000] {dag.py:3089} INFO - Sync 1 DAGs
[2026-02-02T16:21:49.881+0000] {logging_mixin.py:188} INFO - [2026-02-02T16:21:49.880+0000] {dag.py:3947} INFO - Setting next_dagrun for sales_ingestion_pipeline to 2026-02-02 16:20:00+00:00, run_after=2026-02-02 16:25:00+00:00
[2026-02-02T16:21:50.161+0000] {processor.py:183} INFO - Processing /opt/airflow/dags/ingest_sales_dag.py took 1.057 seconds
[2026-02-02T16:22:20.842+0000] {processor.py:161} INFO - Started process (PID=193) to work on /opt/airflow/dags/ingest_sales_dag.py
[2026-02-02T16:22:20.844+0000] {processor.py:830} INFO - Processing file /opt/airflow/dags/ingest_sales_dag.py for tasks to queue
[2026-02-02T16:22:20.848+0000] {logging_mixin.py:188} INFO - [2026-02-02T16:22:20.847+0000] {dagbag.py:545} INFO - Filling up the DagBag from /opt/airflow/dags/ingest_sales_dag.py
[2026-02-02T16:22:21.768+0000] {processor.py:840} INFO - DAG(s) 'sales_ingestion_pipeline' retrieved from /opt/airflow/dags/ingest_sales_dag.py
[2026-02-02T16:22:21.847+0000] {logging_mixin.py:188} INFO - [2026-02-02T16:22:21.846+0000] {dag.py:3089} INFO - Sync 1 DAGs
[2026-02-02T16:22:21.925+0000] {logging_mixin.py:188} INFO - [2026-02-02T16:22:21.924+0000] {dag.py:3947} INFO - Setting next_dagrun for sales_ingestion_pipeline to 2026-02-02 16:20:00+00:00, run_after=2026-02-02 16:25:00+00:00
[2026-02-02T16:22:21.989+0000] {processor.py:183} INFO - Processing /opt/airflow/dags/ingest_sales_dag.py took 1.161 seconds
[2026-02-02T16:22:52.867+0000] {processor.py:161} INFO - Started process (PID=197) to work on /opt/airflow/dags/ingest_sales_dag.py
[2026-02-02T16:22:52.870+0000] {processor.py:830} INFO - Processing file /opt/airflow/dags/ingest_sales_dag.py for tasks to queue
[2026-02-02T16:22:52.875+0000] {logging_mixin.py:188} INFO - [2026-02-02T16:22:52.874+0000] {dagbag.py:545} INFO - Filling up the DagBag from /opt/airflow/dags/ingest_sales_dag.py
[2026-02-02T16:22:53.768+0000] {processor.py:840} INFO - DAG(s) 'sales_ingestion_pipeline' retrieved from /opt/airflow/dags/ingest_sales_dag.py
[2026-02-02T16:22:53.811+0000] {logging_mixin.py:188} INFO - [2026-02-02T16:22:53.810+0000] {dag.py:3089} INFO - Sync 1 DAGs
[2026-02-02T16:22:53.845+0000] {logging_mixin.py:188} INFO - [2026-02-02T16:22:53.845+0000] {dag.py:3947} INFO - Setting next_dagrun for sales_ingestion_pipeline to 2026-02-02 16:20:00+00:00, run_after=2026-02-02 16:25:00+00:00
[2026-02-02T16:22:53.877+0000] {processor.py:183} INFO - Processing /opt/airflow/dags/ingest_sales_dag.py took 1.027 seconds
[2026-02-02T16:23:24.578+0000] {processor.py:161} INFO - Started process (PID=202) to work on /opt/airflow/dags/ingest_sales_dag.py
[2026-02-02T16:23:24.580+0000] {processor.py:830} INFO - Processing file /opt/airflow/dags/ingest_sales_dag.py for tasks to queue
[2026-02-02T16:23:24.583+0000] {logging_mixin.py:188} INFO - [2026-02-02T16:23:24.583+0000] {dagbag.py:545} INFO - Filling up the DagBag from /opt/airflow/dags/ingest_sales_dag.py
[2026-02-02T16:23:25.716+0000] {processor.py:840} INFO - DAG(s) 'sales_ingestion_pipeline' retrieved from /opt/airflow/dags/ingest_sales_dag.py
[2026-02-02T16:23:25.763+0000] {logging_mixin.py:188} INFO - [2026-02-02T16:23:25.762+0000] {dag.py:3089} INFO - Sync 1 DAGs
[2026-02-02T16:23:25.807+0000] {logging_mixin.py:188} INFO - [2026-02-02T16:23:25.807+0000] {dag.py:3947} INFO - Setting next_dagrun for sales_ingestion_pipeline to 2026-02-02 16:20:00+00:00, run_after=2026-02-02 16:25:00+00:00
[2026-02-02T16:23:25.889+0000] {processor.py:183} INFO - Processing /opt/airflow/dags/ingest_sales_dag.py took 1.319 seconds
[2026-02-02T16:23:56.568+0000] {processor.py:161} INFO - Started process (PID=215) to work on /opt/airflow/dags/ingest_sales_dag.py
[2026-02-02T16:23:56.570+0000] {processor.py:830} INFO - Processing file /opt/airflow/dags/ingest_sales_dag.py for tasks to queue
[2026-02-02T16:23:56.573+0000] {logging_mixin.py:188} INFO - [2026-02-02T16:23:56.573+0000] {dagbag.py:545} INFO - Filling up the DagBag from /opt/airflow/dags/ingest_sales_dag.py
[2026-02-02T16:23:57.166+0000] {processor.py:840} INFO - DAG(s) 'sales_ingestion_pipeline' retrieved from /opt/airflow/dags/ingest_sales_dag.py
[2026-02-02T16:23:57.205+0000] {logging_mixin.py:188} INFO - [2026-02-02T16:23:57.204+0000] {dag.py:3089} INFO - Sync 1 DAGs
[2026-02-02T16:23:57.253+0000] {logging_mixin.py:188} INFO - [2026-02-02T16:23:57.252+0000] {dag.py:3947} INFO - Setting next_dagrun for sales_ingestion_pipeline to 2026-02-02 16:20:00+00:00, run_after=2026-02-02 16:25:00+00:00
[2026-02-02T16:23:57.350+0000] {processor.py:183} INFO - Processing /opt/airflow/dags/ingest_sales_dag.py took 0.793 seconds
[2026-02-02T16:24:28.412+0000] {processor.py:161} INFO - Started process (PID=219) to work on /opt/airflow/dags/ingest_sales_dag.py
[2026-02-02T16:24:28.416+0000] {processor.py:830} INFO - Processing file /opt/airflow/dags/ingest_sales_dag.py for tasks to queue
[2026-02-02T16:24:28.423+0000] {logging_mixin.py:188} INFO - [2026-02-02T16:24:28.422+0000] {dagbag.py:545} INFO - Filling up the DagBag from /opt/airflow/dags/ingest_sales_dag.py
[2026-02-02T16:24:29.074+0000] {processor.py:840} INFO - DAG(s) 'sales_ingestion_pipeline' retrieved from /opt/airflow/dags/ingest_sales_dag.py
[2026-02-02T16:24:29.110+0000] {logging_mixin.py:188} INFO - [2026-02-02T16:24:29.109+0000] {dag.py:3089} INFO - Sync 1 DAGs
[2026-02-02T16:24:29.142+0000] {logging_mixin.py:188} INFO - [2026-02-02T16:24:29.141+0000] {dag.py:3947} INFO - Setting next_dagrun for sales_ingestion_pipeline to 2026-02-02 16:20:00+00:00, run_after=2026-02-02 16:25:00+00:00
[2026-02-02T16:24:29.224+0000] {processor.py:183} INFO - Processing /opt/airflow/dags/ingest_sales_dag.py took 0.829 seconds
[2026-02-02T16:25:00.108+0000] {processor.py:161} INFO - Started process (PID=223) to work on /opt/airflow/dags/ingest_sales_dag.py
[2026-02-02T16:25:00.113+0000] {processor.py:830} INFO - Processing file /opt/airflow/dags/ingest_sales_dag.py for tasks to queue
[2026-02-02T16:25:00.130+0000] {logging_mixin.py:188} INFO - [2026-02-02T16:25:00.129+0000] {dagbag.py:545} INFO - Filling up the DagBag from /opt/airflow/dags/ingest_sales_dag.py
[2026-02-02T16:25:00.914+0000] {processor.py:840} INFO - DAG(s) 'sales_ingestion_pipeline' retrieved from /opt/airflow/dags/ingest_sales_dag.py
[2026-02-02T16:25:00.986+0000] {logging_mixin.py:188} INFO - [2026-02-02T16:25:00.985+0000] {dag.py:3089} INFO - Sync 1 DAGs
[2026-02-02T16:25:01.079+0000] {logging_mixin.py:188} INFO - [2026-02-02T16:25:01.079+0000] {dag.py:3947} INFO - Setting next_dagrun for sales_ingestion_pipeline to 2026-02-02 16:25:00+00:00, run_after=2026-02-02 16:30:00+00:00
[2026-02-02T16:25:01.123+0000] {processor.py:183} INFO - Processing /opt/airflow/dags/ingest_sales_dag.py took 1.035 seconds
