[2026-02-02T16:11:46.303+0000] {processor.py:161} INFO - Started process (PID=27) to work on /opt/airflow/dags/star_schema_dag.py
[2026-02-02T16:11:46.306+0000] {processor.py:830} INFO - Processing file /opt/airflow/dags/star_schema_dag.py for tasks to queue
[2026-02-02T16:11:46.312+0000] {logging_mixin.py:188} INFO - [2026-02-02T16:11:46.311+0000] {dagbag.py:545} INFO - Filling up the DagBag from /opt/airflow/dags/star_schema_dag.py
[2026-02-02T16:11:46.356+0000] {processor.py:840} INFO - DAG(s) 'star_schema_pipeline' retrieved from /opt/airflow/dags/star_schema_dag.py
[2026-02-02T16:11:46.443+0000] {logging_mixin.py:188} INFO - [2026-02-02T16:11:46.443+0000] {dag.py:3089} INFO - Sync 1 DAGs
[2026-02-02T16:11:46.472+0000] {logging_mixin.py:188} INFO - [2026-02-02T16:11:46.471+0000] {dag.py:3947} INFO - Setting next_dagrun for star_schema_pipeline to None, run_after=None
[2026-02-02T16:11:46.520+0000] {processor.py:183} INFO - Processing /opt/airflow/dags/star_schema_dag.py took 0.226 seconds
[2026-02-02T16:12:17.109+0000] {processor.py:161} INFO - Started process (PID=71) to work on /opt/airflow/dags/star_schema_dag.py
[2026-02-02T16:12:17.110+0000] {processor.py:830} INFO - Processing file /opt/airflow/dags/star_schema_dag.py for tasks to queue
[2026-02-02T16:12:17.114+0000] {logging_mixin.py:188} INFO - [2026-02-02T16:12:17.113+0000] {dagbag.py:545} INFO - Filling up the DagBag from /opt/airflow/dags/star_schema_dag.py
[2026-02-02T16:12:17.155+0000] {processor.py:840} INFO - DAG(s) 'star_schema_pipeline' retrieved from /opt/airflow/dags/star_schema_dag.py
[2026-02-02T16:12:17.192+0000] {logging_mixin.py:188} INFO - [2026-02-02T16:12:17.192+0000] {dag.py:3089} INFO - Sync 1 DAGs
[2026-02-02T16:12:17.218+0000] {logging_mixin.py:188} INFO - [2026-02-02T16:12:17.218+0000] {dag.py:3947} INFO - Setting next_dagrun for star_schema_pipeline to None, run_after=None
[2026-02-02T16:12:17.251+0000] {processor.py:183} INFO - Processing /opt/airflow/dags/star_schema_dag.py took 0.151 seconds
[2026-02-02T16:12:47.678+0000] {processor.py:161} INFO - Started process (PID=106) to work on /opt/airflow/dags/star_schema_dag.py
[2026-02-02T16:12:47.680+0000] {processor.py:830} INFO - Processing file /opt/airflow/dags/star_schema_dag.py for tasks to queue
[2026-02-02T16:12:47.683+0000] {logging_mixin.py:188} INFO - [2026-02-02T16:12:47.682+0000] {dagbag.py:545} INFO - Filling up the DagBag from /opt/airflow/dags/star_schema_dag.py
[2026-02-02T16:12:47.726+0000] {processor.py:840} INFO - DAG(s) 'star_schema_pipeline' retrieved from /opt/airflow/dags/star_schema_dag.py
[2026-02-02T16:12:47.765+0000] {logging_mixin.py:188} INFO - [2026-02-02T16:12:47.765+0000] {dag.py:3089} INFO - Sync 1 DAGs
[2026-02-02T16:12:47.793+0000] {logging_mixin.py:188} INFO - [2026-02-02T16:12:47.792+0000] {dag.py:3947} INFO - Setting next_dagrun for star_schema_pipeline to None, run_after=None
[2026-02-02T16:12:47.870+0000] {processor.py:183} INFO - Processing /opt/airflow/dags/star_schema_dag.py took 0.205 seconds
[2026-02-02T16:13:18.449+0000] {processor.py:161} INFO - Started process (PID=147) to work on /opt/airflow/dags/star_schema_dag.py
[2026-02-02T16:13:18.451+0000] {processor.py:830} INFO - Processing file /opt/airflow/dags/star_schema_dag.py for tasks to queue
[2026-02-02T16:13:18.454+0000] {logging_mixin.py:188} INFO - [2026-02-02T16:13:18.453+0000] {dagbag.py:545} INFO - Filling up the DagBag from /opt/airflow/dags/star_schema_dag.py
[2026-02-02T16:13:18.492+0000] {processor.py:840} INFO - DAG(s) 'star_schema_pipeline' retrieved from /opt/airflow/dags/star_schema_dag.py
[2026-02-02T16:13:18.535+0000] {logging_mixin.py:188} INFO - [2026-02-02T16:13:18.535+0000] {dag.py:3089} INFO - Sync 1 DAGs
[2026-02-02T16:13:18.564+0000] {logging_mixin.py:188} INFO - [2026-02-02T16:13:18.564+0000] {dag.py:3947} INFO - Setting next_dagrun for star_schema_pipeline to None, run_after=None
[2026-02-02T16:13:18.607+0000] {processor.py:183} INFO - Processing /opt/airflow/dags/star_schema_dag.py took 0.167 seconds
[2026-02-02T16:13:49.073+0000] {processor.py:161} INFO - Started process (PID=172) to work on /opt/airflow/dags/star_schema_dag.py
[2026-02-02T16:13:49.075+0000] {processor.py:830} INFO - Processing file /opt/airflow/dags/star_schema_dag.py for tasks to queue
[2026-02-02T16:13:49.082+0000] {logging_mixin.py:188} INFO - [2026-02-02T16:13:49.080+0000] {dagbag.py:545} INFO - Filling up the DagBag from /opt/airflow/dags/star_schema_dag.py
[2026-02-02T16:13:49.232+0000] {processor.py:840} INFO - DAG(s) 'star_schema_pipeline' retrieved from /opt/airflow/dags/star_schema_dag.py
[2026-02-02T16:13:49.287+0000] {logging_mixin.py:188} INFO - [2026-02-02T16:13:49.287+0000] {dag.py:3089} INFO - Sync 1 DAGs
[2026-02-02T16:13:49.308+0000] {logging_mixin.py:188} INFO - [2026-02-02T16:13:49.307+0000] {dag.py:3947} INFO - Setting next_dagrun for star_schema_pipeline to None, run_after=None
[2026-02-02T16:13:49.371+0000] {processor.py:183} INFO - Processing /opt/airflow/dags/star_schema_dag.py took 0.312 seconds
[2026-02-02T16:14:19.939+0000] {processor.py:161} INFO - Started process (PID=176) to work on /opt/airflow/dags/star_schema_dag.py
[2026-02-02T16:14:19.941+0000] {processor.py:830} INFO - Processing file /opt/airflow/dags/star_schema_dag.py for tasks to queue
[2026-02-02T16:14:19.944+0000] {logging_mixin.py:188} INFO - [2026-02-02T16:14:19.943+0000] {dagbag.py:545} INFO - Filling up the DagBag from /opt/airflow/dags/star_schema_dag.py
[2026-02-02T16:14:19.999+0000] {processor.py:840} INFO - DAG(s) 'star_schema_pipeline' retrieved from /opt/airflow/dags/star_schema_dag.py
[2026-02-02T16:14:20.049+0000] {logging_mixin.py:188} INFO - [2026-02-02T16:14:20.049+0000] {dag.py:3089} INFO - Sync 1 DAGs
[2026-02-02T16:14:20.082+0000] {logging_mixin.py:188} INFO - [2026-02-02T16:14:20.082+0000] {dag.py:3947} INFO - Setting next_dagrun for star_schema_pipeline to None, run_after=None
[2026-02-02T16:14:20.170+0000] {processor.py:183} INFO - Processing /opt/airflow/dags/star_schema_dag.py took 0.240 seconds
[2026-02-02T16:14:50.522+0000] {processor.py:161} INFO - Started process (PID=180) to work on /opt/airflow/dags/star_schema_dag.py
[2026-02-02T16:14:50.524+0000] {processor.py:830} INFO - Processing file /opt/airflow/dags/star_schema_dag.py for tasks to queue
[2026-02-02T16:14:50.528+0000] {logging_mixin.py:188} INFO - [2026-02-02T16:14:50.527+0000] {dagbag.py:545} INFO - Filling up the DagBag from /opt/airflow/dags/star_schema_dag.py
[2026-02-02T16:14:50.683+0000] {processor.py:840} INFO - DAG(s) 'star_schema_pipeline' retrieved from /opt/airflow/dags/star_schema_dag.py
[2026-02-02T16:14:50.732+0000] {logging_mixin.py:188} INFO - [2026-02-02T16:14:50.731+0000] {dag.py:3089} INFO - Sync 1 DAGs
[2026-02-02T16:14:50.759+0000] {logging_mixin.py:188} INFO - [2026-02-02T16:14:50.759+0000] {dag.py:3947} INFO - Setting next_dagrun for star_schema_pipeline to None, run_after=None
[2026-02-02T16:14:50.797+0000] {processor.py:183} INFO - Processing /opt/airflow/dags/star_schema_dag.py took 0.285 seconds
[2026-02-02T16:17:33.175+0000] {processor.py:161} INFO - Started process (PID=27) to work on /opt/airflow/dags/star_schema_dag.py
[2026-02-02T16:17:33.177+0000] {processor.py:830} INFO - Processing file /opt/airflow/dags/star_schema_dag.py for tasks to queue
[2026-02-02T16:17:33.182+0000] {logging_mixin.py:188} INFO - [2026-02-02T16:17:33.181+0000] {dagbag.py:545} INFO - Filling up the DagBag from /opt/airflow/dags/star_schema_dag.py
[2026-02-02T16:17:33.225+0000] {processor.py:840} INFO - DAG(s) 'star_schema_pipeline' retrieved from /opt/airflow/dags/star_schema_dag.py
[2026-02-02T16:17:33.312+0000] {logging_mixin.py:188} INFO - [2026-02-02T16:17:33.311+0000] {dag.py:3089} INFO - Sync 1 DAGs
[2026-02-02T16:17:33.336+0000] {logging_mixin.py:188} INFO - [2026-02-02T16:17:33.335+0000] {dag.py:3947} INFO - Setting next_dagrun for star_schema_pipeline to None, run_after=None
[2026-02-02T16:17:33.386+0000] {processor.py:183} INFO - Processing /opt/airflow/dags/star_schema_dag.py took 0.226 seconds
[2026-02-02T16:18:03.717+0000] {processor.py:161} INFO - Started process (PID=60) to work on /opt/airflow/dags/star_schema_dag.py
[2026-02-02T16:18:03.720+0000] {processor.py:830} INFO - Processing file /opt/airflow/dags/star_schema_dag.py for tasks to queue
[2026-02-02T16:18:03.727+0000] {logging_mixin.py:188} INFO - [2026-02-02T16:18:03.726+0000] {dagbag.py:545} INFO - Filling up the DagBag from /opt/airflow/dags/star_schema_dag.py
[2026-02-02T16:18:03.779+0000] {processor.py:840} INFO - DAG(s) 'star_schema_pipeline' retrieved from /opt/airflow/dags/star_schema_dag.py
[2026-02-02T16:18:03.830+0000] {logging_mixin.py:188} INFO - [2026-02-02T16:18:03.830+0000] {dag.py:3089} INFO - Sync 1 DAGs
[2026-02-02T16:18:03.862+0000] {logging_mixin.py:188} INFO - [2026-02-02T16:18:03.862+0000] {dag.py:3947} INFO - Setting next_dagrun for star_schema_pipeline to None, run_after=None
[2026-02-02T16:18:03.899+0000] {processor.py:183} INFO - Processing /opt/airflow/dags/star_schema_dag.py took 0.200 seconds
[2026-02-02T16:18:34.384+0000] {processor.py:161} INFO - Started process (PID=93) to work on /opt/airflow/dags/star_schema_dag.py
[2026-02-02T16:18:34.385+0000] {processor.py:830} INFO - Processing file /opt/airflow/dags/star_schema_dag.py for tasks to queue
[2026-02-02T16:18:34.389+0000] {logging_mixin.py:188} INFO - [2026-02-02T16:18:34.389+0000] {dagbag.py:545} INFO - Filling up the DagBag from /opt/airflow/dags/star_schema_dag.py
[2026-02-02T16:18:34.447+0000] {processor.py:840} INFO - DAG(s) 'star_schema_pipeline' retrieved from /opt/airflow/dags/star_schema_dag.py
[2026-02-02T16:18:34.498+0000] {logging_mixin.py:188} INFO - [2026-02-02T16:18:34.497+0000] {dag.py:3089} INFO - Sync 1 DAGs
[2026-02-02T16:18:34.541+0000] {logging_mixin.py:188} INFO - [2026-02-02T16:18:34.541+0000] {dag.py:3947} INFO - Setting next_dagrun for star_schema_pipeline to None, run_after=None
[2026-02-02T16:18:34.578+0000] {processor.py:183} INFO - Processing /opt/airflow/dags/star_schema_dag.py took 0.204 seconds
[2026-02-02T16:19:05.092+0000] {processor.py:161} INFO - Started process (PID=108) to work on /opt/airflow/dags/star_schema_dag.py
[2026-02-02T16:19:05.094+0000] {processor.py:830} INFO - Processing file /opt/airflow/dags/star_schema_dag.py for tasks to queue
[2026-02-02T16:19:05.098+0000] {logging_mixin.py:188} INFO - [2026-02-02T16:19:05.097+0000] {dagbag.py:545} INFO - Filling up the DagBag from /opt/airflow/dags/star_schema_dag.py
[2026-02-02T16:19:05.160+0000] {processor.py:840} INFO - DAG(s) 'star_schema_pipeline' retrieved from /opt/airflow/dags/star_schema_dag.py
[2026-02-02T16:19:05.226+0000] {logging_mixin.py:188} INFO - [2026-02-02T16:19:05.225+0000] {dag.py:3089} INFO - Sync 1 DAGs
[2026-02-02T16:19:05.260+0000] {logging_mixin.py:188} INFO - [2026-02-02T16:19:05.260+0000] {dag.py:3947} INFO - Setting next_dagrun for star_schema_pipeline to None, run_after=None
[2026-02-02T16:19:05.352+0000] {processor.py:183} INFO - Processing /opt/airflow/dags/star_schema_dag.py took 0.274 seconds
[2026-02-02T16:19:35.749+0000] {processor.py:161} INFO - Started process (PID=112) to work on /opt/airflow/dags/star_schema_dag.py
[2026-02-02T16:19:35.750+0000] {processor.py:830} INFO - Processing file /opt/airflow/dags/star_schema_dag.py for tasks to queue
[2026-02-02T16:19:35.755+0000] {logging_mixin.py:188} INFO - [2026-02-02T16:19:35.754+0000] {dagbag.py:545} INFO - Filling up the DagBag from /opt/airflow/dags/star_schema_dag.py
[2026-02-02T16:19:35.796+0000] {processor.py:840} INFO - DAG(s) 'star_schema_pipeline' retrieved from /opt/airflow/dags/star_schema_dag.py
[2026-02-02T16:19:35.838+0000] {logging_mixin.py:188} INFO - [2026-02-02T16:19:35.837+0000] {dag.py:3089} INFO - Sync 1 DAGs
[2026-02-02T16:19:35.866+0000] {logging_mixin.py:188} INFO - [2026-02-02T16:19:35.866+0000] {dag.py:3947} INFO - Setting next_dagrun for star_schema_pipeline to None, run_after=None
[2026-02-02T16:19:35.904+0000] {processor.py:183} INFO - Processing /opt/airflow/dags/star_schema_dag.py took 0.164 seconds
[2026-02-02T16:20:06.580+0000] {processor.py:161} INFO - Started process (PID=126) to work on /opt/airflow/dags/star_schema_dag.py
[2026-02-02T16:20:06.582+0000] {processor.py:830} INFO - Processing file /opt/airflow/dags/star_schema_dag.py for tasks to queue
[2026-02-02T16:20:06.587+0000] {logging_mixin.py:188} INFO - [2026-02-02T16:20:06.586+0000] {dagbag.py:545} INFO - Filling up the DagBag from /opt/airflow/dags/star_schema_dag.py
[2026-02-02T16:20:06.641+0000] {processor.py:840} INFO - DAG(s) 'star_schema_pipeline' retrieved from /opt/airflow/dags/star_schema_dag.py
[2026-02-02T16:20:06.691+0000] {logging_mixin.py:188} INFO - [2026-02-02T16:20:06.691+0000] {dag.py:3089} INFO - Sync 1 DAGs
[2026-02-02T16:20:06.719+0000] {logging_mixin.py:188} INFO - [2026-02-02T16:20:06.718+0000] {dag.py:3947} INFO - Setting next_dagrun for star_schema_pipeline to None, run_after=None
[2026-02-02T16:20:06.755+0000] {processor.py:183} INFO - Processing /opt/airflow/dags/star_schema_dag.py took 0.195 seconds
[2026-02-02T16:20:37.202+0000] {processor.py:161} INFO - Started process (PID=168) to work on /opt/airflow/dags/star_schema_dag.py
[2026-02-02T16:20:37.204+0000] {processor.py:830} INFO - Processing file /opt/airflow/dags/star_schema_dag.py for tasks to queue
[2026-02-02T16:20:37.207+0000] {logging_mixin.py:188} INFO - [2026-02-02T16:20:37.207+0000] {dagbag.py:545} INFO - Filling up the DagBag from /opt/airflow/dags/star_schema_dag.py
[2026-02-02T16:20:37.254+0000] {processor.py:840} INFO - DAG(s) 'star_schema_pipeline' retrieved from /opt/airflow/dags/star_schema_dag.py
[2026-02-02T16:20:37.297+0000] {logging_mixin.py:188} INFO - [2026-02-02T16:20:37.297+0000] {dag.py:3089} INFO - Sync 1 DAGs
[2026-02-02T16:20:37.320+0000] {logging_mixin.py:188} INFO - [2026-02-02T16:20:37.320+0000] {dag.py:3947} INFO - Setting next_dagrun for star_schema_pipeline to None, run_after=None
[2026-02-02T16:20:37.405+0000] {processor.py:183} INFO - Processing /opt/airflow/dags/star_schema_dag.py took 0.209 seconds
[2026-02-02T16:21:07.908+0000] {processor.py:161} INFO - Started process (PID=174) to work on /opt/airflow/dags/star_schema_dag.py
[2026-02-02T16:21:07.910+0000] {processor.py:830} INFO - Processing file /opt/airflow/dags/star_schema_dag.py for tasks to queue
[2026-02-02T16:21:07.913+0000] {logging_mixin.py:188} INFO - [2026-02-02T16:21:07.912+0000] {dagbag.py:545} INFO - Filling up the DagBag from /opt/airflow/dags/star_schema_dag.py
[2026-02-02T16:21:07.946+0000] {processor.py:840} INFO - DAG(s) 'star_schema_pipeline' retrieved from /opt/airflow/dags/star_schema_dag.py
[2026-02-02T16:21:07.982+0000] {logging_mixin.py:188} INFO - [2026-02-02T16:21:07.982+0000] {dag.py:3089} INFO - Sync 1 DAGs
[2026-02-02T16:21:08.004+0000] {logging_mixin.py:188} INFO - [2026-02-02T16:21:08.004+0000] {dag.py:3947} INFO - Setting next_dagrun for star_schema_pipeline to None, run_after=None
[2026-02-02T16:21:08.081+0000] {processor.py:183} INFO - Processing /opt/airflow/dags/star_schema_dag.py took 0.185 seconds
[2026-02-02T16:21:38.623+0000] {processor.py:161} INFO - Started process (PID=178) to work on /opt/airflow/dags/star_schema_dag.py
[2026-02-02T16:21:38.625+0000] {processor.py:830} INFO - Processing file /opt/airflow/dags/star_schema_dag.py for tasks to queue
[2026-02-02T16:21:38.628+0000] {logging_mixin.py:188} INFO - [2026-02-02T16:21:38.628+0000] {dagbag.py:545} INFO - Filling up the DagBag from /opt/airflow/dags/star_schema_dag.py
[2026-02-02T16:21:38.689+0000] {processor.py:840} INFO - DAG(s) 'star_schema_pipeline' retrieved from /opt/airflow/dags/star_schema_dag.py
[2026-02-02T16:21:38.725+0000] {logging_mixin.py:188} INFO - [2026-02-02T16:21:38.725+0000] {dag.py:3089} INFO - Sync 1 DAGs
[2026-02-02T16:21:38.756+0000] {logging_mixin.py:188} INFO - [2026-02-02T16:21:38.755+0000] {dag.py:3947} INFO - Setting next_dagrun for star_schema_pipeline to None, run_after=None
[2026-02-02T16:21:38.790+0000] {processor.py:183} INFO - Processing /opt/airflow/dags/star_schema_dag.py took 0.176 seconds
[2026-02-02T16:22:09.575+0000] {processor.py:161} INFO - Started process (PID=182) to work on /opt/airflow/dags/star_schema_dag.py
[2026-02-02T16:22:09.576+0000] {processor.py:830} INFO - Processing file /opt/airflow/dags/star_schema_dag.py for tasks to queue
[2026-02-02T16:22:09.580+0000] {logging_mixin.py:188} INFO - [2026-02-02T16:22:09.579+0000] {dagbag.py:545} INFO - Filling up the DagBag from /opt/airflow/dags/star_schema_dag.py
[2026-02-02T16:22:09.638+0000] {processor.py:840} INFO - DAG(s) 'star_schema_pipeline' retrieved from /opt/airflow/dags/star_schema_dag.py
[2026-02-02T16:22:09.680+0000] {logging_mixin.py:188} INFO - [2026-02-02T16:22:09.680+0000] {dag.py:3089} INFO - Sync 1 DAGs
[2026-02-02T16:22:09.703+0000] {logging_mixin.py:188} INFO - [2026-02-02T16:22:09.703+0000] {dag.py:3947} INFO - Setting next_dagrun for star_schema_pipeline to None, run_after=None
[2026-02-02T16:22:09.795+0000] {processor.py:183} INFO - Processing /opt/airflow/dags/star_schema_dag.py took 0.229 seconds
[2026-02-02T16:22:40.525+0000] {processor.py:161} INFO - Started process (PID=196) to work on /opt/airflow/dags/star_schema_dag.py
[2026-02-02T16:22:40.527+0000] {processor.py:830} INFO - Processing file /opt/airflow/dags/star_schema_dag.py for tasks to queue
[2026-02-02T16:22:40.530+0000] {logging_mixin.py:188} INFO - [2026-02-02T16:22:40.529+0000] {dagbag.py:545} INFO - Filling up the DagBag from /opt/airflow/dags/star_schema_dag.py
[2026-02-02T16:22:40.577+0000] {processor.py:840} INFO - DAG(s) 'star_schema_pipeline' retrieved from /opt/airflow/dags/star_schema_dag.py
[2026-02-02T16:22:40.640+0000] {logging_mixin.py:188} INFO - [2026-02-02T16:22:40.639+0000] {dag.py:3089} INFO - Sync 1 DAGs
[2026-02-02T16:22:40.688+0000] {logging_mixin.py:188} INFO - [2026-02-02T16:22:40.687+0000] {dag.py:3947} INFO - Setting next_dagrun for star_schema_pipeline to None, run_after=None
[2026-02-02T16:22:40.753+0000] {processor.py:183} INFO - Processing /opt/airflow/dags/star_schema_dag.py took 0.239 seconds
[2026-02-02T16:23:11.294+0000] {processor.py:161} INFO - Started process (PID=200) to work on /opt/airflow/dags/star_schema_dag.py
[2026-02-02T16:23:11.295+0000] {processor.py:830} INFO - Processing file /opt/airflow/dags/star_schema_dag.py for tasks to queue
[2026-02-02T16:23:11.299+0000] {logging_mixin.py:188} INFO - [2026-02-02T16:23:11.299+0000] {dagbag.py:545} INFO - Filling up the DagBag from /opt/airflow/dags/star_schema_dag.py
[2026-02-02T16:23:11.353+0000] {processor.py:840} INFO - DAG(s) 'star_schema_pipeline' retrieved from /opt/airflow/dags/star_schema_dag.py
[2026-02-02T16:23:11.397+0000] {logging_mixin.py:188} INFO - [2026-02-02T16:23:11.396+0000] {dag.py:3089} INFO - Sync 1 DAGs
[2026-02-02T16:23:11.424+0000] {logging_mixin.py:188} INFO - [2026-02-02T16:23:11.423+0000] {dag.py:3947} INFO - Setting next_dagrun for star_schema_pipeline to None, run_after=None
[2026-02-02T16:23:11.497+0000] {processor.py:183} INFO - Processing /opt/airflow/dags/star_schema_dag.py took 0.220 seconds
[2026-02-02T16:23:42.213+0000] {processor.py:161} INFO - Started process (PID=214) to work on /opt/airflow/dags/star_schema_dag.py
[2026-02-02T16:23:42.215+0000] {processor.py:830} INFO - Processing file /opt/airflow/dags/star_schema_dag.py for tasks to queue
[2026-02-02T16:23:42.226+0000] {logging_mixin.py:188} INFO - [2026-02-02T16:23:42.225+0000] {dagbag.py:545} INFO - Filling up the DagBag from /opt/airflow/dags/star_schema_dag.py
[2026-02-02T16:23:42.275+0000] {processor.py:840} INFO - DAG(s) 'star_schema_pipeline' retrieved from /opt/airflow/dags/star_schema_dag.py
[2026-02-02T16:23:42.345+0000] {logging_mixin.py:188} INFO - [2026-02-02T16:23:42.344+0000] {dag.py:3089} INFO - Sync 1 DAGs
[2026-02-02T16:23:42.386+0000] {logging_mixin.py:188} INFO - [2026-02-02T16:23:42.386+0000] {dag.py:3947} INFO - Setting next_dagrun for star_schema_pipeline to None, run_after=None
[2026-02-02T16:23:42.435+0000] {processor.py:183} INFO - Processing /opt/airflow/dags/star_schema_dag.py took 0.244 seconds
[2026-02-02T16:24:12.791+0000] {processor.py:161} INFO - Started process (PID=218) to work on /opt/airflow/dags/star_schema_dag.py
[2026-02-02T16:24:12.793+0000] {processor.py:830} INFO - Processing file /opt/airflow/dags/star_schema_dag.py for tasks to queue
[2026-02-02T16:24:12.797+0000] {logging_mixin.py:188} INFO - [2026-02-02T16:24:12.796+0000] {dagbag.py:545} INFO - Filling up the DagBag from /opt/airflow/dags/star_schema_dag.py
[2026-02-02T16:24:12.839+0000] {processor.py:840} INFO - DAG(s) 'star_schema_pipeline' retrieved from /opt/airflow/dags/star_schema_dag.py
[2026-02-02T16:24:12.878+0000] {logging_mixin.py:188} INFO - [2026-02-02T16:24:12.878+0000] {dag.py:3089} INFO - Sync 1 DAGs
[2026-02-02T16:24:12.916+0000] {logging_mixin.py:188} INFO - [2026-02-02T16:24:12.916+0000] {dag.py:3947} INFO - Setting next_dagrun for star_schema_pipeline to None, run_after=None
[2026-02-02T16:24:12.974+0000] {processor.py:183} INFO - Processing /opt/airflow/dags/star_schema_dag.py took 0.193 seconds
[2026-02-02T16:24:43.670+0000] {processor.py:161} INFO - Started process (PID=222) to work on /opt/airflow/dags/star_schema_dag.py
[2026-02-02T16:24:43.672+0000] {processor.py:830} INFO - Processing file /opt/airflow/dags/star_schema_dag.py for tasks to queue
[2026-02-02T16:24:43.675+0000] {logging_mixin.py:188} INFO - [2026-02-02T16:24:43.675+0000] {dagbag.py:545} INFO - Filling up the DagBag from /opt/airflow/dags/star_schema_dag.py
[2026-02-02T16:24:43.734+0000] {processor.py:840} INFO - DAG(s) 'star_schema_pipeline' retrieved from /opt/airflow/dags/star_schema_dag.py
[2026-02-02T16:24:43.800+0000] {logging_mixin.py:188} INFO - [2026-02-02T16:24:43.799+0000] {dag.py:3089} INFO - Sync 1 DAGs
[2026-02-02T16:24:43.822+0000] {logging_mixin.py:188} INFO - [2026-02-02T16:24:43.822+0000] {dag.py:3947} INFO - Setting next_dagrun for star_schema_pipeline to None, run_after=None
[2026-02-02T16:24:43.879+0000] {processor.py:183} INFO - Processing /opt/airflow/dags/star_schema_dag.py took 0.218 seconds
[2026-02-02T16:25:14.600+0000] {processor.py:161} INFO - Started process (PID=246) to work on /opt/airflow/dags/star_schema_dag.py
[2026-02-02T16:25:14.603+0000] {processor.py:830} INFO - Processing file /opt/airflow/dags/star_schema_dag.py for tasks to queue
[2026-02-02T16:25:14.609+0000] {logging_mixin.py:188} INFO - [2026-02-02T16:25:14.608+0000] {dagbag.py:545} INFO - Filling up the DagBag from /opt/airflow/dags/star_schema_dag.py
[2026-02-02T16:25:14.658+0000] {processor.py:840} INFO - DAG(s) 'star_schema_pipeline' retrieved from /opt/airflow/dags/star_schema_dag.py
[2026-02-02T16:25:14.714+0000] {logging_mixin.py:188} INFO - [2026-02-02T16:25:14.714+0000] {dag.py:3089} INFO - Sync 1 DAGs
[2026-02-02T16:25:14.746+0000] {logging_mixin.py:188} INFO - [2026-02-02T16:25:14.745+0000] {dag.py:3947} INFO - Setting next_dagrun for star_schema_pipeline to None, run_after=None
[2026-02-02T16:25:14.807+0000] {processor.py:183} INFO - Processing /opt/airflow/dags/star_schema_dag.py took 0.233 seconds
[2026-02-02T16:29:03.858+0000] {processor.py:161} INFO - Started process (PID=27) to work on /opt/airflow/dags/star_schema_dag.py
[2026-02-02T16:29:03.861+0000] {processor.py:830} INFO - Processing file /opt/airflow/dags/star_schema_dag.py for tasks to queue
[2026-02-02T16:29:03.865+0000] {logging_mixin.py:188} INFO - [2026-02-02T16:29:03.864+0000] {dagbag.py:545} INFO - Filling up the DagBag from /opt/airflow/dags/star_schema_dag.py
[2026-02-02T16:29:03.912+0000] {processor.py:840} INFO - DAG(s) 'star_schema_pipeline' retrieved from /opt/airflow/dags/star_schema_dag.py
[2026-02-02T16:29:03.986+0000] {logging_mixin.py:188} INFO - [2026-02-02T16:29:03.986+0000] {dag.py:3089} INFO - Sync 1 DAGs
[2026-02-02T16:29:04.020+0000] {logging_mixin.py:188} INFO - [2026-02-02T16:29:04.019+0000] {dag.py:3947} INFO - Setting next_dagrun for star_schema_pipeline to None, run_after=None
[2026-02-02T16:29:04.065+0000] {processor.py:183} INFO - Processing /opt/airflow/dags/star_schema_dag.py took 0.262 seconds
[2026-02-02T16:29:34.657+0000] {processor.py:161} INFO - Started process (PID=61) to work on /opt/airflow/dags/star_schema_dag.py
[2026-02-02T16:29:34.659+0000] {processor.py:830} INFO - Processing file /opt/airflow/dags/star_schema_dag.py for tasks to queue
[2026-02-02T16:29:34.664+0000] {logging_mixin.py:188} INFO - [2026-02-02T16:29:34.663+0000] {dagbag.py:545} INFO - Filling up the DagBag from /opt/airflow/dags/star_schema_dag.py
[2026-02-02T16:29:34.718+0000] {processor.py:840} INFO - DAG(s) 'star_schema_pipeline' retrieved from /opt/airflow/dags/star_schema_dag.py
[2026-02-02T16:29:34.857+0000] {logging_mixin.py:188} INFO - [2026-02-02T16:29:34.857+0000] {dag.py:3089} INFO - Sync 1 DAGs
[2026-02-02T16:29:34.933+0000] {logging_mixin.py:188} INFO - [2026-02-02T16:29:34.933+0000] {dag.py:3947} INFO - Setting next_dagrun for star_schema_pipeline to None, run_after=None
[2026-02-02T16:29:35.110+0000] {processor.py:183} INFO - Processing /opt/airflow/dags/star_schema_dag.py took 0.463 seconds
[2026-02-02T16:30:06.244+0000] {processor.py:161} INFO - Started process (PID=104) to work on /opt/airflow/dags/star_schema_dag.py
[2026-02-02T16:30:06.246+0000] {processor.py:830} INFO - Processing file /opt/airflow/dags/star_schema_dag.py for tasks to queue
[2026-02-02T16:30:06.254+0000] {logging_mixin.py:188} INFO - [2026-02-02T16:30:06.253+0000] {dagbag.py:545} INFO - Filling up the DagBag from /opt/airflow/dags/star_schema_dag.py
[2026-02-02T16:30:06.308+0000] {processor.py:840} INFO - DAG(s) 'star_schema_pipeline' retrieved from /opt/airflow/dags/star_schema_dag.py
[2026-02-02T16:30:06.360+0000] {logging_mixin.py:188} INFO - [2026-02-02T16:30:06.360+0000] {dag.py:3089} INFO - Sync 1 DAGs
[2026-02-02T16:30:06.404+0000] {logging_mixin.py:188} INFO - [2026-02-02T16:30:06.403+0000] {dag.py:3947} INFO - Setting next_dagrun for star_schema_pipeline to None, run_after=None
[2026-02-02T16:30:06.456+0000] {processor.py:183} INFO - Processing /opt/airflow/dags/star_schema_dag.py took 0.222 seconds
[2026-02-02T16:30:36.754+0000] {processor.py:161} INFO - Started process (PID=148) to work on /opt/airflow/dags/star_schema_dag.py
[2026-02-02T16:30:36.757+0000] {processor.py:830} INFO - Processing file /opt/airflow/dags/star_schema_dag.py for tasks to queue
[2026-02-02T16:30:36.762+0000] {logging_mixin.py:188} INFO - [2026-02-02T16:30:36.761+0000] {dagbag.py:545} INFO - Filling up the DagBag from /opt/airflow/dags/star_schema_dag.py
[2026-02-02T16:30:36.803+0000] {processor.py:840} INFO - DAG(s) 'star_schema_pipeline' retrieved from /opt/airflow/dags/star_schema_dag.py
[2026-02-02T16:30:36.847+0000] {logging_mixin.py:188} INFO - [2026-02-02T16:30:36.846+0000] {dag.py:3089} INFO - Sync 1 DAGs
[2026-02-02T16:30:36.871+0000] {logging_mixin.py:188} INFO - [2026-02-02T16:30:36.871+0000] {dag.py:3947} INFO - Setting next_dagrun for star_schema_pipeline to None, run_after=None
[2026-02-02T16:30:36.946+0000] {processor.py:183} INFO - Processing /opt/airflow/dags/star_schema_dag.py took 0.202 seconds
[2026-02-02T16:31:07.638+0000] {processor.py:161} INFO - Started process (PID=152) to work on /opt/airflow/dags/star_schema_dag.py
[2026-02-02T16:31:07.641+0000] {processor.py:830} INFO - Processing file /opt/airflow/dags/star_schema_dag.py for tasks to queue
[2026-02-02T16:31:07.647+0000] {logging_mixin.py:188} INFO - [2026-02-02T16:31:07.646+0000] {dagbag.py:545} INFO - Filling up the DagBag from /opt/airflow/dags/star_schema_dag.py
[2026-02-02T16:31:07.714+0000] {processor.py:840} INFO - DAG(s) 'star_schema_pipeline' retrieved from /opt/airflow/dags/star_schema_dag.py
[2026-02-02T16:31:07.782+0000] {logging_mixin.py:188} INFO - [2026-02-02T16:31:07.781+0000] {dag.py:3089} INFO - Sync 1 DAGs
[2026-02-02T16:31:07.821+0000] {logging_mixin.py:188} INFO - [2026-02-02T16:31:07.821+0000] {dag.py:3947} INFO - Setting next_dagrun for star_schema_pipeline to None, run_after=None
[2026-02-02T16:31:07.918+0000] {processor.py:183} INFO - Processing /opt/airflow/dags/star_schema_dag.py took 0.297 seconds
[2026-02-02T16:31:38.783+0000] {processor.py:161} INFO - Started process (PID=156) to work on /opt/airflow/dags/star_schema_dag.py
[2026-02-02T16:31:38.786+0000] {processor.py:830} INFO - Processing file /opt/airflow/dags/star_schema_dag.py for tasks to queue
[2026-02-02T16:31:38.791+0000] {logging_mixin.py:188} INFO - [2026-02-02T16:31:38.790+0000] {dagbag.py:545} INFO - Filling up the DagBag from /opt/airflow/dags/star_schema_dag.py
[2026-02-02T16:31:38.845+0000] {processor.py:840} INFO - DAG(s) 'star_schema_pipeline' retrieved from /opt/airflow/dags/star_schema_dag.py
[2026-02-02T16:31:38.893+0000] {logging_mixin.py:188} INFO - [2026-02-02T16:31:38.892+0000] {dag.py:3089} INFO - Sync 1 DAGs
[2026-02-02T16:31:38.924+0000] {logging_mixin.py:188} INFO - [2026-02-02T16:31:38.924+0000] {dag.py:3947} INFO - Setting next_dagrun for star_schema_pipeline to None, run_after=None
[2026-02-02T16:31:39.011+0000] {processor.py:183} INFO - Processing /opt/airflow/dags/star_schema_dag.py took 0.247 seconds
[2026-02-02T16:36:16.041+0000] {processor.py:161} INFO - Started process (PID=27) to work on /opt/airflow/dags/star_schema_dag.py
[2026-02-02T16:36:16.043+0000] {processor.py:830} INFO - Processing file /opt/airflow/dags/star_schema_dag.py for tasks to queue
[2026-02-02T16:36:16.046+0000] {logging_mixin.py:188} INFO - [2026-02-02T16:36:16.046+0000] {dagbag.py:545} INFO - Filling up the DagBag from /opt/airflow/dags/star_schema_dag.py
[2026-02-02T16:36:16.097+0000] {processor.py:840} INFO - DAG(s) 'star_schema_pipeline' retrieved from /opt/airflow/dags/star_schema_dag.py
[2026-02-02T16:36:16.232+0000] {logging_mixin.py:188} INFO - [2026-02-02T16:36:16.231+0000] {dag.py:3089} INFO - Sync 1 DAGs
[2026-02-02T16:36:16.276+0000] {logging_mixin.py:188} INFO - [2026-02-02T16:36:16.275+0000] {dag.py:3947} INFO - Setting next_dagrun for star_schema_pipeline to None, run_after=None
[2026-02-02T16:36:16.322+0000] {processor.py:183} INFO - Processing /opt/airflow/dags/star_schema_dag.py took 0.293 seconds
[2026-02-02T16:36:46.926+0000] {processor.py:161} INFO - Started process (PID=70) to work on /opt/airflow/dags/star_schema_dag.py
[2026-02-02T16:36:46.928+0000] {processor.py:830} INFO - Processing file /opt/airflow/dags/star_schema_dag.py for tasks to queue
[2026-02-02T16:36:46.935+0000] {logging_mixin.py:188} INFO - [2026-02-02T16:36:46.933+0000] {dagbag.py:545} INFO - Filling up the DagBag from /opt/airflow/dags/star_schema_dag.py
[2026-02-02T16:36:46.999+0000] {processor.py:840} INFO - DAG(s) 'star_schema_pipeline' retrieved from /opt/airflow/dags/star_schema_dag.py
[2026-02-02T16:36:47.075+0000] {logging_mixin.py:188} INFO - [2026-02-02T16:36:47.074+0000] {dag.py:3089} INFO - Sync 1 DAGs
[2026-02-02T16:36:47.116+0000] {logging_mixin.py:188} INFO - [2026-02-02T16:36:47.115+0000] {dag.py:3947} INFO - Setting next_dagrun for star_schema_pipeline to None, run_after=None
[2026-02-02T16:36:47.209+0000] {processor.py:183} INFO - Processing /opt/airflow/dags/star_schema_dag.py took 0.305 seconds
[2026-02-02T16:37:17.631+0000] {processor.py:161} INFO - Started process (PID=104) to work on /opt/airflow/dags/star_schema_dag.py
[2026-02-02T16:37:17.633+0000] {processor.py:830} INFO - Processing file /opt/airflow/dags/star_schema_dag.py for tasks to queue
[2026-02-02T16:37:17.636+0000] {logging_mixin.py:188} INFO - [2026-02-02T16:37:17.636+0000] {dagbag.py:545} INFO - Filling up the DagBag from /opt/airflow/dags/star_schema_dag.py
[2026-02-02T16:37:17.689+0000] {processor.py:840} INFO - DAG(s) 'star_schema_pipeline' retrieved from /opt/airflow/dags/star_schema_dag.py
[2026-02-02T16:37:17.729+0000] {logging_mixin.py:188} INFO - [2026-02-02T16:37:17.729+0000] {dag.py:3089} INFO - Sync 1 DAGs
[2026-02-02T16:37:17.763+0000] {logging_mixin.py:188} INFO - [2026-02-02T16:37:17.762+0000] {dag.py:3947} INFO - Setting next_dagrun for star_schema_pipeline to None, run_after=None
[2026-02-02T16:37:17.834+0000] {processor.py:183} INFO - Processing /opt/airflow/dags/star_schema_dag.py took 0.210 seconds
[2026-02-02T16:37:48.221+0000] {processor.py:161} INFO - Started process (PID=108) to work on /opt/airflow/dags/star_schema_dag.py
[2026-02-02T16:37:48.222+0000] {processor.py:830} INFO - Processing file /opt/airflow/dags/star_schema_dag.py for tasks to queue
[2026-02-02T16:37:48.225+0000] {logging_mixin.py:188} INFO - [2026-02-02T16:37:48.224+0000] {dagbag.py:545} INFO - Filling up the DagBag from /opt/airflow/dags/star_schema_dag.py
[2026-02-02T16:37:48.277+0000] {processor.py:840} INFO - DAG(s) 'star_schema_pipeline' retrieved from /opt/airflow/dags/star_schema_dag.py
[2026-02-02T16:37:48.341+0000] {logging_mixin.py:188} INFO - [2026-02-02T16:37:48.340+0000] {dag.py:3089} INFO - Sync 1 DAGs
[2026-02-02T16:37:48.361+0000] {logging_mixin.py:188} INFO - [2026-02-02T16:37:48.361+0000] {dag.py:3947} INFO - Setting next_dagrun for star_schema_pipeline to None, run_after=None
[2026-02-02T16:37:48.440+0000] {processor.py:183} INFO - Processing /opt/airflow/dags/star_schema_dag.py took 0.229 seconds
[2026-02-02T16:38:19.189+0000] {processor.py:161} INFO - Started process (PID=112) to work on /opt/airflow/dags/star_schema_dag.py
[2026-02-02T16:38:19.192+0000] {processor.py:830} INFO - Processing file /opt/airflow/dags/star_schema_dag.py for tasks to queue
[2026-02-02T16:38:19.198+0000] {logging_mixin.py:188} INFO - [2026-02-02T16:38:19.197+0000] {dagbag.py:545} INFO - Filling up the DagBag from /opt/airflow/dags/star_schema_dag.py
[2026-02-02T16:38:19.275+0000] {processor.py:840} INFO - DAG(s) 'star_schema_pipeline' retrieved from /opt/airflow/dags/star_schema_dag.py
[2026-02-02T16:38:19.339+0000] {logging_mixin.py:188} INFO - [2026-02-02T16:38:19.339+0000] {dag.py:3089} INFO - Sync 1 DAGs
[2026-02-02T16:38:19.385+0000] {logging_mixin.py:188} INFO - [2026-02-02T16:38:19.384+0000] {dag.py:3947} INFO - Setting next_dagrun for star_schema_pipeline to None, run_after=None
[2026-02-02T16:38:19.426+0000] {processor.py:183} INFO - Processing /opt/airflow/dags/star_schema_dag.py took 0.254 seconds
[2026-02-02T16:38:49.920+0000] {processor.py:161} INFO - Started process (PID=116) to work on /opt/airflow/dags/star_schema_dag.py
[2026-02-02T16:38:49.924+0000] {processor.py:830} INFO - Processing file /opt/airflow/dags/star_schema_dag.py for tasks to queue
[2026-02-02T16:38:49.933+0000] {logging_mixin.py:188} INFO - [2026-02-02T16:38:49.932+0000] {dagbag.py:545} INFO - Filling up the DagBag from /opt/airflow/dags/star_schema_dag.py
[2026-02-02T16:38:50.022+0000] {processor.py:840} INFO - DAG(s) 'star_schema_pipeline' retrieved from /opt/airflow/dags/star_schema_dag.py
[2026-02-02T16:38:50.113+0000] {logging_mixin.py:188} INFO - [2026-02-02T16:38:50.112+0000] {dag.py:3089} INFO - Sync 1 DAGs
[2026-02-02T16:38:50.163+0000] {logging_mixin.py:188} INFO - [2026-02-02T16:38:50.162+0000] {dag.py:3947} INFO - Setting next_dagrun for star_schema_pipeline to None, run_after=None
[2026-02-02T16:38:50.239+0000] {processor.py:183} INFO - Processing /opt/airflow/dags/star_schema_dag.py took 0.341 seconds
[2026-02-02T16:39:20.687+0000] {processor.py:161} INFO - Started process (PID=120) to work on /opt/airflow/dags/star_schema_dag.py
[2026-02-02T16:39:20.689+0000] {processor.py:830} INFO - Processing file /opt/airflow/dags/star_schema_dag.py for tasks to queue
[2026-02-02T16:39:20.691+0000] {logging_mixin.py:188} INFO - [2026-02-02T16:39:20.691+0000] {dagbag.py:545} INFO - Filling up the DagBag from /opt/airflow/dags/star_schema_dag.py
[2026-02-02T16:39:20.743+0000] {processor.py:840} INFO - DAG(s) 'star_schema_pipeline' retrieved from /opt/airflow/dags/star_schema_dag.py
[2026-02-02T16:39:20.815+0000] {logging_mixin.py:188} INFO - [2026-02-02T16:39:20.815+0000] {dag.py:3089} INFO - Sync 1 DAGs
[2026-02-02T16:39:20.871+0000] {logging_mixin.py:188} INFO - [2026-02-02T16:39:20.870+0000] {dag.py:3947} INFO - Setting next_dagrun for star_schema_pipeline to None, run_after=None
[2026-02-02T16:39:20.948+0000] {processor.py:183} INFO - Processing /opt/airflow/dags/star_schema_dag.py took 0.270 seconds
[2026-02-02T16:42:58.954+0000] {processor.py:161} INFO - Started process (PID=27) to work on /opt/airflow/dags/star_schema_dag.py
[2026-02-02T16:42:58.956+0000] {processor.py:830} INFO - Processing file /opt/airflow/dags/star_schema_dag.py for tasks to queue
[2026-02-02T16:42:58.960+0000] {logging_mixin.py:188} INFO - [2026-02-02T16:42:58.959+0000] {dagbag.py:545} INFO - Filling up the DagBag from /opt/airflow/dags/star_schema_dag.py
[2026-02-02T16:42:59.014+0000] {processor.py:840} INFO - DAG(s) 'star_schema_pipeline' retrieved from /opt/airflow/dags/star_schema_dag.py
[2026-02-02T16:42:59.101+0000] {logging_mixin.py:188} INFO - [2026-02-02T16:42:59.101+0000] {dag.py:3089} INFO - Sync 1 DAGs
[2026-02-02T16:42:59.129+0000] {logging_mixin.py:188} INFO - [2026-02-02T16:42:59.129+0000] {dag.py:3947} INFO - Setting next_dagrun for star_schema_pipeline to None, run_after=None
[2026-02-02T16:42:59.175+0000] {processor.py:183} INFO - Processing /opt/airflow/dags/star_schema_dag.py took 0.239 seconds
[2026-02-02T16:43:29.796+0000] {processor.py:161} INFO - Started process (PID=61) to work on /opt/airflow/dags/star_schema_dag.py
[2026-02-02T16:43:29.797+0000] {processor.py:830} INFO - Processing file /opt/airflow/dags/star_schema_dag.py for tasks to queue
[2026-02-02T16:43:29.801+0000] {logging_mixin.py:188} INFO - [2026-02-02T16:43:29.800+0000] {dagbag.py:545} INFO - Filling up the DagBag from /opt/airflow/dags/star_schema_dag.py
[2026-02-02T16:43:29.838+0000] {processor.py:840} INFO - DAG(s) 'star_schema_pipeline' retrieved from /opt/airflow/dags/star_schema_dag.py
[2026-02-02T16:43:29.887+0000] {logging_mixin.py:188} INFO - [2026-02-02T16:43:29.887+0000] {dag.py:3089} INFO - Sync 1 DAGs
[2026-02-02T16:43:29.914+0000] {logging_mixin.py:188} INFO - [2026-02-02T16:43:29.914+0000] {dag.py:3947} INFO - Setting next_dagrun for star_schema_pipeline to None, run_after=None
[2026-02-02T16:43:29.950+0000] {processor.py:183} INFO - Processing /opt/airflow/dags/star_schema_dag.py took 0.164 seconds
[2026-02-02T16:44:00.272+0000] {processor.py:161} INFO - Started process (PID=94) to work on /opt/airflow/dags/star_schema_dag.py
[2026-02-02T16:44:00.274+0000] {processor.py:830} INFO - Processing file /opt/airflow/dags/star_schema_dag.py for tasks to queue
[2026-02-02T16:44:00.277+0000] {logging_mixin.py:188} INFO - [2026-02-02T16:44:00.276+0000] {dagbag.py:545} INFO - Filling up the DagBag from /opt/airflow/dags/star_schema_dag.py
[2026-02-02T16:44:00.330+0000] {processor.py:840} INFO - DAG(s) 'star_schema_pipeline' retrieved from /opt/airflow/dags/star_schema_dag.py
[2026-02-02T16:44:00.389+0000] {logging_mixin.py:188} INFO - [2026-02-02T16:44:00.389+0000] {dag.py:3089} INFO - Sync 1 DAGs
[2026-02-02T16:44:00.449+0000] {logging_mixin.py:188} INFO - [2026-02-02T16:44:00.449+0000] {dag.py:3947} INFO - Setting next_dagrun for star_schema_pipeline to None, run_after=None
[2026-02-02T16:44:00.506+0000] {processor.py:183} INFO - Processing /opt/airflow/dags/star_schema_dag.py took 0.243 seconds
[2026-02-02T16:44:30.995+0000] {processor.py:161} INFO - Started process (PID=98) to work on /opt/airflow/dags/star_schema_dag.py
[2026-02-02T16:44:30.997+0000] {processor.py:830} INFO - Processing file /opt/airflow/dags/star_schema_dag.py for tasks to queue
[2026-02-02T16:44:31.001+0000] {logging_mixin.py:188} INFO - [2026-02-02T16:44:31.001+0000] {dagbag.py:545} INFO - Filling up the DagBag from /opt/airflow/dags/star_schema_dag.py
[2026-02-02T16:44:31.049+0000] {processor.py:840} INFO - DAG(s) 'star_schema_pipeline' retrieved from /opt/airflow/dags/star_schema_dag.py
[2026-02-02T16:44:31.092+0000] {logging_mixin.py:188} INFO - [2026-02-02T16:44:31.091+0000] {dag.py:3089} INFO - Sync 1 DAGs
[2026-02-02T16:44:31.121+0000] {logging_mixin.py:188} INFO - [2026-02-02T16:44:31.121+0000] {dag.py:3947} INFO - Setting next_dagrun for star_schema_pipeline to None, run_after=None
[2026-02-02T16:44:31.171+0000] {processor.py:183} INFO - Processing /opt/airflow/dags/star_schema_dag.py took 0.185 seconds
[2026-02-02T16:45:01.781+0000] {processor.py:161} INFO - Started process (PID=103) to work on /opt/airflow/dags/star_schema_dag.py
[2026-02-02T16:45:01.783+0000] {processor.py:830} INFO - Processing file /opt/airflow/dags/star_schema_dag.py for tasks to queue
[2026-02-02T16:45:01.787+0000] {logging_mixin.py:188} INFO - [2026-02-02T16:45:01.787+0000] {dagbag.py:545} INFO - Filling up the DagBag from /opt/airflow/dags/star_schema_dag.py
[2026-02-02T16:45:01.840+0000] {processor.py:840} INFO - DAG(s) 'star_schema_pipeline' retrieved from /opt/airflow/dags/star_schema_dag.py
[2026-02-02T16:45:01.883+0000] {logging_mixin.py:188} INFO - [2026-02-02T16:45:01.882+0000] {dag.py:3089} INFO - Sync 1 DAGs
[2026-02-02T16:45:01.908+0000] {logging_mixin.py:188} INFO - [2026-02-02T16:45:01.908+0000] {dag.py:3947} INFO - Setting next_dagrun for star_schema_pipeline to None, run_after=None
[2026-02-02T16:45:01.941+0000] {processor.py:183} INFO - Processing /opt/airflow/dags/star_schema_dag.py took 0.172 seconds
[2026-02-02T16:45:32.402+0000] {processor.py:161} INFO - Started process (PID=146) to work on /opt/airflow/dags/star_schema_dag.py
[2026-02-02T16:45:32.404+0000] {processor.py:830} INFO - Processing file /opt/airflow/dags/star_schema_dag.py for tasks to queue
[2026-02-02T16:45:32.409+0000] {logging_mixin.py:188} INFO - [2026-02-02T16:45:32.409+0000] {dagbag.py:545} INFO - Filling up the DagBag from /opt/airflow/dags/star_schema_dag.py
[2026-02-02T16:45:32.453+0000] {processor.py:840} INFO - DAG(s) 'star_schema_pipeline' retrieved from /opt/airflow/dags/star_schema_dag.py
[2026-02-02T16:45:32.500+0000] {logging_mixin.py:188} INFO - [2026-02-02T16:45:32.500+0000] {dag.py:3089} INFO - Sync 1 DAGs
[2026-02-02T16:45:32.532+0000] {logging_mixin.py:188} INFO - [2026-02-02T16:45:32.531+0000] {dag.py:3947} INFO - Setting next_dagrun for star_schema_pipeline to None, run_after=None
[2026-02-02T16:45:32.588+0000] {processor.py:183} INFO - Processing /opt/airflow/dags/star_schema_dag.py took 0.197 seconds
[2026-02-02T16:46:03.305+0000] {processor.py:161} INFO - Started process (PID=160) to work on /opt/airflow/dags/star_schema_dag.py
[2026-02-02T16:46:03.308+0000] {processor.py:830} INFO - Processing file /opt/airflow/dags/star_schema_dag.py for tasks to queue
[2026-02-02T16:46:03.313+0000] {logging_mixin.py:188} INFO - [2026-02-02T16:46:03.312+0000] {dagbag.py:545} INFO - Filling up the DagBag from /opt/airflow/dags/star_schema_dag.py
[2026-02-02T16:46:03.393+0000] {processor.py:840} INFO - DAG(s) 'star_schema_pipeline' retrieved from /opt/airflow/dags/star_schema_dag.py
[2026-02-02T16:46:03.474+0000] {logging_mixin.py:188} INFO - [2026-02-02T16:46:03.474+0000] {dag.py:3089} INFO - Sync 1 DAGs
[2026-02-02T16:46:03.518+0000] {logging_mixin.py:188} INFO - [2026-02-02T16:46:03.517+0000] {dag.py:3947} INFO - Setting next_dagrun for star_schema_pipeline to None, run_after=None
[2026-02-02T16:46:03.562+0000] {processor.py:183} INFO - Processing /opt/airflow/dags/star_schema_dag.py took 0.272 seconds
