[2026-02-02T20:43:34.960+0000] {local_task_job_runner.py:120} INFO - ::group::Pre task execution logs
[2026-02-02T20:43:35.036+0000] {taskinstance.py:2076} INFO - Dependencies all met for dep_context=non-requeueable deps ti=<TaskInstance: star_schema_pipeline.run_star_schema_population manual__2026-02-02T20:43:27.898065+00:00 [queued]>
[2026-02-02T20:43:35.050+0000] {taskinstance.py:2076} INFO - Dependencies all met for dep_context=requeueable deps ti=<TaskInstance: star_schema_pipeline.run_star_schema_population manual__2026-02-02T20:43:27.898065+00:00 [queued]>
[2026-02-02T20:43:35.051+0000] {taskinstance.py:2306} INFO - Starting attempt 1 of 2
[2026-02-02T20:43:35.069+0000] {taskinstance.py:2330} INFO - Executing <Task(PythonOperator): run_star_schema_population> on 2026-02-02 20:43:27.898065+00:00
[2026-02-02T20:43:35.075+0000] {standard_task_runner.py:64} INFO - Started process 167 to run task
[2026-02-02T20:43:35.079+0000] {standard_task_runner.py:90} INFO - Running: ['airflow', 'tasks', 'run', 'star_schema_pipeline', 'run_star_schema_population', 'manual__2026-02-02T20:43:27.898065+00:00', '--job-id', '722', '--raw', '--subdir', 'DAGS_FOLDER/star_schema_dag.py', '--cfg-path', '/tmp/tmp2yneiuvu']
[2026-02-02T20:43:35.082+0000] {standard_task_runner.py:91} INFO - Job 722: Subtask run_star_schema_population
[2026-02-02T20:43:35.180+0000] {task_command.py:426} INFO - Running <TaskInstance: star_schema_pipeline.run_star_schema_population manual__2026-02-02T20:43:27.898065+00:00 [running]> on host 2c9ae904234b
[2026-02-02T20:43:35.471+0000] {taskinstance.py:2648} INFO - Exporting env vars: AIRFLOW_CTX_DAG_OWNER='admin' AIRFLOW_CTX_DAG_ID='star_schema_pipeline' AIRFLOW_CTX_TASK_ID='run_star_schema_population' AIRFLOW_CTX_EXECUTION_DATE='2026-02-02T20:43:27.898065+00:00' AIRFLOW_CTX_TRY_NUMBER='1' AIRFLOW_CTX_DAG_RUN_ID='manual__2026-02-02T20:43:27.898065+00:00'
[2026-02-02T20:43:35.473+0000] {taskinstance.py:430} INFO - ::endgroup::
[2026-02-02T20:43:36.258+0000] {logging_mixin.py:188} INFO - Loading silver data...
[2026-02-02T20:43:36.302+0000] {logging_mixin.py:188} INFO - Extracted 1000 rows from silver layer.
[2026-02-02T20:43:36.320+0000] {logging_mixin.py:188} INFO - Building Dimension Tables...
[2026-02-02T20:43:36.322+0000] {logging_mixin.py:188} INFO - Building dim_date...
[2026-02-02T20:43:36.335+0000] {logging_mixin.py:188} INFO - dim_date is up to date.
[2026-02-02T20:43:36.336+0000] {logging_mixin.py:188} INFO - Building dim_product...
[2026-02-02T20:43:36.343+0000] {logging_mixin.py:188} INFO - dim_product is up to date.
[2026-02-02T20:43:36.344+0000] {logging_mixin.py:188} INFO - Building dim_customer...
[2026-02-02T20:43:36.356+0000] {logging_mixin.py:188} INFO - dim_customer is up to date.
[2026-02-02T20:43:36.357+0000] {logging_mixin.py:188} INFO - Building Fact Table...
[2026-02-02T20:43:36.674+0000] {logging_mixin.py:188} INFO - Star schema built successfully!
[2026-02-02T20:43:36.676+0000] {python.py:237} INFO - Done. Returned value was: None
[2026-02-02T20:43:36.678+0000] {taskinstance.py:441} INFO - ::group::Post task execution logs
[2026-02-02T20:43:36.713+0000] {taskinstance.py:1206} INFO - Marking task as SUCCESS. dag_id=star_schema_pipeline, task_id=run_star_schema_population, run_id=manual__2026-02-02T20:43:27.898065+00:00, execution_date=20260202T204327, start_date=20260202T204335, end_date=20260202T204336
[2026-02-02T20:43:36.784+0000] {local_task_job_runner.py:243} INFO - Task exited with return code 0
[2026-02-02T20:43:36.846+0000] {taskinstance.py:3503} INFO - 0 downstream tasks scheduled from follow-on schedule check
[2026-02-02T20:43:36.850+0000] {local_task_job_runner.py:222} INFO - ::endgroup::
