[2026-02-02T19:50:05.054+0000] {local_task_job_runner.py:120} INFO - ::group::Pre task execution logs
[2026-02-02T19:50:05.084+0000] {taskinstance.py:2076} INFO - Dependencies all met for dep_context=non-requeueable deps ti=<TaskInstance: sales_ingestion_pipeline.run_sales_ingestion scheduled__2026-02-02T19:45:00+00:00 [queued]>
[2026-02-02T19:50:05.093+0000] {taskinstance.py:2076} INFO - Dependencies all met for dep_context=requeueable deps ti=<TaskInstance: sales_ingestion_pipeline.run_sales_ingestion scheduled__2026-02-02T19:45:00+00:00 [queued]>
[2026-02-02T19:50:05.094+0000] {taskinstance.py:2306} INFO - Starting attempt 1 of 2
[2026-02-02T19:50:05.105+0000] {taskinstance.py:2330} INFO - Executing <Task(PythonOperator): run_sales_ingestion> on 2026-02-02 19:45:00+00:00
[2026-02-02T19:50:05.113+0000] {standard_task_runner.py:90} INFO - Running: ['airflow', 'tasks', 'run', 'sales_ingestion_pipeline', 'run_sales_ingestion', 'scheduled__2026-02-02T19:45:00+00:00', '--job-id', '656', '--raw', '--subdir', 'DAGS_FOLDER/ingest_sales_dag.py', '--cfg-path', '/tmp/tmp916eqs1q']
[2026-02-02T19:50:05.116+0000] {logging_mixin.py:188} WARNING - /home/airflow/.local/lib/python3.12/site-packages/airflow/task/task_runner/standard_task_runner.py:62 DeprecationWarning: This process (pid=69) is multi-threaded, use of fork() may lead to deadlocks in the child.
[2026-02-02T19:50:05.117+0000] {standard_task_runner.py:91} INFO - Job 656: Subtask run_sales_ingestion
[2026-02-02T19:50:05.117+0000] {standard_task_runner.py:64} INFO - Started process 78 to run task
[2026-02-02T19:50:05.205+0000] {task_command.py:426} INFO - Running <TaskInstance: sales_ingestion_pipeline.run_sales_ingestion scheduled__2026-02-02T19:45:00+00:00 [running]> on host 15a1a4b9ced6
[2026-02-02T19:50:05.318+0000] {taskinstance.py:2648} INFO - Exporting env vars: AIRFLOW_CTX_DAG_OWNER='you' AIRFLOW_CTX_DAG_ID='sales_ingestion_pipeline' AIRFLOW_CTX_TASK_ID='run_sales_ingestion' AIRFLOW_CTX_EXECUTION_DATE='2026-02-02T19:45:00+00:00' AIRFLOW_CTX_TRY_NUMBER='1' AIRFLOW_CTX_DAG_RUN_ID='scheduled__2026-02-02T19:45:00+00:00'
[2026-02-02T19:50:05.320+0000] {taskinstance.py:430} INFO - ::endgroup::
[2026-02-02T19:50:05.339+0000] {ingest_sales.py:33} INFO - Starting automated incremental ingestion pipeline
[2026-02-02T19:50:05.358+0000] {logging_mixin.py:188} INFO - Extracted 1000 rows from Sales_Dataset.csv
[2026-02-02T19:50:05.385+0000] {ingest_sales.py:40} INFO - Current max order_id in DB: 999
[2026-02-02T19:50:05.388+0000] {ingest_sales.py:47} INFO - No new rows to load — pipeline complete!
[2026-02-02T19:50:05.389+0000] {python.py:237} INFO - Done. Returned value was: None
[2026-02-02T19:50:05.390+0000] {taskinstance.py:441} INFO - ::group::Post task execution logs
[2026-02-02T19:50:05.407+0000] {taskinstance.py:1206} INFO - Marking task as SUCCESS. dag_id=sales_ingestion_pipeline, task_id=run_sales_ingestion, run_id=scheduled__2026-02-02T19:45:00+00:00, execution_date=20260202T194500, start_date=20260202T195005, end_date=20260202T195005
[2026-02-02T19:50:05.454+0000] {local_task_job_runner.py:243} INFO - Task exited with return code 0
[2026-02-02T19:50:05.478+0000] {taskinstance.py:3503} INFO - 1 downstream tasks scheduled from follow-on schedule check
[2026-02-02T19:50:05.481+0000] {local_task_job_runner.py:222} INFO - ::endgroup::
