[2026-02-02T16:25:14.112+0000] {local_task_job_runner.py:120} INFO - ::group::Pre task execution logs
[2026-02-02T16:25:14.176+0000] {taskinstance.py:2076} INFO - Dependencies all met for dep_context=non-requeueable deps ti=<TaskInstance: sales_ingestion_pipeline.trigger_silver_cleaning scheduled__2026-02-02T16:20:00+00:00 [queued]>
[2026-02-02T16:25:14.191+0000] {taskinstance.py:2076} INFO - Dependencies all met for dep_context=requeueable deps ti=<TaskInstance: sales_ingestion_pipeline.trigger_silver_cleaning scheduled__2026-02-02T16:20:00+00:00 [queued]>
[2026-02-02T16:25:14.192+0000] {taskinstance.py:2306} INFO - Starting attempt 1 of 2
[2026-02-02T16:25:14.217+0000] {taskinstance.py:2330} INFO - Executing <Task(TriggerDagRunOperator): trigger_silver_cleaning> on 2026-02-02 16:20:00+00:00
[2026-02-02T16:25:14.231+0000] {standard_task_runner.py:90} INFO - Running: ['airflow', 'tasks', 'run', 'sales_ingestion_pipeline', 'trigger_silver_cleaning', 'scheduled__2026-02-02T16:20:00+00:00', '--job-id', '537', '--raw', '--subdir', 'DAGS_FOLDER/ingest_sales_dag.py', '--cfg-path', '/tmp/tmpauhpknc8']
[2026-02-02T16:25:14.238+0000] {standard_task_runner.py:91} INFO - Job 537: Subtask trigger_silver_cleaning
[2026-02-02T16:25:14.239+0000] {logging_mixin.py:188} WARNING - /home/airflow/.local/lib/python3.12/site-packages/airflow/task/task_runner/standard_task_runner.py:62 DeprecationWarning: This process (pid=235) is multi-threaded, use of fork() may lead to deadlocks in the child.
[2026-02-02T16:25:14.240+0000] {standard_task_runner.py:64} INFO - Started process 244 to run task
[2026-02-02T16:25:14.415+0000] {task_command.py:426} INFO - Running <TaskInstance: sales_ingestion_pipeline.trigger_silver_cleaning scheduled__2026-02-02T16:20:00+00:00 [running]> on host bac52e043719
[2026-02-02T16:25:14.709+0000] {taskinstance.py:2648} INFO - Exporting env vars: AIRFLOW_CTX_DAG_OWNER='you' AIRFLOW_CTX_DAG_ID='sales_ingestion_pipeline' AIRFLOW_CTX_TASK_ID='trigger_silver_cleaning' AIRFLOW_CTX_EXECUTION_DATE='2026-02-02T16:20:00+00:00' AIRFLOW_CTX_TRY_NUMBER='1' AIRFLOW_CTX_DAG_RUN_ID='scheduled__2026-02-02T16:20:00+00:00'
[2026-02-02T16:25:14.712+0000] {taskinstance.py:430} INFO - ::endgroup::
[2026-02-02T16:25:16.760+0000] {local_task_job_runner.py:124} ERROR - Received SIGTERM. Terminating subprocesses
[2026-02-02T16:25:16.764+0000] {process_utils.py:132} INFO - Sending 15 to group 244. PIDs of all processes in the group: [244]
[2026-02-02T16:25:16.765+0000] {process_utils.py:87} INFO - Sending the signal 15 to group 244
[2026-02-02T16:25:16.767+0000] {taskinstance.py:2611} ERROR - Received SIGTERM. Terminating subprocesses.
[2026-02-02T16:25:16.775+0000] {taskinstance.py:441} INFO - ::group::Post task execution logs
[2026-02-02T16:25:16.802+0000] {taskinstance.py:2905} ERROR - Task failed with exception
Traceback (most recent call last):
  File "/home/airflow/.local/lib/python3.12/site-packages/airflow/models/taskinstance.py", line 465, in _execute_task
    result = _execute_callable(context=context, **execute_callable_kwargs)
             ^^^^^^^^^^^^^^^^^^^^^^^^^^^^^^^^^^^^^^^^^^^^^^^^^^^^^^^^^^^^^
  File "/home/airflow/.local/lib/python3.12/site-packages/airflow/models/taskinstance.py", line 432, in _execute_callable
    return execute_callable(context=context, **execute_callable_kwargs)
           ^^^^^^^^^^^^^^^^^^^^^^^^^^^^^^^^^^^^^^^^^^^^^^^^^^^^^^^^^^^^
  File "/home/airflow/.local/lib/python3.12/site-packages/airflow/models/baseoperator.py", line 401, in wrapper
    return func(self, *args, **kwargs)
           ^^^^^^^^^^^^^^^^^^^^^^^^^^^
  File "/home/airflow/.local/lib/python3.12/site-packages/airflow/operators/trigger_dagrun.py", line 180, in execute
    dag_run = trigger_dag(
              ^^^^^^^^^^^^
  File "/home/airflow/.local/lib/python3.12/site-packages/airflow/api/common/trigger_dag.py", line 126, in trigger_dag
    triggers = _trigger_dag(
               ^^^^^^^^^^^^^
  File "/home/airflow/.local/lib/python3.12/site-packages/airflow/api/common/trigger_dag.py", line 53, in _trigger_dag
    dag = dag_bag.get_dag(dag_id)  # prefetch dag if it is stored serialized
          ^^^^^^^^^^^^^^^^^^^^^^^
  File "/home/airflow/.local/lib/python3.12/site-packages/airflow/utils/session.py", line 79, in wrapper
    return func(*args, session=session, **kwargs)
           ^^^^^^^^^^^^^^^^^^^^^^^^^^^^^^^^^^^^^^
  File "/home/airflow/.local/lib/python3.12/site-packages/airflow/models/dagbag.py", line 200, in get_dag
    self._add_dag_from_db(dag_id=dag_id, session=session)
  File "/home/airflow/.local/lib/python3.12/site-packages/airflow/models/dagbag.py", line 282, in _add_dag_from_db
    dag = row.dag
          ^^^^^^^
  File "/home/airflow/.local/lib/python3.12/site-packages/airflow/models/serialized_dag.py", line 232, in dag
    return SerializedDAG.from_dict(data)
           ^^^^^^^^^^^^^^^^^^^^^^^^^^^^^
  File "/home/airflow/.local/lib/python3.12/site-packages/airflow/serialization/serialized_objects.py", line 1558, in from_dict
    return cls.deserialize_dag(serialized_obj["dag"])
           ^^^^^^^^^^^^^^^^^^^^^^^^^^^^^^^^^^^^^^^^^^
  File "/home/airflow/.local/lib/python3.12/site-packages/airflow/serialization/serialized_objects.py", line 1472, in deserialize_dag
    v = {task["task_id"]: SerializedBaseOperator.deserialize_operator(task) for task in v}
                          ^^^^^^^^^^^^^^^^^^^^^^^^^^^^^^^^^^^^^^^^^^^^^^^^^
  File "/home/airflow/.local/lib/python3.12/site-packages/airflow/serialization/serialized_objects.py", line 1219, in deserialize_operator
    cls.populate_operator(op, encoded_op)
  File "/home/airflow/.local/lib/python3.12/site-packages/airflow/serialization/serialized_objects.py", line 1106, in populate_operator
    op_predefined_extra_links = cls._deserialize_operator_extra_links(v)
                                ^^^^^^^^^^^^^^^^^^^^^^^^^^^^^^^^^^^^^^^^
  File "/home/airflow/.local/lib/python3.12/site-packages/airflow/serialization/serialized_objects.py", line 1333, in _deserialize_operator_extra_links
    if _operator_link_class_path in get_operator_extra_links():
                                    ^^^^^^^^^^^^^^^^^^^^^^^^^^
  File "/home/airflow/.local/lib/python3.12/site-packages/airflow/serialization/serialized_objects.py", line 116, in get_operator_extra_links
    _OPERATOR_EXTRA_LINKS.update(ProvidersManager().extra_links_class_names)
                                 ^^^^^^^^^^^^^^^^^^^^^^^^^^^^^^^^^^^^^^^^^^
  File "/home/airflow/.local/lib/python3.12/site-packages/airflow/providers_manager.py", line 1238, in extra_links_class_names
    self.initialize_providers_extra_links()
  File "/home/airflow/.local/lib/python3.12/site-packages/airflow/providers_manager.py", line 379, in wrapped_function
    func(*args, **kwargs)
  File "/home/airflow/.local/lib/python3.12/site-packages/airflow/providers_manager.py", line 537, in initialize_providers_extra_links
    self._discover_extra_links()
  File "/home/airflow/.local/lib/python3.12/site-packages/airflow/providers_manager.py", line 1118, in _discover_extra_links
    if _correctness_check(provider_package, extra_link_class_name, provider):
       ^^^^^^^^^^^^^^^^^^^^^^^^^^^^^^^^^^^^^^^^^^^^^^^^^^^^^^^^^^^^^^^^^^^^^
  File "/home/airflow/.local/lib/python3.12/site-packages/airflow/providers_manager.py", line 322, in _correctness_check
    imported_class = import_string(class_name)
                     ^^^^^^^^^^^^^^^^^^^^^^^^^
  File "/home/airflow/.local/lib/python3.12/site-packages/airflow/utils/module_loading.py", line 39, in import_string
    module = import_module(module_path)
             ^^^^^^^^^^^^^^^^^^^^^^^^^^
  File "/usr/local/lib/python3.12/importlib/__init__.py", line 90, in import_module
    return _bootstrap._gcd_import(name[level:], package, level)
           ^^^^^^^^^^^^^^^^^^^^^^^^^^^^^^^^^^^^^^^^^^^^^^^^^^^^
  File "<frozen importlib._bootstrap>", line 1387, in _gcd_import
  File "<frozen importlib._bootstrap>", line 1360, in _find_and_load
  File "<frozen importlib._bootstrap>", line 1331, in _find_and_load_unlocked
  File "<frozen importlib._bootstrap>", line 935, in _load_unlocked
  File "<frozen importlib._bootstrap_external>", line 995, in exec_module
  File "<frozen importlib._bootstrap>", line 488, in _call_with_frames_removed
  File "/home/airflow/.local/lib/python3.12/site-packages/airflow/providers/google/cloud/links/kubernetes_engine.py", line 22, in <module>
    from google.cloud.container_v1.types import Cluster
  File "/home/airflow/.local/lib/python3.12/site-packages/google/cloud/container_v1/__init__.py", line 21, in <module>
    from .services.cluster_manager import ClusterManagerAsyncClient, ClusterManagerClient
  File "/home/airflow/.local/lib/python3.12/site-packages/google/cloud/container_v1/services/cluster_manager/__init__.py", line 16, in <module>
    from .async_client import ClusterManagerAsyncClient
  File "/home/airflow/.local/lib/python3.12/site-packages/google/cloud/container_v1/services/cluster_manager/async_client.py", line 49, in <module>
    from google.cloud.container_v1.services.cluster_manager import pagers
  File "/home/airflow/.local/lib/python3.12/site-packages/google/cloud/container_v1/services/cluster_manager/pagers.py", line 27, in <module>
    from google.cloud.container_v1.types import cluster_service
  File "/home/airflow/.local/lib/python3.12/site-packages/google/cloud/container_v1/types/__init__.py", line 16, in <module>
    from .cluster_service import (
  File "/home/airflow/.local/lib/python3.12/site-packages/google/cloud/container_v1/types/cluster_service.py", line 5210, in <module>
    class SetMasterAuthRequest(proto.Message):
  File "/home/airflow/.local/lib/python3.12/site-packages/proto/message.py", line 230, in __new__
    field=[i.descriptor for i in fields],
           ^^^^^^^^^^^^
  File "/home/airflow/.local/lib/python3.12/site-packages/proto/fields.py", line 106, in descriptor
    self._descriptor = descriptor_pb2.FieldDescriptorProto(
                       ^^^^^^^^^^^^^^^^^^^^^^^^^^^^^^^^^^^^
  File "/home/airflow/.local/lib/python3.12/site-packages/airflow/models/taskinstance.py", line 2613, in signal_handler
    raise AirflowTaskTerminated("Task received SIGTERM signal")
airflow.exceptions.AirflowTaskTerminated: Task received SIGTERM signal
[2026-02-02T16:25:16.820+0000] {taskinstance.py:1206} INFO - Marking task as UP_FOR_RETRY. dag_id=sales_ingestion_pipeline, task_id=trigger_silver_cleaning, run_id=scheduled__2026-02-02T16:20:00+00:00, execution_date=20260202T162000, start_date=20260202T162514, end_date=20260202T162516
[2026-02-02T16:25:16.865+0000] {process_utils.py:80} INFO - Process psutil.Process(pid=244, status='terminated', exitcode=2, started='16:25:13') (244) terminated with exit code 2
[2026-02-02T16:25:16.867+0000] {local_task_job_runner.py:243} INFO - Task exited with return code 143
[2026-02-02T16:25:16.899+0000] {taskinstance.py:3503} INFO - 0 downstream tasks scheduled from follow-on schedule check
