[2026-02-02T16:43:51.741+0000] {local_task_job_runner.py:120} INFO - ::group::Pre task execution logs
[2026-02-02T16:43:51.821+0000] {taskinstance.py:2076} INFO - Dependencies all met for dep_context=non-requeueable deps ti=<TaskInstance: star_schema_pipeline.run_star_schema_population manual__2026-02-02T16:43:45.467764+00:00 [queued]>
[2026-02-02T16:43:51.840+0000] {taskinstance.py:2076} INFO - Dependencies all met for dep_context=requeueable deps ti=<TaskInstance: star_schema_pipeline.run_star_schema_population manual__2026-02-02T16:43:45.467764+00:00 [queued]>
[2026-02-02T16:43:51.843+0000] {taskinstance.py:2306} INFO - Starting attempt 1 of 2
[2026-02-02T16:43:51.920+0000] {taskinstance.py:2330} INFO - Executing <Task(PythonOperator): run_star_schema_population> on 2026-02-02 16:43:45.467764+00:00
[2026-02-02T16:43:51.932+0000] {standard_task_runner.py:64} INFO - Started process 91 to run task
[2026-02-02T16:43:51.939+0000] {standard_task_runner.py:90} INFO - Running: ['airflow', 'tasks', 'run', 'star_schema_pipeline', 'run_star_schema_population', 'manual__2026-02-02T16:43:45.467764+00:00', '--job-id', '564', '--raw', '--subdir', 'DAGS_FOLDER/star_schema_dag.py', '--cfg-path', '/tmp/tmpjaheg5q4']
[2026-02-02T16:43:51.945+0000] {standard_task_runner.py:91} INFO - Job 564: Subtask run_star_schema_population
[2026-02-02T16:43:52.156+0000] {task_command.py:426} INFO - Running <TaskInstance: star_schema_pipeline.run_star_schema_population manual__2026-02-02T16:43:45.467764+00:00 [running]> on host b3b10c89bc2f
[2026-02-02T16:43:52.514+0000] {taskinstance.py:2648} INFO - Exporting env vars: AIRFLOW_CTX_DAG_OWNER='admin' AIRFLOW_CTX_DAG_ID='star_schema_pipeline' AIRFLOW_CTX_TASK_ID='run_star_schema_population' AIRFLOW_CTX_EXECUTION_DATE='2026-02-02T16:43:45.467764+00:00' AIRFLOW_CTX_TRY_NUMBER='1' AIRFLOW_CTX_DAG_RUN_ID='manual__2026-02-02T16:43:45.467764+00:00'
[2026-02-02T16:43:52.526+0000] {taskinstance.py:430} INFO - ::endgroup::
[2026-02-02T16:43:53.369+0000] {logging_mixin.py:188} INFO - Loading silver data...
[2026-02-02T16:43:53.415+0000] {logging_mixin.py:188} INFO - Building Dimension Tables...
[2026-02-02T16:43:53.416+0000] {logging_mixin.py:188} INFO - Building dim_date...
[2026-02-02T16:43:53.504+0000] {logging_mixin.py:188} INFO - Inserting 26 new rows into dim_date
[2026-02-02T16:43:53.525+0000] {logging_mixin.py:188} INFO - Building dim_product...
[2026-02-02T16:43:53.536+0000] {logging_mixin.py:188} INFO - dim_product is up to date.
[2026-02-02T16:43:53.537+0000] {logging_mixin.py:188} INFO - Building dim_customer...
[2026-02-02T16:43:53.562+0000] {logging_mixin.py:188} INFO - Inserting 8 new rows into dim_customer
[2026-02-02T16:43:53.575+0000] {logging_mixin.py:188} INFO - Building Fact Table...
[2026-02-02T16:43:53.822+0000] {logging_mixin.py:188} INFO - Star schema built successfully!
[2026-02-02T16:43:53.824+0000] {python.py:237} INFO - Done. Returned value was: None
[2026-02-02T16:43:53.825+0000] {taskinstance.py:441} INFO - ::group::Post task execution logs
[2026-02-02T16:43:53.851+0000] {taskinstance.py:1206} INFO - Marking task as SUCCESS. dag_id=star_schema_pipeline, task_id=run_star_schema_population, run_id=manual__2026-02-02T16:43:45.467764+00:00, execution_date=20260202T164345, start_date=20260202T164351, end_date=20260202T164353
[2026-02-02T16:43:53.925+0000] {local_task_job_runner.py:243} INFO - Task exited with return code 0
[2026-02-02T16:43:53.961+0000] {taskinstance.py:3503} INFO - 0 downstream tasks scheduled from follow-on schedule check
[2026-02-02T16:43:53.964+0000] {local_task_job_runner.py:222} INFO - ::endgroup::
