[2026-02-02T20:05:17.349+0000] {local_task_job_runner.py:120} INFO - ::group::Pre task execution logs
[2026-02-02T20:05:17.377+0000] {taskinstance.py:2076} INFO - Dependencies all met for dep_context=non-requeueable deps ti=<TaskInstance: star_schema_pipeline.run_star_schema_population manual__2026-02-02T20:05:14.554348+00:00 [queued]>
[2026-02-02T20:05:17.386+0000] {taskinstance.py:2076} INFO - Dependencies all met for dep_context=requeueable deps ti=<TaskInstance: star_schema_pipeline.run_star_schema_population manual__2026-02-02T20:05:14.554348+00:00 [queued]>
[2026-02-02T20:05:17.386+0000] {taskinstance.py:2306} INFO - Starting attempt 1 of 2
[2026-02-02T20:05:17.399+0000] {taskinstance.py:2330} INFO - Executing <Task(PythonOperator): run_star_schema_population> on 2026-02-02 20:05:14.554348+00:00
[2026-02-02T20:05:17.403+0000] {standard_task_runner.py:64} INFO - Started process 177 to run task
[2026-02-02T20:05:17.406+0000] {standard_task_runner.py:90} INFO - Running: ['airflow', 'tasks', 'run', 'star_schema_pipeline', 'run_star_schema_population', 'manual__2026-02-02T20:05:14.554348+00:00', '--job-id', '679', '--raw', '--subdir', 'DAGS_FOLDER/star_schema_dag.py', '--cfg-path', '/tmp/tmpwoekwctm']
[2026-02-02T20:05:17.408+0000] {standard_task_runner.py:91} INFO - Job 679: Subtask run_star_schema_population
[2026-02-02T20:05:17.483+0000] {task_command.py:426} INFO - Running <TaskInstance: star_schema_pipeline.run_star_schema_population manual__2026-02-02T20:05:14.554348+00:00 [running]> on host 2c182be8ca88
[2026-02-02T20:05:17.576+0000] {taskinstance.py:2648} INFO - Exporting env vars: AIRFLOW_CTX_DAG_OWNER='admin' AIRFLOW_CTX_DAG_ID='star_schema_pipeline' AIRFLOW_CTX_TASK_ID='run_star_schema_population' AIRFLOW_CTX_EXECUTION_DATE='2026-02-02T20:05:14.554348+00:00' AIRFLOW_CTX_TRY_NUMBER='1' AIRFLOW_CTX_DAG_RUN_ID='manual__2026-02-02T20:05:14.554348+00:00'
[2026-02-02T20:05:17.577+0000] {taskinstance.py:430} INFO - ::endgroup::
[2026-02-02T20:05:17.938+0000] {logging_mixin.py:188} INFO - Loading silver data...
[2026-02-02T20:05:17.966+0000] {logging_mixin.py:188} INFO - Building Dimension Tables...
[2026-02-02T20:05:17.967+0000] {logging_mixin.py:188} INFO - Building dim_date...
[2026-02-02T20:05:17.975+0000] {logging_mixin.py:188} INFO - dim_date is up to date.
[2026-02-02T20:05:17.976+0000] {logging_mixin.py:188} INFO - Building dim_product...
[2026-02-02T20:05:17.980+0000] {logging_mixin.py:188} INFO - dim_product is up to date.
[2026-02-02T20:05:17.981+0000] {logging_mixin.py:188} INFO - Building dim_customer...
[2026-02-02T20:05:17.988+0000] {logging_mixin.py:188} INFO - dim_customer is up to date.
[2026-02-02T20:05:17.988+0000] {logging_mixin.py:188} INFO - Building Fact Table...
[2026-02-02T20:05:17.993+0000] {logging_mixin.py:188} INFO - Warning: dim_product is empty, fact merge will result in NaN keys
[2026-02-02T20:05:17.997+0000] {logging_mixin.py:188} INFO - Warning: dim_customer is empty, fact merge will result in NaN keys
[2026-02-02T20:05:18.041+0000] {logging_mixin.py:188} INFO - Star schema built successfully!
[2026-02-02T20:05:18.043+0000] {python.py:237} INFO - Done. Returned value was: None
[2026-02-02T20:05:18.043+0000] {taskinstance.py:441} INFO - ::group::Post task execution logs
[2026-02-02T20:05:18.058+0000] {taskinstance.py:1206} INFO - Marking task as SUCCESS. dag_id=star_schema_pipeline, task_id=run_star_schema_population, run_id=manual__2026-02-02T20:05:14.554348+00:00, execution_date=20260202T200514, start_date=20260202T200517, end_date=20260202T200518
[2026-02-02T20:05:18.102+0000] {local_task_job_runner.py:243} INFO - Task exited with return code 0
[2026-02-02T20:05:18.121+0000] {taskinstance.py:3503} INFO - 0 downstream tasks scheduled from follow-on schedule check
[2026-02-02T20:05:18.124+0000] {local_task_job_runner.py:222} INFO - ::endgroup::
