[2026-02-02T18:55:06.270+0000] {local_task_job_runner.py:120} INFO - ::group::Pre task execution logs
[2026-02-02T18:55:06.348+0000] {taskinstance.py:2076} INFO - Dependencies all met for dep_context=non-requeueable deps ti=<TaskInstance: sales_ingestion_pipeline.run_sales_ingestion scheduled__2026-02-02T18:50:00+00:00 [queued]>
[2026-02-02T18:55:06.367+0000] {taskinstance.py:2076} INFO - Dependencies all met for dep_context=requeueable deps ti=<TaskInstance: sales_ingestion_pipeline.run_sales_ingestion scheduled__2026-02-02T18:50:00+00:00 [queued]>
[2026-02-02T18:55:06.368+0000] {taskinstance.py:2306} INFO - Starting attempt 1 of 2
[2026-02-02T18:55:06.405+0000] {taskinstance.py:2330} INFO - Executing <Task(PythonOperator): run_sales_ingestion> on 2026-02-02 18:50:00+00:00
[2026-02-02T18:55:06.420+0000] {standard_task_runner.py:90} INFO - Running: ['airflow', 'tasks', 'run', 'sales_ingestion_pipeline', 'run_sales_ingestion', 'scheduled__2026-02-02T18:50:00+00:00', '--job-id', '577', '--raw', '--subdir', 'DAGS_FOLDER/ingest_sales_dag.py', '--cfg-path', '/tmp/tmpdxsu9lxy']
[2026-02-02T18:55:06.427+0000] {logging_mixin.py:188} WARNING - /home/airflow/.local/lib/python3.12/site-packages/airflow/task/task_runner/standard_task_runner.py:62 DeprecationWarning: This process (pid=115) is multi-threaded, use of fork() may lead to deadlocks in the child.
[2026-02-02T18:55:06.428+0000] {standard_task_runner.py:91} INFO - Job 577: Subtask run_sales_ingestion
[2026-02-02T18:55:06.428+0000] {standard_task_runner.py:64} INFO - Started process 124 to run task
[2026-02-02T18:55:06.561+0000] {task_command.py:426} INFO - Running <TaskInstance: sales_ingestion_pipeline.run_sales_ingestion scheduled__2026-02-02T18:50:00+00:00 [running]> on host 82ba14aed132
[2026-02-02T18:55:06.882+0000] {taskinstance.py:2648} INFO - Exporting env vars: AIRFLOW_CTX_DAG_OWNER='you' AIRFLOW_CTX_DAG_ID='sales_ingestion_pipeline' AIRFLOW_CTX_TASK_ID='run_sales_ingestion' AIRFLOW_CTX_EXECUTION_DATE='2026-02-02T18:50:00+00:00' AIRFLOW_CTX_TRY_NUMBER='1' AIRFLOW_CTX_DAG_RUN_ID='scheduled__2026-02-02T18:50:00+00:00'
[2026-02-02T18:55:06.886+0000] {taskinstance.py:430} INFO - ::endgroup::
[2026-02-02T18:55:06.925+0000] {ingest_sales.py:25} INFO - Starting automated incremental ingestion pipeline
[2026-02-02T18:55:06.963+0000] {logging_mixin.py:188} INFO - Extracted 1000 rows from Sales_Dataset.csv
[2026-02-02T18:55:07.014+0000] {ingest_sales.py:32} INFO - Current max order_id in DB: -1
[2026-02-02T18:55:07.019+0000] {ingest_sales.py:42} INFO - Found 100 new rows (OrderID 0 to 99)
[2026-02-02T18:55:07.021+0000] {load_raw.py:18} INFO - Starting load of 100 new rows
[2026-02-02T18:55:07.120+0000] {load_raw.py:42} INFO - Load completed successfully!
[2026-02-02T18:55:07.123+0000] {ingest_sales.py:48} INFO - Pipeline completed! New max order_id: 99
[2026-02-02T18:55:07.124+0000] {python.py:237} INFO - Done. Returned value was: None
[2026-02-02T18:55:07.126+0000] {taskinstance.py:441} INFO - ::group::Post task execution logs
[2026-02-02T18:55:07.166+0000] {taskinstance.py:1206} INFO - Marking task as SUCCESS. dag_id=sales_ingestion_pipeline, task_id=run_sales_ingestion, run_id=scheduled__2026-02-02T18:50:00+00:00, execution_date=20260202T185000, start_date=20260202T185506, end_date=20260202T185507
[2026-02-02T18:55:07.208+0000] {local_task_job_runner.py:243} INFO - Task exited with return code 0
[2026-02-02T18:55:07.273+0000] {taskinstance.py:3503} INFO - 1 downstream tasks scheduled from follow-on schedule check
[2026-02-02T18:55:07.278+0000] {local_task_job_runner.py:222} INFO - ::endgroup::
