[2026-02-02T20:43:00.776+0000] {local_task_job_runner.py:120} INFO - ::group::Pre task execution logs
[2026-02-02T20:43:00.860+0000] {taskinstance.py:2076} INFO - Dependencies all met for dep_context=non-requeueable deps ti=<TaskInstance: sales_ingestion_pipeline.run_sales_ingestion manual__2026-02-02T20:42:54.595963+00:00 [queued]>
[2026-02-02T20:43:00.881+0000] {taskinstance.py:2076} INFO - Dependencies all met for dep_context=requeueable deps ti=<TaskInstance: sales_ingestion_pipeline.run_sales_ingestion manual__2026-02-02T20:42:54.595963+00:00 [queued]>
[2026-02-02T20:43:00.883+0000] {taskinstance.py:2306} INFO - Starting attempt 1 of 2
[2026-02-02T20:43:00.953+0000] {taskinstance.py:2330} INFO - Executing <Task(PythonOperator): run_sales_ingestion> on 2026-02-02 20:42:54.595963+00:00
[2026-02-02T20:43:00.986+0000] {logging_mixin.py:188} WARNING - /home/airflow/.local/lib/python3.12/site-packages/airflow/task/task_runner/standard_task_runner.py:62 DeprecationWarning: This process (pid=113) is multi-threaded, use of fork() may lead to deadlocks in the child.
[2026-02-02T20:43:00.979+0000] {standard_task_runner.py:90} INFO - Running: ['airflow', 'tasks', 'run', 'sales_ingestion_pipeline', 'run_sales_ingestion', 'manual__2026-02-02T20:42:54.595963+00:00', '--job-id', '718', '--raw', '--subdir', 'DAGS_FOLDER/ingest_sales_dag.py', '--cfg-path', '/tmp/tmpsskx5ih9']
[2026-02-02T20:43:00.989+0000] {standard_task_runner.py:64} INFO - Started process 122 to run task
[2026-02-02T20:43:00.989+0000] {standard_task_runner.py:91} INFO - Job 718: Subtask run_sales_ingestion
[2026-02-02T20:43:01.172+0000] {task_command.py:426} INFO - Running <TaskInstance: sales_ingestion_pipeline.run_sales_ingestion manual__2026-02-02T20:42:54.595963+00:00 [running]> on host 2c9ae904234b
[2026-02-02T20:43:01.499+0000] {taskinstance.py:2648} INFO - Exporting env vars: AIRFLOW_CTX_DAG_OWNER='you' AIRFLOW_CTX_DAG_ID='sales_ingestion_pipeline' AIRFLOW_CTX_TASK_ID='run_sales_ingestion' AIRFLOW_CTX_EXECUTION_DATE='2026-02-02T20:42:54.595963+00:00' AIRFLOW_CTX_TRY_NUMBER='1' AIRFLOW_CTX_DAG_RUN_ID='manual__2026-02-02T20:42:54.595963+00:00'
[2026-02-02T20:43:01.502+0000] {taskinstance.py:430} INFO - ::endgroup::
[2026-02-02T20:43:01.526+0000] {ingest_sales.py:33} INFO - Starting automated incremental ingestion pipeline
[2026-02-02T20:43:01.553+0000] {logging_mixin.py:188} INFO - Extracted 1000 rows from Sales_Dataset.csv
[2026-02-02T20:43:01.582+0000] {ingest_sales.py:40} INFO - Current max order_id in DB: 999
[2026-02-02T20:43:01.586+0000] {ingest_sales.py:47} INFO - No new rows to load — pipeline complete!
[2026-02-02T20:43:01.587+0000] {python.py:237} INFO - Done. Returned value was: None
[2026-02-02T20:43:01.590+0000] {taskinstance.py:441} INFO - ::group::Post task execution logs
[2026-02-02T20:43:01.614+0000] {taskinstance.py:1206} INFO - Marking task as SUCCESS. dag_id=sales_ingestion_pipeline, task_id=run_sales_ingestion, run_id=manual__2026-02-02T20:42:54.595963+00:00, execution_date=20260202T204254, start_date=20260202T204300, end_date=20260202T204301
[2026-02-02T20:43:01.698+0000] {local_task_job_runner.py:243} INFO - Task exited with return code 0
[2026-02-02T20:43:01.736+0000] {taskinstance.py:3503} INFO - 1 downstream tasks scheduled from follow-on schedule check
[2026-02-02T20:43:01.741+0000] {local_task_job_runner.py:222} INFO - ::endgroup::
