[2026-02-02T20:15:16.979+0000] {local_task_job_runner.py:120} INFO - ::group::Pre task execution logs
[2026-02-02T20:15:17.006+0000] {taskinstance.py:2076} INFO - Dependencies all met for dep_context=non-requeueable deps ti=<TaskInstance: star_schema_pipeline.run_star_schema_population manual__2026-02-02T20:15:14.204435+00:00 [queued]>
[2026-02-02T20:15:17.013+0000] {taskinstance.py:2076} INFO - Dependencies all met for dep_context=requeueable deps ti=<TaskInstance: star_schema_pipeline.run_star_schema_population manual__2026-02-02T20:15:14.204435+00:00 [queued]>
[2026-02-02T20:15:17.013+0000] {taskinstance.py:2306} INFO - Starting attempt 1 of 2
[2026-02-02T20:15:17.026+0000] {taskinstance.py:2330} INFO - Executing <Task(PythonOperator): run_star_schema_population> on 2026-02-02 20:15:14.204435+00:00
[2026-02-02T20:15:17.030+0000] {standard_task_runner.py:64} INFO - Started process 357 to run task
[2026-02-02T20:15:17.032+0000] {standard_task_runner.py:90} INFO - Running: ['airflow', 'tasks', 'run', 'star_schema_pipeline', 'run_star_schema_population', 'manual__2026-02-02T20:15:14.204435+00:00', '--job-id', '689', '--raw', '--subdir', 'DAGS_FOLDER/star_schema_dag.py', '--cfg-path', '/tmp/tmp1vil3pu8']
[2026-02-02T20:15:17.034+0000] {standard_task_runner.py:91} INFO - Job 689: Subtask run_star_schema_population
[2026-02-02T20:15:17.112+0000] {task_command.py:426} INFO - Running <TaskInstance: star_schema_pipeline.run_star_schema_population manual__2026-02-02T20:15:14.204435+00:00 [running]> on host 2c182be8ca88
[2026-02-02T20:15:17.207+0000] {taskinstance.py:2648} INFO - Exporting env vars: AIRFLOW_CTX_DAG_OWNER='admin' AIRFLOW_CTX_DAG_ID='star_schema_pipeline' AIRFLOW_CTX_TASK_ID='run_star_schema_population' AIRFLOW_CTX_EXECUTION_DATE='2026-02-02T20:15:14.204435+00:00' AIRFLOW_CTX_TRY_NUMBER='1' AIRFLOW_CTX_DAG_RUN_ID='manual__2026-02-02T20:15:14.204435+00:00'
[2026-02-02T20:15:17.208+0000] {taskinstance.py:430} INFO - ::endgroup::
[2026-02-02T20:15:17.569+0000] {logging_mixin.py:188} INFO - Loading silver data...
[2026-02-02T20:15:17.598+0000] {logging_mixin.py:188} INFO - Building Dimension Tables...
[2026-02-02T20:15:17.599+0000] {logging_mixin.py:188} INFO - Building dim_date...
[2026-02-02T20:15:17.607+0000] {logging_mixin.py:188} INFO - dim_date is up to date.
[2026-02-02T20:15:17.608+0000] {logging_mixin.py:188} INFO - Building dim_product...
[2026-02-02T20:15:17.612+0000] {logging_mixin.py:188} INFO - dim_product is up to date.
[2026-02-02T20:15:17.613+0000] {logging_mixin.py:188} INFO - Building dim_customer...
[2026-02-02T20:15:17.620+0000] {logging_mixin.py:188} INFO - dim_customer is up to date.
[2026-02-02T20:15:17.621+0000] {logging_mixin.py:188} INFO - Building Fact Table...
[2026-02-02T20:15:17.626+0000] {logging_mixin.py:188} INFO - Warning: dim_product is empty, fact merge will result in NaN keys
[2026-02-02T20:15:17.630+0000] {logging_mixin.py:188} INFO - Warning: dim_customer is empty, fact merge will result in NaN keys
[2026-02-02T20:15:17.705+0000] {logging_mixin.py:188} INFO - Star schema built successfully!
[2026-02-02T20:15:17.706+0000] {python.py:237} INFO - Done. Returned value was: None
[2026-02-02T20:15:17.706+0000] {taskinstance.py:441} INFO - ::group::Post task execution logs
[2026-02-02T20:15:17.718+0000] {taskinstance.py:1206} INFO - Marking task as SUCCESS. dag_id=star_schema_pipeline, task_id=run_star_schema_population, run_id=manual__2026-02-02T20:15:14.204435+00:00, execution_date=20260202T201514, start_date=20260202T201517, end_date=20260202T201517
[2026-02-02T20:15:17.768+0000] {local_task_job_runner.py:243} INFO - Task exited with return code 0
[2026-02-02T20:15:17.789+0000] {taskinstance.py:3503} INFO - 0 downstream tasks scheduled from follow-on schedule check
[2026-02-02T20:15:17.792+0000] {local_task_job_runner.py:222} INFO - ::endgroup::
