[2026-02-02T20:05:03.561+0000] {local_task_job_runner.py:120} INFO - ::group::Pre task execution logs
[2026-02-02T20:05:03.587+0000] {taskinstance.py:2076} INFO - Dependencies all met for dep_context=non-requeueable deps ti=<TaskInstance: sales_ingestion_pipeline.run_sales_ingestion scheduled__2026-02-02T20:00:00+00:00 [queued]>
[2026-02-02T20:05:03.594+0000] {taskinstance.py:2076} INFO - Dependencies all met for dep_context=requeueable deps ti=<TaskInstance: sales_ingestion_pipeline.run_sales_ingestion scheduled__2026-02-02T20:00:00+00:00 [queued]>
[2026-02-02T20:05:03.595+0000] {taskinstance.py:2306} INFO - Starting attempt 1 of 2
[2026-02-02T20:05:03.605+0000] {taskinstance.py:2330} INFO - Executing <Task(PythonOperator): run_sales_ingestion> on 2026-02-02 20:00:00+00:00
[2026-02-02T20:05:03.612+0000] {standard_task_runner.py:90} INFO - Running: ['airflow', 'tasks', 'run', 'sales_ingestion_pipeline', 'run_sales_ingestion', 'scheduled__2026-02-02T20:00:00+00:00', '--job-id', '675', '--raw', '--subdir', 'DAGS_FOLDER/ingest_sales_dag.py', '--cfg-path', '/tmp/tmpykshe_9o']
[2026-02-02T20:05:03.614+0000] {standard_task_runner.py:91} INFO - Job 675: Subtask run_sales_ingestion
[2026-02-02T20:05:03.615+0000] {logging_mixin.py:188} WARNING - /home/airflow/.local/lib/python3.12/site-packages/airflow/task/task_runner/standard_task_runner.py:62 DeprecationWarning: This process (pid=129) is multi-threaded, use of fork() may lead to deadlocks in the child.
[2026-02-02T20:05:03.617+0000] {standard_task_runner.py:64} INFO - Started process 138 to run task
[2026-02-02T20:05:03.694+0000] {task_command.py:426} INFO - Running <TaskInstance: sales_ingestion_pipeline.run_sales_ingestion scheduled__2026-02-02T20:00:00+00:00 [running]> on host 2c182be8ca88
[2026-02-02T20:05:03.794+0000] {taskinstance.py:2648} INFO - Exporting env vars: AIRFLOW_CTX_DAG_OWNER='you' AIRFLOW_CTX_DAG_ID='sales_ingestion_pipeline' AIRFLOW_CTX_TASK_ID='run_sales_ingestion' AIRFLOW_CTX_EXECUTION_DATE='2026-02-02T20:00:00+00:00' AIRFLOW_CTX_TRY_NUMBER='1' AIRFLOW_CTX_DAG_RUN_ID='scheduled__2026-02-02T20:00:00+00:00'
[2026-02-02T20:05:03.795+0000] {taskinstance.py:430} INFO - ::endgroup::
[2026-02-02T20:05:03.804+0000] {ingest_sales.py:33} INFO - Starting automated incremental ingestion pipeline
[2026-02-02T20:05:03.817+0000] {logging_mixin.py:188} INFO - Extracted 1000 rows from Sales_Dataset.csv
[2026-02-02T20:05:03.834+0000] {ingest_sales.py:40} INFO - Current max order_id in DB: 199
[2026-02-02T20:05:03.836+0000] {ingest_sales.py:50} INFO - Found 100 new rows (OrderID 200 to 299)
[2026-02-02T20:05:03.837+0000] {load_raw.py:26} INFO - Starting load of 100 new rows
[2026-02-02T20:05:03.864+0000] {load_raw.py:50} INFO - Load completed successfully!
[2026-02-02T20:05:03.865+0000] {ingest_sales.py:56} INFO - Pipeline completed! New max order_id: 299
[2026-02-02T20:05:03.865+0000] {python.py:237} INFO - Done. Returned value was: None
[2026-02-02T20:05:03.866+0000] {taskinstance.py:441} INFO - ::group::Post task execution logs
[2026-02-02T20:05:03.879+0000] {taskinstance.py:1206} INFO - Marking task as SUCCESS. dag_id=sales_ingestion_pipeline, task_id=run_sales_ingestion, run_id=scheduled__2026-02-02T20:00:00+00:00, execution_date=20260202T200000, start_date=20260202T200503, end_date=20260202T200503
[2026-02-02T20:05:03.913+0000] {local_task_job_runner.py:243} INFO - Task exited with return code 0
[2026-02-02T20:05:03.933+0000] {taskinstance.py:3503} INFO - 1 downstream tasks scheduled from follow-on schedule check
[2026-02-02T20:05:03.936+0000] {local_task_job_runner.py:222} INFO - ::endgroup::
