[2026-02-04T13:47:51.486+0000] {local_task_job_runner.py:120} INFO - ::group::Pre task execution logs
[2026-02-04T13:47:51.538+0000] {taskinstance.py:2076} INFO - Dependencies all met for dep_context=non-requeueable deps ti=<TaskInstance: sales_silver_cleaning_pipeline.run_silver_cleaning manual__2026-02-04T13:47:35.947174+00:00 [queued]>
[2026-02-04T13:47:51.549+0000] {taskinstance.py:2076} INFO - Dependencies all met for dep_context=requeueable deps ti=<TaskInstance: sales_silver_cleaning_pipeline.run_silver_cleaning manual__2026-02-04T13:47:35.947174+00:00 [queued]>
[2026-02-04T13:47:51.550+0000] {taskinstance.py:2306} INFO - Starting attempt 1 of 2
[2026-02-04T13:47:51.609+0000] {taskinstance.py:2330} INFO - Executing <Task(PythonOperator): run_silver_cleaning> on 2026-02-04 13:47:35.947174+00:00
[2026-02-04T13:47:51.616+0000] {standard_task_runner.py:64} INFO - Started process 372 to run task
[2026-02-04T13:47:51.620+0000] {standard_task_runner.py:90} INFO - Running: ['airflow', 'tasks', 'run', 'sales_silver_cleaning_pipeline', 'run_silver_cleaning', 'manual__2026-02-04T13:47:35.947174+00:00', '--job-id', '795', '--raw', '--subdir', 'DAGS_FOLDER/clean_sales_dag.py', '--cfg-path', '/tmp/tmpvj168jea']
[2026-02-04T13:47:51.623+0000] {standard_task_runner.py:91} INFO - Job 795: Subtask run_silver_cleaning
[2026-02-04T13:47:51.729+0000] {task_command.py:426} INFO - Running <TaskInstance: sales_silver_cleaning_pipeline.run_silver_cleaning manual__2026-02-04T13:47:35.947174+00:00 [running]> on host 4ca13672f40d
[2026-02-04T13:47:51.925+0000] {taskinstance.py:2648} INFO - Exporting env vars: AIRFLOW_CTX_DAG_OWNER='admin' AIRFLOW_CTX_DAG_ID='sales_silver_cleaning_pipeline' AIRFLOW_CTX_TASK_ID='run_silver_cleaning' AIRFLOW_CTX_EXECUTION_DATE='2026-02-04T13:47:35.947174+00:00' AIRFLOW_CTX_TRY_NUMBER='1' AIRFLOW_CTX_DAG_RUN_ID='manual__2026-02-04T13:47:35.947174+00:00'
[2026-02-04T13:47:51.928+0000] {taskinstance.py:430} INFO - ::endgroup::
[2026-02-04T13:47:51.949+0000] {clean_sales_dag.py:15} INFO - Current sys.path: ['/home/airflow/.local/bin', '/opt/airflow', '/usr/local/lib/python312.zip', '/usr/local/lib/python3.12', '/usr/local/lib/python3.12/lib-dynload', '/home/airflow/.local/lib/python3.12/site-packages', '/opt/airflow/dags', '/opt/airflow/config', '/opt/airflow/plugins']
[2026-02-04T13:47:51.950+0000] {clean_sales_dag.py:17} INFO - Contents of /opt/airflow: ['dags', 'logs', 'data_warehouse', 'source', 'scripts', 'airflow.cfg', 'data_transform']
[2026-02-04T13:47:51.953+0000] {clean_sales_dag.py:18} INFO - Contents of /opt/airflow/data_transform: ['clean_ingestion.py', 'clean_sales.py', 'load_clean_data.py', 'notebooks', 'raw_data_fetcher.py', '__init__.py', '__pycache__']
[2026-02-04T13:47:52.632+0000] {clean_ingestion.py:5} INFO - Starting Silver Layer incremental pipeline...
[2026-02-04T13:47:52.715+0000] {clean_ingestion.py:12} INFO - Successfully processed and loaded 100 new records.
[2026-02-04T13:47:52.716+0000] {python.py:237} INFO - Done. Returned value was: None
[2026-02-04T13:47:52.717+0000] {taskinstance.py:441} INFO - ::group::Post task execution logs
[2026-02-04T13:47:52.740+0000] {taskinstance.py:1206} INFO - Marking task as SUCCESS. dag_id=sales_silver_cleaning_pipeline, task_id=run_silver_cleaning, run_id=manual__2026-02-04T13:47:35.947174+00:00, execution_date=20260204T134735, start_date=20260204T134751, end_date=20260204T134752
[2026-02-04T13:47:52.799+0000] {local_task_job_runner.py:243} INFO - Task exited with return code 0
[2026-02-04T13:47:52.851+0000] {taskinstance.py:3503} INFO - 1 downstream tasks scheduled from follow-on schedule check
[2026-02-04T13:47:52.855+0000] {local_task_job_runner.py:222} INFO - ::endgroup::
