[2026-02-02T18:56:04.598+0000] {local_task_job_runner.py:120} INFO - ::group::Pre task execution logs
[2026-02-02T18:56:04.691+0000] {taskinstance.py:2076} INFO - Dependencies all met for dep_context=non-requeueable deps ti=<TaskInstance: star_schema_pipeline.run_star_schema_population manual__2026-02-02T18:55:57.932711+00:00 [queued]>
[2026-02-02T18:56:04.712+0000] {taskinstance.py:2076} INFO - Dependencies all met for dep_context=requeueable deps ti=<TaskInstance: star_schema_pipeline.run_star_schema_population manual__2026-02-02T18:55:57.932711+00:00 [queued]>
[2026-02-02T18:56:04.713+0000] {taskinstance.py:2306} INFO - Starting attempt 1 of 2
[2026-02-02T18:56:04.818+0000] {taskinstance.py:2330} INFO - Executing <Task(PythonOperator): run_star_schema_population> on 2026-02-02 18:55:57.932711+00:00
[2026-02-02T18:56:04.829+0000] {standard_task_runner.py:64} INFO - Started process 209 to run task
[2026-02-02T18:56:04.841+0000] {standard_task_runner.py:90} INFO - Running: ['airflow', 'tasks', 'run', 'star_schema_pipeline', 'run_star_schema_population', 'manual__2026-02-02T18:55:57.932711+00:00', '--job-id', '585', '--raw', '--subdir', 'DAGS_FOLDER/star_schema_dag.py', '--cfg-path', '/tmp/tmpq58kpnnw']
[2026-02-02T18:56:04.847+0000] {standard_task_runner.py:91} INFO - Job 585: Subtask run_star_schema_population
[2026-02-02T18:56:05.047+0000] {task_command.py:426} INFO - Running <TaskInstance: star_schema_pipeline.run_star_schema_population manual__2026-02-02T18:55:57.932711+00:00 [running]> on host 82ba14aed132
[2026-02-02T18:56:05.308+0000] {taskinstance.py:2648} INFO - Exporting env vars: AIRFLOW_CTX_DAG_OWNER='admin' AIRFLOW_CTX_DAG_ID='star_schema_pipeline' AIRFLOW_CTX_TASK_ID='run_star_schema_population' AIRFLOW_CTX_EXECUTION_DATE='2026-02-02T18:55:57.932711+00:00' AIRFLOW_CTX_TRY_NUMBER='1' AIRFLOW_CTX_DAG_RUN_ID='manual__2026-02-02T18:55:57.932711+00:00'
[2026-02-02T18:56:05.310+0000] {taskinstance.py:430} INFO - ::endgroup::
[2026-02-02T18:56:06.252+0000] {logging_mixin.py:188} INFO - Loading silver data...
[2026-02-02T18:56:06.304+0000] {logging_mixin.py:188} INFO - Building Dimension Tables...
[2026-02-02T18:56:06.305+0000] {logging_mixin.py:188} INFO - Building dim_date...
[2026-02-02T18:56:06.346+0000] {logging_mixin.py:188} INFO - Inserting 84 new rows into dim_date
[2026-02-02T18:56:06.375+0000] {logging_mixin.py:188} INFO - Building dim_product...
[2026-02-02T18:56:06.387+0000] {logging_mixin.py:188} INFO - Inserting 3 new rows into dim_product
[2026-02-02T18:56:06.397+0000] {logging_mixin.py:188} INFO - Building dim_customer...
[2026-02-02T18:56:06.411+0000] {logging_mixin.py:188} INFO - Inserting 75 new rows into dim_customer
[2026-02-02T18:56:06.446+0000] {logging_mixin.py:188} INFO - Building Fact Table...
[2026-02-02T18:56:06.522+0000] {logging_mixin.py:188} INFO - Star schema built successfully!
[2026-02-02T18:56:06.523+0000] {python.py:237} INFO - Done. Returned value was: None
[2026-02-02T18:56:06.524+0000] {taskinstance.py:441} INFO - ::group::Post task execution logs
[2026-02-02T18:56:06.549+0000] {taskinstance.py:1206} INFO - Marking task as SUCCESS. dag_id=star_schema_pipeline, task_id=run_star_schema_population, run_id=manual__2026-02-02T18:55:57.932711+00:00, execution_date=20260202T185557, start_date=20260202T185604, end_date=20260202T185606
[2026-02-02T18:56:06.634+0000] {local_task_job_runner.py:243} INFO - Task exited with return code 0
[2026-02-02T18:56:06.708+0000] {taskinstance.py:3503} INFO - 0 downstream tasks scheduled from follow-on schedule check
[2026-02-02T18:56:06.711+0000] {local_task_job_runner.py:222} INFO - ::endgroup::
