[2026-02-04T13:18:46.655+0000] {local_task_job_runner.py:120} INFO - ::group::Pre task execution logs
[2026-02-04T13:18:46.711+0000] {taskinstance.py:2076} INFO - Dependencies all met for dep_context=non-requeueable deps ti=<TaskInstance: sales_ingestion_pipeline.run_sales_ingestion scheduled__2026-02-04T13:10:00+00:00 [queued]>
[2026-02-04T13:18:46.728+0000] {taskinstance.py:2076} INFO - Dependencies all met for dep_context=requeueable deps ti=<TaskInstance: sales_ingestion_pipeline.run_sales_ingestion scheduled__2026-02-04T13:10:00+00:00 [queued]>
[2026-02-04T13:18:46.730+0000] {taskinstance.py:2306} INFO - Starting attempt 1 of 2
[2026-02-04T13:18:46.799+0000] {taskinstance.py:2330} INFO - Executing <Task(PythonOperator): run_sales_ingestion> on 2026-02-04 13:10:00+00:00
[2026-02-04T13:18:46.822+0000] {standard_task_runner.py:90} INFO - Running: ['airflow', 'tasks', 'run', 'sales_ingestion_pipeline', 'run_sales_ingestion', 'scheduled__2026-02-04T13:10:00+00:00', '--job-id', '771', '--raw', '--subdir', 'DAGS_FOLDER/ingest_sales_dag.py', '--cfg-path', '/tmp/tmpo_u6jm6y']
[2026-02-04T13:18:46.830+0000] {standard_task_runner.py:91} INFO - Job 771: Subtask run_sales_ingestion
[2026-02-04T13:18:46.834+0000] {logging_mixin.py:188} WARNING - /home/airflow/.local/lib/python3.12/site-packages/airflow/task/task_runner/standard_task_runner.py:62 DeprecationWarning: This process (pid=39) is multi-threaded, use of fork() may lead to deadlocks in the child.
[2026-02-04T13:18:46.836+0000] {standard_task_runner.py:64} INFO - Started process 48 to run task
[2026-02-04T13:18:47.002+0000] {task_command.py:426} INFO - Running <TaskInstance: sales_ingestion_pipeline.run_sales_ingestion scheduled__2026-02-04T13:10:00+00:00 [running]> on host 4ca13672f40d
[2026-02-04T13:18:47.285+0000] {taskinstance.py:2648} INFO - Exporting env vars: AIRFLOW_CTX_DAG_OWNER='you' AIRFLOW_CTX_DAG_ID='sales_ingestion_pipeline' AIRFLOW_CTX_TASK_ID='run_sales_ingestion' AIRFLOW_CTX_EXECUTION_DATE='2026-02-04T13:10:00+00:00' AIRFLOW_CTX_TRY_NUMBER='1' AIRFLOW_CTX_DAG_RUN_ID='scheduled__2026-02-04T13:10:00+00:00'
[2026-02-04T13:18:47.288+0000] {taskinstance.py:430} INFO - ::endgroup::
[2026-02-04T13:18:47.309+0000] {ingest_sales.py:33} INFO - Starting automated incremental ingestion pipeline
[2026-02-04T13:18:47.338+0000] {logging_mixin.py:188} INFO - Extracted 1000 rows from Sales_Dataset.csv
[2026-02-04T13:18:47.386+0000] {ingest_sales.py:40} INFO - Current max order_id in DB: 99
[2026-02-04T13:18:47.392+0000] {ingest_sales.py:50} INFO - Found 100 new rows (OrderID 100 to 199)
[2026-02-04T13:18:47.393+0000] {load_raw.py:26} INFO - Starting load of 100 new rows
[2026-02-04T13:18:47.478+0000] {load_raw.py:50} INFO - Load completed successfully!
[2026-02-04T13:18:47.480+0000] {ingest_sales.py:56} INFO - Pipeline completed! New max order_id: 199
[2026-02-04T13:18:47.481+0000] {python.py:237} INFO - Done. Returned value was: None
[2026-02-04T13:18:47.482+0000] {taskinstance.py:441} INFO - ::group::Post task execution logs
[2026-02-04T13:18:47.513+0000] {taskinstance.py:1206} INFO - Marking task as SUCCESS. dag_id=sales_ingestion_pipeline, task_id=run_sales_ingestion, run_id=scheduled__2026-02-04T13:10:00+00:00, execution_date=20260204T131000, start_date=20260204T131846, end_date=20260204T131847
[2026-02-04T13:18:47.578+0000] {local_task_job_runner.py:243} INFO - Task exited with return code 0
[2026-02-04T13:18:47.674+0000] {taskinstance.py:3503} INFO - 1 downstream tasks scheduled from follow-on schedule check
[2026-02-04T13:18:47.684+0000] {local_task_job_runner.py:222} INFO - ::endgroup::
