[2026-02-04T13:57:44.445+0000] {local_task_job_runner.py:120} INFO - ::group::Pre task execution logs
[2026-02-04T13:57:44.487+0000] {taskinstance.py:2076} INFO - Dependencies all met for dep_context=non-requeueable deps ti=<TaskInstance: star_schema_pipeline.run_star_schema_population manual__2026-02-04T13:57:31.951110+00:00 [queued]>
[2026-02-04T13:57:44.497+0000] {taskinstance.py:2076} INFO - Dependencies all met for dep_context=requeueable deps ti=<TaskInstance: star_schema_pipeline.run_star_schema_population manual__2026-02-04T13:57:31.951110+00:00 [queued]>
[2026-02-04T13:57:44.497+0000] {taskinstance.py:2306} INFO - Starting attempt 1 of 2
[2026-02-04T13:57:44.515+0000] {taskinstance.py:2330} INFO - Executing <Task(PythonOperator): run_star_schema_population> on 2026-02-04 13:57:31.951110+00:00
[2026-02-04T13:57:44.526+0000] {standard_task_runner.py:64} INFO - Started process 705 to run task
[2026-02-04T13:57:44.532+0000] {standard_task_runner.py:90} INFO - Running: ['airflow', 'tasks', 'run', 'star_schema_pipeline', 'run_star_schema_population', 'manual__2026-02-04T13:57:31.951110+00:00', '--job-id', '821', '--raw', '--subdir', 'DAGS_FOLDER/star_schema_dag.py', '--cfg-path', '/tmp/tmpyol30a1p']
[2026-02-04T13:57:44.534+0000] {standard_task_runner.py:91} INFO - Job 821: Subtask run_star_schema_population
[2026-02-04T13:57:44.656+0000] {task_command.py:426} INFO - Running <TaskInstance: star_schema_pipeline.run_star_schema_population manual__2026-02-04T13:57:31.951110+00:00 [running]> on host 4ca13672f40d
[2026-02-04T13:57:44.937+0000] {taskinstance.py:2648} INFO - Exporting env vars: AIRFLOW_CTX_DAG_OWNER='admin' AIRFLOW_CTX_DAG_ID='star_schema_pipeline' AIRFLOW_CTX_TASK_ID='run_star_schema_population' AIRFLOW_CTX_EXECUTION_DATE='2026-02-04T13:57:31.951110+00:00' AIRFLOW_CTX_TRY_NUMBER='1' AIRFLOW_CTX_DAG_RUN_ID='manual__2026-02-04T13:57:31.951110+00:00'
[2026-02-04T13:57:44.939+0000] {taskinstance.py:430} INFO - ::endgroup::
[2026-02-04T13:57:45.718+0000] {logging_mixin.py:188} INFO - Loading silver data after 2026-02-04 13:50:52.935235...
[2026-02-04T13:57:45.757+0000] {logging_mixin.py:188} INFO - Extracted 0 new rows from silver layer.
[2026-02-04T13:57:45.758+0000] {logging_mixin.py:188} INFO - No new data to process.
[2026-02-04T13:57:45.760+0000] {python.py:237} INFO - Done. Returned value was: None
[2026-02-04T13:57:45.764+0000] {taskinstance.py:441} INFO - ::group::Post task execution logs
[2026-02-04T13:57:45.786+0000] {taskinstance.py:1206} INFO - Marking task as SUCCESS. dag_id=star_schema_pipeline, task_id=run_star_schema_population, run_id=manual__2026-02-04T13:57:31.951110+00:00, execution_date=20260204T135731, start_date=20260204T135744, end_date=20260204T135745
[2026-02-04T13:57:45.874+0000] {local_task_job_runner.py:243} INFO - Task exited with return code 0
[2026-02-04T13:57:45.909+0000] {taskinstance.py:3503} INFO - 0 downstream tasks scheduled from follow-on schedule check
[2026-02-04T13:57:45.914+0000] {local_task_job_runner.py:222} INFO - ::endgroup::
