[2026-02-02T18:55:49.392+0000] {local_task_job_runner.py:120} INFO - ::group::Pre task execution logs
[2026-02-02T18:55:49.465+0000] {taskinstance.py:2076} INFO - Dependencies all met for dep_context=non-requeueable deps ti=<TaskInstance: sales_silver_cleaning_pipeline.run_silver_cleaning manual__2026-02-02T18:55:27.032456+00:00 [queued]>
[2026-02-02T18:55:49.477+0000] {taskinstance.py:2076} INFO - Dependencies all met for dep_context=requeueable deps ti=<TaskInstance: sales_silver_cleaning_pipeline.run_silver_cleaning manual__2026-02-02T18:55:27.032456+00:00 [queued]>
[2026-02-02T18:55:49.478+0000] {taskinstance.py:2306} INFO - Starting attempt 1 of 2
[2026-02-02T18:55:49.550+0000] {taskinstance.py:2330} INFO - Executing <Task(PythonOperator): run_silver_cleaning> on 2026-02-02 18:55:27.032456+00:00
[2026-02-02T18:55:49.560+0000] {standard_task_runner.py:64} INFO - Started process 188 to run task
[2026-02-02T18:55:49.568+0000] {standard_task_runner.py:90} INFO - Running: ['airflow', 'tasks', 'run', 'sales_silver_cleaning_pipeline', 'run_silver_cleaning', 'manual__2026-02-02T18:55:27.032456+00:00', '--job-id', '583', '--raw', '--subdir', 'DAGS_FOLDER/clean_sales_dag.py', '--cfg-path', '/tmp/tmpy0lkh_n3']
[2026-02-02T18:55:49.573+0000] {standard_task_runner.py:91} INFO - Job 583: Subtask run_silver_cleaning
[2026-02-02T18:55:49.733+0000] {task_command.py:426} INFO - Running <TaskInstance: sales_silver_cleaning_pipeline.run_silver_cleaning manual__2026-02-02T18:55:27.032456+00:00 [running]> on host 82ba14aed132
[2026-02-02T18:55:50.052+0000] {taskinstance.py:2648} INFO - Exporting env vars: AIRFLOW_CTX_DAG_OWNER='admin' AIRFLOW_CTX_DAG_ID='sales_silver_cleaning_pipeline' AIRFLOW_CTX_TASK_ID='run_silver_cleaning' AIRFLOW_CTX_EXECUTION_DATE='2026-02-02T18:55:27.032456+00:00' AIRFLOW_CTX_TRY_NUMBER='1' AIRFLOW_CTX_DAG_RUN_ID='manual__2026-02-02T18:55:27.032456+00:00'
[2026-02-02T18:55:50.055+0000] {taskinstance.py:430} INFO - ::endgroup::
[2026-02-02T18:55:50.091+0000] {clean_sales_dag.py:14} INFO - Current sys.path: ['/home/airflow/.local/bin', '/opt/airflow', '/usr/local/lib/python312.zip', '/usr/local/lib/python3.12', '/usr/local/lib/python3.12/lib-dynload', '/home/airflow/.local/lib/python3.12/site-packages', '/opt/airflow/dags', '/opt/airflow/config', '/opt/airflow/plugins']
[2026-02-02T18:55:50.093+0000] {clean_sales_dag.py:16} INFO - Contents of /opt/airflow: ['dags', 'logs', 'data_warehouse', 'source', 'scripts', 'airflow.cfg', 'data_transform']
[2026-02-02T18:55:50.101+0000] {clean_sales_dag.py:17} INFO - Contents of /opt/airflow/data_transform: ['clean_ingestion.py', 'clean_sales.py', 'load_clean_data.py', 'notebooks', 'raw_data_fetcher.py', '__init__.py', '__pycache__']
[2026-02-02T18:55:50.866+0000] {raw_data_fetcher.py:15} INFO - Fetched 100 records from raw.sales_data
[2026-02-02T18:55:51.068+0000] {python.py:237} INFO - Done. Returned value was: None
[2026-02-02T18:55:51.069+0000] {taskinstance.py:441} INFO - ::group::Post task execution logs
[2026-02-02T18:55:51.091+0000] {taskinstance.py:1206} INFO - Marking task as SUCCESS. dag_id=sales_silver_cleaning_pipeline, task_id=run_silver_cleaning, run_id=manual__2026-02-02T18:55:27.032456+00:00, execution_date=20260202T185527, start_date=20260202T185549, end_date=20260202T185551
[2026-02-02T18:55:51.150+0000] {local_task_job_runner.py:243} INFO - Task exited with return code 0
[2026-02-02T18:55:51.189+0000] {taskinstance.py:3503} INFO - 1 downstream tasks scheduled from follow-on schedule check
[2026-02-02T18:55:51.192+0000] {local_task_job_runner.py:222} INFO - ::endgroup::
