[2026-02-04T13:21:24.704+0000] {local_task_job_runner.py:120} INFO - ::group::Pre task execution logs
[2026-02-04T13:21:24.800+0000] {taskinstance.py:2076} INFO - Dependencies all met for dep_context=non-requeueable deps ti=<TaskInstance: sales_ingestion_pipeline.run_sales_ingestion scheduled__2026-02-04T13:15:00+00:00 [queued]>
[2026-02-04T13:21:24.826+0000] {taskinstance.py:2076} INFO - Dependencies all met for dep_context=requeueable deps ti=<TaskInstance: sales_ingestion_pipeline.run_sales_ingestion scheduled__2026-02-04T13:15:00+00:00 [queued]>
[2026-02-04T13:21:24.828+0000] {taskinstance.py:2306} INFO - Starting attempt 1 of 2
[2026-02-04T13:21:24.898+0000] {taskinstance.py:2330} INFO - Executing <Task(PythonOperator): run_sales_ingestion> on 2026-02-04 13:15:00+00:00
[2026-02-04T13:21:24.921+0000] {standard_task_runner.py:90} INFO - Running: ['airflow', 'tasks', 'run', 'sales_ingestion_pipeline', 'run_sales_ingestion', 'scheduled__2026-02-04T13:15:00+00:00', '--job-id', '775', '--raw', '--subdir', 'DAGS_FOLDER/ingest_sales_dag.py', '--cfg-path', '/tmp/tmpmci_fqcc']
[2026-02-04T13:21:24.930+0000] {standard_task_runner.py:91} INFO - Job 775: Subtask run_sales_ingestion
[2026-02-04T13:21:24.932+0000] {logging_mixin.py:188} WARNING - /home/airflow/.local/lib/python3.12/site-packages/airflow/task/task_runner/standard_task_runner.py:62 DeprecationWarning: This process (pid=100) is multi-threaded, use of fork() may lead to deadlocks in the child.
[2026-02-04T13:21:24.934+0000] {standard_task_runner.py:64} INFO - Started process 109 to run task
[2026-02-04T13:21:25.130+0000] {task_command.py:426} INFO - Running <TaskInstance: sales_ingestion_pipeline.run_sales_ingestion scheduled__2026-02-04T13:15:00+00:00 [running]> on host 4ca13672f40d
[2026-02-04T13:21:25.425+0000] {taskinstance.py:2648} INFO - Exporting env vars: AIRFLOW_CTX_DAG_OWNER='you' AIRFLOW_CTX_DAG_ID='sales_ingestion_pipeline' AIRFLOW_CTX_TASK_ID='run_sales_ingestion' AIRFLOW_CTX_EXECUTION_DATE='2026-02-04T13:15:00+00:00' AIRFLOW_CTX_TRY_NUMBER='1' AIRFLOW_CTX_DAG_RUN_ID='scheduled__2026-02-04T13:15:00+00:00'
[2026-02-04T13:21:25.429+0000] {taskinstance.py:430} INFO - ::endgroup::
[2026-02-04T13:21:25.467+0000] {ingest_sales.py:33} INFO - Starting automated incremental ingestion pipeline
[2026-02-04T13:21:25.515+0000] {logging_mixin.py:188} INFO - Extracted 1000 rows from Sales_Dataset.csv
[2026-02-04T13:21:25.575+0000] {ingest_sales.py:40} INFO - Current max order_id in DB: 199
[2026-02-04T13:21:25.582+0000] {ingest_sales.py:50} INFO - Found 100 new rows (OrderID 200 to 299)
[2026-02-04T13:21:25.584+0000] {load_raw.py:26} INFO - Starting load of 100 new rows
[2026-02-04T13:21:25.699+0000] {load_raw.py:50} INFO - Load completed successfully!
[2026-02-04T13:21:25.701+0000] {ingest_sales.py:56} INFO - Pipeline completed! New max order_id: 299
[2026-02-04T13:21:25.703+0000] {python.py:237} INFO - Done. Returned value was: None
[2026-02-04T13:21:25.706+0000] {taskinstance.py:441} INFO - ::group::Post task execution logs
[2026-02-04T13:21:25.742+0000] {taskinstance.py:1206} INFO - Marking task as SUCCESS. dag_id=sales_ingestion_pipeline, task_id=run_sales_ingestion, run_id=scheduled__2026-02-04T13:15:00+00:00, execution_date=20260204T131500, start_date=20260204T132124, end_date=20260204T132125
[2026-02-04T13:21:25.799+0000] {local_task_job_runner.py:243} INFO - Task exited with return code 0
[2026-02-04T13:21:25.881+0000] {taskinstance.py:3503} INFO - 1 downstream tasks scheduled from follow-on schedule check
[2026-02-04T13:21:25.924+0000] {local_task_job_runner.py:222} INFO - ::endgroup::
