[2026-02-02T16:30:05.784+0000] {local_task_job_runner.py:120} INFO - ::group::Pre task execution logs
[2026-02-02T16:30:05.842+0000] {taskinstance.py:2076} INFO - Dependencies all met for dep_context=non-requeueable deps ti=<TaskInstance: sales_ingestion_pipeline.run_sales_ingestion scheduled__2026-02-02T16:25:00+00:00 [queued]>
[2026-02-02T16:30:05.856+0000] {taskinstance.py:2076} INFO - Dependencies all met for dep_context=requeueable deps ti=<TaskInstance: sales_ingestion_pipeline.run_sales_ingestion scheduled__2026-02-02T16:25:00+00:00 [queued]>
[2026-02-02T16:30:05.858+0000] {taskinstance.py:2306} INFO - Starting attempt 1 of 2
[2026-02-02T16:30:05.924+0000] {taskinstance.py:2330} INFO - Executing <Task(PythonOperator): run_sales_ingestion> on 2026-02-02 16:25:00+00:00
[2026-02-02T16:30:05.939+0000] {standard_task_runner.py:90} INFO - Running: ['airflow', 'tasks', 'run', 'sales_ingestion_pipeline', 'run_sales_ingestion', 'scheduled__2026-02-02T16:25:00+00:00', '--job-id', '545', '--raw', '--subdir', 'DAGS_FOLDER/ingest_sales_dag.py', '--cfg-path', '/tmp/tmpg56_m09l']
[2026-02-02T16:30:05.944+0000] {standard_task_runner.py:91} INFO - Job 545: Subtask run_sales_ingestion
[2026-02-02T16:30:05.946+0000] {logging_mixin.py:188} WARNING - /home/airflow/.local/lib/python3.12/site-packages/airflow/task/task_runner/standard_task_runner.py:62 DeprecationWarning: This process (pid=93) is multi-threaded, use of fork() may lead to deadlocks in the child.
[2026-02-02T16:30:05.947+0000] {standard_task_runner.py:64} INFO - Started process 102 to run task
[2026-02-02T16:30:06.068+0000] {task_command.py:426} INFO - Running <TaskInstance: sales_ingestion_pipeline.run_sales_ingestion scheduled__2026-02-02T16:25:00+00:00 [running]> on host c8d7a2fd0a11
[2026-02-02T16:30:06.363+0000] {taskinstance.py:2648} INFO - Exporting env vars: AIRFLOW_CTX_DAG_OWNER='you' AIRFLOW_CTX_DAG_ID='sales_ingestion_pipeline' AIRFLOW_CTX_TASK_ID='run_sales_ingestion' AIRFLOW_CTX_EXECUTION_DATE='2026-02-02T16:25:00+00:00' AIRFLOW_CTX_TRY_NUMBER='1' AIRFLOW_CTX_DAG_RUN_ID='scheduled__2026-02-02T16:25:00+00:00'
[2026-02-02T16:30:06.369+0000] {taskinstance.py:430} INFO - ::endgroup::
[2026-02-02T16:30:06.401+0000] {ingest_sales.py:25} INFO - Starting automated incremental ingestion pipeline
[2026-02-02T16:30:06.433+0000] {logging_mixin.py:188} INFO - Extracted 1000 rows from Sales_Dataset.csv
[2026-02-02T16:30:06.472+0000] {ingest_sales.py:32} INFO - Current max order_id in DB: 299
[2026-02-02T16:30:06.475+0000] {ingest_sales.py:42} INFO - Found 100 new rows (OrderID 300 to 399)
[2026-02-02T16:30:06.476+0000] {load_raw.py:18} INFO - Starting load of 100 new rows
[2026-02-02T16:30:06.522+0000] {load_raw.py:42} INFO - Load completed successfully!
[2026-02-02T16:30:06.524+0000] {ingest_sales.py:48} INFO - Pipeline completed! New max order_id: 399
[2026-02-02T16:30:06.525+0000] {python.py:237} INFO - Done. Returned value was: None
[2026-02-02T16:30:06.527+0000] {taskinstance.py:441} INFO - ::group::Post task execution logs
[2026-02-02T16:30:06.558+0000] {taskinstance.py:1206} INFO - Marking task as SUCCESS. dag_id=sales_ingestion_pipeline, task_id=run_sales_ingestion, run_id=scheduled__2026-02-02T16:25:00+00:00, execution_date=20260202T162500, start_date=20260202T163005, end_date=20260202T163006
[2026-02-02T16:30:06.607+0000] {local_task_job_runner.py:243} INFO - Task exited with return code 0
[2026-02-02T16:30:06.673+0000] {taskinstance.py:3503} INFO - 1 downstream tasks scheduled from follow-on schedule check
[2026-02-02T16:30:06.678+0000] {local_task_job_runner.py:222} INFO - ::endgroup::
