[2026-02-02T19:42:17.681+0000] {local_task_job_runner.py:120} INFO - ::group::Pre task execution logs
[2026-02-02T19:42:17.739+0000] {taskinstance.py:2076} INFO - Dependencies all met for dep_context=non-requeueable deps ti=<TaskInstance: star_schema_pipeline.run_star_schema_population manual__2026-02-02T19:42:11.130721+00:00 [queued]>
[2026-02-02T19:42:17.750+0000] {taskinstance.py:2076} INFO - Dependencies all met for dep_context=requeueable deps ti=<TaskInstance: star_schema_pipeline.run_star_schema_population manual__2026-02-02T19:42:11.130721+00:00 [queued]>
[2026-02-02T19:42:17.751+0000] {taskinstance.py:2306} INFO - Starting attempt 1 of 2
[2026-02-02T19:42:17.768+0000] {taskinstance.py:2330} INFO - Executing <Task(PythonOperator): run_star_schema_population> on 2026-02-02 19:42:11.130721+00:00
[2026-02-02T19:42:17.773+0000] {standard_task_runner.py:64} INFO - Started process 101 to run task
[2026-02-02T19:42:17.777+0000] {standard_task_runner.py:90} INFO - Running: ['airflow', 'tasks', 'run', 'star_schema_pipeline', 'run_star_schema_population', 'manual__2026-02-02T19:42:11.130721+00:00', '--job-id', '647', '--raw', '--subdir', 'DAGS_FOLDER/star_schema_dag.py', '--cfg-path', '/tmp/tmpkeyah5xm']
[2026-02-02T19:42:17.779+0000] {standard_task_runner.py:91} INFO - Job 647: Subtask run_star_schema_population
[2026-02-02T19:42:17.903+0000] {task_command.py:426} INFO - Running <TaskInstance: star_schema_pipeline.run_star_schema_population manual__2026-02-02T19:42:11.130721+00:00 [running]> on host e0f321d168be
[2026-02-02T19:42:18.051+0000] {taskinstance.py:2648} INFO - Exporting env vars: AIRFLOW_CTX_DAG_OWNER='admin' AIRFLOW_CTX_DAG_ID='star_schema_pipeline' AIRFLOW_CTX_TASK_ID='run_star_schema_population' AIRFLOW_CTX_EXECUTION_DATE='2026-02-02T19:42:11.130721+00:00' AIRFLOW_CTX_TRY_NUMBER='1' AIRFLOW_CTX_DAG_RUN_ID='manual__2026-02-02T19:42:11.130721+00:00'
[2026-02-02T19:42:18.053+0000] {taskinstance.py:430} INFO - ::endgroup::
[2026-02-02T19:42:18.986+0000] {logging_mixin.py:188} INFO - Loading silver data...
[2026-02-02T19:42:19.031+0000] {star_schema_dag.py:18} ERROR - Error running star schema ETL: 'Connection' object has no attribute 'commit'
[2026-02-02T19:42:19.032+0000] {taskinstance.py:441} INFO - ::group::Post task execution logs
[2026-02-02T19:42:19.033+0000] {taskinstance.py:2905} ERROR - Task failed with exception
Traceback (most recent call last):
  File "/home/airflow/.local/lib/python3.12/site-packages/airflow/models/taskinstance.py", line 465, in _execute_task
    result = _execute_callable(context=context, **execute_callable_kwargs)
             ^^^^^^^^^^^^^^^^^^^^^^^^^^^^^^^^^^^^^^^^^^^^^^^^^^^^^^^^^^^^^
  File "/home/airflow/.local/lib/python3.12/site-packages/airflow/models/taskinstance.py", line 432, in _execute_callable
    return execute_callable(context=context, **execute_callable_kwargs)
           ^^^^^^^^^^^^^^^^^^^^^^^^^^^^^^^^^^^^^^^^^^^^^^^^^^^^^^^^^^^^
  File "/home/airflow/.local/lib/python3.12/site-packages/airflow/models/baseoperator.py", line 401, in wrapper
    return func(self, *args, **kwargs)
           ^^^^^^^^^^^^^^^^^^^^^^^^^^^
  File "/home/airflow/.local/lib/python3.12/site-packages/airflow/operators/python.py", line 235, in execute
    return_value = self.execute_callable()
                   ^^^^^^^^^^^^^^^^^^^^^^^
  File "/home/airflow/.local/lib/python3.12/site-packages/airflow/operators/python.py", line 252, in execute_callable
    return self.python_callable(*self.op_args, **self.op_kwargs)
           ^^^^^^^^^^^^^^^^^^^^^^^^^^^^^^^^^^^^^^^^^^^^^^^^^^^^^
  File "/opt/airflow/dags/star_schema_dag.py", line 19, in run_star_schema_wrapper
    raise e
  File "/opt/airflow/dags/star_schema_dag.py", line 16, in run_star_schema_wrapper
    run_star_schema_etl()
  File "/opt/airflow/data_warehouse/star_schema.py", line 196, in run_star_schema_etl
    star_schema.build_star_schema()
  File "/opt/airflow/data_warehouse/star_schema.py", line 25, in build_star_schema
    conn.commit()
    ^^^^^^^^^^^
AttributeError: 'Connection' object has no attribute 'commit'
[2026-02-02T19:42:19.063+0000] {taskinstance.py:1206} INFO - Marking task as UP_FOR_RETRY. dag_id=star_schema_pipeline, task_id=run_star_schema_population, run_id=manual__2026-02-02T19:42:11.130721+00:00, execution_date=20260202T194211, start_date=20260202T194217, end_date=20260202T194219
[2026-02-02T19:42:19.082+0000] {standard_task_runner.py:110} ERROR - Failed to execute job 647 for task run_star_schema_population ('Connection' object has no attribute 'commit'; 101)
[2026-02-02T19:42:19.117+0000] {local_task_job_runner.py:243} INFO - Task exited with return code 1
[2026-02-02T19:42:19.151+0000] {taskinstance.py:3503} INFO - 0 downstream tasks scheduled from follow-on schedule check
[2026-02-02T19:42:19.154+0000] {local_task_job_runner.py:222} INFO - ::endgroup::
