[2026-02-04T13:50:39.084+0000] {local_task_job_runner.py:120} INFO - ::group::Pre task execution logs
[2026-02-04T13:50:39.145+0000] {taskinstance.py:2076} INFO - Dependencies all met for dep_context=non-requeueable deps ti=<TaskInstance: star_schema_pipeline.run_star_schema_population manual__2026-02-04T13:49:12.653339+00:00 [queued]>
[2026-02-04T13:50:39.166+0000] {taskinstance.py:2076} INFO - Dependencies all met for dep_context=requeueable deps ti=<TaskInstance: star_schema_pipeline.run_star_schema_population manual__2026-02-04T13:49:12.653339+00:00 [queued]>
[2026-02-04T13:50:39.168+0000] {taskinstance.py:2306} INFO - Starting attempt 1 of 2
[2026-02-04T13:50:39.202+0000] {taskinstance.py:2330} INFO - Executing <Task(PythonOperator): run_star_schema_population> on 2026-02-04 13:49:12.653339+00:00
[2026-02-04T13:50:39.212+0000] {standard_task_runner.py:64} INFO - Started process 464 to run task
[2026-02-04T13:50:39.217+0000] {standard_task_runner.py:90} INFO - Running: ['airflow', 'tasks', 'run', 'star_schema_pipeline', 'run_star_schema_population', 'manual__2026-02-04T13:49:12.653339+00:00', '--job-id', '802', '--raw', '--subdir', 'DAGS_FOLDER/star_schema_dag.py', '--cfg-path', '/tmp/tmp15jioo1i']
[2026-02-04T13:50:39.220+0000] {standard_task_runner.py:91} INFO - Job 802: Subtask run_star_schema_population
[2026-02-04T13:50:39.315+0000] {task_command.py:426} INFO - Running <TaskInstance: star_schema_pipeline.run_star_schema_population manual__2026-02-04T13:49:12.653339+00:00 [running]> on host 4ca13672f40d
[2026-02-04T13:50:39.575+0000] {taskinstance.py:2648} INFO - Exporting env vars: AIRFLOW_CTX_DAG_OWNER='admin' AIRFLOW_CTX_DAG_ID='star_schema_pipeline' AIRFLOW_CTX_TASK_ID='run_star_schema_population' AIRFLOW_CTX_EXECUTION_DATE='2026-02-04T13:49:12.653339+00:00' AIRFLOW_CTX_TRY_NUMBER='1' AIRFLOW_CTX_DAG_RUN_ID='manual__2026-02-04T13:49:12.653339+00:00'
[2026-02-04T13:50:39.577+0000] {taskinstance.py:430} INFO - ::endgroup::
[2026-02-04T13:50:40.211+0000] {logging_mixin.py:188} INFO - Loading silver data after 2026-02-04 13:43:51.241226...
[2026-02-04T13:50:40.237+0000] {logging_mixin.py:188} INFO - Extracted 100 new rows from silver layer.
[2026-02-04T13:50:40.239+0000] {logging_mixin.py:188} INFO - Building Dimension Tables...
[2026-02-04T13:50:40.240+0000] {logging_mixin.py:188} INFO - Building dim_date...
[2026-02-04T13:50:40.253+0000] {logging_mixin.py:188} INFO - dim_date is up to date.
[2026-02-04T13:50:40.255+0000] {logging_mixin.py:188} INFO - Building dim_product...
[2026-02-04T13:50:40.261+0000] {logging_mixin.py:188} INFO - dim_product is up to date.
[2026-02-04T13:50:40.262+0000] {logging_mixin.py:188} INFO - Building dim_customer...
[2026-02-04T13:50:40.272+0000] {logging_mixin.py:188} INFO - dim_customer is up to date.
[2026-02-04T13:50:40.273+0000] {logging_mixin.py:188} INFO - Building Fact Table...
[2026-02-04T13:50:40.287+0000] {logging_mixin.py:188} INFO - Inserting 100 new rows into fact_sales
[2026-02-04T13:50:40.349+0000] {logging_mixin.py:188} INFO - Star schema updated successfully!
[2026-02-04T13:50:40.351+0000] {python.py:237} INFO - Done. Returned value was: None
[2026-02-04T13:50:40.353+0000] {taskinstance.py:441} INFO - ::group::Post task execution logs
[2026-02-04T13:50:40.386+0000] {taskinstance.py:1206} INFO - Marking task as SUCCESS. dag_id=star_schema_pipeline, task_id=run_star_schema_population, run_id=manual__2026-02-04T13:49:12.653339+00:00, execution_date=20260204T134912, start_date=20260204T135039, end_date=20260204T135040
[2026-02-04T13:50:40.437+0000] {local_task_job_runner.py:243} INFO - Task exited with return code 0
[2026-02-04T13:50:40.471+0000] {taskinstance.py:3503} INFO - 0 downstream tasks scheduled from follow-on schedule check
[2026-02-04T13:50:40.475+0000] {local_task_job_runner.py:222} INFO - ::endgroup::
