[2026-02-02T20:10:17.720+0000] {local_task_job_runner.py:120} INFO - ::group::Pre task execution logs
[2026-02-02T20:10:17.748+0000] {taskinstance.py:2076} INFO - Dependencies all met for dep_context=non-requeueable deps ti=<TaskInstance: star_schema_pipeline.run_star_schema_population manual__2026-02-02T20:10:14.937160+00:00 [queued]>
[2026-02-02T20:10:17.755+0000] {taskinstance.py:2076} INFO - Dependencies all met for dep_context=requeueable deps ti=<TaskInstance: star_schema_pipeline.run_star_schema_population manual__2026-02-02T20:10:14.937160+00:00 [queued]>
[2026-02-02T20:10:17.756+0000] {taskinstance.py:2306} INFO - Starting attempt 1 of 2
[2026-02-02T20:10:17.768+0000] {taskinstance.py:2330} INFO - Executing <Task(PythonOperator): run_star_schema_population> on 2026-02-02 20:10:14.937160+00:00
[2026-02-02T20:10:17.772+0000] {standard_task_runner.py:64} INFO - Started process 267 to run task
[2026-02-02T20:10:17.775+0000] {standard_task_runner.py:90} INFO - Running: ['airflow', 'tasks', 'run', 'star_schema_pipeline', 'run_star_schema_population', 'manual__2026-02-02T20:10:14.937160+00:00', '--job-id', '684', '--raw', '--subdir', 'DAGS_FOLDER/star_schema_dag.py', '--cfg-path', '/tmp/tmpf96wh3zq']
[2026-02-02T20:10:17.777+0000] {standard_task_runner.py:91} INFO - Job 684: Subtask run_star_schema_population
[2026-02-02T20:10:17.854+0000] {task_command.py:426} INFO - Running <TaskInstance: star_schema_pipeline.run_star_schema_population manual__2026-02-02T20:10:14.937160+00:00 [running]> on host 2c182be8ca88
[2026-02-02T20:10:17.950+0000] {taskinstance.py:2648} INFO - Exporting env vars: AIRFLOW_CTX_DAG_OWNER='admin' AIRFLOW_CTX_DAG_ID='star_schema_pipeline' AIRFLOW_CTX_TASK_ID='run_star_schema_population' AIRFLOW_CTX_EXECUTION_DATE='2026-02-02T20:10:14.937160+00:00' AIRFLOW_CTX_TRY_NUMBER='1' AIRFLOW_CTX_DAG_RUN_ID='manual__2026-02-02T20:10:14.937160+00:00'
[2026-02-02T20:10:17.952+0000] {taskinstance.py:430} INFO - ::endgroup::
[2026-02-02T20:10:18.376+0000] {logging_mixin.py:188} INFO - Loading silver data...
[2026-02-02T20:10:18.406+0000] {logging_mixin.py:188} INFO - Building Dimension Tables...
[2026-02-02T20:10:18.407+0000] {logging_mixin.py:188} INFO - Building dim_date...
[2026-02-02T20:10:18.416+0000] {logging_mixin.py:188} INFO - dim_date is up to date.
[2026-02-02T20:10:18.417+0000] {logging_mixin.py:188} INFO - Building dim_product...
[2026-02-02T20:10:18.421+0000] {logging_mixin.py:188} INFO - dim_product is up to date.
[2026-02-02T20:10:18.422+0000] {logging_mixin.py:188} INFO - Building dim_customer...
[2026-02-02T20:10:18.430+0000] {logging_mixin.py:188} INFO - dim_customer is up to date.
[2026-02-02T20:10:18.430+0000] {logging_mixin.py:188} INFO - Building Fact Table...
[2026-02-02T20:10:18.437+0000] {logging_mixin.py:188} INFO - Warning: dim_product is empty, fact merge will result in NaN keys
[2026-02-02T20:10:18.443+0000] {logging_mixin.py:188} INFO - Warning: dim_customer is empty, fact merge will result in NaN keys
[2026-02-02T20:10:18.507+0000] {logging_mixin.py:188} INFO - Star schema built successfully!
[2026-02-02T20:10:18.508+0000] {python.py:237} INFO - Done. Returned value was: None
[2026-02-02T20:10:18.509+0000] {taskinstance.py:441} INFO - ::group::Post task execution logs
[2026-02-02T20:10:18.520+0000] {taskinstance.py:1206} INFO - Marking task as SUCCESS. dag_id=star_schema_pipeline, task_id=run_star_schema_population, run_id=manual__2026-02-02T20:10:14.937160+00:00, execution_date=20260202T201014, start_date=20260202T201017, end_date=20260202T201018
[2026-02-02T20:10:18.554+0000] {local_task_job_runner.py:243} INFO - Task exited with return code 0
[2026-02-02T20:10:18.573+0000] {taskinstance.py:3503} INFO - 0 downstream tasks scheduled from follow-on schedule check
[2026-02-02T20:10:18.576+0000] {local_task_job_runner.py:222} INFO - ::endgroup::
