[2026-02-04T11:03:40.382+0000] {local_task_job_runner.py:120} INFO - ::group::Pre task execution logs
[2026-02-04T11:03:40.414+0000] {taskinstance.py:2076} INFO - Dependencies all met for dep_context=non-requeueable deps ti=<TaskInstance: star_schema_pipeline.run_star_schema_population manual__2026-02-04T11:03:37.577076+00:00 [queued]>
[2026-02-04T11:03:40.425+0000] {taskinstance.py:2076} INFO - Dependencies all met for dep_context=requeueable deps ti=<TaskInstance: star_schema_pipeline.run_star_schema_population manual__2026-02-04T11:03:37.577076+00:00 [queued]>
[2026-02-04T11:03:40.426+0000] {taskinstance.py:2306} INFO - Starting attempt 1 of 2
[2026-02-04T11:03:40.443+0000] {taskinstance.py:2330} INFO - Executing <Task(PythonOperator): run_star_schema_population> on 2026-02-04 11:03:37.577076+00:00
[2026-02-04T11:03:40.450+0000] {standard_task_runner.py:64} INFO - Started process 135 to run task
[2026-02-04T11:03:40.453+0000] {standard_task_runner.py:90} INFO - Running: ['airflow', 'tasks', 'run', 'star_schema_pipeline', 'run_star_schema_population', 'manual__2026-02-04T11:03:37.577076+00:00', '--job-id', '756', '--raw', '--subdir', 'DAGS_FOLDER/star_schema_dag.py', '--cfg-path', '/tmp/tmphn152xdz']
[2026-02-04T11:03:40.456+0000] {standard_task_runner.py:91} INFO - Job 756: Subtask run_star_schema_population
[2026-02-04T11:03:40.531+0000] {task_command.py:426} INFO - Running <TaskInstance: star_schema_pipeline.run_star_schema_population manual__2026-02-04T11:03:37.577076+00:00 [running]> on host fd0b3478991f
[2026-02-04T11:03:40.623+0000] {taskinstance.py:2648} INFO - Exporting env vars: AIRFLOW_CTX_DAG_OWNER='admin' AIRFLOW_CTX_DAG_ID='star_schema_pipeline' AIRFLOW_CTX_TASK_ID='run_star_schema_population' AIRFLOW_CTX_EXECUTION_DATE='2026-02-04T11:03:37.577076+00:00' AIRFLOW_CTX_TRY_NUMBER='1' AIRFLOW_CTX_DAG_RUN_ID='manual__2026-02-04T11:03:37.577076+00:00'
[2026-02-04T11:03:40.624+0000] {taskinstance.py:430} INFO - ::endgroup::
[2026-02-04T11:03:41.007+0000] {logging_mixin.py:188} INFO - Loading silver data after 2026-02-04 10:44:05.326521...
[2026-02-04T11:03:41.025+0000] {logging_mixin.py:188} INFO - Extracted 100 new rows from silver layer.
[2026-02-04T11:03:41.027+0000] {logging_mixin.py:188} INFO - Building Dimension Tables...
[2026-02-04T11:03:41.028+0000] {logging_mixin.py:188} INFO - Building dim_date...
[2026-02-04T11:03:41.037+0000] {logging_mixin.py:188} INFO - dim_date is up to date.
[2026-02-04T11:03:41.038+0000] {logging_mixin.py:188} INFO - Building dim_product...
[2026-02-04T11:03:41.041+0000] {logging_mixin.py:188} INFO - dim_product is up to date.
[2026-02-04T11:03:41.042+0000] {logging_mixin.py:188} INFO - Building dim_customer...
[2026-02-04T11:03:41.051+0000] {logging_mixin.py:188} INFO - dim_customer is up to date.
[2026-02-04T11:03:41.052+0000] {logging_mixin.py:188} INFO - Building Fact Table...
[2026-02-04T11:03:41.065+0000] {logging_mixin.py:188} INFO - Inserting 100 new rows into fact_sales
[2026-02-04T11:03:41.085+0000] {logging_mixin.py:188} INFO - Star schema updated successfully!
[2026-02-04T11:03:41.086+0000] {python.py:237} INFO - Done. Returned value was: None
[2026-02-04T11:03:41.087+0000] {taskinstance.py:441} INFO - ::group::Post task execution logs
[2026-02-04T11:03:41.100+0000] {taskinstance.py:1206} INFO - Marking task as SUCCESS. dag_id=star_schema_pipeline, task_id=run_star_schema_population, run_id=manual__2026-02-04T11:03:37.577076+00:00, execution_date=20260204T110337, start_date=20260204T110340, end_date=20260204T110341
[2026-02-04T11:03:41.150+0000] {local_task_job_runner.py:243} INFO - Task exited with return code 0
[2026-02-04T11:03:41.170+0000] {taskinstance.py:3503} INFO - 0 downstream tasks scheduled from follow-on schedule check
[2026-02-04T11:03:41.172+0000] {local_task_job_runner.py:222} INFO - ::endgroup::
