[2026-02-02T19:50:08.238+0000] {local_task_job_runner.py:120} INFO - ::group::Pre task execution logs
[2026-02-02T19:50:08.270+0000] {taskinstance.py:2076} INFO - Dependencies all met for dep_context=non-requeueable deps ti=<TaskInstance: star_schema_pipeline.run_star_schema_population manual__2026-02-02T19:50:01.311547+00:00 [queued]>
[2026-02-02T19:50:08.278+0000] {taskinstance.py:2076} INFO - Dependencies all met for dep_context=requeueable deps ti=<TaskInstance: star_schema_pipeline.run_star_schema_population manual__2026-02-02T19:50:01.311547+00:00 [queued]>
[2026-02-02T19:50:08.279+0000] {taskinstance.py:2306} INFO - Starting attempt 1 of 2
[2026-02-02T19:50:08.292+0000] {taskinstance.py:2330} INFO - Executing <Task(PythonOperator): run_star_schema_population> on 2026-02-02 19:50:01.311547+00:00
[2026-02-02T19:50:08.296+0000] {standard_task_runner.py:64} INFO - Started process 87 to run task
[2026-02-02T19:50:08.299+0000] {standard_task_runner.py:90} INFO - Running: ['airflow', 'tasks', 'run', 'star_schema_pipeline', 'run_star_schema_population', 'manual__2026-02-02T19:50:01.311547+00:00', '--job-id', '657', '--raw', '--subdir', 'DAGS_FOLDER/star_schema_dag.py', '--cfg-path', '/tmp/tmp4cdq6shl']
[2026-02-02T19:50:08.301+0000] {standard_task_runner.py:91} INFO - Job 657: Subtask run_star_schema_population
[2026-02-02T19:50:08.390+0000] {task_command.py:426} INFO - Running <TaskInstance: star_schema_pipeline.run_star_schema_population manual__2026-02-02T19:50:01.311547+00:00 [running]> on host 15a1a4b9ced6
[2026-02-02T19:50:08.511+0000] {taskinstance.py:2648} INFO - Exporting env vars: AIRFLOW_CTX_DAG_OWNER='admin' AIRFLOW_CTX_DAG_ID='star_schema_pipeline' AIRFLOW_CTX_TASK_ID='run_star_schema_population' AIRFLOW_CTX_EXECUTION_DATE='2026-02-02T19:50:01.311547+00:00' AIRFLOW_CTX_TRY_NUMBER='1' AIRFLOW_CTX_DAG_RUN_ID='manual__2026-02-02T19:50:01.311547+00:00'
[2026-02-02T19:50:08.512+0000] {taskinstance.py:430} INFO - ::endgroup::
[2026-02-02T19:50:09.168+0000] {logging_mixin.py:188} INFO - Loading silver data...
[2026-02-02T19:50:09.204+0000] {logging_mixin.py:188} INFO - Building Dimension Tables...
[2026-02-02T19:50:09.205+0000] {logging_mixin.py:188} INFO - Building dim_date...
[2026-02-02T19:50:09.218+0000] {logging_mixin.py:188} INFO - dim_date is up to date.
[2026-02-02T19:50:09.219+0000] {logging_mixin.py:188} INFO - Building dim_product...
[2026-02-02T19:50:09.223+0000] {logging_mixin.py:188} INFO - dim_product is up to date.
[2026-02-02T19:50:09.224+0000] {logging_mixin.py:188} INFO - Building dim_customer...
[2026-02-02T19:50:09.236+0000] {logging_mixin.py:188} INFO - dim_customer is up to date.
[2026-02-02T19:50:09.237+0000] {logging_mixin.py:188} INFO - Building Fact Table...
[2026-02-02T19:50:09.246+0000] {logging_mixin.py:188} INFO - Warning: dim_product is empty, fact merge will result in NaN keys
[2026-02-02T19:50:09.248+0000] {star_schema_dag.py:18} ERROR - Error running star schema ETL: 'category'
[2026-02-02T19:50:09.249+0000] {taskinstance.py:441} INFO - ::group::Post task execution logs
[2026-02-02T19:50:09.250+0000] {taskinstance.py:2905} ERROR - Task failed with exception
Traceback (most recent call last):
  File "/home/airflow/.local/lib/python3.12/site-packages/airflow/models/taskinstance.py", line 465, in _execute_task
    result = _execute_callable(context=context, **execute_callable_kwargs)
             ^^^^^^^^^^^^^^^^^^^^^^^^^^^^^^^^^^^^^^^^^^^^^^^^^^^^^^^^^^^^^
  File "/home/airflow/.local/lib/python3.12/site-packages/airflow/models/taskinstance.py", line 432, in _execute_callable
    return execute_callable(context=context, **execute_callable_kwargs)
           ^^^^^^^^^^^^^^^^^^^^^^^^^^^^^^^^^^^^^^^^^^^^^^^^^^^^^^^^^^^^
  File "/home/airflow/.local/lib/python3.12/site-packages/airflow/models/baseoperator.py", line 401, in wrapper
    return func(self, *args, **kwargs)
           ^^^^^^^^^^^^^^^^^^^^^^^^^^^
  File "/home/airflow/.local/lib/python3.12/site-packages/airflow/operators/python.py", line 235, in execute
    return_value = self.execute_callable()
                   ^^^^^^^^^^^^^^^^^^^^^^^
  File "/home/airflow/.local/lib/python3.12/site-packages/airflow/operators/python.py", line 252, in execute_callable
    return self.python_callable(*self.op_args, **self.op_kwargs)
           ^^^^^^^^^^^^^^^^^^^^^^^^^^^^^^^^^^^^^^^^^^^^^^^^^^^^^
  File "/opt/airflow/dags/star_schema_dag.py", line 19, in run_star_schema_wrapper
    raise e
  File "/opt/airflow/dags/star_schema_dag.py", line 16, in run_star_schema_wrapper
    run_star_schema_etl()
  File "/opt/airflow/data_warehouse/star_schema.py", line 199, in run_star_schema_etl
    star_schema.build_star_schema()
  File "/opt/airflow/data_warehouse/star_schema.py", line 30, in build_star_schema
    self.build_fact_table()
  File "/opt/airflow/data_warehouse/star_schema.py", line 151, in build_fact_table
    fact_merged = self.silver_data.merge(dim_product, left_on='product', right_on='category', how='left')
                  ^^^^^^^^^^^^^^^^^^^^^^^^^^^^^^^^^^^^^^^^^^^^^^^^^^^^^^^^^^^^^^^^^^^^^^^^^^^^^^^^^^^^^^^
  File "/home/airflow/.local/lib/python3.12/site-packages/pandas/core/frame.py", line 10487, in merge
    return merge(
           ^^^^^^
  File "/home/airflow/.local/lib/python3.12/site-packages/pandas/core/reshape/merge.py", line 169, in merge
    op = _MergeOperation(
         ^^^^^^^^^^^^^^^^
  File "/home/airflow/.local/lib/python3.12/site-packages/pandas/core/reshape/merge.py", line 791, in __init__
    ) = self._get_merge_keys()
        ^^^^^^^^^^^^^^^^^^^^^^
  File "/home/airflow/.local/lib/python3.12/site-packages/pandas/core/reshape/merge.py", line 1269, in _get_merge_keys
    right_keys.append(right._get_label_or_level_values(rk))
                      ^^^^^^^^^^^^^^^^^^^^^^^^^^^^^^^^^^^^
  File "/home/airflow/.local/lib/python3.12/site-packages/pandas/core/generic.py", line 1844, in _get_label_or_level_values
    raise KeyError(key)
KeyError: 'category'
[2026-02-02T19:50:09.285+0000] {taskinstance.py:1206} INFO - Marking task as UP_FOR_RETRY. dag_id=star_schema_pipeline, task_id=run_star_schema_population, run_id=manual__2026-02-02T19:50:01.311547+00:00, execution_date=20260202T195001, start_date=20260202T195008, end_date=20260202T195009
[2026-02-02T19:50:09.303+0000] {standard_task_runner.py:110} ERROR - Failed to execute job 657 for task run_star_schema_population ('category'; 87)
[2026-02-02T19:50:09.318+0000] {local_task_job_runner.py:243} INFO - Task exited with return code 1
[2026-02-02T19:50:09.340+0000] {taskinstance.py:3503} INFO - 0 downstream tasks scheduled from follow-on schedule check
[2026-02-02T19:50:09.342+0000] {local_task_job_runner.py:222} INFO - ::endgroup::
