[2026-02-04T10:04:24.839+0000] {local_task_job_runner.py:120} INFO - ::group::Pre task execution logs
[2026-02-04T10:04:24.866+0000] {taskinstance.py:2076} INFO - Dependencies all met for dep_context=non-requeueable deps ti=<TaskInstance: sales_ingestion_pipeline.trigger_silver_cleaning scheduled__2026-02-04T09:55:00+00:00 [queued]>
[2026-02-04T10:04:24.873+0000] {taskinstance.py:2076} INFO - Dependencies all met for dep_context=requeueable deps ti=<TaskInstance: sales_ingestion_pipeline.trigger_silver_cleaning scheduled__2026-02-04T09:55:00+00:00 [queued]>
[2026-02-04T10:04:24.874+0000] {taskinstance.py:2306} INFO - Starting attempt 1 of 2
[2026-02-04T10:04:24.883+0000] {taskinstance.py:2330} INFO - Executing <Task(TriggerDagRunOperator): trigger_silver_cleaning> on 2026-02-04 09:55:00+00:00
[2026-02-04T10:04:24.889+0000] {standard_task_runner.py:90} INFO - Running: ['airflow', 'tasks', 'run', 'sales_ingestion_pipeline', 'trigger_silver_cleaning', 'scheduled__2026-02-04T09:55:00+00:00', '--job-id', '725', '--raw', '--subdir', 'DAGS_FOLDER/ingest_sales_dag.py', '--cfg-path', '/tmp/tmpsr4z_j4g']
[2026-02-04T10:04:24.892+0000] {standard_task_runner.py:91} INFO - Job 725: Subtask trigger_silver_cleaning
[2026-02-04T10:04:24.892+0000] {logging_mixin.py:188} WARNING - /home/airflow/.local/lib/python3.12/site-packages/airflow/task/task_runner/standard_task_runner.py:62 DeprecationWarning: This process (pid=83) is multi-threaded, use of fork() may lead to deadlocks in the child.
[2026-02-04T10:04:24.893+0000] {standard_task_runner.py:64} INFO - Started process 94 to run task
[2026-02-04T10:04:24.955+0000] {task_command.py:426} INFO - Running <TaskInstance: sales_ingestion_pipeline.trigger_silver_cleaning scheduled__2026-02-04T09:55:00+00:00 [running]> on host 6e3bedb0407a
[2026-02-04T10:04:25.064+0000] {taskinstance.py:2648} INFO - Exporting env vars: AIRFLOW_CTX_DAG_OWNER='you' AIRFLOW_CTX_DAG_ID='sales_ingestion_pipeline' AIRFLOW_CTX_TASK_ID='trigger_silver_cleaning' AIRFLOW_CTX_EXECUTION_DATE='2026-02-04T09:55:00+00:00' AIRFLOW_CTX_TRY_NUMBER='1' AIRFLOW_CTX_DAG_RUN_ID='scheduled__2026-02-04T09:55:00+00:00'
[2026-02-04T10:04:25.066+0000] {taskinstance.py:430} INFO - ::endgroup::
[2026-02-04T10:04:28.142+0000] {logging_mixin.py:188} WARNING - /home/airflow/.local/lib/python3.12/site-packages/azure/synapse/artifacts/models/_models_py3.py:175 SyntaxWarning: invalid escape sequence '\d'
[2026-02-04T10:04:28.143+0000] {logging_mixin.py:188} WARNING - /home/airflow/.local/lib/python3.12/site-packages/azure/synapse/artifacts/models/_models_py3.py:222 SyntaxWarning: invalid escape sequence '\d'
[2026-02-04T10:04:28.146+0000] {logging_mixin.py:188} WARNING - /home/airflow/.local/lib/python3.12/site-packages/azure/synapse/artifacts/models/_models_py3.py:1151 SyntaxWarning: invalid escape sequence '\d'
[2026-02-04T10:04:28.147+0000] {logging_mixin.py:188} WARNING - /home/airflow/.local/lib/python3.12/site-packages/azure/synapse/artifacts/models/_models_py3.py:1248 SyntaxWarning: invalid escape sequence '\d'
[2026-02-04T10:04:28.148+0000] {logging_mixin.py:188} WARNING - /home/airflow/.local/lib/python3.12/site-packages/azure/synapse/artifacts/models/_models_py3.py:1271 SyntaxWarning: invalid escape sequence '\d'
[2026-02-04T10:04:28.149+0000] {logging_mixin.py:188} WARNING - /home/airflow/.local/lib/python3.12/site-packages/azure/synapse/artifacts/models/_models_py3.py:1406 SyntaxWarning: invalid escape sequence '\d'
[2026-02-04T10:04:28.150+0000] {logging_mixin.py:188} WARNING - /home/airflow/.local/lib/python3.12/site-packages/azure/synapse/artifacts/models/_models_py3.py:1439 SyntaxWarning: invalid escape sequence '\d'
[2026-02-04T10:04:28.151+0000] {logging_mixin.py:188} WARNING - /home/airflow/.local/lib/python3.12/site-packages/azure/synapse/artifacts/models/_models_py3.py:1495 SyntaxWarning: invalid escape sequence '\d'
[2026-02-04T10:04:28.153+0000] {logging_mixin.py:188} WARNING - /home/airflow/.local/lib/python3.12/site-packages/azure/synapse/artifacts/models/_models_py3.py:1683 SyntaxWarning: invalid escape sequence '\d'
[2026-02-04T10:04:28.154+0000] {logging_mixin.py:188} WARNING - /home/airflow/.local/lib/python3.12/site-packages/azure/synapse/artifacts/models/_models_py3.py:1750 SyntaxWarning: invalid escape sequence '\d'
[2026-02-04T10:04:28.156+0000] {logging_mixin.py:188} WARNING - /home/airflow/.local/lib/python3.12/site-packages/azure/synapse/artifacts/models/_models_py3.py:2025 SyntaxWarning: invalid escape sequence '\d'
[2026-02-04T10:04:28.157+0000] {logging_mixin.py:188} WARNING - /home/airflow/.local/lib/python3.12/site-packages/azure/synapse/artifacts/models/_models_py3.py:2110 SyntaxWarning: invalid escape sequence '\d'
[2026-02-04T10:04:28.158+0000] {logging_mixin.py:188} WARNING - /home/airflow/.local/lib/python3.12/site-packages/azure/synapse/artifacts/models/_models_py3.py:2407 SyntaxWarning: invalid escape sequence '\d'
[2026-02-04T10:04:28.159+0000] {logging_mixin.py:188} WARNING - /home/airflow/.local/lib/python3.12/site-packages/azure/synapse/artifacts/models/_models_py3.py:2468 SyntaxWarning: invalid escape sequence '\d'
[2026-02-04T10:04:28.163+0000] {logging_mixin.py:188} WARNING - /home/airflow/.local/lib/python3.12/site-packages/azure/synapse/artifacts/models/_models_py3.py:3987 SyntaxWarning: invalid escape sequence '\d'
[2026-02-04T10:04:28.164+0000] {logging_mixin.py:188} WARNING - /home/airflow/.local/lib/python3.12/site-packages/azure/synapse/artifacts/models/_models_py3.py:4096 SyntaxWarning: invalid escape sequence '\d'
[2026-02-04T10:04:28.166+0000] {logging_mixin.py:188} WARNING - /home/airflow/.local/lib/python3.12/site-packages/azure/synapse/artifacts/models/_models_py3.py:4127 SyntaxWarning: invalid escape sequence '\d'
[2026-02-04T10:04:28.167+0000] {logging_mixin.py:188} WARNING - /home/airflow/.local/lib/python3.12/site-packages/azure/synapse/artifacts/models/_models_py3.py:4186 SyntaxWarning: invalid escape sequence '\d'
[2026-02-04T10:04:28.168+0000] {logging_mixin.py:188} WARNING - /home/airflow/.local/lib/python3.12/site-packages/azure/synapse/artifacts/models/_models_py3.py:4225 SyntaxWarning: invalid escape sequence '\d'
[2026-02-04T10:04:28.169+0000] {logging_mixin.py:188} WARNING - /home/airflow/.local/lib/python3.12/site-packages/azure/synapse/artifacts/models/_models_py3.py:4275 SyntaxWarning: invalid escape sequence '\d'
[2026-02-04T10:04:28.171+0000] {logging_mixin.py:188} WARNING - /home/airflow/.local/lib/python3.12/site-packages/azure/synapse/artifacts/models/_models_py3.py:5209 SyntaxWarning: invalid escape sequence '\d'
[2026-02-04T10:04:28.173+0000] {logging_mixin.py:188} WARNING - /home/airflow/.local/lib/python3.12/site-packages/azure/synapse/artifacts/models/_models_py3.py:5265 SyntaxWarning: invalid escape sequence '\d'
[2026-02-04T10:04:28.174+0000] {logging_mixin.py:188} WARNING - /home/airflow/.local/lib/python3.12/site-packages/azure/synapse/artifacts/models/_models_py3.py:5302 SyntaxWarning: invalid escape sequence '\d'
[2026-02-04T10:04:28.175+0000] {logging_mixin.py:188} WARNING - /home/airflow/.local/lib/python3.12/site-packages/azure/synapse/artifacts/models/_models_py3.py:5358 SyntaxWarning: invalid escape sequence '\d'
[2026-02-04T10:04:28.177+0000] {logging_mixin.py:188} WARNING - /home/airflow/.local/lib/python3.12/site-packages/azure/synapse/artifacts/models/_models_py3.py:6437 SyntaxWarning: invalid escape sequence '\d'
[2026-02-04T10:04:28.179+0000] {logging_mixin.py:188} WARNING - /home/airflow/.local/lib/python3.12/site-packages/azure/synapse/artifacts/models/_models_py3.py:6497 SyntaxWarning: invalid escape sequence '\d'
[2026-02-04T10:04:28.180+0000] {logging_mixin.py:188} WARNING - /home/airflow/.local/lib/python3.12/site-packages/azure/synapse/artifacts/models/_models_py3.py:6538 SyntaxWarning: invalid escape sequence '\d'
[2026-02-04T10:04:28.181+0000] {logging_mixin.py:188} WARNING - /home/airflow/.local/lib/python3.12/site-packages/azure/synapse/artifacts/models/_models_py3.py:6588 SyntaxWarning: invalid escape sequence '\d'
[2026-02-04T10:04:28.183+0000] {logging_mixin.py:188} WARNING - /home/airflow/.local/lib/python3.12/site-packages/azure/synapse/artifacts/models/_models_py3.py:7023 SyntaxWarning: invalid escape sequence '\d'
[2026-02-04T10:04:28.184+0000] {logging_mixin.py:188} WARNING - /home/airflow/.local/lib/python3.12/site-packages/azure/synapse/artifacts/models/_models_py3.py:7096 SyntaxWarning: invalid escape sequence '\d'
[2026-02-04T10:04:28.185+0000] {logging_mixin.py:188} WARNING - /home/airflow/.local/lib/python3.12/site-packages/azure/synapse/artifacts/models/_models_py3.py:7267 SyntaxWarning: invalid escape sequence '\d'
[2026-02-04T10:04:28.186+0000] {logging_mixin.py:188} WARNING - /home/airflow/.local/lib/python3.12/site-packages/azure/synapse/artifacts/models/_models_py3.py:7333 SyntaxWarning: invalid escape sequence '\d'
[2026-02-04T10:04:28.188+0000] {logging_mixin.py:188} WARNING - /home/airflow/.local/lib/python3.12/site-packages/azure/synapse/artifacts/models/_models_py3.py:7378 SyntaxWarning: invalid escape sequence '\d'
[2026-02-04T10:04:28.189+0000] {logging_mixin.py:188} WARNING - /home/airflow/.local/lib/python3.12/site-packages/azure/synapse/artifacts/models/_models_py3.py:7440 SyntaxWarning: invalid escape sequence '\d'
[2026-02-04T10:04:28.191+0000] {logging_mixin.py:188} WARNING - /home/airflow/.local/lib/python3.12/site-packages/azure/synapse/artifacts/models/_models_py3.py:8222 SyntaxWarning: invalid escape sequence '\d'
[2026-02-04T10:04:28.192+0000] {logging_mixin.py:188} WARNING - /home/airflow/.local/lib/python3.12/site-packages/azure/synapse/artifacts/models/_models_py3.py:8282 SyntaxWarning: invalid escape sequence '\d'
[2026-02-04T10:04:28.193+0000] {logging_mixin.py:188} WARNING - /home/airflow/.local/lib/python3.12/site-packages/azure/synapse/artifacts/models/_models_py3.py:8322 SyntaxWarning: invalid escape sequence '\d'
[2026-02-04T10:04:28.194+0000] {logging_mixin.py:188} WARNING - /home/airflow/.local/lib/python3.12/site-packages/azure/synapse/artifacts/models/_models_py3.py:8368 SyntaxWarning: invalid escape sequence '\d'
[2026-02-04T10:04:28.196+0000] {logging_mixin.py:188} WARNING - /home/airflow/.local/lib/python3.12/site-packages/azure/synapse/artifacts/models/_models_py3.py:9475 SyntaxWarning: invalid escape sequence '\d'
[2026-02-04T10:04:28.198+0000] {logging_mixin.py:188} WARNING - /home/airflow/.local/lib/python3.12/site-packages/azure/synapse/artifacts/models/_models_py3.py:9531 SyntaxWarning: invalid escape sequence '\d'
[2026-02-04T10:04:28.201+0000] {logging_mixin.py:188} WARNING - /home/airflow/.local/lib/python3.12/site-packages/azure/synapse/artifacts/models/_models_py3.py:10532 SyntaxWarning: invalid escape sequence '\d'
[2026-02-04T10:04:28.203+0000] {logging_mixin.py:188} WARNING - /home/airflow/.local/lib/python3.12/site-packages/azure/synapse/artifacts/models/_models_py3.py:10588 SyntaxWarning: invalid escape sequence '\d'
[2026-02-04T10:04:28.204+0000] {logging_mixin.py:188} WARNING - /home/airflow/.local/lib/python3.12/site-packages/azure/synapse/artifacts/models/_models_py3.py:10625 SyntaxWarning: invalid escape sequence '\d'
[2026-02-04T10:04:28.205+0000] {logging_mixin.py:188} WARNING - /home/airflow/.local/lib/python3.12/site-packages/azure/synapse/artifacts/models/_models_py3.py:10680 SyntaxWarning: invalid escape sequence '\d'
[2026-02-04T10:04:28.207+0000] {logging_mixin.py:188} WARNING - /home/airflow/.local/lib/python3.12/site-packages/azure/synapse/artifacts/models/_models_py3.py:10923 SyntaxWarning: invalid escape sequence '\d'
[2026-02-04T10:04:28.208+0000] {logging_mixin.py:188} WARNING - /home/airflow/.local/lib/python3.12/site-packages/azure/synapse/artifacts/models/_models_py3.py:10979 SyntaxWarning: invalid escape sequence '\d'
[2026-02-04T10:04:28.210+0000] {logging_mixin.py:188} WARNING - /home/airflow/.local/lib/python3.12/site-packages/azure/synapse/artifacts/models/_models_py3.py:11016 SyntaxWarning: invalid escape sequence '\d'
[2026-02-04T10:04:28.211+0000] {logging_mixin.py:188} WARNING - /home/airflow/.local/lib/python3.12/site-packages/azure/synapse/artifacts/models/_models_py3.py:11072 SyntaxWarning: invalid escape sequence '\d'
[2026-02-04T10:04:28.212+0000] {logging_mixin.py:188} WARNING - /home/airflow/.local/lib/python3.12/site-packages/azure/synapse/artifacts/models/_models_py3.py:11231 SyntaxWarning: invalid escape sequence '\d'
[2026-02-04T10:04:28.213+0000] {logging_mixin.py:188} WARNING - /home/airflow/.local/lib/python3.12/site-packages/azure/synapse/artifacts/models/_models_py3.py:11282 SyntaxWarning: invalid escape sequence '\d'
[2026-02-04T10:04:28.214+0000] {logging_mixin.py:188} WARNING - /home/airflow/.local/lib/python3.12/site-packages/azure/synapse/artifacts/models/_models_py3.py:11420 SyntaxWarning: invalid escape sequence '\d'
[2026-02-04T10:04:28.215+0000] {logging_mixin.py:188} WARNING - /home/airflow/.local/lib/python3.12/site-packages/azure/synapse/artifacts/models/_models_py3.py:11477 SyntaxWarning: invalid escape sequence '\d'
[2026-02-04T10:04:28.218+0000] {logging_mixin.py:188} WARNING - /home/airflow/.local/lib/python3.12/site-packages/azure/synapse/artifacts/models/_models_py3.py:12300 SyntaxWarning: invalid escape sequence '\d'
[2026-02-04T10:04:28.219+0000] {logging_mixin.py:188} WARNING - /home/airflow/.local/lib/python3.12/site-packages/azure/synapse/artifacts/models/_models_py3.py:12383 SyntaxWarning: invalid escape sequence '\d'
[2026-02-04T10:04:28.220+0000] {logging_mixin.py:188} WARNING - /home/airflow/.local/lib/python3.12/site-packages/azure/synapse/artifacts/models/_models_py3.py:12439 SyntaxWarning: invalid escape sequence '\d'
[2026-02-04T10:04:28.221+0000] {logging_mixin.py:188} WARNING - /home/airflow/.local/lib/python3.12/site-packages/azure/synapse/artifacts/models/_models_py3.py:12524 SyntaxWarning: invalid escape sequence '\d'
[2026-02-04T10:04:28.223+0000] {logging_mixin.py:188} WARNING - /home/airflow/.local/lib/python3.12/site-packages/azure/synapse/artifacts/models/_models_py3.py:13019 SyntaxWarning: invalid escape sequence '\d'
[2026-02-04T10:04:28.224+0000] {logging_mixin.py:188} WARNING - /home/airflow/.local/lib/python3.12/site-packages/azure/synapse/artifacts/models/_models_py3.py:13090 SyntaxWarning: invalid escape sequence '\d'
[2026-02-04T10:04:28.226+0000] {logging_mixin.py:188} WARNING - /home/airflow/.local/lib/python3.12/site-packages/azure/synapse/artifacts/models/_models_py3.py:13139 SyntaxWarning: invalid escape sequence '\d'
[2026-02-04T10:04:28.227+0000] {logging_mixin.py:188} WARNING - /home/airflow/.local/lib/python3.12/site-packages/azure/synapse/artifacts/models/_models_py3.py:13200 SyntaxWarning: invalid escape sequence '\d'
[2026-02-04T10:04:28.229+0000] {logging_mixin.py:188} WARNING - /home/airflow/.local/lib/python3.12/site-packages/azure/synapse/artifacts/models/_models_py3.py:13886 SyntaxWarning: invalid escape sequence '\d'
[2026-02-04T10:04:28.231+0000] {logging_mixin.py:188} WARNING - /home/airflow/.local/lib/python3.12/site-packages/azure/synapse/artifacts/models/_models_py3.py:13941 SyntaxWarning: invalid escape sequence '\d'
[2026-02-04T10:04:28.232+0000] {logging_mixin.py:188} WARNING - /home/airflow/.local/lib/python3.12/site-packages/azure/synapse/artifacts/models/_models_py3.py:13977 SyntaxWarning: invalid escape sequence '\d'
[2026-02-04T10:04:28.233+0000] {logging_mixin.py:188} WARNING - /home/airflow/.local/lib/python3.12/site-packages/azure/synapse/artifacts/models/_models_py3.py:14026 SyntaxWarning: invalid escape sequence '\d'
[2026-02-04T10:04:28.235+0000] {logging_mixin.py:188} WARNING - /home/airflow/.local/lib/python3.12/site-packages/azure/synapse/artifacts/models/_models_py3.py:14318 SyntaxWarning: invalid escape sequence '\d'
[2026-02-04T10:04:28.236+0000] {logging_mixin.py:188} WARNING - /home/airflow/.local/lib/python3.12/site-packages/azure/synapse/artifacts/models/_models_py3.py:14388 SyntaxWarning: invalid escape sequence '\d'
[2026-02-04T10:04:28.237+0000] {logging_mixin.py:188} WARNING - /home/airflow/.local/lib/python3.12/site-packages/azure/synapse/artifacts/models/_models_py3.py:14436 SyntaxWarning: invalid escape sequence '\d'
[2026-02-04T10:04:28.238+0000] {logging_mixin.py:188} WARNING - /home/airflow/.local/lib/python3.12/site-packages/azure/synapse/artifacts/models/_models_py3.py:14492 SyntaxWarning: invalid escape sequence '\d'
[2026-02-04T10:04:28.239+0000] {logging_mixin.py:188} WARNING - /home/airflow/.local/lib/python3.12/site-packages/azure/synapse/artifacts/models/_models_py3.py:14744 SyntaxWarning: invalid escape sequence '\d'
[2026-02-04T10:04:28.241+0000] {logging_mixin.py:188} WARNING - /home/airflow/.local/lib/python3.12/site-packages/azure/synapse/artifacts/models/_models_py3.py:14810 SyntaxWarning: invalid escape sequence '\d'
[2026-02-04T10:04:28.242+0000] {logging_mixin.py:188} WARNING - /home/airflow/.local/lib/python3.12/site-packages/azure/synapse/artifacts/models/_models_py3.py:15415 SyntaxWarning: invalid escape sequence '\d'
[2026-02-04T10:04:28.244+0000] {logging_mixin.py:188} WARNING - /home/airflow/.local/lib/python3.12/site-packages/azure/synapse/artifacts/models/_models_py3.py:15482 SyntaxWarning: invalid escape sequence '\d'
[2026-02-04T10:04:28.247+0000] {logging_mixin.py:188} WARNING - /home/airflow/.local/lib/python3.12/site-packages/azure/synapse/artifacts/models/_models_py3.py:15527 SyntaxWarning: invalid escape sequence '\d'
[2026-02-04T10:04:28.249+0000] {logging_mixin.py:188} WARNING - /home/airflow/.local/lib/python3.12/site-packages/azure/synapse/artifacts/models/_models_py3.py:15578 SyntaxWarning: invalid escape sequence '\d'
[2026-02-04T10:04:28.251+0000] {logging_mixin.py:188} WARNING - /home/airflow/.local/lib/python3.12/site-packages/azure/synapse/artifacts/models/_models_py3.py:15897 SyntaxWarning: invalid escape sequence '\d'
[2026-02-04T10:04:28.252+0000] {logging_mixin.py:188} WARNING - /home/airflow/.local/lib/python3.12/site-packages/azure/synapse/artifacts/models/_models_py3.py:15953 SyntaxWarning: invalid escape sequence '\d'
[2026-02-04T10:04:28.254+0000] {logging_mixin.py:188} WARNING - /home/airflow/.local/lib/python3.12/site-packages/azure/synapse/artifacts/models/_models_py3.py:16617 SyntaxWarning: invalid escape sequence '\d'
[2026-02-04T10:04:28.255+0000] {logging_mixin.py:188} WARNING - /home/airflow/.local/lib/python3.12/site-packages/azure/synapse/artifacts/models/_models_py3.py:16674 SyntaxWarning: invalid escape sequence '\d'
[2026-02-04T10:04:28.257+0000] {logging_mixin.py:188} WARNING - /home/airflow/.local/lib/python3.12/site-packages/azure/synapse/artifacts/models/_models_py3.py:16712 SyntaxWarning: invalid escape sequence '\d'
[2026-02-04T10:04:28.258+0000] {logging_mixin.py:188} WARNING - /home/airflow/.local/lib/python3.12/site-packages/azure/synapse/artifacts/models/_models_py3.py:16780 SyntaxWarning: invalid escape sequence '\d'
[2026-02-04T10:04:28.260+0000] {logging_mixin.py:188} WARNING - /home/airflow/.local/lib/python3.12/site-packages/azure/synapse/artifacts/models/_models_py3.py:16932 SyntaxWarning: invalid escape sequence '\d'
[2026-02-04T10:04:28.261+0000] {logging_mixin.py:188} WARNING - /home/airflow/.local/lib/python3.12/site-packages/azure/synapse/artifacts/models/_models_py3.py:16988 SyntaxWarning: invalid escape sequence '\d'
[2026-02-04T10:04:28.262+0000] {logging_mixin.py:188} WARNING - /home/airflow/.local/lib/python3.12/site-packages/azure/synapse/artifacts/models/_models_py3.py:17025 SyntaxWarning: invalid escape sequence '\d'
[2026-02-04T10:04:28.263+0000] {logging_mixin.py:188} WARNING - /home/airflow/.local/lib/python3.12/site-packages/azure/synapse/artifacts/models/_models_py3.py:17090 SyntaxWarning: invalid escape sequence '\d'
[2026-02-04T10:04:28.264+0000] {logging_mixin.py:188} WARNING - /home/airflow/.local/lib/python3.12/site-packages/azure/synapse/artifacts/models/_models_py3.py:17228 SyntaxWarning: invalid escape sequence '\d'
[2026-02-04T10:04:28.265+0000] {logging_mixin.py:188} WARNING - /home/airflow/.local/lib/python3.12/site-packages/azure/synapse/artifacts/models/_models_py3.py:17284 SyntaxWarning: invalid escape sequence '\d'
[2026-02-04T10:04:28.270+0000] {logging_mixin.py:188} WARNING - /home/airflow/.local/lib/python3.12/site-packages/azure/synapse/artifacts/models/_models_py3.py:20234 SyntaxWarning: invalid escape sequence '\d'
[2026-02-04T10:04:28.271+0000] {logging_mixin.py:188} WARNING - /home/airflow/.local/lib/python3.12/site-packages/azure/synapse/artifacts/models/_models_py3.py:20289 SyntaxWarning: invalid escape sequence '\d'
[2026-02-04T10:04:28.273+0000] {logging_mixin.py:188} WARNING - /home/airflow/.local/lib/python3.12/site-packages/azure/synapse/artifacts/models/_models_py3.py:20862 SyntaxWarning: invalid escape sequence '\d'
[2026-02-04T10:04:28.274+0000] {logging_mixin.py:188} WARNING - /home/airflow/.local/lib/python3.12/site-packages/azure/synapse/artifacts/models/_models_py3.py:20921 SyntaxWarning: invalid escape sequence '\d'
[2026-02-04T10:04:28.276+0000] {logging_mixin.py:188} WARNING - /home/airflow/.local/lib/python3.12/site-packages/azure/synapse/artifacts/models/_models_py3.py:20960 SyntaxWarning: invalid escape sequence '\d'
[2026-02-04T10:04:28.277+0000] {logging_mixin.py:188} WARNING - /home/airflow/.local/lib/python3.12/site-packages/azure/synapse/artifacts/models/_models_py3.py:21014 SyntaxWarning: invalid escape sequence '\d'
[2026-02-04T10:04:28.281+0000] {logging_mixin.py:188} WARNING - /home/airflow/.local/lib/python3.12/site-packages/azure/synapse/artifacts/models/_models_py3.py:21316 SyntaxWarning: invalid escape sequence '\d'
[2026-02-04T10:04:28.282+0000] {logging_mixin.py:188} WARNING - /home/airflow/.local/lib/python3.12/site-packages/azure/synapse/artifacts/models/_models_py3.py:21377 SyntaxWarning: invalid escape sequence '\d'
[2026-02-04T10:04:28.283+0000] {logging_mixin.py:188} WARNING - /home/airflow/.local/lib/python3.12/site-packages/azure/synapse/artifacts/models/_models_py3.py:21418 SyntaxWarning: invalid escape sequence '\d'
[2026-02-04T10:04:28.284+0000] {logging_mixin.py:188} WARNING - /home/airflow/.local/lib/python3.12/site-packages/azure/synapse/artifacts/models/_models_py3.py:21478 SyntaxWarning: invalid escape sequence '\d'
[2026-02-04T10:04:28.286+0000] {logging_mixin.py:188} WARNING - /home/airflow/.local/lib/python3.12/site-packages/azure/synapse/artifacts/models/_models_py3.py:21612 SyntaxWarning: invalid escape sequence '\d'
[2026-02-04T10:04:28.287+0000] {logging_mixin.py:188} WARNING - /home/airflow/.local/lib/python3.12/site-packages/azure/synapse/artifacts/models/_models_py3.py:21668 SyntaxWarning: invalid escape sequence '\d'
[2026-02-04T10:04:28.289+0000] {logging_mixin.py:188} WARNING - /home/airflow/.local/lib/python3.12/site-packages/azure/synapse/artifacts/models/_models_py3.py:22155 SyntaxWarning: invalid escape sequence '\d'
[2026-02-04T10:04:28.290+0000] {logging_mixin.py:188} WARNING - /home/airflow/.local/lib/python3.12/site-packages/azure/synapse/artifacts/models/_models_py3.py:22218 SyntaxWarning: invalid escape sequence '\d'
[2026-02-04T10:04:28.292+0000] {logging_mixin.py:188} WARNING - /home/airflow/.local/lib/python3.12/site-packages/azure/synapse/artifacts/models/_models_py3.py:22559 SyntaxWarning: invalid escape sequence '\d'
[2026-02-04T10:04:28.293+0000] {logging_mixin.py:188} WARNING - /home/airflow/.local/lib/python3.12/site-packages/azure/synapse/artifacts/models/_models_py3.py:22626 SyntaxWarning: invalid escape sequence '\d'
[2026-02-04T10:04:28.294+0000] {logging_mixin.py:188} WARNING - /home/airflow/.local/lib/python3.12/site-packages/azure/synapse/artifacts/models/_models_py3.py:22671 SyntaxWarning: invalid escape sequence '\d'
[2026-02-04T10:04:28.295+0000] {logging_mixin.py:188} WARNING - /home/airflow/.local/lib/python3.12/site-packages/azure/synapse/artifacts/models/_models_py3.py:22722 SyntaxWarning: invalid escape sequence '\d'
[2026-02-04T10:04:28.296+0000] {logging_mixin.py:188} WARNING - /home/airflow/.local/lib/python3.12/site-packages/azure/synapse/artifacts/models/_models_py3.py:23061 SyntaxWarning: invalid escape sequence '\d'
[2026-02-04T10:04:28.297+0000] {logging_mixin.py:188} WARNING - /home/airflow/.local/lib/python3.12/site-packages/azure/synapse/artifacts/models/_models_py3.py:23128 SyntaxWarning: invalid escape sequence '\d'
[2026-02-04T10:04:28.298+0000] {logging_mixin.py:188} WARNING - /home/airflow/.local/lib/python3.12/site-packages/azure/synapse/artifacts/models/_models_py3.py:23173 SyntaxWarning: invalid escape sequence '\d'
[2026-02-04T10:04:28.299+0000] {logging_mixin.py:188} WARNING - /home/airflow/.local/lib/python3.12/site-packages/azure/synapse/artifacts/models/_models_py3.py:23224 SyntaxWarning: invalid escape sequence '\d'
[2026-02-04T10:04:28.300+0000] {logging_mixin.py:188} WARNING - /home/airflow/.local/lib/python3.12/site-packages/azure/synapse/artifacts/models/_models_py3.py:23511 SyntaxWarning: invalid escape sequence '\d'
[2026-02-04T10:04:28.301+0000] {logging_mixin.py:188} WARNING - /home/airflow/.local/lib/python3.12/site-packages/azure/synapse/artifacts/models/_models_py3.py:23567 SyntaxWarning: invalid escape sequence '\d'
[2026-02-04T10:04:28.303+0000] {logging_mixin.py:188} WARNING - /home/airflow/.local/lib/python3.12/site-packages/azure/synapse/artifacts/models/_models_py3.py:23968 SyntaxWarning: invalid escape sequence '\d'
[2026-02-04T10:04:28.304+0000] {logging_mixin.py:188} WARNING - /home/airflow/.local/lib/python3.12/site-packages/azure/synapse/artifacts/models/_models_py3.py:24018 SyntaxWarning: invalid escape sequence '\d'
[2026-02-04T10:04:28.307+0000] {logging_mixin.py:188} WARNING - /home/airflow/.local/lib/python3.12/site-packages/azure/synapse/artifacts/models/_models_py3.py:25343 SyntaxWarning: invalid escape sequence '\d'
[2026-02-04T10:04:28.308+0000] {logging_mixin.py:188} WARNING - /home/airflow/.local/lib/python3.12/site-packages/azure/synapse/artifacts/models/_models_py3.py:25398 SyntaxWarning: invalid escape sequence '\d'
[2026-02-04T10:04:28.309+0000] {logging_mixin.py:188} WARNING - /home/airflow/.local/lib/python3.12/site-packages/azure/synapse/artifacts/models/_models_py3.py:25434 SyntaxWarning: invalid escape sequence '\d'
[2026-02-04T10:04:28.310+0000] {logging_mixin.py:188} WARNING - /home/airflow/.local/lib/python3.12/site-packages/azure/synapse/artifacts/models/_models_py3.py:25485 SyntaxWarning: invalid escape sequence '\d'
[2026-02-04T10:04:28.313+0000] {logging_mixin.py:188} WARNING - /home/airflow/.local/lib/python3.12/site-packages/azure/synapse/artifacts/models/_models_py3.py:26723 SyntaxWarning: invalid escape sequence '\d'
[2026-02-04T10:04:28.315+0000] {logging_mixin.py:188} WARNING - /home/airflow/.local/lib/python3.12/site-packages/azure/synapse/artifacts/models/_models_py3.py:26779 SyntaxWarning: invalid escape sequence '\d'
[2026-02-04T10:04:28.316+0000] {logging_mixin.py:188} WARNING - /home/airflow/.local/lib/python3.12/site-packages/azure/synapse/artifacts/models/_models_py3.py:27121 SyntaxWarning: invalid escape sequence '\d'
[2026-02-04T10:04:28.317+0000] {logging_mixin.py:188} WARNING - /home/airflow/.local/lib/python3.12/site-packages/azure/synapse/artifacts/models/_models_py3.py:27177 SyntaxWarning: invalid escape sequence '\d'
[2026-02-04T10:04:28.319+0000] {logging_mixin.py:188} WARNING - /home/airflow/.local/lib/python3.12/site-packages/azure/synapse/artifacts/models/_models_py3.py:27461 SyntaxWarning: invalid escape sequence '\d'
[2026-02-04T10:04:28.320+0000] {logging_mixin.py:188} WARNING - /home/airflow/.local/lib/python3.12/site-packages/azure/synapse/artifacts/models/_models_py3.py:27517 SyntaxWarning: invalid escape sequence '\d'
[2026-02-04T10:04:28.322+0000] {logging_mixin.py:188} WARNING - /home/airflow/.local/lib/python3.12/site-packages/azure/synapse/artifacts/models/_models_py3.py:28053 SyntaxWarning: invalid escape sequence '\d'
[2026-02-04T10:04:28.323+0000] {logging_mixin.py:188} WARNING - /home/airflow/.local/lib/python3.12/site-packages/azure/synapse/artifacts/models/_models_py3.py:28109 SyntaxWarning: invalid escape sequence '\d'
[2026-02-04T10:04:28.325+0000] {logging_mixin.py:188} WARNING - /home/airflow/.local/lib/python3.12/site-packages/azure/synapse/artifacts/models/_models_py3.py:28536 SyntaxWarning: invalid escape sequence '\d'
[2026-02-04T10:04:28.326+0000] {logging_mixin.py:188} WARNING - /home/airflow/.local/lib/python3.12/site-packages/azure/synapse/artifacts/models/_models_py3.py:28592 SyntaxWarning: invalid escape sequence '\d'
[2026-02-04T10:04:28.328+0000] {logging_mixin.py:188} WARNING - /home/airflow/.local/lib/python3.12/site-packages/azure/synapse/artifacts/models/_models_py3.py:28932 SyntaxWarning: invalid escape sequence '\d'
[2026-02-04T10:04:28.329+0000] {logging_mixin.py:188} WARNING - /home/airflow/.local/lib/python3.12/site-packages/azure/synapse/artifacts/models/_models_py3.py:28982 SyntaxWarning: invalid escape sequence '\d'
[2026-02-04T10:04:28.333+0000] {logging_mixin.py:188} WARNING - /home/airflow/.local/lib/python3.12/site-packages/azure/synapse/artifacts/models/_models_py3.py:30727 SyntaxWarning: invalid escape sequence '\d'
[2026-02-04T10:04:28.334+0000] {logging_mixin.py:188} WARNING - /home/airflow/.local/lib/python3.12/site-packages/azure/synapse/artifacts/models/_models_py3.py:30783 SyntaxWarning: invalid escape sequence '\d'
[2026-02-04T10:04:28.335+0000] {logging_mixin.py:188} WARNING - /home/airflow/.local/lib/python3.12/site-packages/azure/synapse/artifacts/models/_models_py3.py:31296 SyntaxWarning: invalid escape sequence '\d'
[2026-02-04T10:04:28.337+0000] {logging_mixin.py:188} WARNING - /home/airflow/.local/lib/python3.12/site-packages/azure/synapse/artifacts/models/_models_py3.py:31344 SyntaxWarning: invalid escape sequence '\d'
[2026-02-04T10:04:28.338+0000] {logging_mixin.py:188} WARNING - /home/airflow/.local/lib/python3.12/site-packages/azure/synapse/artifacts/models/_models_py3.py:31617 SyntaxWarning: invalid escape sequence '\d'
[2026-02-04T10:04:28.340+0000] {logging_mixin.py:188} WARNING - /home/airflow/.local/lib/python3.12/site-packages/azure/synapse/artifacts/models/_models_py3.py:31673 SyntaxWarning: invalid escape sequence '\d'
[2026-02-04T10:04:28.341+0000] {logging_mixin.py:188} WARNING - /home/airflow/.local/lib/python3.12/site-packages/azure/synapse/artifacts/models/_models_py3.py:32120 SyntaxWarning: invalid escape sequence '\d'
[2026-02-04T10:04:28.342+0000] {logging_mixin.py:188} WARNING - /home/airflow/.local/lib/python3.12/site-packages/azure/synapse/artifacts/models/_models_py3.py:32176 SyntaxWarning: invalid escape sequence '\d'
[2026-02-04T10:04:28.344+0000] {logging_mixin.py:188} WARNING - /home/airflow/.local/lib/python3.12/site-packages/azure/synapse/artifacts/models/_models_py3.py:32339 SyntaxWarning: invalid escape sequence '\d'
[2026-02-04T10:04:28.345+0000] {logging_mixin.py:188} WARNING - /home/airflow/.local/lib/python3.12/site-packages/azure/synapse/artifacts/models/_models_py3.py:32395 SyntaxWarning: invalid escape sequence '\d'
[2026-02-04T10:04:28.346+0000] {logging_mixin.py:188} WARNING - /home/airflow/.local/lib/python3.12/site-packages/azure/synapse/artifacts/models/_models_py3.py:32432 SyntaxWarning: invalid escape sequence '\d'
[2026-02-04T10:04:28.347+0000] {logging_mixin.py:188} WARNING - /home/airflow/.local/lib/python3.12/site-packages/azure/synapse/artifacts/models/_models_py3.py:32487 SyntaxWarning: invalid escape sequence '\d'
[2026-02-04T10:04:28.350+0000] {logging_mixin.py:188} WARNING - /home/airflow/.local/lib/python3.12/site-packages/azure/synapse/artifacts/models/_models_py3.py:33502 SyntaxWarning: invalid escape sequence '\d'
[2026-02-04T10:04:28.351+0000] {logging_mixin.py:188} WARNING - /home/airflow/.local/lib/python3.12/site-packages/azure/synapse/artifacts/models/_models_py3.py:33558 SyntaxWarning: invalid escape sequence '\d'
[2026-02-04T10:04:28.353+0000] {logging_mixin.py:188} WARNING - /home/airflow/.local/lib/python3.12/site-packages/azure/synapse/artifacts/models/_models_py3.py:33869 SyntaxWarning: invalid escape sequence '\d'
[2026-02-04T10:04:28.353+0000] {logging_mixin.py:188} WARNING - /home/airflow/.local/lib/python3.12/site-packages/azure/synapse/artifacts/models/_models_py3.py:33928 SyntaxWarning: invalid escape sequence '\d'
[2026-02-04T10:04:28.354+0000] {logging_mixin.py:188} WARNING - /home/airflow/.local/lib/python3.12/site-packages/azure/synapse/artifacts/models/_models_py3.py:33967 SyntaxWarning: invalid escape sequence '\d'
[2026-02-04T10:04:28.355+0000] {logging_mixin.py:188} WARNING - /home/airflow/.local/lib/python3.12/site-packages/azure/synapse/artifacts/models/_models_py3.py:34021 SyntaxWarning: invalid escape sequence '\d'
[2026-02-04T10:04:28.357+0000] {logging_mixin.py:188} WARNING - /home/airflow/.local/lib/python3.12/site-packages/azure/synapse/artifacts/models/_models_py3.py:34739 SyntaxWarning: invalid escape sequence '\d'
[2026-02-04T10:04:28.357+0000] {logging_mixin.py:188} WARNING - /home/airflow/.local/lib/python3.12/site-packages/azure/synapse/artifacts/models/_models_py3.py:34806 SyntaxWarning: invalid escape sequence '\d'
[2026-02-04T10:04:28.358+0000] {logging_mixin.py:188} WARNING - /home/airflow/.local/lib/python3.12/site-packages/azure/synapse/artifacts/models/_models_py3.py:34852 SyntaxWarning: invalid escape sequence '\d'
[2026-02-04T10:04:28.359+0000] {logging_mixin.py:188} WARNING - /home/airflow/.local/lib/python3.12/site-packages/azure/synapse/artifacts/models/_models_py3.py:34908 SyntaxWarning: invalid escape sequence '\d'
[2026-02-04T10:04:28.362+0000] {logging_mixin.py:188} WARNING - /home/airflow/.local/lib/python3.12/site-packages/azure/synapse/artifacts/models/_models_py3.py:36915 SyntaxWarning: invalid escape sequence '\d'
[2026-02-04T10:04:28.363+0000] {logging_mixin.py:188} WARNING - /home/airflow/.local/lib/python3.12/site-packages/azure/synapse/artifacts/models/_models_py3.py:36971 SyntaxWarning: invalid escape sequence '\d'
[2026-02-04T10:04:28.365+0000] {logging_mixin.py:188} WARNING - /home/airflow/.local/lib/python3.12/site-packages/azure/synapse/artifacts/models/_models_py3.py:37417 SyntaxWarning: invalid escape sequence '\d'
[2026-02-04T10:04:28.366+0000] {logging_mixin.py:188} WARNING - /home/airflow/.local/lib/python3.12/site-packages/azure/synapse/artifacts/models/_models_py3.py:37473 SyntaxWarning: invalid escape sequence '\d'
[2026-02-04T10:04:28.367+0000] {logging_mixin.py:188} WARNING - /home/airflow/.local/lib/python3.12/site-packages/azure/synapse/artifacts/models/_models_py3.py:37845 SyntaxWarning: invalid escape sequence '\d'
[2026-02-04T10:04:28.368+0000] {logging_mixin.py:188} WARNING - /home/airflow/.local/lib/python3.12/site-packages/azure/synapse/artifacts/models/_models_py3.py:37901 SyntaxWarning: invalid escape sequence '\d'
[2026-02-04T10:04:28.370+0000] {logging_mixin.py:188} WARNING - /home/airflow/.local/lib/python3.12/site-packages/azure/synapse/artifacts/models/_models_py3.py:38208 SyntaxWarning: invalid escape sequence '\d'
[2026-02-04T10:04:28.371+0000] {logging_mixin.py:188} WARNING - /home/airflow/.local/lib/python3.12/site-packages/azure/synapse/artifacts/models/_models_py3.py:38264 SyntaxWarning: invalid escape sequence '\d'
[2026-02-04T10:04:28.372+0000] {logging_mixin.py:188} WARNING - /home/airflow/.local/lib/python3.12/site-packages/azure/synapse/artifacts/models/_models_py3.py:38301 SyntaxWarning: invalid escape sequence '\d'
[2026-02-04T10:04:28.373+0000] {logging_mixin.py:188} WARNING - /home/airflow/.local/lib/python3.12/site-packages/azure/synapse/artifacts/models/_models_py3.py:38351 SyntaxWarning: invalid escape sequence '\d'
[2026-02-04T10:04:28.374+0000] {logging_mixin.py:188} WARNING - /home/airflow/.local/lib/python3.12/site-packages/azure/synapse/artifacts/models/_models_py3.py:38690 SyntaxWarning: invalid escape sequence '\d'
[2026-02-04T10:04:28.376+0000] {logging_mixin.py:188} WARNING - /home/airflow/.local/lib/python3.12/site-packages/azure/synapse/artifacts/models/_models_py3.py:38758 SyntaxWarning: invalid escape sequence '\d'
[2026-02-04T10:04:28.377+0000] {logging_mixin.py:188} WARNING - /home/airflow/.local/lib/python3.12/site-packages/azure/synapse/artifacts/models/_models_py3.py:39141 SyntaxWarning: invalid escape sequence '\d'
[2026-02-04T10:04:28.378+0000] {logging_mixin.py:188} WARNING - /home/airflow/.local/lib/python3.12/site-packages/azure/synapse/artifacts/models/_models_py3.py:39192 SyntaxWarning: invalid escape sequence '\d'
[2026-02-04T10:04:28.380+0000] {logging_mixin.py:188} WARNING - /home/airflow/.local/lib/python3.12/site-packages/azure/synapse/artifacts/models/_models_py3.py:39419 SyntaxWarning: invalid escape sequence '\d'
[2026-02-04T10:04:28.381+0000] {logging_mixin.py:188} WARNING - /home/airflow/.local/lib/python3.12/site-packages/azure/synapse/artifacts/models/_models_py3.py:39487 SyntaxWarning: invalid escape sequence '\d'
[2026-02-04T10:04:28.382+0000] {logging_mixin.py:188} WARNING - /home/airflow/.local/lib/python3.12/site-packages/azure/synapse/artifacts/models/_models_py3.py:39683 SyntaxWarning: invalid escape sequence '\d'
[2026-02-04T10:04:28.383+0000] {logging_mixin.py:188} WARNING - /home/airflow/.local/lib/python3.12/site-packages/azure/synapse/artifacts/models/_models_py3.py:39738 SyntaxWarning: invalid escape sequence '\d'
[2026-02-04T10:04:28.384+0000] {logging_mixin.py:188} WARNING - /home/airflow/.local/lib/python3.12/site-packages/azure/synapse/artifacts/models/_models_py3.py:40019 SyntaxWarning: invalid escape sequence '\d'
[2026-02-04T10:04:28.386+0000] {logging_mixin.py:188} WARNING - /home/airflow/.local/lib/python3.12/site-packages/azure/synapse/artifacts/models/_models_py3.py:40084 SyntaxWarning: invalid escape sequence '\d'
[2026-02-04T10:04:28.388+0000] {logging_mixin.py:188} WARNING - /home/airflow/.local/lib/python3.12/site-packages/azure/synapse/artifacts/models/_models_py3.py:41138 SyntaxWarning: invalid escape sequence '\d'
[2026-02-04T10:04:28.389+0000] {logging_mixin.py:188} WARNING - /home/airflow/.local/lib/python3.12/site-packages/azure/synapse/artifacts/models/_models_py3.py:41196 SyntaxWarning: invalid escape sequence '\d'
[2026-02-04T10:04:28.390+0000] {logging_mixin.py:188} WARNING - /home/airflow/.local/lib/python3.12/site-packages/azure/synapse/artifacts/models/_models_py3.py:41359 SyntaxWarning: invalid escape sequence '\d'
[2026-02-04T10:04:28.392+0000] {logging_mixin.py:188} WARNING - /home/airflow/.local/lib/python3.12/site-packages/azure/synapse/artifacts/models/_models_py3.py:41415 SyntaxWarning: invalid escape sequence '\d'
[2026-02-04T10:04:28.393+0000] {logging_mixin.py:188} WARNING - /home/airflow/.local/lib/python3.12/site-packages/azure/synapse/artifacts/models/_models_py3.py:41452 SyntaxWarning: invalid escape sequence '\d'
[2026-02-04T10:04:28.394+0000] {logging_mixin.py:188} WARNING - /home/airflow/.local/lib/python3.12/site-packages/azure/synapse/artifacts/models/_models_py3.py:41507 SyntaxWarning: invalid escape sequence '\d'
[2026-02-04T10:04:28.395+0000] {logging_mixin.py:188} WARNING - /home/airflow/.local/lib/python3.12/site-packages/azure/synapse/artifacts/models/_models_py3.py:41875 SyntaxWarning: invalid escape sequence '\d'
[2026-02-04T10:04:28.397+0000] {logging_mixin.py:188} WARNING - /home/airflow/.local/lib/python3.12/site-packages/azure/synapse/artifacts/models/_models_py3.py:41947 SyntaxWarning: invalid escape sequence '\d'
[2026-02-04T10:04:28.405+0000] {logging_mixin.py:188} WARNING - /home/airflow/.local/lib/python3.12/site-packages/azure/synapse/artifacts/models/_models_py3.py:42441 SyntaxWarning: invalid escape sequence '\d'
[2026-02-04T10:04:28.407+0000] {logging_mixin.py:188} WARNING - /home/airflow/.local/lib/python3.12/site-packages/azure/synapse/artifacts/models/_models_py3.py:42497 SyntaxWarning: invalid escape sequence '\d'
[2026-02-04T10:04:28.408+0000] {logging_mixin.py:188} WARNING - /home/airflow/.local/lib/python3.12/site-packages/azure/synapse/artifacts/models/_models_py3.py:42534 SyntaxWarning: invalid escape sequence '\d'
[2026-02-04T10:04:28.409+0000] {logging_mixin.py:188} WARNING - /home/airflow/.local/lib/python3.12/site-packages/azure/synapse/artifacts/models/_models_py3.py:42590 SyntaxWarning: invalid escape sequence '\d'
[2026-02-04T10:04:28.410+0000] {logging_mixin.py:188} WARNING - /home/airflow/.local/lib/python3.12/site-packages/azure/synapse/artifacts/models/_models_py3.py:42627 SyntaxWarning: invalid escape sequence '\d'
[2026-02-04T10:04:28.411+0000] {logging_mixin.py:188} WARNING - /home/airflow/.local/lib/python3.12/site-packages/azure/synapse/artifacts/models/_models_py3.py:42692 SyntaxWarning: invalid escape sequence '\d'
[2026-02-04T10:04:28.413+0000] {logging_mixin.py:188} WARNING - /home/airflow/.local/lib/python3.12/site-packages/azure/synapse/artifacts/models/_models_py3.py:43020 SyntaxWarning: invalid escape sequence '\d'
[2026-02-04T10:04:28.414+0000] {logging_mixin.py:188} WARNING - /home/airflow/.local/lib/python3.12/site-packages/azure/synapse/artifacts/models/_models_py3.py:43079 SyntaxWarning: invalid escape sequence '\d'
[2026-02-04T10:04:28.416+0000] {logging_mixin.py:188} WARNING - /home/airflow/.local/lib/python3.12/site-packages/azure/synapse/artifacts/models/_models_py3.py:43118 SyntaxWarning: invalid escape sequence '\d'
[2026-02-04T10:04:28.418+0000] {logging_mixin.py:188} WARNING - /home/airflow/.local/lib/python3.12/site-packages/azure/synapse/artifacts/models/_models_py3.py:43168 SyntaxWarning: invalid escape sequence '\d'
[2026-02-04T10:04:28.419+0000] {logging_mixin.py:188} WARNING - /home/airflow/.local/lib/python3.12/site-packages/azure/synapse/artifacts/models/_models_py3.py:43514 SyntaxWarning: invalid escape sequence '\d'
[2026-02-04T10:04:28.420+0000] {logging_mixin.py:188} WARNING - /home/airflow/.local/lib/python3.12/site-packages/azure/synapse/artifacts/models/_models_py3.py:43573 SyntaxWarning: invalid escape sequence '\d'
[2026-02-04T10:04:28.421+0000] {logging_mixin.py:188} WARNING - /home/airflow/.local/lib/python3.12/site-packages/azure/synapse/artifacts/models/_models_py3.py:43612 SyntaxWarning: invalid escape sequence '\d'
[2026-02-04T10:04:28.422+0000] {logging_mixin.py:188} WARNING - /home/airflow/.local/lib/python3.12/site-packages/azure/synapse/artifacts/models/_models_py3.py:43666 SyntaxWarning: invalid escape sequence '\d'
[2026-02-04T10:04:28.424+0000] {logging_mixin.py:188} WARNING - /home/airflow/.local/lib/python3.12/site-packages/azure/synapse/artifacts/models/_models_py3.py:43989 SyntaxWarning: invalid escape sequence '\d'
[2026-02-04T10:04:28.425+0000] {logging_mixin.py:188} WARNING - /home/airflow/.local/lib/python3.12/site-packages/azure/synapse/artifacts/models/_models_py3.py:44045 SyntaxWarning: invalid escape sequence '\d'
[2026-02-04T10:04:28.427+0000] {logging_mixin.py:188} WARNING - /home/airflow/.local/lib/python3.12/site-packages/azure/synapse/artifacts/models/_models_py3.py:44386 SyntaxWarning: invalid escape sequence '\d'
[2026-02-04T10:04:28.428+0000] {logging_mixin.py:188} WARNING - /home/airflow/.local/lib/python3.12/site-packages/azure/synapse/artifacts/models/_models_py3.py:44442 SyntaxWarning: invalid escape sequence '\d'
[2026-02-04T10:04:28.431+0000] {logging_mixin.py:188} WARNING - /home/airflow/.local/lib/python3.12/site-packages/azure/synapse/artifacts/models/_models_py3.py:45003 SyntaxWarning: invalid escape sequence '\d'
[2026-02-04T10:04:28.432+0000] {logging_mixin.py:188} WARNING - /home/airflow/.local/lib/python3.12/site-packages/azure/synapse/artifacts/models/_models_py3.py:45058 SyntaxWarning: invalid escape sequence '\d'
[2026-02-04T10:04:28.434+0000] {logging_mixin.py:188} WARNING - /home/airflow/.local/lib/python3.12/site-packages/azure/synapse/artifacts/models/_models_py3.py:45444 SyntaxWarning: invalid escape sequence '\d'
[2026-02-04T10:04:28.435+0000] {logging_mixin.py:188} WARNING - /home/airflow/.local/lib/python3.12/site-packages/azure/synapse/artifacts/models/_models_py3.py:45499 SyntaxWarning: invalid escape sequence '\d'
[2026-02-04T10:04:28.437+0000] {logging_mixin.py:188} WARNING - /home/airflow/.local/lib/python3.12/site-packages/azure/synapse/artifacts/models/_models_py3.py:46042 SyntaxWarning: invalid escape sequence '\d'
[2026-02-04T10:04:28.438+0000] {logging_mixin.py:188} WARNING - /home/airflow/.local/lib/python3.12/site-packages/azure/synapse/artifacts/models/_models_py3.py:46098 SyntaxWarning: invalid escape sequence '\d'
[2026-02-04T10:04:28.440+0000] {logging_mixin.py:188} WARNING - /home/airflow/.local/lib/python3.12/site-packages/azure/synapse/artifacts/models/_models_py3.py:46702 SyntaxWarning: invalid escape sequence '\d'
[2026-02-04T10:04:28.441+0000] {logging_mixin.py:188} WARNING - /home/airflow/.local/lib/python3.12/site-packages/azure/synapse/artifacts/models/_models_py3.py:46758 SyntaxWarning: invalid escape sequence '\d'
[2026-02-04T10:04:28.442+0000] {logging_mixin.py:188} WARNING - /home/airflow/.local/lib/python3.12/site-packages/azure/synapse/artifacts/models/_models_py3.py:47000 SyntaxWarning: invalid escape sequence '\d'
[2026-02-04T10:04:28.444+0000] {logging_mixin.py:188} WARNING - /home/airflow/.local/lib/python3.12/site-packages/azure/synapse/artifacts/models/_models_py3.py:47050 SyntaxWarning: invalid escape sequence '\d'
[2026-02-04T10:04:28.445+0000] {logging_mixin.py:188} WARNING - /home/airflow/.local/lib/python3.12/site-packages/azure/synapse/artifacts/models/_models_py3.py:47648 SyntaxWarning: invalid escape sequence '\d'
[2026-02-04T10:04:28.447+0000] {logging_mixin.py:188} WARNING - /home/airflow/.local/lib/python3.12/site-packages/azure/synapse/artifacts/models/_models_py3.py:47704 SyntaxWarning: invalid escape sequence '\d'
[2026-02-04T10:04:28.449+0000] {logging_mixin.py:188} WARNING - /home/airflow/.local/lib/python3.12/site-packages/azure/synapse/artifacts/models/_models_py3.py:48113 SyntaxWarning: invalid escape sequence '\d'
[2026-02-04T10:04:28.450+0000] {logging_mixin.py:188} WARNING - /home/airflow/.local/lib/python3.12/site-packages/azure/synapse/artifacts/models/_models_py3.py:48190 SyntaxWarning: invalid escape sequence '\d'
[2026-02-04T10:04:28.452+0000] {logging_mixin.py:188} WARNING - /home/airflow/.local/lib/python3.12/site-packages/azure/synapse/artifacts/models/_models_py3.py:48244 SyntaxWarning: invalid escape sequence '\d'
[2026-02-04T10:04:28.453+0000] {logging_mixin.py:188} WARNING - /home/airflow/.local/lib/python3.12/site-packages/azure/synapse/artifacts/models/_models_py3.py:48321 SyntaxWarning: invalid escape sequence '\d'
[2026-02-04T10:04:28.456+0000] {logging_mixin.py:188} WARNING - /home/airflow/.local/lib/python3.12/site-packages/azure/synapse/artifacts/models/_models_py3.py:49499 SyntaxWarning: invalid escape sequence '\d'
[2026-02-04T10:04:28.457+0000] {logging_mixin.py:188} WARNING - /home/airflow/.local/lib/python3.12/site-packages/azure/synapse/artifacts/models/_models_py3.py:49555 SyntaxWarning: invalid escape sequence '\d'
[2026-02-04T10:04:28.458+0000] {logging_mixin.py:188} WARNING - /home/airflow/.local/lib/python3.12/site-packages/azure/synapse/artifacts/models/_models_py3.py:49932 SyntaxWarning: invalid escape sequence '\d'
[2026-02-04T10:04:28.459+0000] {logging_mixin.py:188} WARNING - /home/airflow/.local/lib/python3.12/site-packages/azure/synapse/artifacts/models/_models_py3.py:50002 SyntaxWarning: invalid escape sequence '\d'
[2026-02-04T10:04:28.461+0000] {logging_mixin.py:188} WARNING - /home/airflow/.local/lib/python3.12/site-packages/azure/synapse/artifacts/models/_models_py3.py:50052 SyntaxWarning: invalid escape sequence '\d'
[2026-02-04T10:04:28.462+0000] {logging_mixin.py:188} WARNING - /home/airflow/.local/lib/python3.12/site-packages/azure/synapse/artifacts/models/_models_py3.py:50107 SyntaxWarning: invalid escape sequence '\d'
[2026-02-04T10:04:28.463+0000] {logging_mixin.py:188} WARNING - /home/airflow/.local/lib/python3.12/site-packages/azure/synapse/artifacts/models/_models_py3.py:50379 SyntaxWarning: invalid escape sequence '\d'
[2026-02-04T10:04:28.465+0000] {logging_mixin.py:188} WARNING - /home/airflow/.local/lib/python3.12/site-packages/azure/synapse/artifacts/models/_models_py3.py:50449 SyntaxWarning: invalid escape sequence '\d'
[2026-02-04T10:04:28.466+0000] {logging_mixin.py:188} WARNING - /home/airflow/.local/lib/python3.12/site-packages/azure/synapse/artifacts/models/_models_py3.py:50499 SyntaxWarning: invalid escape sequence '\d'
[2026-02-04T10:04:28.467+0000] {logging_mixin.py:188} WARNING - /home/airflow/.local/lib/python3.12/site-packages/azure/synapse/artifacts/models/_models_py3.py:50554 SyntaxWarning: invalid escape sequence '\d'
[2026-02-04T10:04:28.468+0000] {logging_mixin.py:188} WARNING - /home/airflow/.local/lib/python3.12/site-packages/azure/synapse/artifacts/models/_models_py3.py:50590 SyntaxWarning: invalid escape sequence '\d'
[2026-02-04T10:04:28.469+0000] {logging_mixin.py:188} WARNING - /home/airflow/.local/lib/python3.12/site-packages/azure/synapse/artifacts/models/_models_py3.py:50660 SyntaxWarning: invalid escape sequence '\d'
[2026-02-04T10:04:28.470+0000] {logging_mixin.py:188} WARNING - /home/airflow/.local/lib/python3.12/site-packages/azure/synapse/artifacts/models/_models_py3.py:50710 SyntaxWarning: invalid escape sequence '\d'
[2026-02-04T10:04:28.472+0000] {logging_mixin.py:188} WARNING - /home/airflow/.local/lib/python3.12/site-packages/azure/synapse/artifacts/models/_models_py3.py:50770 SyntaxWarning: invalid escape sequence '\d'
[2026-02-04T10:04:28.473+0000] {logging_mixin.py:188} WARNING - /home/airflow/.local/lib/python3.12/site-packages/azure/synapse/artifacts/models/_models_py3.py:51046 SyntaxWarning: invalid escape sequence '\d'
[2026-02-04T10:04:28.474+0000] {logging_mixin.py:188} WARNING - /home/airflow/.local/lib/python3.12/site-packages/azure/synapse/artifacts/models/_models_py3.py:51116 SyntaxWarning: invalid escape sequence '\d'
[2026-02-04T10:04:28.476+0000] {logging_mixin.py:188} WARNING - /home/airflow/.local/lib/python3.12/site-packages/azure/synapse/artifacts/models/_models_py3.py:51166 SyntaxWarning: invalid escape sequence '\d'
[2026-02-04T10:04:28.477+0000] {logging_mixin.py:188} WARNING - /home/airflow/.local/lib/python3.12/site-packages/azure/synapse/artifacts/models/_models_py3.py:51226 SyntaxWarning: invalid escape sequence '\d'
[2026-02-04T10:04:28.478+0000] {logging_mixin.py:188} WARNING - /home/airflow/.local/lib/python3.12/site-packages/azure/synapse/artifacts/models/_models_py3.py:51485 SyntaxWarning: invalid escape sequence '\d'
[2026-02-04T10:04:28.480+0000] {logging_mixin.py:188} WARNING - /home/airflow/.local/lib/python3.12/site-packages/azure/synapse/artifacts/models/_models_py3.py:51540 SyntaxWarning: invalid escape sequence '\d'
[2026-02-04T10:04:28.481+0000] {logging_mixin.py:188} WARNING - /home/airflow/.local/lib/python3.12/site-packages/azure/synapse/artifacts/models/_models_py3.py:51787 SyntaxWarning: invalid escape sequence '\d'
[2026-02-04T10:04:28.482+0000] {logging_mixin.py:188} WARNING - /home/airflow/.local/lib/python3.12/site-packages/azure/synapse/artifacts/models/_models_py3.py:51851 SyntaxWarning: invalid escape sequence '\d'
[2026-02-04T10:04:28.483+0000] {logging_mixin.py:188} WARNING - /home/airflow/.local/lib/python3.12/site-packages/azure/synapse/artifacts/models/_models_py3.py:51895 SyntaxWarning: invalid escape sequence '\d'
[2026-02-04T10:04:28.485+0000] {logging_mixin.py:188} WARNING - /home/airflow/.local/lib/python3.12/site-packages/azure/synapse/artifacts/models/_models_py3.py:51958 SyntaxWarning: invalid escape sequence '\d'
[2026-02-04T10:04:28.486+0000] {logging_mixin.py:188} WARNING - /home/airflow/.local/lib/python3.12/site-packages/azure/synapse/artifacts/models/_models_py3.py:52212 SyntaxWarning: invalid escape sequence '\d'
[2026-02-04T10:04:28.487+0000] {logging_mixin.py:188} WARNING - /home/airflow/.local/lib/python3.12/site-packages/azure/synapse/artifacts/models/_models_py3.py:52275 SyntaxWarning: invalid escape sequence '\d'
[2026-02-04T10:04:28.488+0000] {logging_mixin.py:188} WARNING - /home/airflow/.local/lib/python3.12/site-packages/azure/synapse/artifacts/models/_models_py3.py:52463 SyntaxWarning: invalid escape sequence '\d'
[2026-02-04T10:04:28.490+0000] {logging_mixin.py:188} WARNING - /home/airflow/.local/lib/python3.12/site-packages/azure/synapse/artifacts/models/_models_py3.py:52532 SyntaxWarning: invalid escape sequence '\d'
[2026-02-04T10:04:28.491+0000] {logging_mixin.py:188} WARNING - /home/airflow/.local/lib/python3.12/site-packages/azure/synapse/artifacts/models/_models_py3.py:53040 SyntaxWarning: invalid escape sequence '\d'
[2026-02-04T10:04:28.492+0000] {logging_mixin.py:188} WARNING - /home/airflow/.local/lib/python3.12/site-packages/azure/synapse/artifacts/models/_models_py3.py:53111 SyntaxWarning: invalid escape sequence '\d'
[2026-02-04T10:04:28.493+0000] {logging_mixin.py:188} WARNING - /home/airflow/.local/lib/python3.12/site-packages/azure/synapse/artifacts/models/_models_py3.py:53334 SyntaxWarning: invalid escape sequence '\d'
[2026-02-04T10:04:28.495+0000] {logging_mixin.py:188} WARNING - /home/airflow/.local/lib/python3.12/site-packages/azure/synapse/artifacts/models/_models_py3.py:53407 SyntaxWarning: invalid escape sequence '\d'
[2026-02-04T10:04:28.496+0000] {logging_mixin.py:188} WARNING - /home/airflow/.local/lib/python3.12/site-packages/azure/synapse/artifacts/models/_models_py3.py:53961 SyntaxWarning: invalid escape sequence '\d'
[2026-02-04T10:04:28.497+0000] {logging_mixin.py:188} WARNING - /home/airflow/.local/lib/python3.12/site-packages/azure/synapse/artifacts/models/_models_py3.py:54059 SyntaxWarning: invalid escape sequence '\d'
[2026-02-04T10:04:28.499+0000] {logging_mixin.py:188} WARNING - /home/airflow/.local/lib/python3.12/site-packages/azure/synapse/artifacts/models/_models_py3.py:54322 SyntaxWarning: invalid escape sequence '\d'
[2026-02-04T10:04:28.500+0000] {logging_mixin.py:188} WARNING - /home/airflow/.local/lib/python3.12/site-packages/azure/synapse/artifacts/models/_models_py3.py:54398 SyntaxWarning: invalid escape sequence '\d'
[2026-02-04T10:04:28.502+0000] {logging_mixin.py:188} WARNING - /home/airflow/.local/lib/python3.12/site-packages/azure/synapse/artifacts/models/_models_py3.py:55022 SyntaxWarning: invalid escape sequence '\d'
[2026-02-04T10:04:28.504+0000] {logging_mixin.py:188} WARNING - /home/airflow/.local/lib/python3.12/site-packages/azure/synapse/artifacts/models/_models_py3.py:55078 SyntaxWarning: invalid escape sequence '\d'
[2026-02-04T10:04:28.505+0000] {logging_mixin.py:188} WARNING - /home/airflow/.local/lib/python3.12/site-packages/azure/synapse/artifacts/models/_models_py3.py:55310 SyntaxWarning: invalid escape sequence '\d'
[2026-02-04T10:04:28.506+0000] {logging_mixin.py:188} WARNING - /home/airflow/.local/lib/python3.12/site-packages/azure/synapse/artifacts/models/_models_py3.py:55365 SyntaxWarning: invalid escape sequence '\d'
[2026-02-04T10:04:28.509+0000] {logging_mixin.py:188} WARNING - /home/airflow/.local/lib/python3.12/site-packages/azure/synapse/artifacts/models/_models_py3.py:56196 SyntaxWarning: invalid escape sequence '\d'
[2026-02-04T10:04:28.510+0000] {logging_mixin.py:188} WARNING - /home/airflow/.local/lib/python3.12/site-packages/azure/synapse/artifacts/models/_models_py3.py:56248 SyntaxWarning: invalid escape sequence '\d'
[2026-02-04T10:04:28.512+0000] {logging_mixin.py:188} WARNING - /home/airflow/.local/lib/python3.12/site-packages/azure/synapse/artifacts/models/_models_py3.py:56508 SyntaxWarning: invalid escape sequence '\d'
[2026-02-04T10:04:28.513+0000] {logging_mixin.py:188} WARNING - /home/airflow/.local/lib/python3.12/site-packages/azure/synapse/artifacts/models/_models_py3.py:56564 SyntaxWarning: invalid escape sequence '\d'
[2026-02-04T10:04:28.516+0000] {logging_mixin.py:188} WARNING - /home/airflow/.local/lib/python3.12/site-packages/azure/synapse/artifacts/models/_models_py3.py:57087 SyntaxWarning: invalid escape sequence '\d'
[2026-02-04T10:04:28.518+0000] {logging_mixin.py:188} WARNING - /home/airflow/.local/lib/python3.12/site-packages/azure/synapse/artifacts/models/_models_py3.py:57147 SyntaxWarning: invalid escape sequence '\d'
[2026-02-04T10:04:28.520+0000] {logging_mixin.py:188} WARNING - /home/airflow/.local/lib/python3.12/site-packages/azure/synapse/artifacts/models/_models_py3.py:57187 SyntaxWarning: invalid escape sequence '\d'
[2026-02-04T10:04:28.522+0000] {logging_mixin.py:188} WARNING - /home/airflow/.local/lib/python3.12/site-packages/azure/synapse/artifacts/models/_models_py3.py:57237 SyntaxWarning: invalid escape sequence '\d'
[2026-02-04T10:04:28.524+0000] {logging_mixin.py:188} WARNING - /home/airflow/.local/lib/python3.12/site-packages/azure/synapse/artifacts/models/_models_py3.py:57560 SyntaxWarning: invalid escape sequence '\d'
[2026-02-04T10:04:28.525+0000] {logging_mixin.py:188} WARNING - /home/airflow/.local/lib/python3.12/site-packages/azure/synapse/artifacts/models/_models_py3.py:57620 SyntaxWarning: invalid escape sequence '\d'
[2026-02-04T10:04:28.526+0000] {logging_mixin.py:188} WARNING - /home/airflow/.local/lib/python3.12/site-packages/azure/synapse/artifacts/models/_models_py3.py:57660 SyntaxWarning: invalid escape sequence '\d'
[2026-02-04T10:04:28.527+0000] {logging_mixin.py:188} WARNING - /home/airflow/.local/lib/python3.12/site-packages/azure/synapse/artifacts/models/_models_py3.py:57710 SyntaxWarning: invalid escape sequence '\d'
[2026-02-04T10:04:28.531+0000] {logging_mixin.py:188} WARNING - /home/airflow/.local/lib/python3.12/site-packages/azure/synapse/artifacts/models/_models_py3.py:59106 SyntaxWarning: invalid escape sequence '\d'
[2026-02-04T10:04:28.532+0000] {logging_mixin.py:188} WARNING - /home/airflow/.local/lib/python3.12/site-packages/azure/synapse/artifacts/models/_models_py3.py:59162 SyntaxWarning: invalid escape sequence '\d'
[2026-02-04T10:04:28.533+0000] {logging_mixin.py:188} WARNING - /home/airflow/.local/lib/python3.12/site-packages/azure/synapse/artifacts/models/_models_py3.py:59316 SyntaxWarning: invalid escape sequence '\d'
[2026-02-04T10:04:28.534+0000] {logging_mixin.py:188} WARNING - /home/airflow/.local/lib/python3.12/site-packages/azure/synapse/artifacts/models/_models_py3.py:59396 SyntaxWarning: invalid escape sequence '\d'
[2026-02-04T10:04:28.536+0000] {logging_mixin.py:188} WARNING - /home/airflow/.local/lib/python3.12/site-packages/azure/synapse/artifacts/models/_models_py3.py:59452 SyntaxWarning: invalid escape sequence '\d'
[2026-02-04T10:04:28.537+0000] {logging_mixin.py:188} WARNING - /home/airflow/.local/lib/python3.12/site-packages/azure/synapse/artifacts/models/_models_py3.py:59535 SyntaxWarning: invalid escape sequence '\d'
[2026-02-04T10:04:28.538+0000] {logging_mixin.py:188} WARNING - /home/airflow/.local/lib/python3.12/site-packages/azure/synapse/artifacts/models/_models_py3.py:59594 SyntaxWarning: invalid escape sequence '\d'
[2026-02-04T10:04:28.539+0000] {logging_mixin.py:188} WARNING - /home/airflow/.local/lib/python3.12/site-packages/azure/synapse/artifacts/models/_models_py3.py:59677 SyntaxWarning: invalid escape sequence '\d'
[2026-02-04T10:04:28.540+0000] {logging_mixin.py:188} WARNING - /home/airflow/.local/lib/python3.12/site-packages/azure/synapse/artifacts/models/_models_py3.py:59733 SyntaxWarning: invalid escape sequence '\d'
[2026-02-04T10:04:28.541+0000] {logging_mixin.py:188} WARNING - /home/airflow/.local/lib/python3.12/site-packages/azure/synapse/artifacts/models/_models_py3.py:59818 SyntaxWarning: invalid escape sequence '\d'
[2026-02-04T10:04:28.544+0000] {logging_mixin.py:188} WARNING - /home/airflow/.local/lib/python3.12/site-packages/azure/synapse/artifacts/models/_models_py3.py:60639 SyntaxWarning: invalid escape sequence '\d'
[2026-02-04T10:04:28.546+0000] {logging_mixin.py:188} WARNING - /home/airflow/.local/lib/python3.12/site-packages/azure/synapse/artifacts/models/_models_py3.py:60722 SyntaxWarning: invalid escape sequence '\d'
[2026-02-04T10:04:28.547+0000] {logging_mixin.py:188} WARNING - /home/airflow/.local/lib/python3.12/site-packages/azure/synapse/artifacts/models/_models_py3.py:60778 SyntaxWarning: invalid escape sequence '\d'
[2026-02-04T10:04:28.548+0000] {logging_mixin.py:188} WARNING - /home/airflow/.local/lib/python3.12/site-packages/azure/synapse/artifacts/models/_models_py3.py:60863 SyntaxWarning: invalid escape sequence '\d'
[2026-02-04T10:04:28.549+0000] {logging_mixin.py:188} WARNING - /home/airflow/.local/lib/python3.12/site-packages/azure/synapse/artifacts/models/_models_py3.py:61167 SyntaxWarning: invalid escape sequence '\d'
[2026-02-04T10:04:28.551+0000] {logging_mixin.py:188} WARNING - /home/airflow/.local/lib/python3.12/site-packages/azure/synapse/artifacts/models/_models_py3.py:61250 SyntaxWarning: invalid escape sequence '\d'
[2026-02-04T10:04:28.552+0000] {logging_mixin.py:188} WARNING - /home/airflow/.local/lib/python3.12/site-packages/azure/synapse/artifacts/models/_models_py3.py:61306 SyntaxWarning: invalid escape sequence '\d'
[2026-02-04T10:04:28.553+0000] {logging_mixin.py:188} WARNING - /home/airflow/.local/lib/python3.12/site-packages/azure/synapse/artifacts/models/_models_py3.py:61387 SyntaxWarning: invalid escape sequence '\d'
[2026-02-04T10:04:28.554+0000] {logging_mixin.py:188} WARNING - /home/airflow/.local/lib/python3.12/site-packages/azure/synapse/artifacts/models/_models_py3.py:61696 SyntaxWarning: invalid escape sequence '\d'
[2026-02-04T10:04:28.555+0000] {logging_mixin.py:188} WARNING - /home/airflow/.local/lib/python3.12/site-packages/azure/synapse/artifacts/models/_models_py3.py:61752 SyntaxWarning: invalid escape sequence '\d'
[2026-02-04T10:04:28.556+0000] {logging_mixin.py:188} WARNING - /home/airflow/.local/lib/python3.12/site-packages/azure/synapse/artifacts/models/_models_py3.py:61954 SyntaxWarning: invalid escape sequence '\d'
[2026-02-04T10:04:28.557+0000] {logging_mixin.py:188} WARNING - /home/airflow/.local/lib/python3.12/site-packages/azure/synapse/artifacts/models/_models_py3.py:61992 SyntaxWarning: invalid escape sequence '\d'
[2026-02-04T10:04:28.559+0000] {logging_mixin.py:188} WARNING - /home/airflow/.local/lib/python3.12/site-packages/azure/synapse/artifacts/models/_models_py3.py:62660 SyntaxWarning: invalid escape sequence '\d'
[2026-02-04T10:04:28.560+0000] {logging_mixin.py:188} WARNING - /home/airflow/.local/lib/python3.12/site-packages/azure/synapse/artifacts/models/_models_py3.py:62715 SyntaxWarning: invalid escape sequence '\d'
[2026-02-04T10:04:28.563+0000] {logging_mixin.py:188} WARNING - /home/airflow/.local/lib/python3.12/site-packages/azure/synapse/artifacts/models/_models_py3.py:63882 SyntaxWarning: invalid escape sequence '\d'
[2026-02-04T10:04:28.565+0000] {logging_mixin.py:188} WARNING - /home/airflow/.local/lib/python3.12/site-packages/azure/synapse/artifacts/models/_models_py3.py:63946 SyntaxWarning: invalid escape sequence '\d'
[2026-02-04T10:04:28.567+0000] {logging_mixin.py:188} WARNING - /home/airflow/.local/lib/python3.12/site-packages/azure/synapse/artifacts/models/_models_py3.py:64582 SyntaxWarning: invalid escape sequence '\d'
[2026-02-04T10:04:28.569+0000] {logging_mixin.py:188} WARNING - /home/airflow/.local/lib/python3.12/site-packages/azure/synapse/artifacts/models/_models_py3.py:64674 SyntaxWarning: invalid escape sequence '\d'
[2026-02-04T10:04:28.570+0000] {logging_mixin.py:188} WARNING - /home/airflow/.local/lib/python3.12/site-packages/azure/synapse/artifacts/models/_models_py3.py:64940 SyntaxWarning: invalid escape sequence '\d'
[2026-02-04T10:04:28.572+0000] {logging_mixin.py:188} WARNING - /home/airflow/.local/lib/python3.12/site-packages/azure/synapse/artifacts/models/_models_py3.py:65014 SyntaxWarning: invalid escape sequence '\d'
[2026-02-04T10:04:28.573+0000] {logging_mixin.py:188} WARNING - /home/airflow/.local/lib/python3.12/site-packages/azure/synapse/artifacts/models/_models_py3.py:65117 SyntaxWarning: invalid escape sequence '\d'
[2026-02-04T10:04:28.575+0000] {logging_mixin.py:188} WARNING - /home/airflow/.local/lib/python3.12/site-packages/azure/synapse/artifacts/models/_models_py3.py:65199 SyntaxWarning: invalid escape sequence '\d'
[2026-02-04T10:04:28.576+0000] {logging_mixin.py:188} WARNING - /home/airflow/.local/lib/python3.12/site-packages/azure/synapse/artifacts/models/_models_py3.py:65385 SyntaxWarning: invalid escape sequence '\d'
[2026-02-04T10:04:28.578+0000] {logging_mixin.py:188} WARNING - /home/airflow/.local/lib/python3.12/site-packages/azure/synapse/artifacts/models/_models_py3.py:65441 SyntaxWarning: invalid escape sequence '\d'
[2026-02-04T10:04:28.580+0000] {logging_mixin.py:188} WARNING - /home/airflow/.local/lib/python3.12/site-packages/azure/synapse/artifacts/models/_models_py3.py:65874 SyntaxWarning: invalid escape sequence '\d'
[2026-02-04T10:04:28.582+0000] {logging_mixin.py:188} WARNING - /home/airflow/.local/lib/python3.12/site-packages/azure/synapse/artifacts/models/_models_py3.py:65950 SyntaxWarning: invalid escape sequence '\d'
[2026-02-04T10:04:28.584+0000] {logging_mixin.py:188} WARNING - /home/airflow/.local/lib/python3.12/site-packages/azure/synapse/artifacts/models/_models_py3.py:66003 SyntaxWarning: invalid escape sequence '\d'
[2026-02-04T10:04:28.586+0000] {logging_mixin.py:188} WARNING - /home/airflow/.local/lib/python3.12/site-packages/azure/synapse/artifacts/models/_models_py3.py:66087 SyntaxWarning: invalid escape sequence '\d'
[2026-02-04T10:04:28.590+0000] {logging_mixin.py:188} WARNING - /home/airflow/.local/lib/python3.12/site-packages/azure/synapse/artifacts/models/_models_py3.py:66686 SyntaxWarning: invalid escape sequence '\d'
[2026-02-04T10:04:28.592+0000] {logging_mixin.py:188} WARNING - /home/airflow/.local/lib/python3.12/site-packages/azure/synapse/artifacts/models/_models_py3.py:66779 SyntaxWarning: invalid escape sequence '\d'
[2026-02-04T10:04:28.593+0000] {logging_mixin.py:188} WARNING - /home/airflow/.local/lib/python3.12/site-packages/azure/synapse/artifacts/models/_models_py3.py:66918 SyntaxWarning: invalid escape sequence '\d'
[2026-02-04T10:04:28.595+0000] {logging_mixin.py:188} WARNING - /home/airflow/.local/lib/python3.12/site-packages/azure/synapse/artifacts/models/_models_py3.py:66964 SyntaxWarning: invalid escape sequence '\d'
[2026-02-04T10:04:28.597+0000] {logging_mixin.py:188} WARNING - /home/airflow/.local/lib/python3.12/site-packages/azure/synapse/artifacts/models/_models_py3.py:67735 SyntaxWarning: invalid escape sequence '\d'
[2026-02-04T10:04:28.598+0000] {logging_mixin.py:188} WARNING - /home/airflow/.local/lib/python3.12/site-packages/azure/synapse/artifacts/models/_models_py3.py:67791 SyntaxWarning: invalid escape sequence '\d'
[2026-02-04T10:04:28.599+0000] {logging_mixin.py:188} WARNING - /home/airflow/.local/lib/python3.12/site-packages/azure/synapse/artifacts/models/_models_py3.py:68043 SyntaxWarning: invalid escape sequence '\d'
[2026-02-04T10:04:28.601+0000] {logging_mixin.py:188} WARNING - /home/airflow/.local/lib/python3.12/site-packages/azure/synapse/artifacts/models/_models_py3.py:68097 SyntaxWarning: invalid escape sequence '\d'
[2026-02-04T10:04:28.603+0000] {logging_mixin.py:188} WARNING - /home/airflow/.local/lib/python3.12/site-packages/azure/synapse/artifacts/models/_models_py3.py:68532 SyntaxWarning: invalid escape sequence '\d'
[2026-02-04T10:04:28.604+0000] {logging_mixin.py:188} WARNING - /home/airflow/.local/lib/python3.12/site-packages/azure/synapse/artifacts/models/_models_py3.py:68588 SyntaxWarning: invalid escape sequence '\d'
[2026-02-04T10:04:28.973+0000] {taskinstance.py:441} INFO - ::group::Post task execution logs
[2026-02-04T10:04:28.986+0000] {taskinstance.py:1206} INFO - Marking task as SUCCESS. dag_id=sales_ingestion_pipeline, task_id=trigger_silver_cleaning, run_id=scheduled__2026-02-04T09:55:00+00:00, execution_date=20260204T095500, start_date=20260204T100424, end_date=20260204T100428
[2026-02-04T10:04:29.048+0000] {local_task_job_runner.py:243} INFO - Task exited with return code 0
[2026-02-04T10:04:29.067+0000] {taskinstance.py:3503} INFO - 0 downstream tasks scheduled from follow-on schedule check
[2026-02-04T10:04:29.070+0000] {local_task_job_runner.py:222} INFO - ::endgroup::
