[2026-02-04T14:11:36.006+0000] {local_task_job_runner.py:120} INFO - ::group::Pre task execution logs
[2026-02-04T14:11:36.055+0000] {taskinstance.py:2076} INFO - Dependencies all met for dep_context=non-requeueable deps ti=<TaskInstance: sales_ingestion_pipeline.trigger_silver_cleaning scheduled__2026-02-04T14:00:00+00:00 [queued]>
[2026-02-04T14:11:36.069+0000] {taskinstance.py:2076} INFO - Dependencies all met for dep_context=requeueable deps ti=<TaskInstance: sales_ingestion_pipeline.trigger_silver_cleaning scheduled__2026-02-04T14:00:00+00:00 [queued]>
[2026-02-04T14:11:36.071+0000] {taskinstance.py:2306} INFO - Starting attempt 1 of 2
[2026-02-04T14:11:36.140+0000] {taskinstance.py:2330} INFO - Executing <Task(TriggerDagRunOperator): trigger_silver_cleaning> on 2026-02-04 14:00:00+00:00
[2026-02-04T14:11:36.154+0000] {standard_task_runner.py:90} INFO - Running: ['airflow', 'tasks', 'run', 'sales_ingestion_pipeline', 'trigger_silver_cleaning', 'scheduled__2026-02-04T14:00:00+00:00', '--job-id', '836', '--raw', '--subdir', 'DAGS_FOLDER/ingest_sales_dag.py', '--cfg-path', '/tmp/tmpfnjcm6x3']
[2026-02-04T14:11:36.161+0000] {standard_task_runner.py:91} INFO - Job 836: Subtask trigger_silver_cleaning
[2026-02-04T14:11:36.162+0000] {logging_mixin.py:188} WARNING - /home/airflow/.local/lib/python3.12/site-packages/airflow/task/task_runner/standard_task_runner.py:62 DeprecationWarning: This process (pid=58) is multi-threaded, use of fork() may lead to deadlocks in the child.
[2026-02-04T14:11:36.163+0000] {standard_task_runner.py:64} INFO - Started process 67 to run task
[2026-02-04T14:11:36.267+0000] {task_command.py:426} INFO - Running <TaskInstance: sales_ingestion_pipeline.trigger_silver_cleaning scheduled__2026-02-04T14:00:00+00:00 [running]> on host 5bc3d5fc68e5
[2026-02-04T14:11:36.452+0000] {taskinstance.py:2648} INFO - Exporting env vars: AIRFLOW_CTX_DAG_OWNER='you' AIRFLOW_CTX_DAG_ID='sales_ingestion_pipeline' AIRFLOW_CTX_TASK_ID='trigger_silver_cleaning' AIRFLOW_CTX_EXECUTION_DATE='2026-02-04T14:00:00+00:00' AIRFLOW_CTX_TRY_NUMBER='1' AIRFLOW_CTX_DAG_RUN_ID='scheduled__2026-02-04T14:00:00+00:00'
[2026-02-04T14:11:36.454+0000] {taskinstance.py:430} INFO - ::endgroup::
[2026-02-04T14:11:42.196+0000] {logging_mixin.py:188} WARNING - /home/airflow/.local/lib/python3.12/site-packages/azure/synapse/artifacts/models/_models_py3.py:175 SyntaxWarning: invalid escape sequence '\d'
[2026-02-04T14:11:42.199+0000] {logging_mixin.py:188} WARNING - /home/airflow/.local/lib/python3.12/site-packages/azure/synapse/artifacts/models/_models_py3.py:222 SyntaxWarning: invalid escape sequence '\d'
[2026-02-04T14:11:42.207+0000] {logging_mixin.py:188} WARNING - /home/airflow/.local/lib/python3.12/site-packages/azure/synapse/artifacts/models/_models_py3.py:1151 SyntaxWarning: invalid escape sequence '\d'
[2026-02-04T14:11:42.209+0000] {logging_mixin.py:188} WARNING - /home/airflow/.local/lib/python3.12/site-packages/azure/synapse/artifacts/models/_models_py3.py:1248 SyntaxWarning: invalid escape sequence '\d'
[2026-02-04T14:11:42.212+0000] {logging_mixin.py:188} WARNING - /home/airflow/.local/lib/python3.12/site-packages/azure/synapse/artifacts/models/_models_py3.py:1271 SyntaxWarning: invalid escape sequence '\d'
[2026-02-04T14:11:42.214+0000] {logging_mixin.py:188} WARNING - /home/airflow/.local/lib/python3.12/site-packages/azure/synapse/artifacts/models/_models_py3.py:1406 SyntaxWarning: invalid escape sequence '\d'
[2026-02-04T14:11:42.255+0000] {logging_mixin.py:188} WARNING - /home/airflow/.local/lib/python3.12/site-packages/azure/synapse/artifacts/models/_models_py3.py:1439 SyntaxWarning: invalid escape sequence '\d'
[2026-02-04T14:11:42.257+0000] {logging_mixin.py:188} WARNING - /home/airflow/.local/lib/python3.12/site-packages/azure/synapse/artifacts/models/_models_py3.py:1495 SyntaxWarning: invalid escape sequence '\d'
[2026-02-04T14:11:42.260+0000] {logging_mixin.py:188} WARNING - /home/airflow/.local/lib/python3.12/site-packages/azure/synapse/artifacts/models/_models_py3.py:1683 SyntaxWarning: invalid escape sequence '\d'
[2026-02-04T14:11:42.263+0000] {logging_mixin.py:188} WARNING - /home/airflow/.local/lib/python3.12/site-packages/azure/synapse/artifacts/models/_models_py3.py:1750 SyntaxWarning: invalid escape sequence '\d'
[2026-02-04T14:11:42.267+0000] {logging_mixin.py:188} WARNING - /home/airflow/.local/lib/python3.12/site-packages/azure/synapse/artifacts/models/_models_py3.py:2025 SyntaxWarning: invalid escape sequence '\d'
[2026-02-04T14:11:42.270+0000] {logging_mixin.py:188} WARNING - /home/airflow/.local/lib/python3.12/site-packages/azure/synapse/artifacts/models/_models_py3.py:2110 SyntaxWarning: invalid escape sequence '\d'
[2026-02-04T14:11:42.273+0000] {logging_mixin.py:188} WARNING - /home/airflow/.local/lib/python3.12/site-packages/azure/synapse/artifacts/models/_models_py3.py:2407 SyntaxWarning: invalid escape sequence '\d'
[2026-02-04T14:11:42.274+0000] {logging_mixin.py:188} WARNING - /home/airflow/.local/lib/python3.12/site-packages/azure/synapse/artifacts/models/_models_py3.py:2468 SyntaxWarning: invalid escape sequence '\d'
[2026-02-04T14:11:42.279+0000] {logging_mixin.py:188} WARNING - /home/airflow/.local/lib/python3.12/site-packages/azure/synapse/artifacts/models/_models_py3.py:3987 SyntaxWarning: invalid escape sequence '\d'
[2026-02-04T14:11:42.281+0000] {logging_mixin.py:188} WARNING - /home/airflow/.local/lib/python3.12/site-packages/azure/synapse/artifacts/models/_models_py3.py:4096 SyntaxWarning: invalid escape sequence '\d'
[2026-02-04T14:11:42.282+0000] {logging_mixin.py:188} WARNING - /home/airflow/.local/lib/python3.12/site-packages/azure/synapse/artifacts/models/_models_py3.py:4127 SyntaxWarning: invalid escape sequence '\d'
[2026-02-04T14:11:42.283+0000] {logging_mixin.py:188} WARNING - /home/airflow/.local/lib/python3.12/site-packages/azure/synapse/artifacts/models/_models_py3.py:4186 SyntaxWarning: invalid escape sequence '\d'
[2026-02-04T14:11:42.285+0000] {logging_mixin.py:188} WARNING - /home/airflow/.local/lib/python3.12/site-packages/azure/synapse/artifacts/models/_models_py3.py:4225 SyntaxWarning: invalid escape sequence '\d'
[2026-02-04T14:11:42.286+0000] {logging_mixin.py:188} WARNING - /home/airflow/.local/lib/python3.12/site-packages/azure/synapse/artifacts/models/_models_py3.py:4275 SyntaxWarning: invalid escape sequence '\d'
[2026-02-04T14:11:42.290+0000] {logging_mixin.py:188} WARNING - /home/airflow/.local/lib/python3.12/site-packages/azure/synapse/artifacts/models/_models_py3.py:5209 SyntaxWarning: invalid escape sequence '\d'
[2026-02-04T14:11:42.292+0000] {logging_mixin.py:188} WARNING - /home/airflow/.local/lib/python3.12/site-packages/azure/synapse/artifacts/models/_models_py3.py:5265 SyntaxWarning: invalid escape sequence '\d'
[2026-02-04T14:11:42.293+0000] {logging_mixin.py:188} WARNING - /home/airflow/.local/lib/python3.12/site-packages/azure/synapse/artifacts/models/_models_py3.py:5302 SyntaxWarning: invalid escape sequence '\d'
[2026-02-04T14:11:42.296+0000] {logging_mixin.py:188} WARNING - /home/airflow/.local/lib/python3.12/site-packages/azure/synapse/artifacts/models/_models_py3.py:5358 SyntaxWarning: invalid escape sequence '\d'
[2026-02-04T14:11:42.301+0000] {logging_mixin.py:188} WARNING - /home/airflow/.local/lib/python3.12/site-packages/azure/synapse/artifacts/models/_models_py3.py:6437 SyntaxWarning: invalid escape sequence '\d'
[2026-02-04T14:11:42.303+0000] {logging_mixin.py:188} WARNING - /home/airflow/.local/lib/python3.12/site-packages/azure/synapse/artifacts/models/_models_py3.py:6497 SyntaxWarning: invalid escape sequence '\d'
[2026-02-04T14:11:42.305+0000] {logging_mixin.py:188} WARNING - /home/airflow/.local/lib/python3.12/site-packages/azure/synapse/artifacts/models/_models_py3.py:6538 SyntaxWarning: invalid escape sequence '\d'
[2026-02-04T14:11:42.307+0000] {logging_mixin.py:188} WARNING - /home/airflow/.local/lib/python3.12/site-packages/azure/synapse/artifacts/models/_models_py3.py:6588 SyntaxWarning: invalid escape sequence '\d'
[2026-02-04T14:11:42.312+0000] {logging_mixin.py:188} WARNING - /home/airflow/.local/lib/python3.12/site-packages/azure/synapse/artifacts/models/_models_py3.py:7023 SyntaxWarning: invalid escape sequence '\d'
[2026-02-04T14:11:42.315+0000] {logging_mixin.py:188} WARNING - /home/airflow/.local/lib/python3.12/site-packages/azure/synapse/artifacts/models/_models_py3.py:7096 SyntaxWarning: invalid escape sequence '\d'
[2026-02-04T14:11:42.318+0000] {logging_mixin.py:188} WARNING - /home/airflow/.local/lib/python3.12/site-packages/azure/synapse/artifacts/models/_models_py3.py:7267 SyntaxWarning: invalid escape sequence '\d'
[2026-02-04T14:11:42.320+0000] {logging_mixin.py:188} WARNING - /home/airflow/.local/lib/python3.12/site-packages/azure/synapse/artifacts/models/_models_py3.py:7333 SyntaxWarning: invalid escape sequence '\d'
[2026-02-04T14:11:42.323+0000] {logging_mixin.py:188} WARNING - /home/airflow/.local/lib/python3.12/site-packages/azure/synapse/artifacts/models/_models_py3.py:7378 SyntaxWarning: invalid escape sequence '\d'
[2026-02-04T14:11:42.326+0000] {logging_mixin.py:188} WARNING - /home/airflow/.local/lib/python3.12/site-packages/azure/synapse/artifacts/models/_models_py3.py:7440 SyntaxWarning: invalid escape sequence '\d'
[2026-02-04T14:11:42.330+0000] {logging_mixin.py:188} WARNING - /home/airflow/.local/lib/python3.12/site-packages/azure/synapse/artifacts/models/_models_py3.py:8222 SyntaxWarning: invalid escape sequence '\d'
[2026-02-04T14:11:42.333+0000] {logging_mixin.py:188} WARNING - /home/airflow/.local/lib/python3.12/site-packages/azure/synapse/artifacts/models/_models_py3.py:8282 SyntaxWarning: invalid escape sequence '\d'
[2026-02-04T14:11:42.335+0000] {logging_mixin.py:188} WARNING - /home/airflow/.local/lib/python3.12/site-packages/azure/synapse/artifacts/models/_models_py3.py:8322 SyntaxWarning: invalid escape sequence '\d'
[2026-02-04T14:11:42.337+0000] {logging_mixin.py:188} WARNING - /home/airflow/.local/lib/python3.12/site-packages/azure/synapse/artifacts/models/_models_py3.py:8368 SyntaxWarning: invalid escape sequence '\d'
[2026-02-04T14:11:42.344+0000] {logging_mixin.py:188} WARNING - /home/airflow/.local/lib/python3.12/site-packages/azure/synapse/artifacts/models/_models_py3.py:9475 SyntaxWarning: invalid escape sequence '\d'
[2026-02-04T14:11:42.347+0000] {logging_mixin.py:188} WARNING - /home/airflow/.local/lib/python3.12/site-packages/azure/synapse/artifacts/models/_models_py3.py:9531 SyntaxWarning: invalid escape sequence '\d'
[2026-02-04T14:11:42.354+0000] {logging_mixin.py:188} WARNING - /home/airflow/.local/lib/python3.12/site-packages/azure/synapse/artifacts/models/_models_py3.py:10532 SyntaxWarning: invalid escape sequence '\d'
[2026-02-04T14:11:42.359+0000] {logging_mixin.py:188} WARNING - /home/airflow/.local/lib/python3.12/site-packages/azure/synapse/artifacts/models/_models_py3.py:10588 SyntaxWarning: invalid escape sequence '\d'
[2026-02-04T14:11:42.365+0000] {logging_mixin.py:188} WARNING - /home/airflow/.local/lib/python3.12/site-packages/azure/synapse/artifacts/models/_models_py3.py:10625 SyntaxWarning: invalid escape sequence '\d'
[2026-02-04T14:11:42.370+0000] {logging_mixin.py:188} WARNING - /home/airflow/.local/lib/python3.12/site-packages/azure/synapse/artifacts/models/_models_py3.py:10680 SyntaxWarning: invalid escape sequence '\d'
[2026-02-04T14:11:42.378+0000] {logging_mixin.py:188} WARNING - /home/airflow/.local/lib/python3.12/site-packages/azure/synapse/artifacts/models/_models_py3.py:10923 SyntaxWarning: invalid escape sequence '\d'
[2026-02-04T14:11:42.381+0000] {logging_mixin.py:188} WARNING - /home/airflow/.local/lib/python3.12/site-packages/azure/synapse/artifacts/models/_models_py3.py:10979 SyntaxWarning: invalid escape sequence '\d'
[2026-02-04T14:11:42.383+0000] {logging_mixin.py:188} WARNING - /home/airflow/.local/lib/python3.12/site-packages/azure/synapse/artifacts/models/_models_py3.py:11016 SyntaxWarning: invalid escape sequence '\d'
[2026-02-04T14:11:42.386+0000] {logging_mixin.py:188} WARNING - /home/airflow/.local/lib/python3.12/site-packages/azure/synapse/artifacts/models/_models_py3.py:11072 SyntaxWarning: invalid escape sequence '\d'
[2026-02-04T14:11:42.390+0000] {logging_mixin.py:188} WARNING - /home/airflow/.local/lib/python3.12/site-packages/azure/synapse/artifacts/models/_models_py3.py:11231 SyntaxWarning: invalid escape sequence '\d'
[2026-02-04T14:11:42.392+0000] {logging_mixin.py:188} WARNING - /home/airflow/.local/lib/python3.12/site-packages/azure/synapse/artifacts/models/_models_py3.py:11282 SyntaxWarning: invalid escape sequence '\d'
[2026-02-04T14:11:42.395+0000] {logging_mixin.py:188} WARNING - /home/airflow/.local/lib/python3.12/site-packages/azure/synapse/artifacts/models/_models_py3.py:11420 SyntaxWarning: invalid escape sequence '\d'
[2026-02-04T14:11:42.398+0000] {logging_mixin.py:188} WARNING - /home/airflow/.local/lib/python3.12/site-packages/azure/synapse/artifacts/models/_models_py3.py:11477 SyntaxWarning: invalid escape sequence '\d'
[2026-02-04T14:11:42.403+0000] {logging_mixin.py:188} WARNING - /home/airflow/.local/lib/python3.12/site-packages/azure/synapse/artifacts/models/_models_py3.py:12300 SyntaxWarning: invalid escape sequence '\d'
[2026-02-04T14:11:42.405+0000] {logging_mixin.py:188} WARNING - /home/airflow/.local/lib/python3.12/site-packages/azure/synapse/artifacts/models/_models_py3.py:12383 SyntaxWarning: invalid escape sequence '\d'
[2026-02-04T14:11:42.407+0000] {logging_mixin.py:188} WARNING - /home/airflow/.local/lib/python3.12/site-packages/azure/synapse/artifacts/models/_models_py3.py:12439 SyntaxWarning: invalid escape sequence '\d'
[2026-02-04T14:11:42.410+0000] {logging_mixin.py:188} WARNING - /home/airflow/.local/lib/python3.12/site-packages/azure/synapse/artifacts/models/_models_py3.py:12524 SyntaxWarning: invalid escape sequence '\d'
[2026-02-04T14:11:42.414+0000] {logging_mixin.py:188} WARNING - /home/airflow/.local/lib/python3.12/site-packages/azure/synapse/artifacts/models/_models_py3.py:13019 SyntaxWarning: invalid escape sequence '\d'
[2026-02-04T14:11:42.416+0000] {logging_mixin.py:188} WARNING - /home/airflow/.local/lib/python3.12/site-packages/azure/synapse/artifacts/models/_models_py3.py:13090 SyntaxWarning: invalid escape sequence '\d'
[2026-02-04T14:11:42.417+0000] {logging_mixin.py:188} WARNING - /home/airflow/.local/lib/python3.12/site-packages/azure/synapse/artifacts/models/_models_py3.py:13139 SyntaxWarning: invalid escape sequence '\d'
[2026-02-04T14:11:42.419+0000] {logging_mixin.py:188} WARNING - /home/airflow/.local/lib/python3.12/site-packages/azure/synapse/artifacts/models/_models_py3.py:13200 SyntaxWarning: invalid escape sequence '\d'
[2026-02-04T14:11:42.424+0000] {logging_mixin.py:188} WARNING - /home/airflow/.local/lib/python3.12/site-packages/azure/synapse/artifacts/models/_models_py3.py:13886 SyntaxWarning: invalid escape sequence '\d'
[2026-02-04T14:11:42.426+0000] {logging_mixin.py:188} WARNING - /home/airflow/.local/lib/python3.12/site-packages/azure/synapse/artifacts/models/_models_py3.py:13941 SyntaxWarning: invalid escape sequence '\d'
[2026-02-04T14:11:42.427+0000] {logging_mixin.py:188} WARNING - /home/airflow/.local/lib/python3.12/site-packages/azure/synapse/artifacts/models/_models_py3.py:13977 SyntaxWarning: invalid escape sequence '\d'
[2026-02-04T14:11:42.429+0000] {logging_mixin.py:188} WARNING - /home/airflow/.local/lib/python3.12/site-packages/azure/synapse/artifacts/models/_models_py3.py:14026 SyntaxWarning: invalid escape sequence '\d'
[2026-02-04T14:11:42.431+0000] {logging_mixin.py:188} WARNING - /home/airflow/.local/lib/python3.12/site-packages/azure/synapse/artifacts/models/_models_py3.py:14318 SyntaxWarning: invalid escape sequence '\d'
[2026-02-04T14:11:42.432+0000] {logging_mixin.py:188} WARNING - /home/airflow/.local/lib/python3.12/site-packages/azure/synapse/artifacts/models/_models_py3.py:14388 SyntaxWarning: invalid escape sequence '\d'
[2026-02-04T14:11:42.434+0000] {logging_mixin.py:188} WARNING - /home/airflow/.local/lib/python3.12/site-packages/azure/synapse/artifacts/models/_models_py3.py:14436 SyntaxWarning: invalid escape sequence '\d'
[2026-02-04T14:11:42.436+0000] {logging_mixin.py:188} WARNING - /home/airflow/.local/lib/python3.12/site-packages/azure/synapse/artifacts/models/_models_py3.py:14492 SyntaxWarning: invalid escape sequence '\d'
[2026-02-04T14:11:42.439+0000] {logging_mixin.py:188} WARNING - /home/airflow/.local/lib/python3.12/site-packages/azure/synapse/artifacts/models/_models_py3.py:14744 SyntaxWarning: invalid escape sequence '\d'
[2026-02-04T14:11:42.440+0000] {logging_mixin.py:188} WARNING - /home/airflow/.local/lib/python3.12/site-packages/azure/synapse/artifacts/models/_models_py3.py:14810 SyntaxWarning: invalid escape sequence '\d'
[2026-02-04T14:11:42.443+0000] {logging_mixin.py:188} WARNING - /home/airflow/.local/lib/python3.12/site-packages/azure/synapse/artifacts/models/_models_py3.py:15415 SyntaxWarning: invalid escape sequence '\d'
[2026-02-04T14:11:42.444+0000] {logging_mixin.py:188} WARNING - /home/airflow/.local/lib/python3.12/site-packages/azure/synapse/artifacts/models/_models_py3.py:15482 SyntaxWarning: invalid escape sequence '\d'
[2026-02-04T14:11:42.445+0000] {logging_mixin.py:188} WARNING - /home/airflow/.local/lib/python3.12/site-packages/azure/synapse/artifacts/models/_models_py3.py:15527 SyntaxWarning: invalid escape sequence '\d'
[2026-02-04T14:11:42.447+0000] {logging_mixin.py:188} WARNING - /home/airflow/.local/lib/python3.12/site-packages/azure/synapse/artifacts/models/_models_py3.py:15578 SyntaxWarning: invalid escape sequence '\d'
[2026-02-04T14:11:42.449+0000] {logging_mixin.py:188} WARNING - /home/airflow/.local/lib/python3.12/site-packages/azure/synapse/artifacts/models/_models_py3.py:15897 SyntaxWarning: invalid escape sequence '\d'
[2026-02-04T14:11:42.451+0000] {logging_mixin.py:188} WARNING - /home/airflow/.local/lib/python3.12/site-packages/azure/synapse/artifacts/models/_models_py3.py:15953 SyntaxWarning: invalid escape sequence '\d'
[2026-02-04T14:11:42.454+0000] {logging_mixin.py:188} WARNING - /home/airflow/.local/lib/python3.12/site-packages/azure/synapse/artifacts/models/_models_py3.py:16617 SyntaxWarning: invalid escape sequence '\d'
[2026-02-04T14:11:42.456+0000] {logging_mixin.py:188} WARNING - /home/airflow/.local/lib/python3.12/site-packages/azure/synapse/artifacts/models/_models_py3.py:16674 SyntaxWarning: invalid escape sequence '\d'
[2026-02-04T14:11:42.459+0000] {logging_mixin.py:188} WARNING - /home/airflow/.local/lib/python3.12/site-packages/azure/synapse/artifacts/models/_models_py3.py:16712 SyntaxWarning: invalid escape sequence '\d'
[2026-02-04T14:11:42.460+0000] {logging_mixin.py:188} WARNING - /home/airflow/.local/lib/python3.12/site-packages/azure/synapse/artifacts/models/_models_py3.py:16780 SyntaxWarning: invalid escape sequence '\d'
[2026-02-04T14:11:42.462+0000] {logging_mixin.py:188} WARNING - /home/airflow/.local/lib/python3.12/site-packages/azure/synapse/artifacts/models/_models_py3.py:16932 SyntaxWarning: invalid escape sequence '\d'
[2026-02-04T14:11:42.463+0000] {logging_mixin.py:188} WARNING - /home/airflow/.local/lib/python3.12/site-packages/azure/synapse/artifacts/models/_models_py3.py:16988 SyntaxWarning: invalid escape sequence '\d'
[2026-02-04T14:11:42.464+0000] {logging_mixin.py:188} WARNING - /home/airflow/.local/lib/python3.12/site-packages/azure/synapse/artifacts/models/_models_py3.py:17025 SyntaxWarning: invalid escape sequence '\d'
[2026-02-04T14:11:42.466+0000] {logging_mixin.py:188} WARNING - /home/airflow/.local/lib/python3.12/site-packages/azure/synapse/artifacts/models/_models_py3.py:17090 SyntaxWarning: invalid escape sequence '\d'
[2026-02-04T14:11:42.468+0000] {logging_mixin.py:188} WARNING - /home/airflow/.local/lib/python3.12/site-packages/azure/synapse/artifacts/models/_models_py3.py:17228 SyntaxWarning: invalid escape sequence '\d'
[2026-02-04T14:11:42.470+0000] {logging_mixin.py:188} WARNING - /home/airflow/.local/lib/python3.12/site-packages/azure/synapse/artifacts/models/_models_py3.py:17284 SyntaxWarning: invalid escape sequence '\d'
[2026-02-04T14:11:42.481+0000] {logging_mixin.py:188} WARNING - /home/airflow/.local/lib/python3.12/site-packages/azure/synapse/artifacts/models/_models_py3.py:20234 SyntaxWarning: invalid escape sequence '\d'
[2026-02-04T14:11:42.483+0000] {logging_mixin.py:188} WARNING - /home/airflow/.local/lib/python3.12/site-packages/azure/synapse/artifacts/models/_models_py3.py:20289 SyntaxWarning: invalid escape sequence '\d'
[2026-02-04T14:11:42.486+0000] {logging_mixin.py:188} WARNING - /home/airflow/.local/lib/python3.12/site-packages/azure/synapse/artifacts/models/_models_py3.py:20862 SyntaxWarning: invalid escape sequence '\d'
[2026-02-04T14:11:42.488+0000] {logging_mixin.py:188} WARNING - /home/airflow/.local/lib/python3.12/site-packages/azure/synapse/artifacts/models/_models_py3.py:20921 SyntaxWarning: invalid escape sequence '\d'
[2026-02-04T14:11:42.490+0000] {logging_mixin.py:188} WARNING - /home/airflow/.local/lib/python3.12/site-packages/azure/synapse/artifacts/models/_models_py3.py:20960 SyntaxWarning: invalid escape sequence '\d'
[2026-02-04T14:11:42.491+0000] {logging_mixin.py:188} WARNING - /home/airflow/.local/lib/python3.12/site-packages/azure/synapse/artifacts/models/_models_py3.py:21014 SyntaxWarning: invalid escape sequence '\d'
[2026-02-04T14:11:42.501+0000] {logging_mixin.py:188} WARNING - /home/airflow/.local/lib/python3.12/site-packages/azure/synapse/artifacts/models/_models_py3.py:21316 SyntaxWarning: invalid escape sequence '\d'
[2026-02-04T14:11:42.503+0000] {logging_mixin.py:188} WARNING - /home/airflow/.local/lib/python3.12/site-packages/azure/synapse/artifacts/models/_models_py3.py:21377 SyntaxWarning: invalid escape sequence '\d'
[2026-02-04T14:11:42.504+0000] {logging_mixin.py:188} WARNING - /home/airflow/.local/lib/python3.12/site-packages/azure/synapse/artifacts/models/_models_py3.py:21418 SyntaxWarning: invalid escape sequence '\d'
[2026-02-04T14:11:42.506+0000] {logging_mixin.py:188} WARNING - /home/airflow/.local/lib/python3.12/site-packages/azure/synapse/artifacts/models/_models_py3.py:21478 SyntaxWarning: invalid escape sequence '\d'
[2026-02-04T14:11:42.507+0000] {logging_mixin.py:188} WARNING - /home/airflow/.local/lib/python3.12/site-packages/azure/synapse/artifacts/models/_models_py3.py:21612 SyntaxWarning: invalid escape sequence '\d'
[2026-02-04T14:11:42.508+0000] {logging_mixin.py:188} WARNING - /home/airflow/.local/lib/python3.12/site-packages/azure/synapse/artifacts/models/_models_py3.py:21668 SyntaxWarning: invalid escape sequence '\d'
[2026-02-04T14:11:42.512+0000] {logging_mixin.py:188} WARNING - /home/airflow/.local/lib/python3.12/site-packages/azure/synapse/artifacts/models/_models_py3.py:22155 SyntaxWarning: invalid escape sequence '\d'
[2026-02-04T14:11:42.514+0000] {logging_mixin.py:188} WARNING - /home/airflow/.local/lib/python3.12/site-packages/azure/synapse/artifacts/models/_models_py3.py:22218 SyntaxWarning: invalid escape sequence '\d'
[2026-02-04T14:11:42.516+0000] {logging_mixin.py:188} WARNING - /home/airflow/.local/lib/python3.12/site-packages/azure/synapse/artifacts/models/_models_py3.py:22559 SyntaxWarning: invalid escape sequence '\d'
[2026-02-04T14:11:42.518+0000] {logging_mixin.py:188} WARNING - /home/airflow/.local/lib/python3.12/site-packages/azure/synapse/artifacts/models/_models_py3.py:22626 SyntaxWarning: invalid escape sequence '\d'
[2026-02-04T14:11:42.519+0000] {logging_mixin.py:188} WARNING - /home/airflow/.local/lib/python3.12/site-packages/azure/synapse/artifacts/models/_models_py3.py:22671 SyntaxWarning: invalid escape sequence '\d'
[2026-02-04T14:11:42.520+0000] {logging_mixin.py:188} WARNING - /home/airflow/.local/lib/python3.12/site-packages/azure/synapse/artifacts/models/_models_py3.py:22722 SyntaxWarning: invalid escape sequence '\d'
[2026-02-04T14:11:42.522+0000] {logging_mixin.py:188} WARNING - /home/airflow/.local/lib/python3.12/site-packages/azure/synapse/artifacts/models/_models_py3.py:23061 SyntaxWarning: invalid escape sequence '\d'
[2026-02-04T14:11:42.524+0000] {logging_mixin.py:188} WARNING - /home/airflow/.local/lib/python3.12/site-packages/azure/synapse/artifacts/models/_models_py3.py:23128 SyntaxWarning: invalid escape sequence '\d'
[2026-02-04T14:11:42.525+0000] {logging_mixin.py:188} WARNING - /home/airflow/.local/lib/python3.12/site-packages/azure/synapse/artifacts/models/_models_py3.py:23173 SyntaxWarning: invalid escape sequence '\d'
[2026-02-04T14:11:42.527+0000] {logging_mixin.py:188} WARNING - /home/airflow/.local/lib/python3.12/site-packages/azure/synapse/artifacts/models/_models_py3.py:23224 SyntaxWarning: invalid escape sequence '\d'
[2026-02-04T14:11:42.529+0000] {logging_mixin.py:188} WARNING - /home/airflow/.local/lib/python3.12/site-packages/azure/synapse/artifacts/models/_models_py3.py:23511 SyntaxWarning: invalid escape sequence '\d'
[2026-02-04T14:11:42.530+0000] {logging_mixin.py:188} WARNING - /home/airflow/.local/lib/python3.12/site-packages/azure/synapse/artifacts/models/_models_py3.py:23567 SyntaxWarning: invalid escape sequence '\d'
[2026-02-04T14:11:42.532+0000] {logging_mixin.py:188} WARNING - /home/airflow/.local/lib/python3.12/site-packages/azure/synapse/artifacts/models/_models_py3.py:23968 SyntaxWarning: invalid escape sequence '\d'
[2026-02-04T14:11:42.533+0000] {logging_mixin.py:188} WARNING - /home/airflow/.local/lib/python3.12/site-packages/azure/synapse/artifacts/models/_models_py3.py:24018 SyntaxWarning: invalid escape sequence '\d'
[2026-02-04T14:11:42.538+0000] {logging_mixin.py:188} WARNING - /home/airflow/.local/lib/python3.12/site-packages/azure/synapse/artifacts/models/_models_py3.py:25343 SyntaxWarning: invalid escape sequence '\d'
[2026-02-04T14:11:42.540+0000] {logging_mixin.py:188} WARNING - /home/airflow/.local/lib/python3.12/site-packages/azure/synapse/artifacts/models/_models_py3.py:25398 SyntaxWarning: invalid escape sequence '\d'
[2026-02-04T14:11:42.541+0000] {logging_mixin.py:188} WARNING - /home/airflow/.local/lib/python3.12/site-packages/azure/synapse/artifacts/models/_models_py3.py:25434 SyntaxWarning: invalid escape sequence '\d'
[2026-02-04T14:11:42.543+0000] {logging_mixin.py:188} WARNING - /home/airflow/.local/lib/python3.12/site-packages/azure/synapse/artifacts/models/_models_py3.py:25485 SyntaxWarning: invalid escape sequence '\d'
[2026-02-04T14:11:42.547+0000] {logging_mixin.py:188} WARNING - /home/airflow/.local/lib/python3.12/site-packages/azure/synapse/artifacts/models/_models_py3.py:26723 SyntaxWarning: invalid escape sequence '\d'
[2026-02-04T14:11:42.549+0000] {logging_mixin.py:188} WARNING - /home/airflow/.local/lib/python3.12/site-packages/azure/synapse/artifacts/models/_models_py3.py:26779 SyntaxWarning: invalid escape sequence '\d'
[2026-02-04T14:11:42.550+0000] {logging_mixin.py:188} WARNING - /home/airflow/.local/lib/python3.12/site-packages/azure/synapse/artifacts/models/_models_py3.py:27121 SyntaxWarning: invalid escape sequence '\d'
[2026-02-04T14:11:42.552+0000] {logging_mixin.py:188} WARNING - /home/airflow/.local/lib/python3.12/site-packages/azure/synapse/artifacts/models/_models_py3.py:27177 SyntaxWarning: invalid escape sequence '\d'
[2026-02-04T14:11:42.554+0000] {logging_mixin.py:188} WARNING - /home/airflow/.local/lib/python3.12/site-packages/azure/synapse/artifacts/models/_models_py3.py:27461 SyntaxWarning: invalid escape sequence '\d'
[2026-02-04T14:11:42.555+0000] {logging_mixin.py:188} WARNING - /home/airflow/.local/lib/python3.12/site-packages/azure/synapse/artifacts/models/_models_py3.py:27517 SyntaxWarning: invalid escape sequence '\d'
[2026-02-04T14:11:42.558+0000] {logging_mixin.py:188} WARNING - /home/airflow/.local/lib/python3.12/site-packages/azure/synapse/artifacts/models/_models_py3.py:28053 SyntaxWarning: invalid escape sequence '\d'
[2026-02-04T14:11:42.560+0000] {logging_mixin.py:188} WARNING - /home/airflow/.local/lib/python3.12/site-packages/azure/synapse/artifacts/models/_models_py3.py:28109 SyntaxWarning: invalid escape sequence '\d'
[2026-02-04T14:11:42.562+0000] {logging_mixin.py:188} WARNING - /home/airflow/.local/lib/python3.12/site-packages/azure/synapse/artifacts/models/_models_py3.py:28536 SyntaxWarning: invalid escape sequence '\d'
[2026-02-04T14:11:42.563+0000] {logging_mixin.py:188} WARNING - /home/airflow/.local/lib/python3.12/site-packages/azure/synapse/artifacts/models/_models_py3.py:28592 SyntaxWarning: invalid escape sequence '\d'
[2026-02-04T14:11:42.565+0000] {logging_mixin.py:188} WARNING - /home/airflow/.local/lib/python3.12/site-packages/azure/synapse/artifacts/models/_models_py3.py:28932 SyntaxWarning: invalid escape sequence '\d'
[2026-02-04T14:11:42.567+0000] {logging_mixin.py:188} WARNING - /home/airflow/.local/lib/python3.12/site-packages/azure/synapse/artifacts/models/_models_py3.py:28982 SyntaxWarning: invalid escape sequence '\d'
[2026-02-04T14:11:42.572+0000] {logging_mixin.py:188} WARNING - /home/airflow/.local/lib/python3.12/site-packages/azure/synapse/artifacts/models/_models_py3.py:30727 SyntaxWarning: invalid escape sequence '\d'
[2026-02-04T14:11:42.574+0000] {logging_mixin.py:188} WARNING - /home/airflow/.local/lib/python3.12/site-packages/azure/synapse/artifacts/models/_models_py3.py:30783 SyntaxWarning: invalid escape sequence '\d'
[2026-02-04T14:11:42.576+0000] {logging_mixin.py:188} WARNING - /home/airflow/.local/lib/python3.12/site-packages/azure/synapse/artifacts/models/_models_py3.py:31296 SyntaxWarning: invalid escape sequence '\d'
[2026-02-04T14:11:42.578+0000] {logging_mixin.py:188} WARNING - /home/airflow/.local/lib/python3.12/site-packages/azure/synapse/artifacts/models/_models_py3.py:31344 SyntaxWarning: invalid escape sequence '\d'
[2026-02-04T14:11:42.580+0000] {logging_mixin.py:188} WARNING - /home/airflow/.local/lib/python3.12/site-packages/azure/synapse/artifacts/models/_models_py3.py:31617 SyntaxWarning: invalid escape sequence '\d'
[2026-02-04T14:11:42.581+0000] {logging_mixin.py:188} WARNING - /home/airflow/.local/lib/python3.12/site-packages/azure/synapse/artifacts/models/_models_py3.py:31673 SyntaxWarning: invalid escape sequence '\d'
[2026-02-04T14:11:42.584+0000] {logging_mixin.py:188} WARNING - /home/airflow/.local/lib/python3.12/site-packages/azure/synapse/artifacts/models/_models_py3.py:32120 SyntaxWarning: invalid escape sequence '\d'
[2026-02-04T14:11:42.586+0000] {logging_mixin.py:188} WARNING - /home/airflow/.local/lib/python3.12/site-packages/azure/synapse/artifacts/models/_models_py3.py:32176 SyntaxWarning: invalid escape sequence '\d'
[2026-02-04T14:11:42.588+0000] {logging_mixin.py:188} WARNING - /home/airflow/.local/lib/python3.12/site-packages/azure/synapse/artifacts/models/_models_py3.py:32339 SyntaxWarning: invalid escape sequence '\d'
[2026-02-04T14:11:42.589+0000] {logging_mixin.py:188} WARNING - /home/airflow/.local/lib/python3.12/site-packages/azure/synapse/artifacts/models/_models_py3.py:32395 SyntaxWarning: invalid escape sequence '\d'
[2026-02-04T14:11:42.590+0000] {logging_mixin.py:188} WARNING - /home/airflow/.local/lib/python3.12/site-packages/azure/synapse/artifacts/models/_models_py3.py:32432 SyntaxWarning: invalid escape sequence '\d'
[2026-02-04T14:11:42.592+0000] {logging_mixin.py:188} WARNING - /home/airflow/.local/lib/python3.12/site-packages/azure/synapse/artifacts/models/_models_py3.py:32487 SyntaxWarning: invalid escape sequence '\d'
[2026-02-04T14:11:42.598+0000] {logging_mixin.py:188} WARNING - /home/airflow/.local/lib/python3.12/site-packages/azure/synapse/artifacts/models/_models_py3.py:33502 SyntaxWarning: invalid escape sequence '\d'
[2026-02-04T14:11:42.599+0000] {logging_mixin.py:188} WARNING - /home/airflow/.local/lib/python3.12/site-packages/azure/synapse/artifacts/models/_models_py3.py:33558 SyntaxWarning: invalid escape sequence '\d'
[2026-02-04T14:11:42.601+0000] {logging_mixin.py:188} WARNING - /home/airflow/.local/lib/python3.12/site-packages/azure/synapse/artifacts/models/_models_py3.py:33869 SyntaxWarning: invalid escape sequence '\d'
[2026-02-04T14:11:42.602+0000] {logging_mixin.py:188} WARNING - /home/airflow/.local/lib/python3.12/site-packages/azure/synapse/artifacts/models/_models_py3.py:33928 SyntaxWarning: invalid escape sequence '\d'
[2026-02-04T14:11:42.603+0000] {logging_mixin.py:188} WARNING - /home/airflow/.local/lib/python3.12/site-packages/azure/synapse/artifacts/models/_models_py3.py:33967 SyntaxWarning: invalid escape sequence '\d'
[2026-02-04T14:11:42.605+0000] {logging_mixin.py:188} WARNING - /home/airflow/.local/lib/python3.12/site-packages/azure/synapse/artifacts/models/_models_py3.py:34021 SyntaxWarning: invalid escape sequence '\d'
[2026-02-04T14:11:42.607+0000] {logging_mixin.py:188} WARNING - /home/airflow/.local/lib/python3.12/site-packages/azure/synapse/artifacts/models/_models_py3.py:34739 SyntaxWarning: invalid escape sequence '\d'
[2026-02-04T14:11:42.609+0000] {logging_mixin.py:188} WARNING - /home/airflow/.local/lib/python3.12/site-packages/azure/synapse/artifacts/models/_models_py3.py:34806 SyntaxWarning: invalid escape sequence '\d'
[2026-02-04T14:11:42.613+0000] {logging_mixin.py:188} WARNING - /home/airflow/.local/lib/python3.12/site-packages/azure/synapse/artifacts/models/_models_py3.py:34852 SyntaxWarning: invalid escape sequence '\d'
[2026-02-04T14:11:42.616+0000] {logging_mixin.py:188} WARNING - /home/airflow/.local/lib/python3.12/site-packages/azure/synapse/artifacts/models/_models_py3.py:34908 SyntaxWarning: invalid escape sequence '\d'
[2026-02-04T14:11:42.629+0000] {logging_mixin.py:188} WARNING - /home/airflow/.local/lib/python3.12/site-packages/azure/synapse/artifacts/models/_models_py3.py:36915 SyntaxWarning: invalid escape sequence '\d'
[2026-02-04T14:11:42.633+0000] {logging_mixin.py:188} WARNING - /home/airflow/.local/lib/python3.12/site-packages/azure/synapse/artifacts/models/_models_py3.py:36971 SyntaxWarning: invalid escape sequence '\d'
[2026-02-04T14:11:42.641+0000] {logging_mixin.py:188} WARNING - /home/airflow/.local/lib/python3.12/site-packages/azure/synapse/artifacts/models/_models_py3.py:37417 SyntaxWarning: invalid escape sequence '\d'
[2026-02-04T14:11:42.643+0000] {logging_mixin.py:188} WARNING - /home/airflow/.local/lib/python3.12/site-packages/azure/synapse/artifacts/models/_models_py3.py:37473 SyntaxWarning: invalid escape sequence '\d'
[2026-02-04T14:11:42.647+0000] {logging_mixin.py:188} WARNING - /home/airflow/.local/lib/python3.12/site-packages/azure/synapse/artifacts/models/_models_py3.py:37845 SyntaxWarning: invalid escape sequence '\d'
[2026-02-04T14:11:42.649+0000] {logging_mixin.py:188} WARNING - /home/airflow/.local/lib/python3.12/site-packages/azure/synapse/artifacts/models/_models_py3.py:37901 SyntaxWarning: invalid escape sequence '\d'
[2026-02-04T14:11:42.663+0000] {logging_mixin.py:188} WARNING - /home/airflow/.local/lib/python3.12/site-packages/azure/synapse/artifacts/models/_models_py3.py:38208 SyntaxWarning: invalid escape sequence '\d'
[2026-02-04T14:11:42.669+0000] {logging_mixin.py:188} WARNING - /home/airflow/.local/lib/python3.12/site-packages/azure/synapse/artifacts/models/_models_py3.py:38264 SyntaxWarning: invalid escape sequence '\d'
[2026-02-04T14:11:42.681+0000] {logging_mixin.py:188} WARNING - /home/airflow/.local/lib/python3.12/site-packages/azure/synapse/artifacts/models/_models_py3.py:38301 SyntaxWarning: invalid escape sequence '\d'
[2026-02-04T14:11:42.683+0000] {logging_mixin.py:188} WARNING - /home/airflow/.local/lib/python3.12/site-packages/azure/synapse/artifacts/models/_models_py3.py:38351 SyntaxWarning: invalid escape sequence '\d'
[2026-02-04T14:11:42.688+0000] {logging_mixin.py:188} WARNING - /home/airflow/.local/lib/python3.12/site-packages/azure/synapse/artifacts/models/_models_py3.py:38690 SyntaxWarning: invalid escape sequence '\d'
[2026-02-04T14:11:42.691+0000] {logging_mixin.py:188} WARNING - /home/airflow/.local/lib/python3.12/site-packages/azure/synapse/artifacts/models/_models_py3.py:38758 SyntaxWarning: invalid escape sequence '\d'
[2026-02-04T14:11:42.695+0000] {logging_mixin.py:188} WARNING - /home/airflow/.local/lib/python3.12/site-packages/azure/synapse/artifacts/models/_models_py3.py:39141 SyntaxWarning: invalid escape sequence '\d'
[2026-02-04T14:11:42.697+0000] {logging_mixin.py:188} WARNING - /home/airflow/.local/lib/python3.12/site-packages/azure/synapse/artifacts/models/_models_py3.py:39192 SyntaxWarning: invalid escape sequence '\d'
[2026-02-04T14:11:42.699+0000] {logging_mixin.py:188} WARNING - /home/airflow/.local/lib/python3.12/site-packages/azure/synapse/artifacts/models/_models_py3.py:39419 SyntaxWarning: invalid escape sequence '\d'
[2026-02-04T14:11:42.702+0000] {logging_mixin.py:188} WARNING - /home/airflow/.local/lib/python3.12/site-packages/azure/synapse/artifacts/models/_models_py3.py:39487 SyntaxWarning: invalid escape sequence '\d'
[2026-02-04T14:11:42.705+0000] {logging_mixin.py:188} WARNING - /home/airflow/.local/lib/python3.12/site-packages/azure/synapse/artifacts/models/_models_py3.py:39683 SyntaxWarning: invalid escape sequence '\d'
[2026-02-04T14:11:42.707+0000] {logging_mixin.py:188} WARNING - /home/airflow/.local/lib/python3.12/site-packages/azure/synapse/artifacts/models/_models_py3.py:39738 SyntaxWarning: invalid escape sequence '\d'
[2026-02-04T14:11:42.711+0000] {logging_mixin.py:188} WARNING - /home/airflow/.local/lib/python3.12/site-packages/azure/synapse/artifacts/models/_models_py3.py:40019 SyntaxWarning: invalid escape sequence '\d'
[2026-02-04T14:11:42.712+0000] {logging_mixin.py:188} WARNING - /home/airflow/.local/lib/python3.12/site-packages/azure/synapse/artifacts/models/_models_py3.py:40084 SyntaxWarning: invalid escape sequence '\d'
[2026-02-04T14:11:42.718+0000] {logging_mixin.py:188} WARNING - /home/airflow/.local/lib/python3.12/site-packages/azure/synapse/artifacts/models/_models_py3.py:41138 SyntaxWarning: invalid escape sequence '\d'
[2026-02-04T14:11:42.720+0000] {logging_mixin.py:188} WARNING - /home/airflow/.local/lib/python3.12/site-packages/azure/synapse/artifacts/models/_models_py3.py:41196 SyntaxWarning: invalid escape sequence '\d'
[2026-02-04T14:11:42.723+0000] {logging_mixin.py:188} WARNING - /home/airflow/.local/lib/python3.12/site-packages/azure/synapse/artifacts/models/_models_py3.py:41359 SyntaxWarning: invalid escape sequence '\d'
[2026-02-04T14:11:42.725+0000] {logging_mixin.py:188} WARNING - /home/airflow/.local/lib/python3.12/site-packages/azure/synapse/artifacts/models/_models_py3.py:41415 SyntaxWarning: invalid escape sequence '\d'
[2026-02-04T14:11:42.727+0000] {logging_mixin.py:188} WARNING - /home/airflow/.local/lib/python3.12/site-packages/azure/synapse/artifacts/models/_models_py3.py:41452 SyntaxWarning: invalid escape sequence '\d'
[2026-02-04T14:11:42.729+0000] {logging_mixin.py:188} WARNING - /home/airflow/.local/lib/python3.12/site-packages/azure/synapse/artifacts/models/_models_py3.py:41507 SyntaxWarning: invalid escape sequence '\d'
[2026-02-04T14:11:42.735+0000] {logging_mixin.py:188} WARNING - /home/airflow/.local/lib/python3.12/site-packages/azure/synapse/artifacts/models/_models_py3.py:41875 SyntaxWarning: invalid escape sequence '\d'
[2026-02-04T14:11:42.739+0000] {logging_mixin.py:188} WARNING - /home/airflow/.local/lib/python3.12/site-packages/azure/synapse/artifacts/models/_models_py3.py:41947 SyntaxWarning: invalid escape sequence '\d'
[2026-02-04T14:11:42.752+0000] {logging_mixin.py:188} WARNING - /home/airflow/.local/lib/python3.12/site-packages/azure/synapse/artifacts/models/_models_py3.py:42441 SyntaxWarning: invalid escape sequence '\d'
[2026-02-04T14:11:42.755+0000] {logging_mixin.py:188} WARNING - /home/airflow/.local/lib/python3.12/site-packages/azure/synapse/artifacts/models/_models_py3.py:42497 SyntaxWarning: invalid escape sequence '\d'
[2026-02-04T14:11:42.758+0000] {logging_mixin.py:188} WARNING - /home/airflow/.local/lib/python3.12/site-packages/azure/synapse/artifacts/models/_models_py3.py:42534 SyntaxWarning: invalid escape sequence '\d'
[2026-02-04T14:11:42.760+0000] {logging_mixin.py:188} WARNING - /home/airflow/.local/lib/python3.12/site-packages/azure/synapse/artifacts/models/_models_py3.py:42590 SyntaxWarning: invalid escape sequence '\d'
[2026-02-04T14:11:42.762+0000] {logging_mixin.py:188} WARNING - /home/airflow/.local/lib/python3.12/site-packages/azure/synapse/artifacts/models/_models_py3.py:42627 SyntaxWarning: invalid escape sequence '\d'
[2026-02-04T14:11:42.764+0000] {logging_mixin.py:188} WARNING - /home/airflow/.local/lib/python3.12/site-packages/azure/synapse/artifacts/models/_models_py3.py:42692 SyntaxWarning: invalid escape sequence '\d'
[2026-02-04T14:11:42.767+0000] {logging_mixin.py:188} WARNING - /home/airflow/.local/lib/python3.12/site-packages/azure/synapse/artifacts/models/_models_py3.py:43020 SyntaxWarning: invalid escape sequence '\d'
[2026-02-04T14:11:42.769+0000] {logging_mixin.py:188} WARNING - /home/airflow/.local/lib/python3.12/site-packages/azure/synapse/artifacts/models/_models_py3.py:43079 SyntaxWarning: invalid escape sequence '\d'
[2026-02-04T14:11:42.771+0000] {logging_mixin.py:188} WARNING - /home/airflow/.local/lib/python3.12/site-packages/azure/synapse/artifacts/models/_models_py3.py:43118 SyntaxWarning: invalid escape sequence '\d'
[2026-02-04T14:11:42.774+0000] {logging_mixin.py:188} WARNING - /home/airflow/.local/lib/python3.12/site-packages/azure/synapse/artifacts/models/_models_py3.py:43168 SyntaxWarning: invalid escape sequence '\d'
[2026-02-04T14:11:42.778+0000] {logging_mixin.py:188} WARNING - /home/airflow/.local/lib/python3.12/site-packages/azure/synapse/artifacts/models/_models_py3.py:43514 SyntaxWarning: invalid escape sequence '\d'
[2026-02-04T14:11:42.780+0000] {logging_mixin.py:188} WARNING - /home/airflow/.local/lib/python3.12/site-packages/azure/synapse/artifacts/models/_models_py3.py:43573 SyntaxWarning: invalid escape sequence '\d'
[2026-02-04T14:11:42.783+0000] {logging_mixin.py:188} WARNING - /home/airflow/.local/lib/python3.12/site-packages/azure/synapse/artifacts/models/_models_py3.py:43612 SyntaxWarning: invalid escape sequence '\d'
[2026-02-04T14:11:42.785+0000] {logging_mixin.py:188} WARNING - /home/airflow/.local/lib/python3.12/site-packages/azure/synapse/artifacts/models/_models_py3.py:43666 SyntaxWarning: invalid escape sequence '\d'
[2026-02-04T14:11:42.790+0000] {logging_mixin.py:188} WARNING - /home/airflow/.local/lib/python3.12/site-packages/azure/synapse/artifacts/models/_models_py3.py:43989 SyntaxWarning: invalid escape sequence '\d'
[2026-02-04T14:11:42.794+0000] {logging_mixin.py:188} WARNING - /home/airflow/.local/lib/python3.12/site-packages/azure/synapse/artifacts/models/_models_py3.py:44045 SyntaxWarning: invalid escape sequence '\d'
[2026-02-04T14:11:42.798+0000] {logging_mixin.py:188} WARNING - /home/airflow/.local/lib/python3.12/site-packages/azure/synapse/artifacts/models/_models_py3.py:44386 SyntaxWarning: invalid escape sequence '\d'
[2026-02-04T14:11:42.800+0000] {logging_mixin.py:188} WARNING - /home/airflow/.local/lib/python3.12/site-packages/azure/synapse/artifacts/models/_models_py3.py:44442 SyntaxWarning: invalid escape sequence '\d'
[2026-02-04T14:11:42.808+0000] {logging_mixin.py:188} WARNING - /home/airflow/.local/lib/python3.12/site-packages/azure/synapse/artifacts/models/_models_py3.py:45003 SyntaxWarning: invalid escape sequence '\d'
[2026-02-04T14:11:42.810+0000] {logging_mixin.py:188} WARNING - /home/airflow/.local/lib/python3.12/site-packages/azure/synapse/artifacts/models/_models_py3.py:45058 SyntaxWarning: invalid escape sequence '\d'
[2026-02-04T14:11:42.815+0000] {logging_mixin.py:188} WARNING - /home/airflow/.local/lib/python3.12/site-packages/azure/synapse/artifacts/models/_models_py3.py:45444 SyntaxWarning: invalid escape sequence '\d'
[2026-02-04T14:11:42.818+0000] {logging_mixin.py:188} WARNING - /home/airflow/.local/lib/python3.12/site-packages/azure/synapse/artifacts/models/_models_py3.py:45499 SyntaxWarning: invalid escape sequence '\d'
[2026-02-04T14:11:42.824+0000] {logging_mixin.py:188} WARNING - /home/airflow/.local/lib/python3.12/site-packages/azure/synapse/artifacts/models/_models_py3.py:46042 SyntaxWarning: invalid escape sequence '\d'
[2026-02-04T14:11:42.827+0000] {logging_mixin.py:188} WARNING - /home/airflow/.local/lib/python3.12/site-packages/azure/synapse/artifacts/models/_models_py3.py:46098 SyntaxWarning: invalid escape sequence '\d'
[2026-02-04T14:11:42.832+0000] {logging_mixin.py:188} WARNING - /home/airflow/.local/lib/python3.12/site-packages/azure/synapse/artifacts/models/_models_py3.py:46702 SyntaxWarning: invalid escape sequence '\d'
[2026-02-04T14:11:42.835+0000] {logging_mixin.py:188} WARNING - /home/airflow/.local/lib/python3.12/site-packages/azure/synapse/artifacts/models/_models_py3.py:46758 SyntaxWarning: invalid escape sequence '\d'
[2026-02-04T14:11:42.838+0000] {logging_mixin.py:188} WARNING - /home/airflow/.local/lib/python3.12/site-packages/azure/synapse/artifacts/models/_models_py3.py:47000 SyntaxWarning: invalid escape sequence '\d'
[2026-02-04T14:11:42.841+0000] {logging_mixin.py:188} WARNING - /home/airflow/.local/lib/python3.12/site-packages/azure/synapse/artifacts/models/_models_py3.py:47050 SyntaxWarning: invalid escape sequence '\d'
[2026-02-04T14:11:42.847+0000] {logging_mixin.py:188} WARNING - /home/airflow/.local/lib/python3.12/site-packages/azure/synapse/artifacts/models/_models_py3.py:47648 SyntaxWarning: invalid escape sequence '\d'
[2026-02-04T14:11:42.851+0000] {logging_mixin.py:188} WARNING - /home/airflow/.local/lib/python3.12/site-packages/azure/synapse/artifacts/models/_models_py3.py:47704 SyntaxWarning: invalid escape sequence '\d'
[2026-02-04T14:11:42.856+0000] {logging_mixin.py:188} WARNING - /home/airflow/.local/lib/python3.12/site-packages/azure/synapse/artifacts/models/_models_py3.py:48113 SyntaxWarning: invalid escape sequence '\d'
[2026-02-04T14:11:42.860+0000] {logging_mixin.py:188} WARNING - /home/airflow/.local/lib/python3.12/site-packages/azure/synapse/artifacts/models/_models_py3.py:48190 SyntaxWarning: invalid escape sequence '\d'
[2026-02-04T14:11:42.863+0000] {logging_mixin.py:188} WARNING - /home/airflow/.local/lib/python3.12/site-packages/azure/synapse/artifacts/models/_models_py3.py:48244 SyntaxWarning: invalid escape sequence '\d'
[2026-02-04T14:11:42.866+0000] {logging_mixin.py:188} WARNING - /home/airflow/.local/lib/python3.12/site-packages/azure/synapse/artifacts/models/_models_py3.py:48321 SyntaxWarning: invalid escape sequence '\d'
[2026-02-04T14:11:42.874+0000] {logging_mixin.py:188} WARNING - /home/airflow/.local/lib/python3.12/site-packages/azure/synapse/artifacts/models/_models_py3.py:49499 SyntaxWarning: invalid escape sequence '\d'
[2026-02-04T14:11:42.877+0000] {logging_mixin.py:188} WARNING - /home/airflow/.local/lib/python3.12/site-packages/azure/synapse/artifacts/models/_models_py3.py:49555 SyntaxWarning: invalid escape sequence '\d'
[2026-02-04T14:11:42.881+0000] {logging_mixin.py:188} WARNING - /home/airflow/.local/lib/python3.12/site-packages/azure/synapse/artifacts/models/_models_py3.py:49932 SyntaxWarning: invalid escape sequence '\d'
[2026-02-04T14:11:42.884+0000] {logging_mixin.py:188} WARNING - /home/airflow/.local/lib/python3.12/site-packages/azure/synapse/artifacts/models/_models_py3.py:50002 SyntaxWarning: invalid escape sequence '\d'
[2026-02-04T14:11:42.887+0000] {logging_mixin.py:188} WARNING - /home/airflow/.local/lib/python3.12/site-packages/azure/synapse/artifacts/models/_models_py3.py:50052 SyntaxWarning: invalid escape sequence '\d'
[2026-02-04T14:11:42.890+0000] {logging_mixin.py:188} WARNING - /home/airflow/.local/lib/python3.12/site-packages/azure/synapse/artifacts/models/_models_py3.py:50107 SyntaxWarning: invalid escape sequence '\d'
[2026-02-04T14:11:42.893+0000] {logging_mixin.py:188} WARNING - /home/airflow/.local/lib/python3.12/site-packages/azure/synapse/artifacts/models/_models_py3.py:50379 SyntaxWarning: invalid escape sequence '\d'
[2026-02-04T14:11:42.896+0000] {logging_mixin.py:188} WARNING - /home/airflow/.local/lib/python3.12/site-packages/azure/synapse/artifacts/models/_models_py3.py:50449 SyntaxWarning: invalid escape sequence '\d'
[2026-02-04T14:11:42.899+0000] {logging_mixin.py:188} WARNING - /home/airflow/.local/lib/python3.12/site-packages/azure/synapse/artifacts/models/_models_py3.py:50499 SyntaxWarning: invalid escape sequence '\d'
[2026-02-04T14:11:42.902+0000] {logging_mixin.py:188} WARNING - /home/airflow/.local/lib/python3.12/site-packages/azure/synapse/artifacts/models/_models_py3.py:50554 SyntaxWarning: invalid escape sequence '\d'
[2026-02-04T14:11:42.905+0000] {logging_mixin.py:188} WARNING - /home/airflow/.local/lib/python3.12/site-packages/azure/synapse/artifacts/models/_models_py3.py:50590 SyntaxWarning: invalid escape sequence '\d'
[2026-02-04T14:11:42.908+0000] {logging_mixin.py:188} WARNING - /home/airflow/.local/lib/python3.12/site-packages/azure/synapse/artifacts/models/_models_py3.py:50660 SyntaxWarning: invalid escape sequence '\d'
[2026-02-04T14:11:42.911+0000] {logging_mixin.py:188} WARNING - /home/airflow/.local/lib/python3.12/site-packages/azure/synapse/artifacts/models/_models_py3.py:50710 SyntaxWarning: invalid escape sequence '\d'
[2026-02-04T14:11:42.914+0000] {logging_mixin.py:188} WARNING - /home/airflow/.local/lib/python3.12/site-packages/azure/synapse/artifacts/models/_models_py3.py:50770 SyntaxWarning: invalid escape sequence '\d'
[2026-02-04T14:11:42.917+0000] {logging_mixin.py:188} WARNING - /home/airflow/.local/lib/python3.12/site-packages/azure/synapse/artifacts/models/_models_py3.py:51046 SyntaxWarning: invalid escape sequence '\d'
[2026-02-04T14:11:42.921+0000] {logging_mixin.py:188} WARNING - /home/airflow/.local/lib/python3.12/site-packages/azure/synapse/artifacts/models/_models_py3.py:51116 SyntaxWarning: invalid escape sequence '\d'
[2026-02-04T14:11:42.924+0000] {logging_mixin.py:188} WARNING - /home/airflow/.local/lib/python3.12/site-packages/azure/synapse/artifacts/models/_models_py3.py:51166 SyntaxWarning: invalid escape sequence '\d'
[2026-02-04T14:11:42.926+0000] {logging_mixin.py:188} WARNING - /home/airflow/.local/lib/python3.12/site-packages/azure/synapse/artifacts/models/_models_py3.py:51226 SyntaxWarning: invalid escape sequence '\d'
[2026-02-04T14:11:42.930+0000] {logging_mixin.py:188} WARNING - /home/airflow/.local/lib/python3.12/site-packages/azure/synapse/artifacts/models/_models_py3.py:51485 SyntaxWarning: invalid escape sequence '\d'
[2026-02-04T14:11:42.933+0000] {logging_mixin.py:188} WARNING - /home/airflow/.local/lib/python3.12/site-packages/azure/synapse/artifacts/models/_models_py3.py:51540 SyntaxWarning: invalid escape sequence '\d'
[2026-02-04T14:11:42.936+0000] {logging_mixin.py:188} WARNING - /home/airflow/.local/lib/python3.12/site-packages/azure/synapse/artifacts/models/_models_py3.py:51787 SyntaxWarning: invalid escape sequence '\d'
[2026-02-04T14:11:42.939+0000] {logging_mixin.py:188} WARNING - /home/airflow/.local/lib/python3.12/site-packages/azure/synapse/artifacts/models/_models_py3.py:51851 SyntaxWarning: invalid escape sequence '\d'
[2026-02-04T14:11:42.942+0000] {logging_mixin.py:188} WARNING - /home/airflow/.local/lib/python3.12/site-packages/azure/synapse/artifacts/models/_models_py3.py:51895 SyntaxWarning: invalid escape sequence '\d'
[2026-02-04T14:11:42.944+0000] {logging_mixin.py:188} WARNING - /home/airflow/.local/lib/python3.12/site-packages/azure/synapse/artifacts/models/_models_py3.py:51958 SyntaxWarning: invalid escape sequence '\d'
[2026-02-04T14:11:42.947+0000] {logging_mixin.py:188} WARNING - /home/airflow/.local/lib/python3.12/site-packages/azure/synapse/artifacts/models/_models_py3.py:52212 SyntaxWarning: invalid escape sequence '\d'
[2026-02-04T14:11:42.950+0000] {logging_mixin.py:188} WARNING - /home/airflow/.local/lib/python3.12/site-packages/azure/synapse/artifacts/models/_models_py3.py:52275 SyntaxWarning: invalid escape sequence '\d'
[2026-02-04T14:11:42.956+0000] {logging_mixin.py:188} WARNING - /home/airflow/.local/lib/python3.12/site-packages/azure/synapse/artifacts/models/_models_py3.py:52463 SyntaxWarning: invalid escape sequence '\d'
[2026-02-04T14:11:42.959+0000] {logging_mixin.py:188} WARNING - /home/airflow/.local/lib/python3.12/site-packages/azure/synapse/artifacts/models/_models_py3.py:52532 SyntaxWarning: invalid escape sequence '\d'
[2026-02-04T14:11:42.963+0000] {logging_mixin.py:188} WARNING - /home/airflow/.local/lib/python3.12/site-packages/azure/synapse/artifacts/models/_models_py3.py:53040 SyntaxWarning: invalid escape sequence '\d'
[2026-02-04T14:11:42.966+0000] {logging_mixin.py:188} WARNING - /home/airflow/.local/lib/python3.12/site-packages/azure/synapse/artifacts/models/_models_py3.py:53111 SyntaxWarning: invalid escape sequence '\d'
[2026-02-04T14:11:42.969+0000] {logging_mixin.py:188} WARNING - /home/airflow/.local/lib/python3.12/site-packages/azure/synapse/artifacts/models/_models_py3.py:53334 SyntaxWarning: invalid escape sequence '\d'
[2026-02-04T14:11:42.972+0000] {logging_mixin.py:188} WARNING - /home/airflow/.local/lib/python3.12/site-packages/azure/synapse/artifacts/models/_models_py3.py:53407 SyntaxWarning: invalid escape sequence '\d'
[2026-02-04T14:11:42.977+0000] {logging_mixin.py:188} WARNING - /home/airflow/.local/lib/python3.12/site-packages/azure/synapse/artifacts/models/_models_py3.py:53961 SyntaxWarning: invalid escape sequence '\d'
[2026-02-04T14:11:42.980+0000] {logging_mixin.py:188} WARNING - /home/airflow/.local/lib/python3.12/site-packages/azure/synapse/artifacts/models/_models_py3.py:54059 SyntaxWarning: invalid escape sequence '\d'
[2026-02-04T14:11:42.984+0000] {logging_mixin.py:188} WARNING - /home/airflow/.local/lib/python3.12/site-packages/azure/synapse/artifacts/models/_models_py3.py:54322 SyntaxWarning: invalid escape sequence '\d'
[2026-02-04T14:11:42.987+0000] {logging_mixin.py:188} WARNING - /home/airflow/.local/lib/python3.12/site-packages/azure/synapse/artifacts/models/_models_py3.py:54398 SyntaxWarning: invalid escape sequence '\d'
[2026-02-04T14:11:42.991+0000] {logging_mixin.py:188} WARNING - /home/airflow/.local/lib/python3.12/site-packages/azure/synapse/artifacts/models/_models_py3.py:55022 SyntaxWarning: invalid escape sequence '\d'
[2026-02-04T14:11:42.993+0000] {logging_mixin.py:188} WARNING - /home/airflow/.local/lib/python3.12/site-packages/azure/synapse/artifacts/models/_models_py3.py:55078 SyntaxWarning: invalid escape sequence '\d'
[2026-02-04T14:11:42.995+0000] {logging_mixin.py:188} WARNING - /home/airflow/.local/lib/python3.12/site-packages/azure/synapse/artifacts/models/_models_py3.py:55310 SyntaxWarning: invalid escape sequence '\d'
[2026-02-04T14:11:42.997+0000] {logging_mixin.py:188} WARNING - /home/airflow/.local/lib/python3.12/site-packages/azure/synapse/artifacts/models/_models_py3.py:55365 SyntaxWarning: invalid escape sequence '\d'
[2026-02-04T14:11:43.000+0000] {logging_mixin.py:188} WARNING - /home/airflow/.local/lib/python3.12/site-packages/azure/synapse/artifacts/models/_models_py3.py:56196 SyntaxWarning: invalid escape sequence '\d'
[2026-02-04T14:11:43.003+0000] {logging_mixin.py:188} WARNING - /home/airflow/.local/lib/python3.12/site-packages/azure/synapse/artifacts/models/_models_py3.py:56248 SyntaxWarning: invalid escape sequence '\d'
[2026-02-04T14:11:43.006+0000] {logging_mixin.py:188} WARNING - /home/airflow/.local/lib/python3.12/site-packages/azure/synapse/artifacts/models/_models_py3.py:56508 SyntaxWarning: invalid escape sequence '\d'
[2026-02-04T14:11:43.008+0000] {logging_mixin.py:188} WARNING - /home/airflow/.local/lib/python3.12/site-packages/azure/synapse/artifacts/models/_models_py3.py:56564 SyntaxWarning: invalid escape sequence '\d'
[2026-02-04T14:11:43.012+0000] {logging_mixin.py:188} WARNING - /home/airflow/.local/lib/python3.12/site-packages/azure/synapse/artifacts/models/_models_py3.py:57087 SyntaxWarning: invalid escape sequence '\d'
[2026-02-04T14:11:43.015+0000] {logging_mixin.py:188} WARNING - /home/airflow/.local/lib/python3.12/site-packages/azure/synapse/artifacts/models/_models_py3.py:57147 SyntaxWarning: invalid escape sequence '\d'
[2026-02-04T14:11:43.017+0000] {logging_mixin.py:188} WARNING - /home/airflow/.local/lib/python3.12/site-packages/azure/synapse/artifacts/models/_models_py3.py:57187 SyntaxWarning: invalid escape sequence '\d'
[2026-02-04T14:11:43.019+0000] {logging_mixin.py:188} WARNING - /home/airflow/.local/lib/python3.12/site-packages/azure/synapse/artifacts/models/_models_py3.py:57237 SyntaxWarning: invalid escape sequence '\d'
[2026-02-04T14:11:43.023+0000] {logging_mixin.py:188} WARNING - /home/airflow/.local/lib/python3.12/site-packages/azure/synapse/artifacts/models/_models_py3.py:57560 SyntaxWarning: invalid escape sequence '\d'
[2026-02-04T14:11:43.025+0000] {logging_mixin.py:188} WARNING - /home/airflow/.local/lib/python3.12/site-packages/azure/synapse/artifacts/models/_models_py3.py:57620 SyntaxWarning: invalid escape sequence '\d'
[2026-02-04T14:11:43.027+0000] {logging_mixin.py:188} WARNING - /home/airflow/.local/lib/python3.12/site-packages/azure/synapse/artifacts/models/_models_py3.py:57660 SyntaxWarning: invalid escape sequence '\d'
[2026-02-04T14:11:43.029+0000] {logging_mixin.py:188} WARNING - /home/airflow/.local/lib/python3.12/site-packages/azure/synapse/artifacts/models/_models_py3.py:57710 SyntaxWarning: invalid escape sequence '\d'
[2026-02-04T14:11:43.034+0000] {logging_mixin.py:188} WARNING - /home/airflow/.local/lib/python3.12/site-packages/azure/synapse/artifacts/models/_models_py3.py:59106 SyntaxWarning: invalid escape sequence '\d'
[2026-02-04T14:11:43.035+0000] {logging_mixin.py:188} WARNING - /home/airflow/.local/lib/python3.12/site-packages/azure/synapse/artifacts/models/_models_py3.py:59162 SyntaxWarning: invalid escape sequence '\d'
[2026-02-04T14:11:43.038+0000] {logging_mixin.py:188} WARNING - /home/airflow/.local/lib/python3.12/site-packages/azure/synapse/artifacts/models/_models_py3.py:59316 SyntaxWarning: invalid escape sequence '\d'
[2026-02-04T14:11:43.040+0000] {logging_mixin.py:188} WARNING - /home/airflow/.local/lib/python3.12/site-packages/azure/synapse/artifacts/models/_models_py3.py:59396 SyntaxWarning: invalid escape sequence '\d'
[2026-02-04T14:11:43.042+0000] {logging_mixin.py:188} WARNING - /home/airflow/.local/lib/python3.12/site-packages/azure/synapse/artifacts/models/_models_py3.py:59452 SyntaxWarning: invalid escape sequence '\d'
[2026-02-04T14:11:43.043+0000] {logging_mixin.py:188} WARNING - /home/airflow/.local/lib/python3.12/site-packages/azure/synapse/artifacts/models/_models_py3.py:59535 SyntaxWarning: invalid escape sequence '\d'
[2026-02-04T14:11:43.045+0000] {logging_mixin.py:188} WARNING - /home/airflow/.local/lib/python3.12/site-packages/azure/synapse/artifacts/models/_models_py3.py:59594 SyntaxWarning: invalid escape sequence '\d'
[2026-02-04T14:11:43.047+0000] {logging_mixin.py:188} WARNING - /home/airflow/.local/lib/python3.12/site-packages/azure/synapse/artifacts/models/_models_py3.py:59677 SyntaxWarning: invalid escape sequence '\d'
[2026-02-04T14:11:43.049+0000] {logging_mixin.py:188} WARNING - /home/airflow/.local/lib/python3.12/site-packages/azure/synapse/artifacts/models/_models_py3.py:59733 SyntaxWarning: invalid escape sequence '\d'
[2026-02-04T14:11:43.050+0000] {logging_mixin.py:188} WARNING - /home/airflow/.local/lib/python3.12/site-packages/azure/synapse/artifacts/models/_models_py3.py:59818 SyntaxWarning: invalid escape sequence '\d'
[2026-02-04T14:11:43.053+0000] {logging_mixin.py:188} WARNING - /home/airflow/.local/lib/python3.12/site-packages/azure/synapse/artifacts/models/_models_py3.py:60639 SyntaxWarning: invalid escape sequence '\d'
[2026-02-04T14:11:43.055+0000] {logging_mixin.py:188} WARNING - /home/airflow/.local/lib/python3.12/site-packages/azure/synapse/artifacts/models/_models_py3.py:60722 SyntaxWarning: invalid escape sequence '\d'
[2026-02-04T14:11:43.057+0000] {logging_mixin.py:188} WARNING - /home/airflow/.local/lib/python3.12/site-packages/azure/synapse/artifacts/models/_models_py3.py:60778 SyntaxWarning: invalid escape sequence '\d'
[2026-02-04T14:11:43.058+0000] {logging_mixin.py:188} WARNING - /home/airflow/.local/lib/python3.12/site-packages/azure/synapse/artifacts/models/_models_py3.py:60863 SyntaxWarning: invalid escape sequence '\d'
[2026-02-04T14:11:43.060+0000] {logging_mixin.py:188} WARNING - /home/airflow/.local/lib/python3.12/site-packages/azure/synapse/artifacts/models/_models_py3.py:61167 SyntaxWarning: invalid escape sequence '\d'
[2026-02-04T14:11:43.064+0000] {logging_mixin.py:188} WARNING - /home/airflow/.local/lib/python3.12/site-packages/azure/synapse/artifacts/models/_models_py3.py:61250 SyntaxWarning: invalid escape sequence '\d'
[2026-02-04T14:11:43.067+0000] {logging_mixin.py:188} WARNING - /home/airflow/.local/lib/python3.12/site-packages/azure/synapse/artifacts/models/_models_py3.py:61306 SyntaxWarning: invalid escape sequence '\d'
[2026-02-04T14:11:43.070+0000] {logging_mixin.py:188} WARNING - /home/airflow/.local/lib/python3.12/site-packages/azure/synapse/artifacts/models/_models_py3.py:61387 SyntaxWarning: invalid escape sequence '\d'
[2026-02-04T14:11:43.074+0000] {logging_mixin.py:188} WARNING - /home/airflow/.local/lib/python3.12/site-packages/azure/synapse/artifacts/models/_models_py3.py:61696 SyntaxWarning: invalid escape sequence '\d'
[2026-02-04T14:11:43.077+0000] {logging_mixin.py:188} WARNING - /home/airflow/.local/lib/python3.12/site-packages/azure/synapse/artifacts/models/_models_py3.py:61752 SyntaxWarning: invalid escape sequence '\d'
[2026-02-04T14:11:43.081+0000] {logging_mixin.py:188} WARNING - /home/airflow/.local/lib/python3.12/site-packages/azure/synapse/artifacts/models/_models_py3.py:61954 SyntaxWarning: invalid escape sequence '\d'
[2026-02-04T14:11:43.084+0000] {logging_mixin.py:188} WARNING - /home/airflow/.local/lib/python3.12/site-packages/azure/synapse/artifacts/models/_models_py3.py:61992 SyntaxWarning: invalid escape sequence '\d'
[2026-02-04T14:11:43.091+0000] {logging_mixin.py:188} WARNING - /home/airflow/.local/lib/python3.12/site-packages/azure/synapse/artifacts/models/_models_py3.py:62660 SyntaxWarning: invalid escape sequence '\d'
[2026-02-04T14:11:43.093+0000] {logging_mixin.py:188} WARNING - /home/airflow/.local/lib/python3.12/site-packages/azure/synapse/artifacts/models/_models_py3.py:62715 SyntaxWarning: invalid escape sequence '\d'
[2026-02-04T14:11:43.100+0000] {logging_mixin.py:188} WARNING - /home/airflow/.local/lib/python3.12/site-packages/azure/synapse/artifacts/models/_models_py3.py:63882 SyntaxWarning: invalid escape sequence '\d'
[2026-02-04T14:11:43.102+0000] {logging_mixin.py:188} WARNING - /home/airflow/.local/lib/python3.12/site-packages/azure/synapse/artifacts/models/_models_py3.py:63946 SyntaxWarning: invalid escape sequence '\d'
[2026-02-04T14:11:43.108+0000] {logging_mixin.py:188} WARNING - /home/airflow/.local/lib/python3.12/site-packages/azure/synapse/artifacts/models/_models_py3.py:64582 SyntaxWarning: invalid escape sequence '\d'
[2026-02-04T14:11:43.111+0000] {logging_mixin.py:188} WARNING - /home/airflow/.local/lib/python3.12/site-packages/azure/synapse/artifacts/models/_models_py3.py:64674 SyntaxWarning: invalid escape sequence '\d'
[2026-02-04T14:11:43.114+0000] {logging_mixin.py:188} WARNING - /home/airflow/.local/lib/python3.12/site-packages/azure/synapse/artifacts/models/_models_py3.py:64940 SyntaxWarning: invalid escape sequence '\d'
[2026-02-04T14:11:43.117+0000] {logging_mixin.py:188} WARNING - /home/airflow/.local/lib/python3.12/site-packages/azure/synapse/artifacts/models/_models_py3.py:65014 SyntaxWarning: invalid escape sequence '\d'
[2026-02-04T14:11:43.119+0000] {logging_mixin.py:188} WARNING - /home/airflow/.local/lib/python3.12/site-packages/azure/synapse/artifacts/models/_models_py3.py:65117 SyntaxWarning: invalid escape sequence '\d'
[2026-02-04T14:11:43.123+0000] {logging_mixin.py:188} WARNING - /home/airflow/.local/lib/python3.12/site-packages/azure/synapse/artifacts/models/_models_py3.py:65199 SyntaxWarning: invalid escape sequence '\d'
[2026-02-04T14:11:43.126+0000] {logging_mixin.py:188} WARNING - /home/airflow/.local/lib/python3.12/site-packages/azure/synapse/artifacts/models/_models_py3.py:65385 SyntaxWarning: invalid escape sequence '\d'
[2026-02-04T14:11:43.128+0000] {logging_mixin.py:188} WARNING - /home/airflow/.local/lib/python3.12/site-packages/azure/synapse/artifacts/models/_models_py3.py:65441 SyntaxWarning: invalid escape sequence '\d'
[2026-02-04T14:11:43.132+0000] {logging_mixin.py:188} WARNING - /home/airflow/.local/lib/python3.12/site-packages/azure/synapse/artifacts/models/_models_py3.py:65874 SyntaxWarning: invalid escape sequence '\d'
[2026-02-04T14:11:43.134+0000] {logging_mixin.py:188} WARNING - /home/airflow/.local/lib/python3.12/site-packages/azure/synapse/artifacts/models/_models_py3.py:65950 SyntaxWarning: invalid escape sequence '\d'
[2026-02-04T14:11:43.136+0000] {logging_mixin.py:188} WARNING - /home/airflow/.local/lib/python3.12/site-packages/azure/synapse/artifacts/models/_models_py3.py:66003 SyntaxWarning: invalid escape sequence '\d'
[2026-02-04T14:11:43.139+0000] {logging_mixin.py:188} WARNING - /home/airflow/.local/lib/python3.12/site-packages/azure/synapse/artifacts/models/_models_py3.py:66087 SyntaxWarning: invalid escape sequence '\d'
[2026-02-04T14:11:43.143+0000] {logging_mixin.py:188} WARNING - /home/airflow/.local/lib/python3.12/site-packages/azure/synapse/artifacts/models/_models_py3.py:66686 SyntaxWarning: invalid escape sequence '\d'
[2026-02-04T14:11:43.146+0000] {logging_mixin.py:188} WARNING - /home/airflow/.local/lib/python3.12/site-packages/azure/synapse/artifacts/models/_models_py3.py:66779 SyntaxWarning: invalid escape sequence '\d'
[2026-02-04T14:11:43.149+0000] {logging_mixin.py:188} WARNING - /home/airflow/.local/lib/python3.12/site-packages/azure/synapse/artifacts/models/_models_py3.py:66918 SyntaxWarning: invalid escape sequence '\d'
[2026-02-04T14:11:43.151+0000] {logging_mixin.py:188} WARNING - /home/airflow/.local/lib/python3.12/site-packages/azure/synapse/artifacts/models/_models_py3.py:66964 SyntaxWarning: invalid escape sequence '\d'
[2026-02-04T14:11:43.156+0000] {logging_mixin.py:188} WARNING - /home/airflow/.local/lib/python3.12/site-packages/azure/synapse/artifacts/models/_models_py3.py:67735 SyntaxWarning: invalid escape sequence '\d'
[2026-02-04T14:11:43.159+0000] {logging_mixin.py:188} WARNING - /home/airflow/.local/lib/python3.12/site-packages/azure/synapse/artifacts/models/_models_py3.py:67791 SyntaxWarning: invalid escape sequence '\d'
[2026-02-04T14:11:43.161+0000] {logging_mixin.py:188} WARNING - /home/airflow/.local/lib/python3.12/site-packages/azure/synapse/artifacts/models/_models_py3.py:68043 SyntaxWarning: invalid escape sequence '\d'
[2026-02-04T14:11:43.163+0000] {logging_mixin.py:188} WARNING - /home/airflow/.local/lib/python3.12/site-packages/azure/synapse/artifacts/models/_models_py3.py:68097 SyntaxWarning: invalid escape sequence '\d'
[2026-02-04T14:11:43.167+0000] {logging_mixin.py:188} WARNING - /home/airflow/.local/lib/python3.12/site-packages/azure/synapse/artifacts/models/_models_py3.py:68532 SyntaxWarning: invalid escape sequence '\d'
[2026-02-04T14:11:43.170+0000] {logging_mixin.py:188} WARNING - /home/airflow/.local/lib/python3.12/site-packages/azure/synapse/artifacts/models/_models_py3.py:68588 SyntaxWarning: invalid escape sequence '\d'
[2026-02-04T14:11:43.861+0000] {taskinstance.py:441} INFO - ::group::Post task execution logs
[2026-02-04T14:11:43.894+0000] {taskinstance.py:1206} INFO - Marking task as SUCCESS. dag_id=sales_ingestion_pipeline, task_id=trigger_silver_cleaning, run_id=scheduled__2026-02-04T14:00:00+00:00, execution_date=20260204T140000, start_date=20260204T141136, end_date=20260204T141143
[2026-02-04T14:11:43.975+0000] {local_task_job_runner.py:243} INFO - Task exited with return code 0
[2026-02-04T14:11:44.027+0000] {taskinstance.py:3503} INFO - 0 downstream tasks scheduled from follow-on schedule check
[2026-02-04T14:11:44.033+0000] {local_task_job_runner.py:222} INFO - ::endgroup::
