[2026-02-04T14:25:33.912+0000] {local_task_job_runner.py:120} INFO - ::group::Pre task execution logs
[2026-02-04T14:25:33.953+0000] {taskinstance.py:2076} INFO - Dependencies all met for dep_context=non-requeueable deps ti=<TaskInstance: star_schema_pipeline.run_star_schema_population manual__2026-02-04T14:25:28.911732+00:00 [queued]>
[2026-02-04T14:25:33.968+0000] {taskinstance.py:2076} INFO - Dependencies all met for dep_context=requeueable deps ti=<TaskInstance: star_schema_pipeline.run_star_schema_population manual__2026-02-04T14:25:28.911732+00:00 [queued]>
[2026-02-04T14:25:33.969+0000] {taskinstance.py:2306} INFO - Starting attempt 1 of 2
[2026-02-04T14:25:34.037+0000] {taskinstance.py:2330} INFO - Executing <Task(PythonOperator): run_star_schema_population> on 2026-02-04 14:25:28.911732+00:00
[2026-02-04T14:25:34.049+0000] {standard_task_runner.py:64} INFO - Started process 135 to run task
[2026-02-04T14:25:34.054+0000] {standard_task_runner.py:90} INFO - Running: ['airflow', 'tasks', 'run', 'star_schema_pipeline', 'run_star_schema_population', 'manual__2026-02-04T14:25:28.911732+00:00', '--job-id', '859', '--raw', '--subdir', 'DAGS_FOLDER/star_schema_dag.py', '--cfg-path', '/tmp/tmpij2i8krw']
[2026-02-04T14:25:34.058+0000] {standard_task_runner.py:91} INFO - Job 859: Subtask run_star_schema_population
[2026-02-04T14:25:34.201+0000] {task_command.py:426} INFO - Running <TaskInstance: star_schema_pipeline.run_star_schema_population manual__2026-02-04T14:25:28.911732+00:00 [running]> on host 6acbc927f227
[2026-02-04T14:25:34.485+0000] {taskinstance.py:2648} INFO - Exporting env vars: AIRFLOW_CTX_DAG_OWNER='admin' AIRFLOW_CTX_DAG_ID='star_schema_pipeline' AIRFLOW_CTX_TASK_ID='run_star_schema_population' AIRFLOW_CTX_EXECUTION_DATE='2026-02-04T14:25:28.911732+00:00' AIRFLOW_CTX_TRY_NUMBER='1' AIRFLOW_CTX_DAG_RUN_ID='manual__2026-02-04T14:25:28.911732+00:00'
[2026-02-04T14:25:34.487+0000] {taskinstance.py:430} INFO - ::endgroup::
[2026-02-04T14:25:35.410+0000] {logging_mixin.py:188} INFO - Loading silver data after 2026-02-04 14:24:28.130022...
[2026-02-04T14:25:35.442+0000] {logging_mixin.py:188} INFO - Extracted 100 new rows from silver layer.
[2026-02-04T14:25:35.444+0000] {logging_mixin.py:188} INFO - Building Dimension Tables...
[2026-02-04T14:25:35.445+0000] {logging_mixin.py:188} INFO - Building dim_date...
[2026-02-04T14:25:35.457+0000] {logging_mixin.py:188} INFO - dim_date is up to date.
[2026-02-04T14:25:35.458+0000] {logging_mixin.py:188} INFO - Building dim_product...
[2026-02-04T14:25:35.465+0000] {logging_mixin.py:188} INFO - dim_product is up to date.
[2026-02-04T14:25:35.466+0000] {logging_mixin.py:188} INFO - Building dim_customer...
[2026-02-04T14:25:35.481+0000] {logging_mixin.py:188} INFO - dim_customer is up to date.
[2026-02-04T14:25:35.483+0000] {logging_mixin.py:188} INFO - Building Fact Table...
[2026-02-04T14:25:35.499+0000] {logging_mixin.py:188} INFO - Inserting 100 new rows into fact_sales
[2026-02-04T14:25:35.563+0000] {logging_mixin.py:188} INFO - Star schema updated successfully!
[2026-02-04T14:25:35.565+0000] {python.py:237} INFO - Done. Returned value was: None
[2026-02-04T14:25:35.566+0000] {taskinstance.py:441} INFO - ::group::Post task execution logs
[2026-02-04T14:25:35.603+0000] {taskinstance.py:1206} INFO - Marking task as SUCCESS. dag_id=star_schema_pipeline, task_id=run_star_schema_population, run_id=manual__2026-02-04T14:25:28.911732+00:00, execution_date=20260204T142528, start_date=20260204T142533, end_date=20260204T142535
[2026-02-04T14:25:35.679+0000] {local_task_job_runner.py:243} INFO - Task exited with return code 0
[2026-02-04T14:25:35.724+0000] {taskinstance.py:3503} INFO - 0 downstream tasks scheduled from follow-on schedule check
[2026-02-04T14:25:35.730+0000] {local_task_job_runner.py:222} INFO - ::endgroup::
