[2026-02-04T10:04:38.746+0000] {local_task_job_runner.py:120} INFO - ::group::Pre task execution logs
[2026-02-04T10:04:38.772+0000] {taskinstance.py:2076} INFO - Dependencies all met for dep_context=non-requeueable deps ti=<TaskInstance: star_schema_pipeline.run_star_schema_population manual__2026-02-04T10:04:35.698226+00:00 [queued]>
[2026-02-04T10:04:38.780+0000] {taskinstance.py:2076} INFO - Dependencies all met for dep_context=requeueable deps ti=<TaskInstance: star_schema_pipeline.run_star_schema_population manual__2026-02-04T10:04:35.698226+00:00 [queued]>
[2026-02-04T10:04:38.781+0000] {taskinstance.py:2306} INFO - Starting attempt 1 of 2
[2026-02-04T10:04:38.793+0000] {taskinstance.py:2330} INFO - Executing <Task(PythonOperator): run_star_schema_population> on 2026-02-04 10:04:35.698226+00:00
[2026-02-04T10:04:38.797+0000] {standard_task_runner.py:64} INFO - Started process 125 to run task
[2026-02-04T10:04:38.799+0000] {standard_task_runner.py:90} INFO - Running: ['airflow', 'tasks', 'run', 'star_schema_pipeline', 'run_star_schema_population', 'manual__2026-02-04T10:04:35.698226+00:00', '--job-id', '728', '--raw', '--subdir', 'DAGS_FOLDER/star_schema_dag.py', '--cfg-path', '/tmp/tmpkdrg77dt']
[2026-02-04T10:04:38.800+0000] {standard_task_runner.py:91} INFO - Job 728: Subtask run_star_schema_population
[2026-02-04T10:04:38.878+0000] {task_command.py:426} INFO - Running <TaskInstance: star_schema_pipeline.run_star_schema_population manual__2026-02-04T10:04:35.698226+00:00 [running]> on host 6e3bedb0407a
[2026-02-04T10:04:38.974+0000] {taskinstance.py:2648} INFO - Exporting env vars: AIRFLOW_CTX_DAG_OWNER='admin' AIRFLOW_CTX_DAG_ID='star_schema_pipeline' AIRFLOW_CTX_TASK_ID='run_star_schema_population' AIRFLOW_CTX_EXECUTION_DATE='2026-02-04T10:04:35.698226+00:00' AIRFLOW_CTX_TRY_NUMBER='1' AIRFLOW_CTX_DAG_RUN_ID='manual__2026-02-04T10:04:35.698226+00:00'
[2026-02-04T10:04:38.976+0000] {taskinstance.py:430} INFO - ::endgroup::
[2026-02-04T10:04:39.505+0000] {logging_mixin.py:188} INFO - Loading silver data after 2026-02-02 20:43:36.381962...
[2026-02-04T10:04:39.530+0000] {logging_mixin.py:188} INFO - Extracted 100 new rows from silver layer.
[2026-02-04T10:04:39.532+0000] {logging_mixin.py:188} INFO - Building Dimension Tables...
[2026-02-04T10:04:39.533+0000] {logging_mixin.py:188} INFO - Building dim_date...
[2026-02-04T10:04:39.550+0000] {logging_mixin.py:188} INFO - dim_date is up to date.
[2026-02-04T10:04:39.551+0000] {logging_mixin.py:188} INFO - Building dim_product...
[2026-02-04T10:04:39.558+0000] {logging_mixin.py:188} INFO - dim_product is up to date.
[2026-02-04T10:04:39.558+0000] {logging_mixin.py:188} INFO - Building dim_customer...
[2026-02-04T10:04:39.570+0000] {logging_mixin.py:188} INFO - dim_customer is up to date.
[2026-02-04T10:04:39.571+0000] {logging_mixin.py:188} INFO - Building Fact Table...
[2026-02-04T10:04:39.584+0000] {logging_mixin.py:188} INFO - Inserting 100 new rows into fact_sales
[2026-02-04T10:04:39.611+0000] {logging_mixin.py:188} INFO - Star schema updated successfully!
[2026-02-04T10:04:39.612+0000] {python.py:237} INFO - Done. Returned value was: None
[2026-02-04T10:04:39.613+0000] {taskinstance.py:441} INFO - ::group::Post task execution logs
[2026-02-04T10:04:39.627+0000] {taskinstance.py:1206} INFO - Marking task as SUCCESS. dag_id=star_schema_pipeline, task_id=run_star_schema_population, run_id=manual__2026-02-04T10:04:35.698226+00:00, execution_date=20260204T100435, start_date=20260204T100438, end_date=20260204T100439
[2026-02-04T10:04:39.654+0000] {local_task_job_runner.py:243} INFO - Task exited with return code 0
[2026-02-04T10:04:39.678+0000] {taskinstance.py:3503} INFO - 0 downstream tasks scheduled from follow-on schedule check
[2026-02-04T10:04:39.681+0000] {local_task_job_runner.py:222} INFO - ::endgroup::
