[2026-02-02T19:35:58.511+0000] {local_task_job_runner.py:120} INFO - ::group::Pre task execution logs
[2026-02-02T19:35:58.604+0000] {taskinstance.py:2076} INFO - Dependencies all met for dep_context=non-requeueable deps ti=<TaskInstance: star_schema_pipeline.run_star_schema_population manual__2026-02-02T19:35:46.898031+00:00 [queued]>
[2026-02-02T19:35:58.623+0000] {taskinstance.py:2076} INFO - Dependencies all met for dep_context=requeueable deps ti=<TaskInstance: star_schema_pipeline.run_star_schema_population manual__2026-02-02T19:35:46.898031+00:00 [queued]>
[2026-02-02T19:35:58.624+0000] {taskinstance.py:2306} INFO - Starting attempt 1 of 2
[2026-02-02T19:35:58.675+0000] {taskinstance.py:2330} INFO - Executing <Task(PythonOperator): run_star_schema_population> on 2026-02-02 19:35:46.898031+00:00
[2026-02-02T19:35:58.683+0000] {standard_task_runner.py:64} INFO - Started process 111 to run task
[2026-02-02T19:35:58.687+0000] {standard_task_runner.py:90} INFO - Running: ['airflow', 'tasks', 'run', 'star_schema_pipeline', 'run_star_schema_population', 'manual__2026-02-02T19:35:46.898031+00:00', '--job-id', '639', '--raw', '--subdir', 'DAGS_FOLDER/star_schema_dag.py', '--cfg-path', '/tmp/tmpxeq6_v9p']
[2026-02-02T19:35:58.694+0000] {standard_task_runner.py:91} INFO - Job 639: Subtask run_star_schema_population
[2026-02-02T19:35:58.824+0000] {task_command.py:426} INFO - Running <TaskInstance: star_schema_pipeline.run_star_schema_population manual__2026-02-02T19:35:46.898031+00:00 [running]> on host 16a906b2241b
[2026-02-02T19:35:59.042+0000] {taskinstance.py:2648} INFO - Exporting env vars: AIRFLOW_CTX_DAG_OWNER='admin' AIRFLOW_CTX_DAG_ID='star_schema_pipeline' AIRFLOW_CTX_TASK_ID='run_star_schema_population' AIRFLOW_CTX_EXECUTION_DATE='2026-02-02T19:35:46.898031+00:00' AIRFLOW_CTX_TRY_NUMBER='1' AIRFLOW_CTX_DAG_RUN_ID='manual__2026-02-02T19:35:46.898031+00:00'
[2026-02-02T19:35:59.043+0000] {taskinstance.py:430} INFO - ::endgroup::
[2026-02-02T19:35:59.680+0000] {logging_mixin.py:188} INFO - Loading silver data...
[2026-02-02T19:35:59.729+0000] {logging_mixin.py:188} INFO - Building Dimension Tables...
[2026-02-02T19:35:59.731+0000] {logging_mixin.py:188} INFO - Building dim_date...
[2026-02-02T19:35:59.771+0000] {star_schema_dag.py:18} ERROR - Error running star schema ETL: (psycopg2.errors.UndefinedTable) relation "warehouse.dim_date" does not exist
LINE 1: SELECT date_key FROM warehouse.dim_date
                             ^

[SQL: SELECT date_key FROM warehouse.dim_date]
(Background on this error at: https://sqlalche.me/e/14/f405)
[2026-02-02T19:35:59.772+0000] {taskinstance.py:441} INFO - ::group::Post task execution logs
[2026-02-02T19:35:59.773+0000] {taskinstance.py:2905} ERROR - Task failed with exception
Traceback (most recent call last):
  File "/home/airflow/.local/lib/python3.12/site-packages/sqlalchemy/engine/base.py", line 1910, in _execute_context
    self.dialect.do_execute(
  File "/home/airflow/.local/lib/python3.12/site-packages/sqlalchemy/engine/default.py", line 736, in do_execute
    cursor.execute(statement, parameters)
psycopg2.errors.UndefinedTable: relation "warehouse.dim_date" does not exist
LINE 1: SELECT date_key FROM warehouse.dim_date
                             ^


The above exception was the direct cause of the following exception:

Traceback (most recent call last):
  File "/home/airflow/.local/lib/python3.12/site-packages/airflow/models/taskinstance.py", line 465, in _execute_task
    result = _execute_callable(context=context, **execute_callable_kwargs)
             ^^^^^^^^^^^^^^^^^^^^^^^^^^^^^^^^^^^^^^^^^^^^^^^^^^^^^^^^^^^^^
  File "/home/airflow/.local/lib/python3.12/site-packages/airflow/models/taskinstance.py", line 432, in _execute_callable
    return execute_callable(context=context, **execute_callable_kwargs)
           ^^^^^^^^^^^^^^^^^^^^^^^^^^^^^^^^^^^^^^^^^^^^^^^^^^^^^^^^^^^^
  File "/home/airflow/.local/lib/python3.12/site-packages/airflow/models/baseoperator.py", line 401, in wrapper
    return func(self, *args, **kwargs)
           ^^^^^^^^^^^^^^^^^^^^^^^^^^^
  File "/home/airflow/.local/lib/python3.12/site-packages/airflow/operators/python.py", line 235, in execute
    return_value = self.execute_callable()
                   ^^^^^^^^^^^^^^^^^^^^^^^
  File "/home/airflow/.local/lib/python3.12/site-packages/airflow/operators/python.py", line 252, in execute_callable
    return self.python_callable(*self.op_args, **self.op_kwargs)
           ^^^^^^^^^^^^^^^^^^^^^^^^^^^^^^^^^^^^^^^^^^^^^^^^^^^^^
  File "/opt/airflow/dags/star_schema_dag.py", line 19, in run_star_schema_wrapper
    raise e
  File "/opt/airflow/dags/star_schema_dag.py", line 16, in run_star_schema_wrapper
    run_star_schema_etl()
  File "/opt/airflow/data_warehouse/star_schema.py", line 183, in run_star_schema_etl
    star_schema.build_star_schema()
  File "/opt/airflow/data_warehouse/star_schema.py", line 24, in build_star_schema
    self.build_dimension_tables()
  File "/opt/airflow/data_warehouse/star_schema.py", line 45, in build_dimension_tables
    existing_dates = pd.read_sql("SELECT date_key FROM warehouse.dim_date", self.engine)
                     ^^^^^^^^^^^^^^^^^^^^^^^^^^^^^^^^^^^^^^^^^^^^^^^^^^^^^^^^^^^^^^^^^^^
  File "/home/airflow/.local/lib/python3.12/site-packages/pandas/io/sql.py", line 682, in read_sql
    return pandas_sql.read_query(
           ^^^^^^^^^^^^^^^^^^^^^^
  File "/home/airflow/.local/lib/python3.12/site-packages/pandas/io/sql.py", line 1776, in read_query
    result = self.execute(sql, params)
             ^^^^^^^^^^^^^^^^^^^^^^^^^
  File "/home/airflow/.local/lib/python3.12/site-packages/pandas/io/sql.py", line 1599, in execute
    return self.con.exec_driver_sql(sql, *args)
           ^^^^^^^^^^^^^^^^^^^^^^^^^^^^^^^^^^^^
  File "/home/airflow/.local/lib/python3.12/site-packages/sqlalchemy/engine/base.py", line 1770, in exec_driver_sql
    return self._exec_driver_sql(
           ^^^^^^^^^^^^^^^^^^^^^^
  File "/home/airflow/.local/lib/python3.12/site-packages/sqlalchemy/engine/base.py", line 1674, in _exec_driver_sql
    ret = self._execute_context(
          ^^^^^^^^^^^^^^^^^^^^^^
  File "/home/airflow/.local/lib/python3.12/site-packages/sqlalchemy/engine/base.py", line 1953, in _execute_context
    self._handle_dbapi_exception(
  File "/home/airflow/.local/lib/python3.12/site-packages/sqlalchemy/engine/base.py", line 2134, in _handle_dbapi_exception
    util.raise_(
  File "/home/airflow/.local/lib/python3.12/site-packages/sqlalchemy/util/compat.py", line 211, in raise_
    raise exception
  File "/home/airflow/.local/lib/python3.12/site-packages/sqlalchemy/engine/base.py", line 1910, in _execute_context
    self.dialect.do_execute(
  File "/home/airflow/.local/lib/python3.12/site-packages/sqlalchemy/engine/default.py", line 736, in do_execute
    cursor.execute(statement, parameters)
sqlalchemy.exc.ProgrammingError: (psycopg2.errors.UndefinedTable) relation "warehouse.dim_date" does not exist
LINE 1: SELECT date_key FROM warehouse.dim_date
                             ^

[SQL: SELECT date_key FROM warehouse.dim_date]
(Background on this error at: https://sqlalche.me/e/14/f405)
[2026-02-02T19:35:59.817+0000] {taskinstance.py:1206} INFO - Marking task as UP_FOR_RETRY. dag_id=star_schema_pipeline, task_id=run_star_schema_population, run_id=manual__2026-02-02T19:35:46.898031+00:00, execution_date=20260202T193546, start_date=20260202T193558, end_date=20260202T193559
[2026-02-02T19:35:59.880+0000] {standard_task_runner.py:110} ERROR - Failed to execute job 639 for task run_star_schema_population ((psycopg2.errors.UndefinedTable) relation "warehouse.dim_date" does not exist
LINE 1: SELECT date_key FROM warehouse.dim_date
                             ^

[SQL: SELECT date_key FROM warehouse.dim_date]
(Background on this error at: https://sqlalche.me/e/14/f405); 111)
[2026-02-02T19:35:59.907+0000] {local_task_job_runner.py:243} INFO - Task exited with return code 1
[2026-02-02T19:35:59.947+0000] {taskinstance.py:3503} INFO - 0 downstream tasks scheduled from follow-on schedule check
[2026-02-02T19:35:59.950+0000] {local_task_job_runner.py:222} INFO - ::endgroup::
