[2026-02-04T10:46:20.756+0000] {local_task_job_runner.py:120} INFO - ::group::Pre task execution logs
[2026-02-04T10:46:20.791+0000] {taskinstance.py:2076} INFO - Dependencies all met for dep_context=non-requeueable deps ti=<TaskInstance: star_schema_pipeline.run_star_schema_population manual__2026-02-04T10:45:14.886556+00:00 [queued]>
[2026-02-04T10:46:20.802+0000] {taskinstance.py:2076} INFO - Dependencies all met for dep_context=requeueable deps ti=<TaskInstance: star_schema_pipeline.run_star_schema_population manual__2026-02-04T10:45:14.886556+00:00 [queued]>
[2026-02-04T10:46:20.803+0000] {taskinstance.py:2306} INFO - Starting attempt 1 of 2
[2026-02-04T10:46:20.819+0000] {taskinstance.py:2330} INFO - Executing <Task(PythonOperator): run_star_schema_population> on 2026-02-04 10:45:14.886556+00:00
[2026-02-04T10:46:20.824+0000] {standard_task_runner.py:64} INFO - Started process 140 to run task
[2026-02-04T10:46:20.826+0000] {standard_task_runner.py:90} INFO - Running: ['airflow', 'tasks', 'run', 'star_schema_pipeline', 'run_star_schema_population', 'manual__2026-02-04T10:45:14.886556+00:00', '--job-id', '743', '--raw', '--subdir', 'DAGS_FOLDER/star_schema_dag.py', '--cfg-path', '/tmp/tmpmzm2sg7x']
[2026-02-04T10:46:20.827+0000] {standard_task_runner.py:91} INFO - Job 743: Subtask run_star_schema_population
[2026-02-04T10:46:20.913+0000] {task_command.py:426} INFO - Running <TaskInstance: star_schema_pipeline.run_star_schema_population manual__2026-02-04T10:45:14.886556+00:00 [running]> on host a659fd7a4c49
[2026-02-04T10:46:21.011+0000] {taskinstance.py:2648} INFO - Exporting env vars: AIRFLOW_CTX_DAG_OWNER='admin' AIRFLOW_CTX_DAG_ID='star_schema_pipeline' AIRFLOW_CTX_TASK_ID='run_star_schema_population' AIRFLOW_CTX_EXECUTION_DATE='2026-02-04T10:45:14.886556+00:00' AIRFLOW_CTX_TRY_NUMBER='1' AIRFLOW_CTX_DAG_RUN_ID='manual__2026-02-04T10:45:14.886556+00:00'
[2026-02-04T10:46:21.012+0000] {taskinstance.py:430} INFO - ::endgroup::
[2026-02-04T10:46:21.418+0000] {logging_mixin.py:188} INFO - Loading silver data after 2026-02-04 10:05:11.386730...
[2026-02-04T10:46:21.436+0000] {logging_mixin.py:188} INFO - Extracted 100 new rows from silver layer.
[2026-02-04T10:46:21.438+0000] {logging_mixin.py:188} INFO - Building Dimension Tables...
[2026-02-04T10:46:21.438+0000] {logging_mixin.py:188} INFO - Building dim_date...
[2026-02-04T10:46:21.448+0000] {logging_mixin.py:188} INFO - dim_date is up to date.
[2026-02-04T10:46:21.448+0000] {logging_mixin.py:188} INFO - Building dim_product...
[2026-02-04T10:46:21.453+0000] {logging_mixin.py:188} INFO - dim_product is up to date.
[2026-02-04T10:46:21.454+0000] {logging_mixin.py:188} INFO - Building dim_customer...
[2026-02-04T10:46:21.462+0000] {logging_mixin.py:188} INFO - dim_customer is up to date.
[2026-02-04T10:46:21.463+0000] {logging_mixin.py:188} INFO - Building Fact Table...
[2026-02-04T10:46:21.475+0000] {logging_mixin.py:188} INFO - Inserting 100 new rows into fact_sales
[2026-02-04T10:46:21.504+0000] {logging_mixin.py:188} INFO - Star schema updated successfully!
[2026-02-04T10:46:21.505+0000] {python.py:237} INFO - Done. Returned value was: None
[2026-02-04T10:46:21.506+0000] {taskinstance.py:441} INFO - ::group::Post task execution logs
[2026-02-04T10:46:21.518+0000] {taskinstance.py:1206} INFO - Marking task as SUCCESS. dag_id=star_schema_pipeline, task_id=run_star_schema_population, run_id=manual__2026-02-04T10:45:14.886556+00:00, execution_date=20260204T104514, start_date=20260204T104620, end_date=20260204T104621
[2026-02-04T10:46:21.562+0000] {local_task_job_runner.py:243} INFO - Task exited with return code 0
[2026-02-04T10:46:21.583+0000] {taskinstance.py:3503} INFO - 0 downstream tasks scheduled from follow-on schedule check
[2026-02-04T10:46:21.585+0000] {local_task_job_runner.py:222} INFO - ::endgroup::
