[2026-02-04T10:05:17.742+0000] {local_task_job_runner.py:120} INFO - ::group::Pre task execution logs
[2026-02-04T10:05:17.789+0000] {taskinstance.py:2076} INFO - Dependencies all met for dep_context=non-requeueable deps ti=<TaskInstance: star_schema_pipeline.run_star_schema_population manual__2026-02-04T10:05:14.456621+00:00 [queued]>
[2026-02-04T10:05:17.803+0000] {taskinstance.py:2076} INFO - Dependencies all met for dep_context=requeueable deps ti=<TaskInstance: star_schema_pipeline.run_star_schema_population manual__2026-02-04T10:05:14.456621+00:00 [queued]>
[2026-02-04T10:05:17.804+0000] {taskinstance.py:2306} INFO - Starting attempt 1 of 2
[2026-02-04T10:05:17.821+0000] {taskinstance.py:2330} INFO - Executing <Task(PythonOperator): run_star_schema_population> on 2026-02-04 10:05:14.456621+00:00
[2026-02-04T10:05:17.825+0000] {standard_task_runner.py:64} INFO - Started process 179 to run task
[2026-02-04T10:05:17.828+0000] {standard_task_runner.py:90} INFO - Running: ['airflow', 'tasks', 'run', 'star_schema_pipeline', 'run_star_schema_population', 'manual__2026-02-04T10:05:14.456621+00:00', '--job-id', '733', '--raw', '--subdir', 'DAGS_FOLDER/star_schema_dag.py', '--cfg-path', '/tmp/tmpzvn5zd3w']
[2026-02-04T10:05:17.830+0000] {standard_task_runner.py:91} INFO - Job 733: Subtask run_star_schema_population
[2026-02-04T10:05:17.930+0000] {task_command.py:426} INFO - Running <TaskInstance: star_schema_pipeline.run_star_schema_population manual__2026-02-04T10:05:14.456621+00:00 [running]> on host 6e3bedb0407a
[2026-02-04T10:05:18.045+0000] {taskinstance.py:2648} INFO - Exporting env vars: AIRFLOW_CTX_DAG_OWNER='admin' AIRFLOW_CTX_DAG_ID='star_schema_pipeline' AIRFLOW_CTX_TASK_ID='run_star_schema_population' AIRFLOW_CTX_EXECUTION_DATE='2026-02-04T10:05:14.456621+00:00' AIRFLOW_CTX_TRY_NUMBER='1' AIRFLOW_CTX_DAG_RUN_ID='manual__2026-02-04T10:05:14.456621+00:00'
[2026-02-04T10:05:18.047+0000] {taskinstance.py:430} INFO - ::endgroup::
[2026-02-04T10:05:18.474+0000] {logging_mixin.py:188} INFO - Loading silver data after 2026-02-04 10:04:32.720625...
[2026-02-04T10:05:18.492+0000] {logging_mixin.py:188} INFO - Extracted 200 new rows from silver layer.
[2026-02-04T10:05:18.493+0000] {logging_mixin.py:188} INFO - Building Dimension Tables...
[2026-02-04T10:05:18.494+0000] {logging_mixin.py:188} INFO - Building dim_date...
[2026-02-04T10:05:18.503+0000] {logging_mixin.py:188} INFO - dim_date is up to date.
[2026-02-04T10:05:18.504+0000] {logging_mixin.py:188} INFO - Building dim_product...
[2026-02-04T10:05:18.509+0000] {logging_mixin.py:188} INFO - dim_product is up to date.
[2026-02-04T10:05:18.510+0000] {logging_mixin.py:188} INFO - Building dim_customer...
[2026-02-04T10:05:18.518+0000] {logging_mixin.py:188} INFO - dim_customer is up to date.
[2026-02-04T10:05:18.519+0000] {logging_mixin.py:188} INFO - Building Fact Table...
[2026-02-04T10:05:18.529+0000] {logging_mixin.py:188} INFO - Inserting 200 new rows into fact_sales
[2026-02-04T10:05:18.572+0000] {logging_mixin.py:188} INFO - Star schema updated successfully!
[2026-02-04T10:05:18.574+0000] {python.py:237} INFO - Done. Returned value was: None
[2026-02-04T10:05:18.575+0000] {taskinstance.py:441} INFO - ::group::Post task execution logs
[2026-02-04T10:05:18.588+0000] {taskinstance.py:1206} INFO - Marking task as SUCCESS. dag_id=star_schema_pipeline, task_id=run_star_schema_population, run_id=manual__2026-02-04T10:05:14.456621+00:00, execution_date=20260204T100514, start_date=20260204T100517, end_date=20260204T100518
[2026-02-04T10:05:18.645+0000] {local_task_job_runner.py:243} INFO - Task exited with return code 0
[2026-02-04T10:05:18.666+0000] {taskinstance.py:3503} INFO - 0 downstream tasks scheduled from follow-on schedule check
[2026-02-04T10:05:18.669+0000] {local_task_job_runner.py:222} INFO - ::endgroup::
