[2026-02-04T14:12:26.633+0000] {local_task_job_runner.py:120} INFO - ::group::Pre task execution logs
[2026-02-04T14:12:26.696+0000] {taskinstance.py:2076} INFO - Dependencies all met for dep_context=non-requeueable deps ti=<TaskInstance: star_schema_pipeline.run_star_schema_population manual__2026-02-04T14:12:13.278778+00:00 [queued]>
[2026-02-04T14:12:26.714+0000] {taskinstance.py:2076} INFO - Dependencies all met for dep_context=requeueable deps ti=<TaskInstance: star_schema_pipeline.run_star_schema_population manual__2026-02-04T14:12:13.278778+00:00 [queued]>
[2026-02-04T14:12:26.715+0000] {taskinstance.py:2306} INFO - Starting attempt 1 of 2
[2026-02-04T14:12:26.739+0000] {taskinstance.py:2330} INFO - Executing <Task(PythonOperator): run_star_schema_population> on 2026-02-04 14:12:13.278778+00:00
[2026-02-04T14:12:26.747+0000] {standard_task_runner.py:64} INFO - Started process 134 to run task
[2026-02-04T14:12:26.752+0000] {standard_task_runner.py:90} INFO - Running: ['airflow', 'tasks', 'run', 'star_schema_pipeline', 'run_star_schema_population', 'manual__2026-02-04T14:12:13.278778+00:00', '--job-id', '842', '--raw', '--subdir', 'DAGS_FOLDER/star_schema_dag.py', '--cfg-path', '/tmp/tmpgpkyrx7r']
[2026-02-04T14:12:26.756+0000] {standard_task_runner.py:91} INFO - Job 842: Subtask run_star_schema_population
[2026-02-04T14:12:26.880+0000] {task_command.py:426} INFO - Running <TaskInstance: star_schema_pipeline.run_star_schema_population manual__2026-02-04T14:12:13.278778+00:00 [running]> on host 5bc3d5fc68e5
[2026-02-04T14:12:27.216+0000] {taskinstance.py:2648} INFO - Exporting env vars: AIRFLOW_CTX_DAG_OWNER='admin' AIRFLOW_CTX_DAG_ID='star_schema_pipeline' AIRFLOW_CTX_TASK_ID='run_star_schema_population' AIRFLOW_CTX_EXECUTION_DATE='2026-02-04T14:12:13.278778+00:00' AIRFLOW_CTX_TRY_NUMBER='1' AIRFLOW_CTX_DAG_RUN_ID='manual__2026-02-04T14:12:13.278778+00:00'
[2026-02-04T14:12:27.219+0000] {taskinstance.py:430} INFO - ::endgroup::
[2026-02-04T14:12:27.996+0000] {logging_mixin.py:188} INFO - Loading silver data after 2026-02-04 14:01:29.211717...
[2026-02-04T14:12:28.022+0000] {logging_mixin.py:188} INFO - Extracted 200 new rows from silver layer.
[2026-02-04T14:12:28.025+0000] {logging_mixin.py:188} INFO - Building Dimension Tables...
[2026-02-04T14:12:28.026+0000] {logging_mixin.py:188} INFO - Building dim_date...
[2026-02-04T14:12:28.046+0000] {logging_mixin.py:188} INFO - dim_date is up to date.
[2026-02-04T14:12:28.047+0000] {logging_mixin.py:188} INFO - Building dim_product...
[2026-02-04T14:12:28.058+0000] {logging_mixin.py:188} INFO - dim_product is up to date.
[2026-02-04T14:12:28.060+0000] {logging_mixin.py:188} INFO - Building dim_customer...
[2026-02-04T14:12:28.078+0000] {logging_mixin.py:188} INFO - dim_customer is up to date.
[2026-02-04T14:12:28.079+0000] {logging_mixin.py:188} INFO - Building Fact Table...
[2026-02-04T14:12:28.100+0000] {logging_mixin.py:188} INFO - Inserting 200 new rows into fact_sales
[2026-02-04T14:12:28.167+0000] {logging_mixin.py:188} INFO - Star schema updated successfully!
[2026-02-04T14:12:28.168+0000] {python.py:237} INFO - Done. Returned value was: None
[2026-02-04T14:12:28.169+0000] {taskinstance.py:441} INFO - ::group::Post task execution logs
[2026-02-04T14:12:28.192+0000] {taskinstance.py:1206} INFO - Marking task as SUCCESS. dag_id=star_schema_pipeline, task_id=run_star_schema_population, run_id=manual__2026-02-04T14:12:13.278778+00:00, execution_date=20260204T141213, start_date=20260204T141226, end_date=20260204T141228
[2026-02-04T14:12:28.253+0000] {local_task_job_runner.py:243} INFO - Task exited with return code 0
[2026-02-04T14:12:28.289+0000] {taskinstance.py:3503} INFO - 0 downstream tasks scheduled from follow-on schedule check
[2026-02-04T14:12:28.292+0000] {local_task_job_runner.py:222} INFO - ::endgroup::
