[2026-02-02T16:11:45.850+0000] {manager.py:470} INFO - Processing files using up to 2 processes at a time 
[2026-02-02T16:11:45.856+0000] {manager.py:471} INFO - Process each file at most once every 30 seconds
[2026-02-02T16:11:45.859+0000] {manager.py:472} INFO - Checking for new files in /opt/airflow/dags every 300 seconds
[2026-02-02T16:11:45.863+0000] {manager.py:737} INFO - Searching for files in /opt/airflow/dags
[2026-02-02T16:11:46.053+0000] {manager.py:740} INFO - There are 3 files in /opt/airflow/dags
[2026-02-02T16:11:46.353+0000] {manager.py:878} INFO - 
================================================================================
DAG File Processing Stats

File Path                                PID  Runtime      # DAGs    # Errors  Last Runtime    Last Run
-------------------------------------  -----  ---------  --------  ----------  --------------  ----------
/opt/airflow/dags/clean_sales_dag.py      26  0.11s             0           0
/opt/airflow/dags/ingest_sales_dag.py                           0           0
/opt/airflow/dags/star_schema_dag.py      27  0.08s             0           0
================================================================================
[2026-02-02T16:12:17.076+0000] {manager.py:878} INFO - 
================================================================================
DAG File Processing Stats

File Path                                PID  Runtime      # DAGs    # Errors  Last Runtime    Last Run
-------------------------------------  -----  ---------  --------  ----------  --------------  -------------------
/opt/airflow/dags/ingest_sales_dag.py                           1           0  2.30s           2026-02-02T16:11:48
/opt/airflow/dags/clean_sales_dag.py      70  0.05s             1           0  0.33s           2026-02-02T16:11:46
/opt/airflow/dags/star_schema_dag.py      71  0.01s             1           0  0.27s           2026-02-02T16:11:46
================================================================================
[2026-02-02T16:12:47.642+0000] {manager.py:878} INFO - 
================================================================================
DAG File Processing Stats

File Path                                PID  Runtime      # DAGs    # Errors  Last Runtime    Last Run
-------------------------------------  -----  ---------  --------  ----------  --------------  -------------------
/opt/airflow/dags/ingest_sales_dag.py                           1           0  1.02s           2026-02-02T16:12:20
/opt/airflow/dags/clean_sales_dag.py     105  0.04s             1           0  0.25s           2026-02-02T16:12:17
/opt/airflow/dags/star_schema_dag.py     106  0.01s             1           0  0.20s           2026-02-02T16:12:17
================================================================================
[2026-02-02T16:13:18.420+0000] {manager.py:878} INFO - 
================================================================================
DAG File Processing Stats

File Path                                PID  Runtime      # DAGs    # Errors  Last Runtime    Last Run
-------------------------------------  -----  ---------  --------  ----------  --------------  -------------------
/opt/airflow/dags/ingest_sales_dag.py                           1           0  1.14s           2026-02-02T16:12:51
/opt/airflow/dags/clean_sales_dag.py     146  0.03s             1           0  0.30s           2026-02-02T16:12:47
/opt/airflow/dags/star_schema_dag.py     147  0.01s             1           0  0.26s           2026-02-02T16:12:47
================================================================================
[2026-02-02T16:13:49.041+0000] {manager.py:878} INFO - 
================================================================================
DAG File Processing Stats

File Path                                PID  Runtime      # DAGs    # Errors  Last Runtime    Last Run
-------------------------------------  -----  ---------  --------  ----------  --------------  -------------------
/opt/airflow/dags/ingest_sales_dag.py                           1           0  0.93s           2026-02-02T16:13:23
/opt/airflow/dags/clean_sales_dag.py     171  0.04s             1           0  0.23s           2026-02-02T16:13:18
/opt/airflow/dags/star_schema_dag.py     172  0.01s             1           0  0.21s           2026-02-02T16:13:18
================================================================================
[2026-02-02T16:14:19.915+0000] {manager.py:878} INFO - 
================================================================================
DAG File Processing Stats

File Path                                PID  Runtime      # DAGs    # Errors  Last Runtime    Last Run
-------------------------------------  -----  ---------  --------  ----------  --------------  -------------------
/opt/airflow/dags/ingest_sales_dag.py                           1           0  1.09s           2026-02-02T16:13:55
/opt/airflow/dags/clean_sales_dag.py     175  0.03s             1           0  0.40s           2026-02-02T16:13:49
/opt/airflow/dags/star_schema_dag.py     176  0.01s             1           0  0.35s           2026-02-02T16:13:49
================================================================================
[2026-02-02T16:14:50.492+0000] {manager.py:878} INFO - 
================================================================================
DAG File Processing Stats

File Path                                PID  Runtime      # DAGs    # Errors  Last Runtime    Last Run
-------------------------------------  -----  ---------  --------  ----------  --------------  -------------------
/opt/airflow/dags/ingest_sales_dag.py                           1           0  0.92s           2026-02-02T16:14:26
/opt/airflow/dags/clean_sales_dag.py     179  0.03s             1           0  0.30s           2026-02-02T16:14:20
/opt/airflow/dags/star_schema_dag.py     180  0.01s             1           0  0.28s           2026-02-02T16:14:20
================================================================================
[2026-02-02T16:15:02.469+0000] {manager.py:452} INFO - Exiting gracefully upon receiving signal 15
[2026-02-02T16:17:32.673+0000] {manager.py:470} INFO - Processing files using up to 2 processes at a time 
[2026-02-02T16:17:32.676+0000] {manager.py:471} INFO - Process each file at most once every 30 seconds
[2026-02-02T16:17:32.679+0000] {manager.py:472} INFO - Checking for new files in /opt/airflow/dags every 300 seconds
[2026-02-02T16:17:32.681+0000] {manager.py:737} INFO - Searching for files in /opt/airflow/dags
[2026-02-02T16:17:32.865+0000] {manager.py:740} INFO - There are 3 files in /opt/airflow/dags
[2026-02-02T16:17:33.222+0000] {manager.py:878} INFO - 
================================================================================
DAG File Processing Stats

File Path                                PID  Runtime      # DAGs    # Errors  Last Runtime    Last Run
-------------------------------------  -----  ---------  --------  ----------  --------------  ----------
/opt/airflow/dags/clean_sales_dag.py      26  0.13s             0           0
/opt/airflow/dags/ingest_sales_dag.py                           0           0
/opt/airflow/dags/star_schema_dag.py      27  0.09s             0           0
================================================================================
[2026-02-02T16:18:03.681+0000] {manager.py:878} INFO - 
================================================================================
DAG File Processing Stats

File Path                                PID  Runtime      # DAGs    # Errors  Last Runtime    Last Run
-------------------------------------  -----  ---------  --------  ----------  --------------  -------------------
/opt/airflow/dags/ingest_sales_dag.py                           1           0  2.76s           2026-02-02T16:17:36
/opt/airflow/dags/clean_sales_dag.py      59  0.05s             1           0  0.31s           2026-02-02T16:17:33
/opt/airflow/dags/star_schema_dag.py      60  0.01s             1           0  0.28s           2026-02-02T16:17:33
================================================================================
[2026-02-02T16:18:34.352+0000] {manager.py:878} INFO - 
================================================================================
DAG File Processing Stats

File Path                                PID  Runtime      # DAGs    # Errors  Last Runtime    Last Run
-------------------------------------  -----  ---------  --------  ----------  --------------  -------------------
/opt/airflow/dags/ingest_sales_dag.py                           1           0  0.85s           2026-02-02T16:18:07
/opt/airflow/dags/clean_sales_dag.py      92  0.04s             1           0  0.30s           2026-02-02T16:18:03
/opt/airflow/dags/star_schema_dag.py      93  0.01s             1           0  0.24s           2026-02-02T16:18:03
================================================================================
[2026-02-02T16:19:05.051+0000] {manager.py:878} INFO - 
================================================================================
DAG File Processing Stats

File Path                                PID  Runtime      # DAGs    # Errors  Last Runtime    Last Run
-------------------------------------  -----  ---------  --------  ----------  --------------  -------------------
/opt/airflow/dags/ingest_sales_dag.py                           1           0  1.12s           2026-02-02T16:18:39
/opt/airflow/dags/clean_sales_dag.py     107  0.04s             1           0  0.28s           2026-02-02T16:18:34
/opt/airflow/dags/star_schema_dag.py     108  0.01s             1           0  0.26s           2026-02-02T16:18:34
================================================================================
[2026-02-02T16:19:35.728+0000] {manager.py:878} INFO - 
================================================================================
DAG File Processing Stats

File Path                                PID  Runtime      # DAGs    # Errors  Last Runtime    Last Run
-------------------------------------  -----  ---------  --------  ----------  --------------  -------------------
/opt/airflow/dags/ingest_sales_dag.py                           1           0  1.02s           2026-02-02T16:19:11
/opt/airflow/dags/clean_sales_dag.py     111  0.03s             1           0  0.36s           2026-02-02T16:19:05
/opt/airflow/dags/star_schema_dag.py     112  0.01s             1           0  0.35s           2026-02-02T16:19:05
================================================================================
[2026-02-02T16:20:06.536+0000] {manager.py:878} INFO - 
================================================================================
DAG File Processing Stats

File Path                                PID  Runtime      # DAGs    # Errors  Last Runtime    Last Run
-------------------------------------  -----  ---------  --------  ----------  --------------  -------------------
/opt/airflow/dags/ingest_sales_dag.py                           1           0  1.35s           2026-02-02T16:19:43
/opt/airflow/dags/clean_sales_dag.py     125  0.05s             1           0  0.23s           2026-02-02T16:19:35
/opt/airflow/dags/star_schema_dag.py     126  0.01s             1           0  0.19s           2026-02-02T16:19:35
================================================================================
[2026-02-02T16:20:37.184+0000] {manager.py:878} INFO - 
================================================================================
DAG File Processing Stats

File Path                                PID  Runtime      # DAGs    # Errors  Last Runtime    Last Run
-------------------------------------  -----  ---------  --------  ----------  --------------  -------------------
/opt/airflow/dags/ingest_sales_dag.py                           1           0  0.97s           2026-02-02T16:20:14
/opt/airflow/dags/clean_sales_dag.py     167  0.04s             1           0  0.28s           2026-02-02T16:20:06
/opt/airflow/dags/star_schema_dag.py     168  0.01s             1           0  0.25s           2026-02-02T16:20:06
================================================================================
[2026-02-02T16:21:07.881+0000] {manager.py:878} INFO - 
================================================================================
DAG File Processing Stats

File Path                                PID  Runtime      # DAGs    # Errors  Last Runtime    Last Run
-------------------------------------  -----  ---------  --------  ----------  --------------  -------------------
/opt/airflow/dags/ingest_sales_dag.py                           1           0  1.03s           2026-02-02T16:20:46
/opt/airflow/dags/clean_sales_dag.py     173  0.03s             1           0  0.28s           2026-02-02T16:20:37
/opt/airflow/dags/star_schema_dag.py     174  0.01s             1           0  0.26s           2026-02-02T16:20:37
================================================================================
[2026-02-02T16:21:38.599+0000] {manager.py:878} INFO - 
================================================================================
DAG File Processing Stats

File Path                                PID  Runtime      # DAGs    # Errors  Last Runtime    Last Run
-------------------------------------  -----  ---------  --------  ----------  --------------  -------------------
/opt/airflow/dags/ingest_sales_dag.py                           1           0  0.84s           2026-02-02T16:21:18
/opt/airflow/dags/clean_sales_dag.py     177  0.04s             1           0  0.27s           2026-02-02T16:21:08
/opt/airflow/dags/star_schema_dag.py     178  0.01s             1           0  0.22s           2026-02-02T16:21:08
================================================================================
[2026-02-02T16:22:09.550+0000] {manager.py:878} INFO - 
================================================================================
DAG File Processing Stats

File Path                                PID  Runtime      # DAGs    # Errors  Last Runtime    Last Run
-------------------------------------  -----  ---------  --------  ----------  --------------  -------------------
/opt/airflow/dags/ingest_sales_dag.py                           1           0  1.12s           2026-02-02T16:21:50
/opt/airflow/dags/clean_sales_dag.py     181  0.04s             1           0  0.28s           2026-02-02T16:21:38
/opt/airflow/dags/star_schema_dag.py     182  0.01s             1           0  0.21s           2026-02-02T16:21:38
================================================================================
[2026-02-02T16:22:33.027+0000] {manager.py:737} INFO - Searching for files in /opt/airflow/dags
[2026-02-02T16:22:33.235+0000] {manager.py:740} INFO - There are 3 files in /opt/airflow/dags
[2026-02-02T16:22:40.493+0000] {manager.py:878} INFO - 
================================================================================
DAG File Processing Stats

File Path                                PID  Runtime      # DAGs    # Errors  Last Runtime    Last Run
-------------------------------------  -----  ---------  --------  ----------  --------------  -------------------
/opt/airflow/dags/ingest_sales_dag.py                           1           0  1.23s           2026-02-02T16:22:22
/opt/airflow/dags/clean_sales_dag.py     195  0.04s             1           0  0.33s           2026-02-02T16:22:09
/opt/airflow/dags/star_schema_dag.py     196  0.01s             1           0  0.27s           2026-02-02T16:22:09
================================================================================
[2026-02-02T16:23:11.251+0000] {manager.py:878} INFO - 
================================================================================
DAG File Processing Stats

File Path                                PID  Runtime      # DAGs    # Errors  Last Runtime    Last Run
-------------------------------------  -----  ---------  --------  ----------  --------------  -------------------
/opt/airflow/dags/ingest_sales_dag.py                           1           0  1.08s           2026-02-02T16:22:53
/opt/airflow/dags/clean_sales_dag.py     199  0.04s             1           0  0.34s           2026-02-02T16:22:40
/opt/airflow/dags/star_schema_dag.py     200  0.01s             1           0  0.29s           2026-02-02T16:22:40
================================================================================
[2026-02-02T16:23:42.159+0000] {manager.py:878} INFO - 
================================================================================
DAG File Processing Stats

File Path                                PID  Runtime      # DAGs    # Errors  Last Runtime    Last Run
-------------------------------------  -----  ---------  --------  ----------  --------------  -------------------
/opt/airflow/dags/ingest_sales_dag.py                           1           0  1.38s           2026-02-02T16:23:25
/opt/airflow/dags/clean_sales_dag.py     213  0.05s             1           0  0.32s           2026-02-02T16:23:11
/opt/airflow/dags/star_schema_dag.py     214  0.01s             1           0  0.27s           2026-02-02T16:23:11
================================================================================
[2026-02-02T16:24:12.764+0000] {manager.py:878} INFO - 
================================================================================
DAG File Processing Stats

File Path                                PID  Runtime      # DAGs    # Errors  Last Runtime    Last Run
-------------------------------------  -----  ---------  --------  ----------  --------------  -------------------
/opt/airflow/dags/ingest_sales_dag.py                           1           0  0.86s           2026-02-02T16:23:57
/opt/airflow/dags/clean_sales_dag.py     217  0.07s             1           0  0.34s           2026-02-02T16:23:42
/opt/airflow/dags/star_schema_dag.py     218  0.01s             1           0  0.32s           2026-02-02T16:23:42
================================================================================
[2026-02-02T16:24:43.642+0000] {manager.py:878} INFO - 
================================================================================
DAG File Processing Stats

File Path                                PID  Runtime      # DAGs    # Errors  Last Runtime    Last Run
-------------------------------------  -----  ---------  --------  ----------  --------------  -------------------
/opt/airflow/dags/ingest_sales_dag.py                           1           0  0.91s           2026-02-02T16:24:29
/opt/airflow/dags/clean_sales_dag.py     221  0.06s             1           0  0.27s           2026-02-02T16:24:12
/opt/airflow/dags/star_schema_dag.py     222  0.02s             1           0  0.23s           2026-02-02T16:24:12
================================================================================
[2026-02-02T16:25:14.551+0000] {manager.py:878} INFO - 
================================================================================
DAG File Processing Stats

File Path                                PID  Runtime      # DAGs    # Errors  Last Runtime    Last Run
-------------------------------------  -----  ---------  --------  ----------  --------------  -------------------
/opt/airflow/dags/ingest_sales_dag.py                           1           0  1.12s           2026-02-02T16:25:01
/opt/airflow/dags/clean_sales_dag.py     245  0.04s             1           0  0.32s           2026-02-02T16:24:43
/opt/airflow/dags/star_schema_dag.py     246  0.01s             1           0  0.28s           2026-02-02T16:24:43
================================================================================
[2026-02-02T16:25:17.778+0000] {manager.py:452} INFO - Exiting gracefully upon receiving signal 15
