[2026-02-04T13:59:07.367+0000] {local_task_job_runner.py:120} INFO - ::group::Pre task execution logs
[2026-02-04T13:59:07.430+0000] {taskinstance.py:2076} INFO - Dependencies all met for dep_context=non-requeueable deps ti=<TaskInstance: star_schema_pipeline.run_star_schema_population manual__2026-02-04T13:59:02.395169+00:00 [queued]>
[2026-02-04T13:59:07.446+0000] {taskinstance.py:2076} INFO - Dependencies all met for dep_context=requeueable deps ti=<TaskInstance: star_schema_pipeline.run_star_schema_population manual__2026-02-04T13:59:02.395169+00:00 [queued]>
[2026-02-04T13:59:07.448+0000] {taskinstance.py:2306} INFO - Starting attempt 1 of 2
[2026-02-04T13:59:07.508+0000] {taskinstance.py:2330} INFO - Executing <Task(PythonOperator): run_star_schema_population> on 2026-02-04 13:59:02.395169+00:00
[2026-02-04T13:59:07.516+0000] {standard_task_runner.py:64} INFO - Started process 751 to run task
[2026-02-04T13:59:07.519+0000] {standard_task_runner.py:90} INFO - Running: ['airflow', 'tasks', 'run', 'star_schema_pipeline', 'run_star_schema_population', 'manual__2026-02-04T13:59:02.395169+00:00', '--job-id', '825', '--raw', '--subdir', 'DAGS_FOLDER/star_schema_dag.py', '--cfg-path', '/tmp/tmptl5inlwo']
[2026-02-04T13:59:07.523+0000] {standard_task_runner.py:91} INFO - Job 825: Subtask run_star_schema_population
[2026-02-04T13:59:07.634+0000] {task_command.py:426} INFO - Running <TaskInstance: star_schema_pipeline.run_star_schema_population manual__2026-02-04T13:59:02.395169+00:00 [running]> on host 4ca13672f40d
[2026-02-04T13:59:07.968+0000] {taskinstance.py:2648} INFO - Exporting env vars: AIRFLOW_CTX_DAG_OWNER='admin' AIRFLOW_CTX_DAG_ID='star_schema_pipeline' AIRFLOW_CTX_TASK_ID='run_star_schema_population' AIRFLOW_CTX_EXECUTION_DATE='2026-02-04T13:59:02.395169+00:00' AIRFLOW_CTX_TRY_NUMBER='1' AIRFLOW_CTX_DAG_RUN_ID='manual__2026-02-04T13:59:02.395169+00:00'
[2026-02-04T13:59:07.969+0000] {taskinstance.py:430} INFO - ::endgroup::
[2026-02-04T13:59:08.536+0000] {logging_mixin.py:188} INFO - Loading silver data after 2026-02-04 13:50:52.935235...
[2026-02-04T13:59:08.601+0000] {logging_mixin.py:188} INFO - Extracted 100 new rows from silver layer.
[2026-02-04T13:59:08.606+0000] {logging_mixin.py:188} INFO - Building Dimension Tables...
[2026-02-04T13:59:08.608+0000] {logging_mixin.py:188} INFO - Building dim_date...
[2026-02-04T13:59:08.628+0000] {logging_mixin.py:188} INFO - dim_date is up to date.
[2026-02-04T13:59:08.629+0000] {logging_mixin.py:188} INFO - Building dim_product...
[2026-02-04T13:59:08.638+0000] {logging_mixin.py:188} INFO - dim_product is up to date.
[2026-02-04T13:59:08.639+0000] {logging_mixin.py:188} INFO - Building dim_customer...
[2026-02-04T13:59:08.650+0000] {logging_mixin.py:188} INFO - dim_customer is up to date.
[2026-02-04T13:59:08.651+0000] {logging_mixin.py:188} INFO - Building Fact Table...
[2026-02-04T13:59:08.665+0000] {logging_mixin.py:188} INFO - Inserting 100 new rows into fact_sales
[2026-02-04T13:59:08.733+0000] {logging_mixin.py:188} INFO - Star schema updated successfully!
[2026-02-04T13:59:08.736+0000] {python.py:237} INFO - Done. Returned value was: None
[2026-02-04T13:59:08.737+0000] {taskinstance.py:441} INFO - ::group::Post task execution logs
[2026-02-04T13:59:08.771+0000] {taskinstance.py:1206} INFO - Marking task as SUCCESS. dag_id=star_schema_pipeline, task_id=run_star_schema_population, run_id=manual__2026-02-04T13:59:02.395169+00:00, execution_date=20260204T135902, start_date=20260204T135907, end_date=20260204T135908
[2026-02-04T13:59:08.820+0000] {local_task_job_runner.py:243} INFO - Task exited with return code 0
[2026-02-04T13:59:08.865+0000] {taskinstance.py:3503} INFO - 0 downstream tasks scheduled from follow-on schedule check
[2026-02-04T13:59:08.870+0000] {local_task_job_runner.py:222} INFO - ::endgroup::
