[2026-02-02T20:25:03.052+0000] {local_task_job_runner.py:120} INFO - ::group::Pre task execution logs
[2026-02-02T20:25:03.081+0000] {taskinstance.py:2076} INFO - Dependencies all met for dep_context=non-requeueable deps ti=<TaskInstance: sales_ingestion_pipeline.run_sales_ingestion scheduled__2026-02-02T20:20:00+00:00 [queued]>
[2026-02-02T20:25:03.089+0000] {taskinstance.py:2076} INFO - Dependencies all met for dep_context=requeueable deps ti=<TaskInstance: sales_ingestion_pipeline.run_sales_ingestion scheduled__2026-02-02T20:20:00+00:00 [queued]>
[2026-02-02T20:25:03.090+0000] {taskinstance.py:2306} INFO - Starting attempt 1 of 2
[2026-02-02T20:25:03.114+0000] {taskinstance.py:2330} INFO - Executing <Task(PythonOperator): run_sales_ingestion> on 2026-02-02 20:20:00+00:00
[2026-02-02T20:25:03.123+0000] {standard_task_runner.py:90} INFO - Running: ['airflow', 'tasks', 'run', 'sales_ingestion_pipeline', 'run_sales_ingestion', 'scheduled__2026-02-02T20:20:00+00:00', '--job-id', '695', '--raw', '--subdir', 'DAGS_FOLDER/ingest_sales_dag.py', '--cfg-path', '/tmp/tmp52d9pybw']
[2026-02-02T20:25:03.125+0000] {logging_mixin.py:188} WARNING - /home/airflow/.local/lib/python3.12/site-packages/airflow/task/task_runner/standard_task_runner.py:62 DeprecationWarning: This process (pid=485) is multi-threaded, use of fork() may lead to deadlocks in the child.
[2026-02-02T20:25:03.126+0000] {standard_task_runner.py:91} INFO - Job 695: Subtask run_sales_ingestion
[2026-02-02T20:25:03.126+0000] {standard_task_runner.py:64} INFO - Started process 494 to run task
[2026-02-02T20:25:03.215+0000] {task_command.py:426} INFO - Running <TaskInstance: sales_ingestion_pipeline.run_sales_ingestion scheduled__2026-02-02T20:20:00+00:00 [running]> on host 2c182be8ca88
[2026-02-02T20:25:03.321+0000] {taskinstance.py:2648} INFO - Exporting env vars: AIRFLOW_CTX_DAG_OWNER='you' AIRFLOW_CTX_DAG_ID='sales_ingestion_pipeline' AIRFLOW_CTX_TASK_ID='run_sales_ingestion' AIRFLOW_CTX_EXECUTION_DATE='2026-02-02T20:20:00+00:00' AIRFLOW_CTX_TRY_NUMBER='1' AIRFLOW_CTX_DAG_RUN_ID='scheduled__2026-02-02T20:20:00+00:00'
[2026-02-02T20:25:03.323+0000] {taskinstance.py:430} INFO - ::endgroup::
[2026-02-02T20:25:03.333+0000] {ingest_sales.py:33} INFO - Starting automated incremental ingestion pipeline
[2026-02-02T20:25:03.349+0000] {logging_mixin.py:188} INFO - Extracted 1000 rows from Sales_Dataset.csv
[2026-02-02T20:25:03.367+0000] {ingest_sales.py:40} INFO - Current max order_id in DB: 599
[2026-02-02T20:25:03.370+0000] {ingest_sales.py:50} INFO - Found 100 new rows (OrderID 600 to 699)
[2026-02-02T20:25:03.371+0000] {load_raw.py:26} INFO - Starting load of 100 new rows
[2026-02-02T20:25:03.396+0000] {load_raw.py:50} INFO - Load completed successfully!
[2026-02-02T20:25:03.397+0000] {ingest_sales.py:56} INFO - Pipeline completed! New max order_id: 699
[2026-02-02T20:25:03.398+0000] {python.py:237} INFO - Done. Returned value was: None
[2026-02-02T20:25:03.399+0000] {taskinstance.py:441} INFO - ::group::Post task execution logs
[2026-02-02T20:25:03.410+0000] {taskinstance.py:1206} INFO - Marking task as SUCCESS. dag_id=sales_ingestion_pipeline, task_id=run_sales_ingestion, run_id=scheduled__2026-02-02T20:20:00+00:00, execution_date=20260202T202000, start_date=20260202T202503, end_date=20260202T202503
[2026-02-02T20:25:03.462+0000] {local_task_job_runner.py:243} INFO - Task exited with return code 0
[2026-02-02T20:25:03.483+0000] {taskinstance.py:3503} INFO - 1 downstream tasks scheduled from follow-on schedule check
[2026-02-02T20:25:03.487+0000] {local_task_job_runner.py:222} INFO - ::endgroup::
