[2026-02-02T16:12:21.659+0000] {local_task_job_runner.py:120} INFO - ::group::Pre task execution logs
[2026-02-02T16:12:21.735+0000] {taskinstance.py:2076} INFO - Dependencies all met for dep_context=non-requeueable deps ti=<TaskInstance: sales_ingestion_pipeline.run_sales_ingestion scheduled__2026-02-02T16:05:00+00:00 [queued]>
[2026-02-02T16:12:21.750+0000] {taskinstance.py:2076} INFO - Dependencies all met for dep_context=requeueable deps ti=<TaskInstance: sales_ingestion_pipeline.run_sales_ingestion scheduled__2026-02-02T16:05:00+00:00 [queued]>
[2026-02-02T16:12:21.752+0000] {taskinstance.py:2306} INFO - Starting attempt 1 of 2
[2026-02-02T16:12:21.814+0000] {taskinstance.py:2330} INFO - Executing <Task(PythonOperator): run_sales_ingestion> on 2026-02-02 16:05:00+00:00
[2026-02-02T16:12:21.832+0000] {standard_task_runner.py:90} INFO - Running: ['airflow', 'tasks', 'run', 'sales_ingestion_pipeline', 'run_sales_ingestion', 'scheduled__2026-02-02T16:05:00+00:00', '--job-id', '512', '--raw', '--subdir', 'DAGS_FOLDER/ingest_sales_dag.py', '--cfg-path', '/tmp/tmp1zy5liyd']
[2026-02-02T16:12:21.837+0000] {standard_task_runner.py:91} INFO - Job 512: Subtask run_sales_ingestion
[2026-02-02T16:12:21.837+0000] {logging_mixin.py:188} WARNING - /home/airflow/.local/lib/python3.12/site-packages/airflow/task/task_runner/standard_task_runner.py:62 DeprecationWarning: This process (pid=69) is multi-threaded, use of fork() may lead to deadlocks in the child.
[2026-02-02T16:12:21.839+0000] {standard_task_runner.py:64} INFO - Started process 82 to run task
[2026-02-02T16:12:21.962+0000] {task_command.py:426} INFO - Running <TaskInstance: sales_ingestion_pipeline.run_sales_ingestion scheduled__2026-02-02T16:05:00+00:00 [running]> on host 0cea7ca30c10
[2026-02-02T16:12:22.227+0000] {taskinstance.py:2648} INFO - Exporting env vars: AIRFLOW_CTX_DAG_OWNER='you' AIRFLOW_CTX_DAG_ID='sales_ingestion_pipeline' AIRFLOW_CTX_TASK_ID='run_sales_ingestion' AIRFLOW_CTX_EXECUTION_DATE='2026-02-02T16:05:00+00:00' AIRFLOW_CTX_TRY_NUMBER='1' AIRFLOW_CTX_DAG_RUN_ID='scheduled__2026-02-02T16:05:00+00:00'
[2026-02-02T16:12:22.228+0000] {taskinstance.py:430} INFO - ::endgroup::
[2026-02-02T16:12:22.240+0000] {ingest_sales.py:25} INFO - Starting automated incremental ingestion pipeline
[2026-02-02T16:12:22.265+0000] {logging_mixin.py:188} INFO - Extracted 1000 rows from Sales_Dataset.csv
[2026-02-02T16:12:22.312+0000] {ingest_sales.py:32} INFO - Current max order_id in DB: 999
[2026-02-02T16:12:22.317+0000] {ingest_sales.py:39} INFO - No new rows to load — pipeline complete!
[2026-02-02T16:12:22.319+0000] {python.py:237} INFO - Done. Returned value was: None
[2026-02-02T16:12:22.321+0000] {taskinstance.py:441} INFO - ::group::Post task execution logs
[2026-02-02T16:12:22.361+0000] {taskinstance.py:1206} INFO - Marking task as SUCCESS. dag_id=sales_ingestion_pipeline, task_id=run_sales_ingestion, run_id=scheduled__2026-02-02T16:05:00+00:00, execution_date=20260202T160500, start_date=20260202T161221, end_date=20260202T161222
[2026-02-02T16:12:22.425+0000] {local_task_job_runner.py:243} INFO - Task exited with return code 0
[2026-02-02T16:12:22.480+0000] {taskinstance.py:3503} INFO - 1 downstream tasks scheduled from follow-on schedule check
[2026-02-02T16:12:22.484+0000] {local_task_job_runner.py:222} INFO - ::endgroup::
