[2026-02-02T20:15:03.260+0000] {local_task_job_runner.py:120} INFO - ::group::Pre task execution logs
[2026-02-02T20:15:03.287+0000] {taskinstance.py:2076} INFO - Dependencies all met for dep_context=non-requeueable deps ti=<TaskInstance: sales_ingestion_pipeline.run_sales_ingestion scheduled__2026-02-02T20:10:00+00:00 [queued]>
[2026-02-02T20:15:03.294+0000] {taskinstance.py:2076} INFO - Dependencies all met for dep_context=requeueable deps ti=<TaskInstance: sales_ingestion_pipeline.run_sales_ingestion scheduled__2026-02-02T20:10:00+00:00 [queued]>
[2026-02-02T20:15:03.294+0000] {taskinstance.py:2306} INFO - Starting attempt 1 of 2
[2026-02-02T20:15:03.306+0000] {taskinstance.py:2330} INFO - Executing <Task(PythonOperator): run_sales_ingestion> on 2026-02-02 20:10:00+00:00
[2026-02-02T20:15:03.313+0000] {standard_task_runner.py:90} INFO - Running: ['airflow', 'tasks', 'run', 'sales_ingestion_pipeline', 'run_sales_ingestion', 'scheduled__2026-02-02T20:10:00+00:00', '--job-id', '685', '--raw', '--subdir', 'DAGS_FOLDER/ingest_sales_dag.py', '--cfg-path', '/tmp/tmpbb25v_se']
[2026-02-02T20:15:03.316+0000] {logging_mixin.py:188} WARNING - /home/airflow/.local/lib/python3.12/site-packages/airflow/task/task_runner/standard_task_runner.py:62 DeprecationWarning: This process (pid=305) is multi-threaded, use of fork() may lead to deadlocks in the child.
[2026-02-02T20:15:03.317+0000] {standard_task_runner.py:91} INFO - Job 685: Subtask run_sales_ingestion
[2026-02-02T20:15:03.317+0000] {standard_task_runner.py:64} INFO - Started process 314 to run task
[2026-02-02T20:15:03.398+0000] {task_command.py:426} INFO - Running <TaskInstance: sales_ingestion_pipeline.run_sales_ingestion scheduled__2026-02-02T20:10:00+00:00 [running]> on host 2c182be8ca88
[2026-02-02T20:15:03.499+0000] {taskinstance.py:2648} INFO - Exporting env vars: AIRFLOW_CTX_DAG_OWNER='you' AIRFLOW_CTX_DAG_ID='sales_ingestion_pipeline' AIRFLOW_CTX_TASK_ID='run_sales_ingestion' AIRFLOW_CTX_EXECUTION_DATE='2026-02-02T20:10:00+00:00' AIRFLOW_CTX_TRY_NUMBER='1' AIRFLOW_CTX_DAG_RUN_ID='scheduled__2026-02-02T20:10:00+00:00'
[2026-02-02T20:15:03.501+0000] {taskinstance.py:430} INFO - ::endgroup::
[2026-02-02T20:15:03.512+0000] {ingest_sales.py:33} INFO - Starting automated incremental ingestion pipeline
[2026-02-02T20:15:03.527+0000] {logging_mixin.py:188} INFO - Extracted 1000 rows from Sales_Dataset.csv
[2026-02-02T20:15:03.547+0000] {ingest_sales.py:40} INFO - Current max order_id in DB: 399
[2026-02-02T20:15:03.550+0000] {ingest_sales.py:50} INFO - Found 100 new rows (OrderID 400 to 499)
[2026-02-02T20:15:03.551+0000] {load_raw.py:26} INFO - Starting load of 100 new rows
[2026-02-02T20:15:03.577+0000] {load_raw.py:50} INFO - Load completed successfully!
[2026-02-02T20:15:03.578+0000] {ingest_sales.py:56} INFO - Pipeline completed! New max order_id: 499
[2026-02-02T20:15:03.579+0000] {python.py:237} INFO - Done. Returned value was: None
[2026-02-02T20:15:03.580+0000] {taskinstance.py:441} INFO - ::group::Post task execution logs
[2026-02-02T20:15:03.592+0000] {taskinstance.py:1206} INFO - Marking task as SUCCESS. dag_id=sales_ingestion_pipeline, task_id=run_sales_ingestion, run_id=scheduled__2026-02-02T20:10:00+00:00, execution_date=20260202T201000, start_date=20260202T201503, end_date=20260202T201503
[2026-02-02T20:15:03.613+0000] {local_task_job_runner.py:243} INFO - Task exited with return code 0
[2026-02-02T20:15:03.635+0000] {taskinstance.py:3503} INFO - 1 downstream tasks scheduled from follow-on schedule check
[2026-02-02T20:15:03.638+0000] {local_task_job_runner.py:222} INFO - ::endgroup::
