[2026-02-04T14:02:48.267+0000] {local_task_job_runner.py:120} INFO - ::group::Pre task execution logs
[2026-02-04T14:02:48.333+0000] {taskinstance.py:2076} INFO - Dependencies all met for dep_context=non-requeueable deps ti=<TaskInstance: star_schema_pipeline.run_star_schema_population manual__2026-02-04T14:02:42.275914+00:00 [queued]>
[2026-02-04T14:02:48.352+0000] {taskinstance.py:2076} INFO - Dependencies all met for dep_context=requeueable deps ti=<TaskInstance: star_schema_pipeline.run_star_schema_population manual__2026-02-04T14:02:42.275914+00:00 [queued]>
[2026-02-04T14:02:48.354+0000] {taskinstance.py:2306} INFO - Starting attempt 1 of 2
[2026-02-04T14:02:48.430+0000] {taskinstance.py:2330} INFO - Executing <Task(PythonOperator): run_star_schema_population> on 2026-02-04 14:02:42.275914+00:00
[2026-02-04T14:02:48.443+0000] {standard_task_runner.py:64} INFO - Started process 850 to run task
[2026-02-04T14:02:48.450+0000] {standard_task_runner.py:90} INFO - Running: ['airflow', 'tasks', 'run', 'star_schema_pipeline', 'run_star_schema_population', 'manual__2026-02-04T14:02:42.275914+00:00', '--job-id', '832', '--raw', '--subdir', 'DAGS_FOLDER/star_schema_dag.py', '--cfg-path', '/tmp/tmpvucf3n5b']
[2026-02-04T14:02:48.457+0000] {standard_task_runner.py:91} INFO - Job 832: Subtask run_star_schema_population
[2026-02-04T14:02:48.602+0000] {task_command.py:426} INFO - Running <TaskInstance: star_schema_pipeline.run_star_schema_population manual__2026-02-04T14:02:42.275914+00:00 [running]> on host 4ca13672f40d
[2026-02-04T14:02:48.957+0000] {taskinstance.py:2648} INFO - Exporting env vars: AIRFLOW_CTX_DAG_OWNER='admin' AIRFLOW_CTX_DAG_ID='star_schema_pipeline' AIRFLOW_CTX_TASK_ID='run_star_schema_population' AIRFLOW_CTX_EXECUTION_DATE='2026-02-04T14:02:42.275914+00:00' AIRFLOW_CTX_TRY_NUMBER='1' AIRFLOW_CTX_DAG_RUN_ID='manual__2026-02-04T14:02:42.275914+00:00'
[2026-02-04T14:02:48.959+0000] {taskinstance.py:430} INFO - ::endgroup::
[2026-02-04T14:02:49.787+0000] {logging_mixin.py:188} INFO - Loading silver data after 2026-02-04 13:57:51.976154...
[2026-02-04T14:02:49.828+0000] {logging_mixin.py:188} INFO - Extracted 100 new rows from silver layer.
[2026-02-04T14:02:49.833+0000] {logging_mixin.py:188} INFO - Building Dimension Tables...
[2026-02-04T14:02:49.834+0000] {logging_mixin.py:188} INFO - Building dim_date...
[2026-02-04T14:02:49.853+0000] {logging_mixin.py:188} INFO - dim_date is up to date.
[2026-02-04T14:02:49.854+0000] {logging_mixin.py:188} INFO - Building dim_product...
[2026-02-04T14:02:49.867+0000] {logging_mixin.py:188} INFO - dim_product is up to date.
[2026-02-04T14:02:49.869+0000] {logging_mixin.py:188} INFO - Building dim_customer...
[2026-02-04T14:02:49.895+0000] {logging_mixin.py:188} INFO - dim_customer is up to date.
[2026-02-04T14:02:49.897+0000] {logging_mixin.py:188} INFO - Building Fact Table...
[2026-02-04T14:02:49.933+0000] {logging_mixin.py:188} INFO - Inserting 100 new rows into fact_sales
[2026-02-04T14:02:49.993+0000] {logging_mixin.py:188} INFO - Star schema updated successfully!
[2026-02-04T14:02:49.995+0000] {python.py:237} INFO - Done. Returned value was: None
[2026-02-04T14:02:49.997+0000] {taskinstance.py:441} INFO - ::group::Post task execution logs
[2026-02-04T14:02:50.031+0000] {taskinstance.py:1206} INFO - Marking task as SUCCESS. dag_id=star_schema_pipeline, task_id=run_star_schema_population, run_id=manual__2026-02-04T14:02:42.275914+00:00, execution_date=20260204T140242, start_date=20260204T140248, end_date=20260204T140250
[2026-02-04T14:02:50.121+0000] {local_task_job_runner.py:243} INFO - Task exited with return code 0
[2026-02-04T14:02:50.160+0000] {taskinstance.py:3503} INFO - 0 downstream tasks scheduled from follow-on schedule check
[2026-02-04T14:02:50.164+0000] {local_task_job_runner.py:222} INFO - ::endgroup::
