[2026-02-04T14:39:41.997+0000] {local_task_job_runner.py:120} INFO - ::group::Pre task execution logs
[2026-02-04T14:39:42.059+0000] {taskinstance.py:2076} INFO - Dependencies all met for dep_context=non-requeueable deps ti=<TaskInstance: star_schema_pipeline.run_star_schema_population manual__2026-02-04T14:39:36.391313+00:00 [queued]>
[2026-02-04T14:39:42.069+0000] {taskinstance.py:2076} INFO - Dependencies all met for dep_context=requeueable deps ti=<TaskInstance: star_schema_pipeline.run_star_schema_population manual__2026-02-04T14:39:36.391313+00:00 [queued]>
[2026-02-04T14:39:42.070+0000] {taskinstance.py:2306} INFO - Starting attempt 1 of 2
[2026-02-04T14:39:42.092+0000] {taskinstance.py:2330} INFO - Executing <Task(PythonOperator): run_star_schema_population> on 2026-02-04 14:39:36.391313+00:00
[2026-02-04T14:39:42.099+0000] {standard_task_runner.py:64} INFO - Started process 155 to run task
[2026-02-04T14:39:42.103+0000] {standard_task_runner.py:90} INFO - Running: ['airflow', 'tasks', 'run', 'star_schema_pipeline', 'run_star_schema_population', 'manual__2026-02-04T14:39:36.391313+00:00', '--job-id', '875', '--raw', '--subdir', 'DAGS_FOLDER/star_schema_dag.py', '--cfg-path', '/tmp/tmpbm6z8guh']
[2026-02-04T14:39:42.107+0000] {standard_task_runner.py:91} INFO - Job 875: Subtask run_star_schema_population
[2026-02-04T14:39:42.242+0000] {task_command.py:426} INFO - Running <TaskInstance: star_schema_pipeline.run_star_schema_population manual__2026-02-04T14:39:36.391313+00:00 [running]> on host 863d8138af0c
[2026-02-04T14:39:42.480+0000] {taskinstance.py:2648} INFO - Exporting env vars: AIRFLOW_CTX_DAG_OWNER='admin' AIRFLOW_CTX_DAG_ID='star_schema_pipeline' AIRFLOW_CTX_TASK_ID='run_star_schema_population' AIRFLOW_CTX_EXECUTION_DATE='2026-02-04T14:39:36.391313+00:00' AIRFLOW_CTX_TRY_NUMBER='1' AIRFLOW_CTX_DAG_RUN_ID='manual__2026-02-04T14:39:36.391313+00:00'
[2026-02-04T14:39:42.482+0000] {taskinstance.py:430} INFO - ::endgroup::
[2026-02-04T14:39:43.214+0000] {logging_mixin.py:188} INFO - Loading silver data after 2026-02-04 14:36:29.654271...
[2026-02-04T14:39:43.286+0000] {logging_mixin.py:188} INFO - Extracted 100 new rows from silver layer.
[2026-02-04T14:39:43.289+0000] {logging_mixin.py:188} INFO - Building Dimension Tables...
[2026-02-04T14:39:43.290+0000] {logging_mixin.py:188} INFO - Building dim_date...
[2026-02-04T14:39:43.308+0000] {logging_mixin.py:188} INFO - Inserting 69 new rows into dim_date
[2026-02-04T14:39:43.333+0000] {logging_mixin.py:188} INFO - Building dim_product...
[2026-02-04T14:39:43.339+0000] {logging_mixin.py:188} INFO - dim_product is up to date.
[2026-02-04T14:39:43.340+0000] {logging_mixin.py:188} INFO - Building dim_customer...
[2026-02-04T14:39:43.354+0000] {logging_mixin.py:188} INFO - Inserting 46 new rows into dim_customer
[2026-02-04T14:39:43.371+0000] {logging_mixin.py:188} INFO - Building Fact Table...
[2026-02-04T14:39:43.389+0000] {logging_mixin.py:188} INFO - Inserting 100 new rows into fact_sales
[2026-02-04T14:39:43.423+0000] {logging_mixin.py:188} INFO - Star schema updated successfully!
[2026-02-04T14:39:43.425+0000] {python.py:237} INFO - Done. Returned value was: None
[2026-02-04T14:39:43.426+0000] {taskinstance.py:441} INFO - ::group::Post task execution logs
[2026-02-04T14:39:43.446+0000] {taskinstance.py:1206} INFO - Marking task as SUCCESS. dag_id=star_schema_pipeline, task_id=run_star_schema_population, run_id=manual__2026-02-04T14:39:36.391313+00:00, execution_date=20260204T143936, start_date=20260204T143942, end_date=20260204T143943
[2026-02-04T14:39:43.487+0000] {local_task_job_runner.py:243} INFO - Task exited with return code 0
[2026-02-04T14:39:43.521+0000] {taskinstance.py:3503} INFO - 0 downstream tasks scheduled from follow-on schedule check
[2026-02-04T14:39:43.525+0000] {local_task_job_runner.py:222} INFO - ::endgroup::
