[2026-02-04T13:54:55.960+0000] {local_task_job_runner.py:120} INFO - ::group::Pre task execution logs
[2026-02-04T13:54:56.011+0000] {taskinstance.py:2076} INFO - Dependencies all met for dep_context=non-requeueable deps ti=<TaskInstance: sales_silver_cleaning_pipeline.run_silver_cleaning manual__2026-02-04T13:54:35.661287+00:00 [queued]>
[2026-02-04T13:54:56.030+0000] {taskinstance.py:2076} INFO - Dependencies all met for dep_context=requeueable deps ti=<TaskInstance: sales_silver_cleaning_pipeline.run_silver_cleaning manual__2026-02-04T13:54:35.661287+00:00 [queued]>
[2026-02-04T13:54:56.032+0000] {taskinstance.py:2306} INFO - Starting attempt 1 of 2
[2026-02-04T13:54:56.115+0000] {taskinstance.py:2330} INFO - Executing <Task(PythonOperator): run_silver_cleaning> on 2026-02-04 13:54:35.661287+00:00
[2026-02-04T13:54:56.127+0000] {standard_task_runner.py:64} INFO - Started process 612 to run task
[2026-02-04T13:54:56.132+0000] {standard_task_runner.py:90} INFO - Running: ['airflow', 'tasks', 'run', 'sales_silver_cleaning_pipeline', 'run_silver_cleaning', 'manual__2026-02-04T13:54:35.661287+00:00', '--job-id', '814', '--raw', '--subdir', 'DAGS_FOLDER/clean_sales_dag.py', '--cfg-path', '/tmp/tmptn_vf9iy']
[2026-02-04T13:54:56.135+0000] {standard_task_runner.py:91} INFO - Job 814: Subtask run_silver_cleaning
[2026-02-04T13:54:56.224+0000] {task_command.py:426} INFO - Running <TaskInstance: sales_silver_cleaning_pipeline.run_silver_cleaning manual__2026-02-04T13:54:35.661287+00:00 [running]> on host 4ca13672f40d
[2026-02-04T13:54:56.376+0000] {taskinstance.py:2648} INFO - Exporting env vars: AIRFLOW_CTX_DAG_OWNER='admin' AIRFLOW_CTX_DAG_ID='sales_silver_cleaning_pipeline' AIRFLOW_CTX_TASK_ID='run_silver_cleaning' AIRFLOW_CTX_EXECUTION_DATE='2026-02-04T13:54:35.661287+00:00' AIRFLOW_CTX_TRY_NUMBER='1' AIRFLOW_CTX_DAG_RUN_ID='manual__2026-02-04T13:54:35.661287+00:00'
[2026-02-04T13:54:56.377+0000] {taskinstance.py:430} INFO - ::endgroup::
[2026-02-04T13:54:56.393+0000] {clean_sales_dag.py:15} INFO - Current sys.path: ['/home/airflow/.local/bin', '/opt/airflow', '/usr/local/lib/python312.zip', '/usr/local/lib/python3.12', '/usr/local/lib/python3.12/lib-dynload', '/home/airflow/.local/lib/python3.12/site-packages', '/opt/airflow/dags', '/opt/airflow/config', '/opt/airflow/plugins']
[2026-02-04T13:54:56.394+0000] {clean_sales_dag.py:17} INFO - Contents of /opt/airflow: ['dags', 'logs', 'data_warehouse', 'source', 'scripts', 'airflow.cfg', 'data_transform']
[2026-02-04T13:54:56.399+0000] {clean_sales_dag.py:18} INFO - Contents of /opt/airflow/data_transform: ['clean_ingestion.py', 'clean_sales.py', 'load_clean_data.py', 'notebooks', 'raw_data_fetcher.py', '__init__.py', '__pycache__']
[2026-02-04T13:54:57.086+0000] {clean_ingestion.py:5} INFO - Starting Silver Layer incremental pipeline...
[2026-02-04T13:54:57.179+0000] {clean_ingestion.py:14} INFO - No new data to process for Silver Layer.
[2026-02-04T13:54:57.181+0000] {python.py:237} INFO - Done. Returned value was: None
[2026-02-04T13:54:57.182+0000] {taskinstance.py:441} INFO - ::group::Post task execution logs
[2026-02-04T13:54:57.220+0000] {taskinstance.py:1206} INFO - Marking task as SUCCESS. dag_id=sales_silver_cleaning_pipeline, task_id=run_silver_cleaning, run_id=manual__2026-02-04T13:54:35.661287+00:00, execution_date=20260204T135435, start_date=20260204T135456, end_date=20260204T135457
[2026-02-04T13:54:57.353+0000] {local_task_job_runner.py:243} INFO - Task exited with return code 0
[2026-02-04T13:54:57.430+0000] {taskinstance.py:3503} INFO - 1 downstream tasks scheduled from follow-on schedule check
[2026-02-04T13:54:57.474+0000] {local_task_job_runner.py:222} INFO - ::endgroup::
