[2026-02-04T11:02:30.733+0000] {local_task_job_runner.py:120} INFO - ::group::Pre task execution logs
[2026-02-04T11:02:30.761+0000] {taskinstance.py:2076} INFO - Dependencies all met for dep_context=non-requeueable deps ti=<TaskInstance: sales_silver_cleaning_pipeline.run_silver_cleaning manual__2026-02-04T11:02:20.753322+00:00 [queued]>
[2026-02-04T11:02:30.768+0000] {taskinstance.py:2076} INFO - Dependencies all met for dep_context=requeueable deps ti=<TaskInstance: sales_silver_cleaning_pipeline.run_silver_cleaning manual__2026-02-04T11:02:20.753322+00:00 [queued]>
[2026-02-04T11:02:30.769+0000] {taskinstance.py:2306} INFO - Starting attempt 1 of 2
[2026-02-04T11:02:30.782+0000] {taskinstance.py:2330} INFO - Executing <Task(PythonOperator): run_silver_cleaning> on 2026-02-04 11:02:20.753322+00:00
[2026-02-04T11:02:30.786+0000] {standard_task_runner.py:64} INFO - Started process 99 to run task
[2026-02-04T11:02:30.788+0000] {standard_task_runner.py:90} INFO - Running: ['airflow', 'tasks', 'run', 'sales_silver_cleaning_pipeline', 'run_silver_cleaning', 'manual__2026-02-04T11:02:20.753322+00:00', '--job-id', '753', '--raw', '--subdir', 'DAGS_FOLDER/clean_sales_dag.py', '--cfg-path', '/tmp/tmp3__5qv80']
[2026-02-04T11:02:30.790+0000] {standard_task_runner.py:91} INFO - Job 753: Subtask run_silver_cleaning
[2026-02-04T11:02:30.865+0000] {task_command.py:426} INFO - Running <TaskInstance: sales_silver_cleaning_pipeline.run_silver_cleaning manual__2026-02-04T11:02:20.753322+00:00 [running]> on host fd0b3478991f
[2026-02-04T11:02:30.966+0000] {taskinstance.py:2648} INFO - Exporting env vars: AIRFLOW_CTX_DAG_OWNER='admin' AIRFLOW_CTX_DAG_ID='sales_silver_cleaning_pipeline' AIRFLOW_CTX_TASK_ID='run_silver_cleaning' AIRFLOW_CTX_EXECUTION_DATE='2026-02-04T11:02:20.753322+00:00' AIRFLOW_CTX_TRY_NUMBER='1' AIRFLOW_CTX_DAG_RUN_ID='manual__2026-02-04T11:02:20.753322+00:00'
[2026-02-04T11:02:30.967+0000] {taskinstance.py:430} INFO - ::endgroup::
[2026-02-04T11:02:30.979+0000] {clean_sales_dag.py:15} INFO - Current sys.path: ['/home/airflow/.local/bin', '/opt/airflow', '/usr/local/lib/python312.zip', '/usr/local/lib/python3.12', '/usr/local/lib/python3.12/lib-dynload', '/home/airflow/.local/lib/python3.12/site-packages', '/opt/airflow/dags', '/opt/airflow/config', '/opt/airflow/plugins']
[2026-02-04T11:02:30.979+0000] {clean_sales_dag.py:17} INFO - Contents of /opt/airflow: ['dags', 'logs', 'data_warehouse', 'source', 'scripts', 'airflow.cfg', 'data_transform']
[2026-02-04T11:02:30.983+0000] {clean_sales_dag.py:18} INFO - Contents of /opt/airflow/data_transform: ['clean_ingestion.py', 'clean_sales.py', 'load_clean_data.py', 'notebooks', 'raw_data_fetcher.py', '__init__.py', '__pycache__']
[2026-02-04T11:02:31.416+0000] {raw_data_fetcher.py:19} INFO - Fetched 100 records from raw.sales_data
[2026-02-04T11:02:31.448+0000] {python.py:237} INFO - Done. Returned value was: None
[2026-02-04T11:02:31.449+0000] {taskinstance.py:441} INFO - ::group::Post task execution logs
[2026-02-04T11:02:31.461+0000] {taskinstance.py:1206} INFO - Marking task as SUCCESS. dag_id=sales_silver_cleaning_pipeline, task_id=run_silver_cleaning, run_id=manual__2026-02-04T11:02:20.753322+00:00, execution_date=20260204T110220, start_date=20260204T110230, end_date=20260204T110231
[2026-02-04T11:02:31.484+0000] {local_task_job_runner.py:243} INFO - Task exited with return code 0
[2026-02-04T11:02:31.509+0000] {taskinstance.py:3503} INFO - 1 downstream tasks scheduled from follow-on schedule check
[2026-02-04T11:02:31.512+0000] {local_task_job_runner.py:222} INFO - ::endgroup::
