[2026-02-04T11:07:24.814+0000] {local_task_job_runner.py:120} INFO - ::group::Pre task execution logs
[2026-02-04T11:07:24.846+0000] {taskinstance.py:2076} INFO - Dependencies all met for dep_context=non-requeueable deps ti=<TaskInstance: star_schema_pipeline.run_star_schema_population manual__2026-02-04T11:07:21.834756+00:00 [queued]>
[2026-02-04T11:07:24.854+0000] {taskinstance.py:2076} INFO - Dependencies all met for dep_context=requeueable deps ti=<TaskInstance: star_schema_pipeline.run_star_schema_population manual__2026-02-04T11:07:21.834756+00:00 [queued]>
[2026-02-04T11:07:24.855+0000] {taskinstance.py:2306} INFO - Starting attempt 1 of 2
[2026-02-04T11:07:24.869+0000] {taskinstance.py:2330} INFO - Executing <Task(PythonOperator): run_star_schema_population> on 2026-02-04 11:07:21.834756+00:00
[2026-02-04T11:07:24.873+0000] {standard_task_runner.py:64} INFO - Started process 232 to run task
[2026-02-04T11:07:24.875+0000] {standard_task_runner.py:90} INFO - Running: ['airflow', 'tasks', 'run', 'star_schema_pipeline', 'run_star_schema_population', 'manual__2026-02-04T11:07:21.834756+00:00', '--job-id', '763', '--raw', '--subdir', 'DAGS_FOLDER/star_schema_dag.py', '--cfg-path', '/tmp/tmpjs0qw3c8']
[2026-02-04T11:07:24.877+0000] {standard_task_runner.py:91} INFO - Job 763: Subtask run_star_schema_population
[2026-02-04T11:07:24.952+0000] {task_command.py:426} INFO - Running <TaskInstance: star_schema_pipeline.run_star_schema_population manual__2026-02-04T11:07:21.834756+00:00 [running]> on host fd0b3478991f
[2026-02-04T11:07:25.064+0000] {taskinstance.py:2648} INFO - Exporting env vars: AIRFLOW_CTX_DAG_OWNER='admin' AIRFLOW_CTX_DAG_ID='star_schema_pipeline' AIRFLOW_CTX_TASK_ID='run_star_schema_population' AIRFLOW_CTX_EXECUTION_DATE='2026-02-04T11:07:21.834756+00:00' AIRFLOW_CTX_TRY_NUMBER='1' AIRFLOW_CTX_DAG_RUN_ID='manual__2026-02-04T11:07:21.834756+00:00'
[2026-02-04T11:07:25.066+0000] {taskinstance.py:430} INFO - ::endgroup::
[2026-02-04T11:07:25.519+0000] {logging_mixin.py:188} INFO - Loading silver data after 2026-02-04 11:02:31.423246...
[2026-02-04T11:07:25.537+0000] {logging_mixin.py:188} INFO - Extracted 200 new rows from silver layer.
[2026-02-04T11:07:25.539+0000] {logging_mixin.py:188} INFO - Building Dimension Tables...
[2026-02-04T11:07:25.539+0000] {logging_mixin.py:188} INFO - Building dim_date...
[2026-02-04T11:07:25.548+0000] {logging_mixin.py:188} INFO - dim_date is up to date.
[2026-02-04T11:07:25.549+0000] {logging_mixin.py:188} INFO - Building dim_product...
[2026-02-04T11:07:25.553+0000] {logging_mixin.py:188} INFO - dim_product is up to date.
[2026-02-04T11:07:25.553+0000] {logging_mixin.py:188} INFO - Building dim_customer...
[2026-02-04T11:07:25.561+0000] {logging_mixin.py:188} INFO - dim_customer is up to date.
[2026-02-04T11:07:25.562+0000] {logging_mixin.py:188} INFO - Building Fact Table...
[2026-02-04T11:07:25.571+0000] {logging_mixin.py:188} INFO - Inserting 200 new rows into fact_sales
[2026-02-04T11:07:25.605+0000] {logging_mixin.py:188} INFO - Star schema updated successfully!
[2026-02-04T11:07:25.606+0000] {python.py:237} INFO - Done. Returned value was: None
[2026-02-04T11:07:25.607+0000] {taskinstance.py:441} INFO - ::group::Post task execution logs
[2026-02-04T11:07:25.619+0000] {taskinstance.py:1206} INFO - Marking task as SUCCESS. dag_id=star_schema_pipeline, task_id=run_star_schema_population, run_id=manual__2026-02-04T11:07:21.834756+00:00, execution_date=20260204T110721, start_date=20260204T110724, end_date=20260204T110725
[2026-02-04T11:07:25.651+0000] {local_task_job_runner.py:243} INFO - Task exited with return code 0
[2026-02-04T11:07:25.678+0000] {taskinstance.py:3503} INFO - 0 downstream tasks scheduled from follow-on schedule check
[2026-02-04T11:07:25.681+0000] {local_task_job_runner.py:222} INFO - ::endgroup::
