[2026-02-02T19:11:34.288+0000] {local_task_job_runner.py:120} INFO - ::group::Pre task execution logs
[2026-02-02T19:11:34.330+0000] {taskinstance.py:2076} INFO - Dependencies all met for dep_context=non-requeueable deps ti=<TaskInstance: sales_silver_cleaning_pipeline.run_silver_cleaning manual__2026-02-02T19:11:22.524960+00:00 [queued]>
[2026-02-02T19:11:34.339+0000] {taskinstance.py:2076} INFO - Dependencies all met for dep_context=requeueable deps ti=<TaskInstance: sales_silver_cleaning_pipeline.run_silver_cleaning manual__2026-02-02T19:11:22.524960+00:00 [queued]>
[2026-02-02T19:11:34.340+0000] {taskinstance.py:2306} INFO - Starting attempt 1 of 2
[2026-02-02T19:11:34.357+0000] {taskinstance.py:2330} INFO - Executing <Task(PythonOperator): run_silver_cleaning> on 2026-02-02 19:11:22.524960+00:00
[2026-02-02T19:11:34.366+0000] {standard_task_runner.py:64} INFO - Started process 69 to run task
[2026-02-02T19:11:34.369+0000] {standard_task_runner.py:90} INFO - Running: ['airflow', 'tasks', 'run', 'sales_silver_cleaning_pipeline', 'run_silver_cleaning', 'manual__2026-02-02T19:11:22.524960+00:00', '--job-id', '595', '--raw', '--subdir', 'DAGS_FOLDER/clean_sales_dag.py', '--cfg-path', '/tmp/tmpf_pmbqvy']
[2026-02-02T19:11:34.373+0000] {standard_task_runner.py:91} INFO - Job 595: Subtask run_silver_cleaning
[2026-02-02T19:11:34.500+0000] {task_command.py:426} INFO - Running <TaskInstance: sales_silver_cleaning_pipeline.run_silver_cleaning manual__2026-02-02T19:11:22.524960+00:00 [running]> on host fed158b2c27e
[2026-02-02T19:11:34.680+0000] {taskinstance.py:2648} INFO - Exporting env vars: AIRFLOW_CTX_DAG_OWNER='admin' AIRFLOW_CTX_DAG_ID='sales_silver_cleaning_pipeline' AIRFLOW_CTX_TASK_ID='run_silver_cleaning' AIRFLOW_CTX_EXECUTION_DATE='2026-02-02T19:11:22.524960+00:00' AIRFLOW_CTX_TRY_NUMBER='1' AIRFLOW_CTX_DAG_RUN_ID='manual__2026-02-02T19:11:22.524960+00:00'
[2026-02-02T19:11:34.682+0000] {taskinstance.py:430} INFO - ::endgroup::
[2026-02-02T19:11:34.707+0000] {clean_sales_dag.py:14} INFO - Current sys.path: ['/home/airflow/.local/bin', '/opt/airflow', '/usr/local/lib/python312.zip', '/usr/local/lib/python3.12', '/usr/local/lib/python3.12/lib-dynload', '/home/airflow/.local/lib/python3.12/site-packages', '/opt/airflow/dags', '/opt/airflow/config', '/opt/airflow/plugins']
[2026-02-02T19:11:34.708+0000] {clean_sales_dag.py:16} INFO - Contents of /opt/airflow: ['dags', 'logs', 'data_warehouse', 'source', 'scripts', 'airflow.cfg', 'data_transform']
[2026-02-02T19:11:34.713+0000] {clean_sales_dag.py:17} INFO - Contents of /opt/airflow/data_transform: ['clean_ingestion.py', 'clean_sales.py', 'load_clean_data.py', 'notebooks', 'raw_data_fetcher.py', '__init__.py', '__pycache__']
[2026-02-02T19:11:35.460+0000] {raw_data_fetcher.py:19} INFO - Fetched 400 records from raw.sales_data
[2026-02-02T19:11:35.710+0000] {python.py:237} INFO - Done. Returned value was: None
[2026-02-02T19:11:35.711+0000] {taskinstance.py:441} INFO - ::group::Post task execution logs
[2026-02-02T19:11:35.736+0000] {taskinstance.py:1206} INFO - Marking task as SUCCESS. dag_id=sales_silver_cleaning_pipeline, task_id=run_silver_cleaning, run_id=manual__2026-02-02T19:11:22.524960+00:00, execution_date=20260202T191122, start_date=20260202T191134, end_date=20260202T191135
[2026-02-02T19:11:35.789+0000] {local_task_job_runner.py:243} INFO - Task exited with return code 0
[2026-02-02T19:11:35.834+0000] {taskinstance.py:3503} INFO - 1 downstream tasks scheduled from follow-on schedule check
[2026-02-02T19:11:35.838+0000] {local_task_job_runner.py:222} INFO - ::endgroup::
