[2026-02-02T20:39:43.112+0000] {local_task_job_runner.py:120} INFO - ::group::Pre task execution logs
[2026-02-02T20:39:43.169+0000] {taskinstance.py:2076} INFO - Dependencies all met for dep_context=non-requeueable deps ti=<TaskInstance: star_schema_pipeline.run_star_schema_population manual__2026-02-02T20:39:38.074225+00:00 [queued]>
[2026-02-02T20:39:43.181+0000] {taskinstance.py:2076} INFO - Dependencies all met for dep_context=requeueable deps ti=<TaskInstance: star_schema_pipeline.run_star_schema_population manual__2026-02-02T20:39:38.074225+00:00 [queued]>
[2026-02-02T20:39:43.182+0000] {taskinstance.py:2306} INFO - Starting attempt 1 of 2
[2026-02-02T20:39:43.253+0000] {taskinstance.py:2330} INFO - Executing <Task(PythonOperator): run_star_schema_population> on 2026-02-02 20:39:38.074225+00:00
[2026-02-02T20:39:43.262+0000] {standard_task_runner.py:64} INFO - Started process 37 to run task
[2026-02-02T20:39:43.267+0000] {standard_task_runner.py:90} INFO - Running: ['airflow', 'tasks', 'run', 'star_schema_pipeline', 'run_star_schema_population', 'manual__2026-02-02T20:39:38.074225+00:00', '--job-id', '712', '--raw', '--subdir', 'DAGS_FOLDER/star_schema_dag.py', '--cfg-path', '/tmp/tmp8cc301fm']
[2026-02-02T20:39:43.270+0000] {standard_task_runner.py:91} INFO - Job 712: Subtask run_star_schema_population
[2026-02-02T20:39:43.447+0000] {task_command.py:426} INFO - Running <TaskInstance: star_schema_pipeline.run_star_schema_population manual__2026-02-02T20:39:38.074225+00:00 [running]> on host 2c9ae904234b
[2026-02-02T20:39:43.813+0000] {taskinstance.py:2648} INFO - Exporting env vars: AIRFLOW_CTX_DAG_OWNER='admin' AIRFLOW_CTX_DAG_ID='star_schema_pipeline' AIRFLOW_CTX_TASK_ID='run_star_schema_population' AIRFLOW_CTX_EXECUTION_DATE='2026-02-02T20:39:38.074225+00:00' AIRFLOW_CTX_TRY_NUMBER='1' AIRFLOW_CTX_DAG_RUN_ID='manual__2026-02-02T20:39:38.074225+00:00'
[2026-02-02T20:39:43.816+0000] {taskinstance.py:430} INFO - ::endgroup::
[2026-02-02T20:39:44.880+0000] {logging_mixin.py:188} INFO - Loading silver data...
[2026-02-02T20:39:44.925+0000] {logging_mixin.py:188} INFO - Extracted 900 rows from silver layer.
[2026-02-02T20:39:44.985+0000] {logging_mixin.py:188} INFO - Building Dimension Tables...
[2026-02-02T20:39:44.987+0000] {logging_mixin.py:188} INFO - Building dim_date...
[2026-02-02T20:39:45.019+0000] {logging_mixin.py:188} INFO - Inserting 336 new rows into dim_date
[2026-02-02T20:39:45.086+0000] {logging_mixin.py:188} INFO - Building dim_product...
[2026-02-02T20:39:45.094+0000] {logging_mixin.py:188} INFO - Inserting 3 new rows into dim_product
[2026-02-02T20:39:45.106+0000] {logging_mixin.py:188} INFO - Building dim_customer...
[2026-02-02T20:39:45.123+0000] {logging_mixin.py:188} INFO - Inserting 188 new rows into dim_customer
[2026-02-02T20:39:45.156+0000] {logging_mixin.py:188} INFO - Building Fact Table...
[2026-02-02T20:39:45.505+0000] {logging_mixin.py:188} INFO - Star schema built successfully!
[2026-02-02T20:39:45.507+0000] {python.py:237} INFO - Done. Returned value was: None
[2026-02-02T20:39:45.509+0000] {taskinstance.py:441} INFO - ::group::Post task execution logs
[2026-02-02T20:39:45.538+0000] {taskinstance.py:1206} INFO - Marking task as SUCCESS. dag_id=star_schema_pipeline, task_id=run_star_schema_population, run_id=manual__2026-02-02T20:39:38.074225+00:00, execution_date=20260202T203938, start_date=20260202T203943, end_date=20260202T203945
[2026-02-02T20:39:45.616+0000] {local_task_job_runner.py:243} INFO - Task exited with return code 0
[2026-02-02T20:39:45.676+0000] {taskinstance.py:3503} INFO - 0 downstream tasks scheduled from follow-on schedule check
[2026-02-02T20:39:45.683+0000] {local_task_job_runner.py:222} INFO - ::endgroup::
