[2026-02-04T09:58:17.986+0000] {processor.py:161} INFO - Started process (PID=25) to work on /opt/airflow/dags/clean_sales_dag.py
[2026-02-04T09:58:17.988+0000] {processor.py:830} INFO - Processing file /opt/airflow/dags/clean_sales_dag.py for tasks to queue
[2026-02-04T09:58:17.993+0000] {logging_mixin.py:188} INFO - [2026-02-04T09:58:17.992+0000] {dagbag.py:545} INFO - Filling up the DagBag from /opt/airflow/dags/clean_sales_dag.py
[2026-02-04T09:58:18.050+0000] {processor.py:840} INFO - DAG(s) 'sales_silver_cleaning_pipeline' retrieved from /opt/airflow/dags/clean_sales_dag.py
[2026-02-04T09:58:18.156+0000] {logging_mixin.py:188} INFO - [2026-02-04T09:58:18.156+0000] {dag.py:3089} INFO - Sync 1 DAGs
[2026-02-04T09:58:18.185+0000] {logging_mixin.py:188} INFO - [2026-02-04T09:58:18.184+0000] {dag.py:3947} INFO - Setting next_dagrun for sales_silver_cleaning_pipeline to None, run_after=None
[2026-02-04T09:58:18.220+0000] {processor.py:183} INFO - Processing /opt/airflow/dags/clean_sales_dag.py took 0.251 seconds
[2026-02-04T09:58:48.595+0000] {processor.py:161} INFO - Started process (PID=29) to work on /opt/airflow/dags/clean_sales_dag.py
[2026-02-04T09:58:48.596+0000] {processor.py:830} INFO - Processing file /opt/airflow/dags/clean_sales_dag.py for tasks to queue
[2026-02-04T09:58:48.598+0000] {logging_mixin.py:188} INFO - [2026-02-04T09:58:48.598+0000] {dagbag.py:545} INFO - Filling up the DagBag from /opt/airflow/dags/clean_sales_dag.py
[2026-02-04T09:58:48.620+0000] {processor.py:840} INFO - DAG(s) 'sales_silver_cleaning_pipeline' retrieved from /opt/airflow/dags/clean_sales_dag.py
[2026-02-04T09:58:48.656+0000] {logging_mixin.py:188} INFO - [2026-02-04T09:58:48.656+0000] {dag.py:3089} INFO - Sync 1 DAGs
[2026-02-04T09:58:48.675+0000] {logging_mixin.py:188} INFO - [2026-02-04T09:58:48.675+0000] {dag.py:3947} INFO - Setting next_dagrun for sales_silver_cleaning_pipeline to None, run_after=None
[2026-02-04T09:58:48.704+0000] {processor.py:183} INFO - Processing /opt/airflow/dags/clean_sales_dag.py took 0.114 seconds
[2026-02-04T09:59:19.061+0000] {processor.py:161} INFO - Started process (PID=33) to work on /opt/airflow/dags/clean_sales_dag.py
[2026-02-04T09:59:19.062+0000] {processor.py:830} INFO - Processing file /opt/airflow/dags/clean_sales_dag.py for tasks to queue
[2026-02-04T09:59:19.064+0000] {logging_mixin.py:188} INFO - [2026-02-04T09:59:19.064+0000] {dagbag.py:545} INFO - Filling up the DagBag from /opt/airflow/dags/clean_sales_dag.py
[2026-02-04T09:59:19.084+0000] {processor.py:840} INFO - DAG(s) 'sales_silver_cleaning_pipeline' retrieved from /opt/airflow/dags/clean_sales_dag.py
[2026-02-04T09:59:19.124+0000] {logging_mixin.py:188} INFO - [2026-02-04T09:59:19.123+0000] {dag.py:3089} INFO - Sync 1 DAGs
[2026-02-04T09:59:19.144+0000] {logging_mixin.py:188} INFO - [2026-02-04T09:59:19.144+0000] {dag.py:3947} INFO - Setting next_dagrun for sales_silver_cleaning_pipeline to None, run_after=None
[2026-02-04T09:59:19.175+0000] {processor.py:183} INFO - Processing /opt/airflow/dags/clean_sales_dag.py took 0.120 seconds
[2026-02-04T09:59:49.618+0000] {processor.py:161} INFO - Started process (PID=37) to work on /opt/airflow/dags/clean_sales_dag.py
[2026-02-04T09:59:49.620+0000] {processor.py:830} INFO - Processing file /opt/airflow/dags/clean_sales_dag.py for tasks to queue
[2026-02-04T09:59:49.622+0000] {logging_mixin.py:188} INFO - [2026-02-04T09:59:49.622+0000] {dagbag.py:545} INFO - Filling up the DagBag from /opt/airflow/dags/clean_sales_dag.py
[2026-02-04T09:59:49.649+0000] {processor.py:840} INFO - DAG(s) 'sales_silver_cleaning_pipeline' retrieved from /opt/airflow/dags/clean_sales_dag.py
[2026-02-04T09:59:49.689+0000] {logging_mixin.py:188} INFO - [2026-02-04T09:59:49.688+0000] {dag.py:3089} INFO - Sync 1 DAGs
[2026-02-04T09:59:49.710+0000] {logging_mixin.py:188} INFO - [2026-02-04T09:59:49.710+0000] {dag.py:3947} INFO - Setting next_dagrun for sales_silver_cleaning_pipeline to None, run_after=None
[2026-02-04T09:59:49.735+0000] {processor.py:183} INFO - Processing /opt/airflow/dags/clean_sales_dag.py took 0.126 seconds
[2026-02-04T10:00:20.172+0000] {processor.py:161} INFO - Started process (PID=41) to work on /opt/airflow/dags/clean_sales_dag.py
[2026-02-04T10:00:20.173+0000] {processor.py:830} INFO - Processing file /opt/airflow/dags/clean_sales_dag.py for tasks to queue
[2026-02-04T10:00:20.175+0000] {logging_mixin.py:188} INFO - [2026-02-04T10:00:20.175+0000] {dagbag.py:545} INFO - Filling up the DagBag from /opt/airflow/dags/clean_sales_dag.py
[2026-02-04T10:00:20.200+0000] {processor.py:840} INFO - DAG(s) 'sales_silver_cleaning_pipeline' retrieved from /opt/airflow/dags/clean_sales_dag.py
[2026-02-04T10:00:20.240+0000] {logging_mixin.py:188} INFO - [2026-02-04T10:00:20.239+0000] {dag.py:3089} INFO - Sync 1 DAGs
[2026-02-04T10:00:20.266+0000] {logging_mixin.py:188} INFO - [2026-02-04T10:00:20.265+0000] {dag.py:3947} INFO - Setting next_dagrun for sales_silver_cleaning_pipeline to None, run_after=None
[2026-02-04T10:00:20.311+0000] {processor.py:183} INFO - Processing /opt/airflow/dags/clean_sales_dag.py took 0.147 seconds
[2026-02-04T10:00:50.797+0000] {processor.py:161} INFO - Started process (PID=45) to work on /opt/airflow/dags/clean_sales_dag.py
[2026-02-04T10:00:50.798+0000] {processor.py:830} INFO - Processing file /opt/airflow/dags/clean_sales_dag.py for tasks to queue
[2026-02-04T10:00:50.800+0000] {logging_mixin.py:188} INFO - [2026-02-04T10:00:50.800+0000] {dagbag.py:545} INFO - Filling up the DagBag from /opt/airflow/dags/clean_sales_dag.py
[2026-02-04T10:00:50.819+0000] {processor.py:840} INFO - DAG(s) 'sales_silver_cleaning_pipeline' retrieved from /opt/airflow/dags/clean_sales_dag.py
[2026-02-04T10:00:50.851+0000] {logging_mixin.py:188} INFO - [2026-02-04T10:00:50.851+0000] {dag.py:3089} INFO - Sync 1 DAGs
[2026-02-04T10:00:50.872+0000] {logging_mixin.py:188} INFO - [2026-02-04T10:00:50.872+0000] {dag.py:3947} INFO - Setting next_dagrun for sales_silver_cleaning_pipeline to None, run_after=None
[2026-02-04T10:00:50.912+0000] {processor.py:183} INFO - Processing /opt/airflow/dags/clean_sales_dag.py took 0.121 seconds
[2026-02-04T10:01:21.340+0000] {processor.py:161} INFO - Started process (PID=49) to work on /opt/airflow/dags/clean_sales_dag.py
[2026-02-04T10:01:21.341+0000] {processor.py:830} INFO - Processing file /opt/airflow/dags/clean_sales_dag.py for tasks to queue
[2026-02-04T10:01:21.343+0000] {logging_mixin.py:188} INFO - [2026-02-04T10:01:21.343+0000] {dagbag.py:545} INFO - Filling up the DagBag from /opt/airflow/dags/clean_sales_dag.py
[2026-02-04T10:01:21.364+0000] {processor.py:840} INFO - DAG(s) 'sales_silver_cleaning_pipeline' retrieved from /opt/airflow/dags/clean_sales_dag.py
[2026-02-04T10:01:21.390+0000] {logging_mixin.py:188} INFO - [2026-02-04T10:01:21.390+0000] {dag.py:3089} INFO - Sync 1 DAGs
[2026-02-04T10:01:21.411+0000] {logging_mixin.py:188} INFO - [2026-02-04T10:01:21.411+0000] {dag.py:3947} INFO - Setting next_dagrun for sales_silver_cleaning_pipeline to None, run_after=None
[2026-02-04T10:01:21.440+0000] {processor.py:183} INFO - Processing /opt/airflow/dags/clean_sales_dag.py took 0.104 seconds
[2026-02-04T10:01:51.887+0000] {processor.py:161} INFO - Started process (PID=53) to work on /opt/airflow/dags/clean_sales_dag.py
[2026-02-04T10:01:51.888+0000] {processor.py:830} INFO - Processing file /opt/airflow/dags/clean_sales_dag.py for tasks to queue
[2026-02-04T10:01:51.890+0000] {logging_mixin.py:188} INFO - [2026-02-04T10:01:51.890+0000] {dagbag.py:545} INFO - Filling up the DagBag from /opt/airflow/dags/clean_sales_dag.py
[2026-02-04T10:01:51.909+0000] {processor.py:840} INFO - DAG(s) 'sales_silver_cleaning_pipeline' retrieved from /opt/airflow/dags/clean_sales_dag.py
[2026-02-04T10:01:51.941+0000] {logging_mixin.py:188} INFO - [2026-02-04T10:01:51.941+0000] {dag.py:3089} INFO - Sync 1 DAGs
[2026-02-04T10:01:51.962+0000] {logging_mixin.py:188} INFO - [2026-02-04T10:01:51.961+0000] {dag.py:3947} INFO - Setting next_dagrun for sales_silver_cleaning_pipeline to None, run_after=None
[2026-02-04T10:01:51.996+0000] {processor.py:183} INFO - Processing /opt/airflow/dags/clean_sales_dag.py took 0.114 seconds
[2026-02-04T10:02:22.441+0000] {processor.py:161} INFO - Started process (PID=57) to work on /opt/airflow/dags/clean_sales_dag.py
[2026-02-04T10:02:22.442+0000] {processor.py:830} INFO - Processing file /opt/airflow/dags/clean_sales_dag.py for tasks to queue
[2026-02-04T10:02:22.444+0000] {logging_mixin.py:188} INFO - [2026-02-04T10:02:22.444+0000] {dagbag.py:545} INFO - Filling up the DagBag from /opt/airflow/dags/clean_sales_dag.py
[2026-02-04T10:02:22.465+0000] {processor.py:840} INFO - DAG(s) 'sales_silver_cleaning_pipeline' retrieved from /opt/airflow/dags/clean_sales_dag.py
[2026-02-04T10:02:22.499+0000] {logging_mixin.py:188} INFO - [2026-02-04T10:02:22.498+0000] {dag.py:3089} INFO - Sync 1 DAGs
[2026-02-04T10:02:22.519+0000] {logging_mixin.py:188} INFO - [2026-02-04T10:02:22.519+0000] {dag.py:3947} INFO - Setting next_dagrun for sales_silver_cleaning_pipeline to None, run_after=None
[2026-02-04T10:02:22.557+0000] {processor.py:183} INFO - Processing /opt/airflow/dags/clean_sales_dag.py took 0.124 seconds
[2026-02-04T10:02:53.002+0000] {processor.py:161} INFO - Started process (PID=61) to work on /opt/airflow/dags/clean_sales_dag.py
[2026-02-04T10:02:53.003+0000] {processor.py:830} INFO - Processing file /opt/airflow/dags/clean_sales_dag.py for tasks to queue
[2026-02-04T10:02:53.005+0000] {logging_mixin.py:188} INFO - [2026-02-04T10:02:53.004+0000] {dagbag.py:545} INFO - Filling up the DagBag from /opt/airflow/dags/clean_sales_dag.py
[2026-02-04T10:02:53.023+0000] {processor.py:840} INFO - DAG(s) 'sales_silver_cleaning_pipeline' retrieved from /opt/airflow/dags/clean_sales_dag.py
[2026-02-04T10:02:53.048+0000] {logging_mixin.py:188} INFO - [2026-02-04T10:02:53.048+0000] {dag.py:3089} INFO - Sync 1 DAGs
[2026-02-04T10:02:53.062+0000] {logging_mixin.py:188} INFO - [2026-02-04T10:02:53.062+0000] {dag.py:3947} INFO - Setting next_dagrun for sales_silver_cleaning_pipeline to None, run_after=None
[2026-02-04T10:02:53.085+0000] {processor.py:183} INFO - Processing /opt/airflow/dags/clean_sales_dag.py took 0.088 seconds
[2026-02-04T10:03:23.599+0000] {processor.py:161} INFO - Started process (PID=65) to work on /opt/airflow/dags/clean_sales_dag.py
[2026-02-04T10:03:23.600+0000] {processor.py:830} INFO - Processing file /opt/airflow/dags/clean_sales_dag.py for tasks to queue
[2026-02-04T10:03:23.602+0000] {logging_mixin.py:188} INFO - [2026-02-04T10:03:23.602+0000] {dagbag.py:545} INFO - Filling up the DagBag from /opt/airflow/dags/clean_sales_dag.py
[2026-02-04T10:03:23.621+0000] {processor.py:840} INFO - DAG(s) 'sales_silver_cleaning_pipeline' retrieved from /opt/airflow/dags/clean_sales_dag.py
[2026-02-04T10:03:23.646+0000] {logging_mixin.py:188} INFO - [2026-02-04T10:03:23.646+0000] {dag.py:3089} INFO - Sync 1 DAGs
[2026-02-04T10:03:23.661+0000] {logging_mixin.py:188} INFO - [2026-02-04T10:03:23.661+0000] {dag.py:3947} INFO - Setting next_dagrun for sales_silver_cleaning_pipeline to None, run_after=None
[2026-02-04T10:03:23.684+0000] {processor.py:183} INFO - Processing /opt/airflow/dags/clean_sales_dag.py took 0.092 seconds
[2026-02-04T10:03:54.169+0000] {processor.py:161} INFO - Started process (PID=69) to work on /opt/airflow/dags/clean_sales_dag.py
[2026-02-04T10:03:54.170+0000] {processor.py:830} INFO - Processing file /opt/airflow/dags/clean_sales_dag.py for tasks to queue
[2026-02-04T10:03:54.172+0000] {logging_mixin.py:188} INFO - [2026-02-04T10:03:54.172+0000] {dagbag.py:545} INFO - Filling up the DagBag from /opt/airflow/dags/clean_sales_dag.py
[2026-02-04T10:03:54.192+0000] {processor.py:840} INFO - DAG(s) 'sales_silver_cleaning_pipeline' retrieved from /opt/airflow/dags/clean_sales_dag.py
[2026-02-04T10:03:54.221+0000] {logging_mixin.py:188} INFO - [2026-02-04T10:03:54.221+0000] {dag.py:3089} INFO - Sync 1 DAGs
[2026-02-04T10:03:54.235+0000] {logging_mixin.py:188} INFO - [2026-02-04T10:03:54.235+0000] {dag.py:3947} INFO - Setting next_dagrun for sales_silver_cleaning_pipeline to None, run_after=None
[2026-02-04T10:03:54.260+0000] {processor.py:183} INFO - Processing /opt/airflow/dags/clean_sales_dag.py took 0.096 seconds
[2026-02-04T10:04:24.695+0000] {processor.py:161} INFO - Started process (PID=92) to work on /opt/airflow/dags/clean_sales_dag.py
[2026-02-04T10:04:24.696+0000] {processor.py:830} INFO - Processing file /opt/airflow/dags/clean_sales_dag.py for tasks to queue
[2026-02-04T10:04:24.698+0000] {logging_mixin.py:188} INFO - [2026-02-04T10:04:24.698+0000] {dagbag.py:545} INFO - Filling up the DagBag from /opt/airflow/dags/clean_sales_dag.py
[2026-02-04T10:04:24.724+0000] {processor.py:840} INFO - DAG(s) 'sales_silver_cleaning_pipeline' retrieved from /opt/airflow/dags/clean_sales_dag.py
[2026-02-04T10:04:24.752+0000] {logging_mixin.py:188} INFO - [2026-02-04T10:04:24.751+0000] {dag.py:3089} INFO - Sync 1 DAGs
[2026-02-04T10:04:24.771+0000] {logging_mixin.py:188} INFO - [2026-02-04T10:04:24.771+0000] {dag.py:3947} INFO - Setting next_dagrun for sales_silver_cleaning_pipeline to None, run_after=None
[2026-02-04T10:04:24.797+0000] {processor.py:183} INFO - Processing /opt/airflow/dags/clean_sales_dag.py took 0.112 seconds
[2026-02-04T10:04:55.208+0000] {processor.py:161} INFO - Started process (PID=127) to work on /opt/airflow/dags/clean_sales_dag.py
[2026-02-04T10:04:55.209+0000] {processor.py:830} INFO - Processing file /opt/airflow/dags/clean_sales_dag.py for tasks to queue
[2026-02-04T10:04:55.210+0000] {logging_mixin.py:188} INFO - [2026-02-04T10:04:55.210+0000] {dagbag.py:545} INFO - Filling up the DagBag from /opt/airflow/dags/clean_sales_dag.py
[2026-02-04T10:04:55.227+0000] {processor.py:840} INFO - DAG(s) 'sales_silver_cleaning_pipeline' retrieved from /opt/airflow/dags/clean_sales_dag.py
[2026-02-04T10:04:55.252+0000] {logging_mixin.py:188} INFO - [2026-02-04T10:04:55.252+0000] {dag.py:3089} INFO - Sync 1 DAGs
[2026-02-04T10:04:55.269+0000] {logging_mixin.py:188} INFO - [2026-02-04T10:04:55.269+0000] {dag.py:3947} INFO - Setting next_dagrun for sales_silver_cleaning_pipeline to None, run_after=None
[2026-02-04T10:04:55.294+0000] {processor.py:183} INFO - Processing /opt/airflow/dags/clean_sales_dag.py took 0.091 seconds
[2026-02-04T10:05:25.681+0000] {processor.py:161} INFO - Started process (PID=181) to work on /opt/airflow/dags/clean_sales_dag.py
[2026-02-04T10:05:25.682+0000] {processor.py:830} INFO - Processing file /opt/airflow/dags/clean_sales_dag.py for tasks to queue
[2026-02-04T10:05:25.684+0000] {logging_mixin.py:188} INFO - [2026-02-04T10:05:25.684+0000] {dagbag.py:545} INFO - Filling up the DagBag from /opt/airflow/dags/clean_sales_dag.py
[2026-02-04T10:05:25.704+0000] {processor.py:840} INFO - DAG(s) 'sales_silver_cleaning_pipeline' retrieved from /opt/airflow/dags/clean_sales_dag.py
[2026-02-04T10:05:25.730+0000] {logging_mixin.py:188} INFO - [2026-02-04T10:05:25.729+0000] {dag.py:3089} INFO - Sync 1 DAGs
[2026-02-04T10:05:25.743+0000] {logging_mixin.py:188} INFO - [2026-02-04T10:05:25.743+0000] {dag.py:3947} INFO - Setting next_dagrun for sales_silver_cleaning_pipeline to None, run_after=None
[2026-02-04T10:05:25.767+0000] {processor.py:183} INFO - Processing /opt/airflow/dags/clean_sales_dag.py took 0.092 seconds
[2026-02-04T10:05:56.244+0000] {processor.py:161} INFO - Started process (PID=185) to work on /opt/airflow/dags/clean_sales_dag.py
[2026-02-04T10:05:56.246+0000] {processor.py:830} INFO - Processing file /opt/airflow/dags/clean_sales_dag.py for tasks to queue
[2026-02-04T10:05:56.248+0000] {logging_mixin.py:188} INFO - [2026-02-04T10:05:56.248+0000] {dagbag.py:545} INFO - Filling up the DagBag from /opt/airflow/dags/clean_sales_dag.py
[2026-02-04T10:05:56.271+0000] {processor.py:840} INFO - DAG(s) 'sales_silver_cleaning_pipeline' retrieved from /opt/airflow/dags/clean_sales_dag.py
[2026-02-04T10:05:56.302+0000] {logging_mixin.py:188} INFO - [2026-02-04T10:05:56.301+0000] {dag.py:3089} INFO - Sync 1 DAGs
[2026-02-04T10:05:56.319+0000] {logging_mixin.py:188} INFO - [2026-02-04T10:05:56.319+0000] {dag.py:3947} INFO - Setting next_dagrun for sales_silver_cleaning_pipeline to None, run_after=None
[2026-02-04T10:05:56.347+0000] {processor.py:183} INFO - Processing /opt/airflow/dags/clean_sales_dag.py took 0.109 seconds
[2026-02-04T10:06:26.803+0000] {processor.py:161} INFO - Started process (PID=189) to work on /opt/airflow/dags/clean_sales_dag.py
[2026-02-04T10:06:26.805+0000] {processor.py:830} INFO - Processing file /opt/airflow/dags/clean_sales_dag.py for tasks to queue
[2026-02-04T10:06:26.807+0000] {logging_mixin.py:188} INFO - [2026-02-04T10:06:26.806+0000] {dagbag.py:545} INFO - Filling up the DagBag from /opt/airflow/dags/clean_sales_dag.py
[2026-02-04T10:06:26.830+0000] {processor.py:840} INFO - DAG(s) 'sales_silver_cleaning_pipeline' retrieved from /opt/airflow/dags/clean_sales_dag.py
[2026-02-04T10:06:26.863+0000] {logging_mixin.py:188} INFO - [2026-02-04T10:06:26.863+0000] {dag.py:3089} INFO - Sync 1 DAGs
[2026-02-04T10:06:26.880+0000] {logging_mixin.py:188} INFO - [2026-02-04T10:06:26.880+0000] {dag.py:3947} INFO - Setting next_dagrun for sales_silver_cleaning_pipeline to None, run_after=None
[2026-02-04T10:06:26.912+0000] {processor.py:183} INFO - Processing /opt/airflow/dags/clean_sales_dag.py took 0.114 seconds
[2026-02-04T10:06:57.367+0000] {processor.py:161} INFO - Started process (PID=193) to work on /opt/airflow/dags/clean_sales_dag.py
[2026-02-04T10:06:57.368+0000] {processor.py:830} INFO - Processing file /opt/airflow/dags/clean_sales_dag.py for tasks to queue
[2026-02-04T10:06:57.371+0000] {logging_mixin.py:188} INFO - [2026-02-04T10:06:57.370+0000] {dagbag.py:545} INFO - Filling up the DagBag from /opt/airflow/dags/clean_sales_dag.py
[2026-02-04T10:06:57.406+0000] {processor.py:840} INFO - DAG(s) 'sales_silver_cleaning_pipeline' retrieved from /opt/airflow/dags/clean_sales_dag.py
[2026-02-04T10:06:57.672+0000] {logging_mixin.py:188} INFO - [2026-02-04T10:06:57.672+0000] {dag.py:3089} INFO - Sync 1 DAGs
[2026-02-04T10:06:57.684+0000] {logging_mixin.py:188} INFO - [2026-02-04T10:06:57.684+0000] {dag.py:3111} INFO - Creating ORM DAG for sales_silver_cleaning_pipeline
[2026-02-04T10:06:57.685+0000] {logging_mixin.py:188} INFO - [2026-02-04T10:06:57.685+0000] {dag.py:3947} INFO - Setting next_dagrun for sales_silver_cleaning_pipeline to None, run_after=None
[2026-02-04T10:06:57.710+0000] {processor.py:183} INFO - Processing /opt/airflow/dags/clean_sales_dag.py took 0.350 seconds
[2026-02-04T10:07:27.783+0000] {processor.py:161} INFO - Started process (PID=197) to work on /opt/airflow/dags/clean_sales_dag.py
[2026-02-04T10:07:27.784+0000] {processor.py:830} INFO - Processing file /opt/airflow/dags/clean_sales_dag.py for tasks to queue
[2026-02-04T10:07:27.785+0000] {logging_mixin.py:188} INFO - [2026-02-04T10:07:27.785+0000] {dagbag.py:545} INFO - Filling up the DagBag from /opt/airflow/dags/clean_sales_dag.py
[2026-02-04T10:07:27.813+0000] {processor.py:840} INFO - DAG(s) 'sales_silver_cleaning_pipeline' retrieved from /opt/airflow/dags/clean_sales_dag.py
[2026-02-04T10:07:27.842+0000] {logging_mixin.py:188} INFO - [2026-02-04T10:07:27.842+0000] {dag.py:3089} INFO - Sync 1 DAGs
[2026-02-04T10:07:27.861+0000] {logging_mixin.py:188} INFO - [2026-02-04T10:07:27.861+0000] {dag.py:3947} INFO - Setting next_dagrun for sales_silver_cleaning_pipeline to None, run_after=None
[2026-02-04T10:07:27.886+0000] {processor.py:183} INFO - Processing /opt/airflow/dags/clean_sales_dag.py took 0.109 seconds
[2026-02-04T10:07:58.433+0000] {processor.py:161} INFO - Started process (PID=201) to work on /opt/airflow/dags/clean_sales_dag.py
[2026-02-04T10:07:58.434+0000] {processor.py:830} INFO - Processing file /opt/airflow/dags/clean_sales_dag.py for tasks to queue
[2026-02-04T10:07:58.438+0000] {logging_mixin.py:188} INFO - [2026-02-04T10:07:58.437+0000] {dagbag.py:545} INFO - Filling up the DagBag from /opt/airflow/dags/clean_sales_dag.py
[2026-02-04T10:07:58.459+0000] {processor.py:840} INFO - DAG(s) 'sales_silver_cleaning_pipeline' retrieved from /opt/airflow/dags/clean_sales_dag.py
[2026-02-04T10:07:58.484+0000] {logging_mixin.py:188} INFO - [2026-02-04T10:07:58.484+0000] {dag.py:3089} INFO - Sync 1 DAGs
[2026-02-04T10:07:58.500+0000] {logging_mixin.py:188} INFO - [2026-02-04T10:07:58.500+0000] {dag.py:3947} INFO - Setting next_dagrun for sales_silver_cleaning_pipeline to None, run_after=None
[2026-02-04T10:07:58.526+0000] {processor.py:183} INFO - Processing /opt/airflow/dags/clean_sales_dag.py took 0.099 seconds
[2026-02-04T10:08:28.941+0000] {processor.py:161} INFO - Started process (PID=205) to work on /opt/airflow/dags/clean_sales_dag.py
[2026-02-04T10:08:28.942+0000] {processor.py:830} INFO - Processing file /opt/airflow/dags/clean_sales_dag.py for tasks to queue
[2026-02-04T10:08:28.944+0000] {logging_mixin.py:188} INFO - [2026-02-04T10:08:28.944+0000] {dagbag.py:545} INFO - Filling up the DagBag from /opt/airflow/dags/clean_sales_dag.py
[2026-02-04T10:08:28.965+0000] {processor.py:840} INFO - DAG(s) 'sales_silver_cleaning_pipeline' retrieved from /opt/airflow/dags/clean_sales_dag.py
[2026-02-04T10:08:28.992+0000] {logging_mixin.py:188} INFO - [2026-02-04T10:08:28.991+0000] {dag.py:3089} INFO - Sync 1 DAGs
[2026-02-04T10:08:29.006+0000] {logging_mixin.py:188} INFO - [2026-02-04T10:08:29.005+0000] {dag.py:3947} INFO - Setting next_dagrun for sales_silver_cleaning_pipeline to None, run_after=None
[2026-02-04T10:08:29.030+0000] {processor.py:183} INFO - Processing /opt/airflow/dags/clean_sales_dag.py took 0.094 seconds
[2026-02-04T10:08:59.478+0000] {processor.py:161} INFO - Started process (PID=209) to work on /opt/airflow/dags/clean_sales_dag.py
[2026-02-04T10:08:59.479+0000] {processor.py:830} INFO - Processing file /opt/airflow/dags/clean_sales_dag.py for tasks to queue
[2026-02-04T10:08:59.482+0000] {logging_mixin.py:188} INFO - [2026-02-04T10:08:59.481+0000] {dagbag.py:545} INFO - Filling up the DagBag from /opt/airflow/dags/clean_sales_dag.py
[2026-02-04T10:08:59.500+0000] {processor.py:840} INFO - DAG(s) 'sales_silver_cleaning_pipeline' retrieved from /opt/airflow/dags/clean_sales_dag.py
[2026-02-04T10:08:59.526+0000] {logging_mixin.py:188} INFO - [2026-02-04T10:08:59.526+0000] {dag.py:3089} INFO - Sync 1 DAGs
[2026-02-04T10:08:59.542+0000] {logging_mixin.py:188} INFO - [2026-02-04T10:08:59.541+0000] {dag.py:3947} INFO - Setting next_dagrun for sales_silver_cleaning_pipeline to None, run_after=None
[2026-02-04T10:08:59.566+0000] {processor.py:183} INFO - Processing /opt/airflow/dags/clean_sales_dag.py took 0.092 seconds
[2026-02-04T10:09:29.987+0000] {processor.py:161} INFO - Started process (PID=213) to work on /opt/airflow/dags/clean_sales_dag.py
[2026-02-04T10:09:29.988+0000] {processor.py:830} INFO - Processing file /opt/airflow/dags/clean_sales_dag.py for tasks to queue
[2026-02-04T10:09:29.991+0000] {logging_mixin.py:188} INFO - [2026-02-04T10:09:29.990+0000] {dagbag.py:545} INFO - Filling up the DagBag from /opt/airflow/dags/clean_sales_dag.py
[2026-02-04T10:09:30.012+0000] {processor.py:840} INFO - DAG(s) 'sales_silver_cleaning_pipeline' retrieved from /opt/airflow/dags/clean_sales_dag.py
[2026-02-04T10:09:30.039+0000] {logging_mixin.py:188} INFO - [2026-02-04T10:09:30.039+0000] {dag.py:3089} INFO - Sync 1 DAGs
[2026-02-04T10:09:30.054+0000] {logging_mixin.py:188} INFO - [2026-02-04T10:09:30.054+0000] {dag.py:3947} INFO - Setting next_dagrun for sales_silver_cleaning_pipeline to None, run_after=None
[2026-02-04T10:09:30.079+0000] {processor.py:183} INFO - Processing /opt/airflow/dags/clean_sales_dag.py took 0.097 seconds
[2026-02-04T10:10:00.520+0000] {processor.py:161} INFO - Started process (PID=217) to work on /opt/airflow/dags/clean_sales_dag.py
[2026-02-04T10:10:00.521+0000] {processor.py:830} INFO - Processing file /opt/airflow/dags/clean_sales_dag.py for tasks to queue
[2026-02-04T10:10:00.522+0000] {logging_mixin.py:188} INFO - [2026-02-04T10:10:00.522+0000] {dagbag.py:545} INFO - Filling up the DagBag from /opt/airflow/dags/clean_sales_dag.py
[2026-02-04T10:10:00.538+0000] {processor.py:840} INFO - DAG(s) 'sales_silver_cleaning_pipeline' retrieved from /opt/airflow/dags/clean_sales_dag.py
[2026-02-04T10:10:00.564+0000] {logging_mixin.py:188} INFO - [2026-02-04T10:10:00.564+0000] {dag.py:3089} INFO - Sync 1 DAGs
[2026-02-04T10:10:00.578+0000] {logging_mixin.py:188} INFO - [2026-02-04T10:10:00.578+0000] {dag.py:3947} INFO - Setting next_dagrun for sales_silver_cleaning_pipeline to None, run_after=None
[2026-02-04T10:10:00.601+0000] {processor.py:183} INFO - Processing /opt/airflow/dags/clean_sales_dag.py took 0.086 seconds
[2026-02-04T10:10:31.077+0000] {processor.py:161} INFO - Started process (PID=221) to work on /opt/airflow/dags/clean_sales_dag.py
[2026-02-04T10:10:31.078+0000] {processor.py:830} INFO - Processing file /opt/airflow/dags/clean_sales_dag.py for tasks to queue
[2026-02-04T10:10:31.080+0000] {logging_mixin.py:188} INFO - [2026-02-04T10:10:31.079+0000] {dagbag.py:545} INFO - Filling up the DagBag from /opt/airflow/dags/clean_sales_dag.py
[2026-02-04T10:10:31.113+0000] {processor.py:840} INFO - DAG(s) 'sales_silver_cleaning_pipeline' retrieved from /opt/airflow/dags/clean_sales_dag.py
[2026-02-04T10:10:31.159+0000] {logging_mixin.py:188} INFO - [2026-02-04T10:10:31.159+0000] {dag.py:3089} INFO - Sync 1 DAGs
[2026-02-04T10:10:31.180+0000] {logging_mixin.py:188} INFO - [2026-02-04T10:10:31.180+0000] {dag.py:3947} INFO - Setting next_dagrun for sales_silver_cleaning_pipeline to None, run_after=None
[2026-02-04T10:10:31.225+0000] {processor.py:183} INFO - Processing /opt/airflow/dags/clean_sales_dag.py took 0.156 seconds
[2026-02-04T10:11:01.342+0000] {processor.py:161} INFO - Started process (PID=225) to work on /opt/airflow/dags/clean_sales_dag.py
[2026-02-04T10:11:01.344+0000] {processor.py:830} INFO - Processing file /opt/airflow/dags/clean_sales_dag.py for tasks to queue
[2026-02-04T10:11:01.345+0000] {logging_mixin.py:188} INFO - [2026-02-04T10:11:01.345+0000] {dagbag.py:545} INFO - Filling up the DagBag from /opt/airflow/dags/clean_sales_dag.py
[2026-02-04T10:11:01.375+0000] {processor.py:840} INFO - DAG(s) 'sales_silver_cleaning_pipeline' retrieved from /opt/airflow/dags/clean_sales_dag.py
[2026-02-04T10:11:01.419+0000] {logging_mixin.py:188} INFO - [2026-02-04T10:11:01.418+0000] {dag.py:3089} INFO - Sync 1 DAGs
[2026-02-04T10:11:01.448+0000] {logging_mixin.py:188} INFO - [2026-02-04T10:11:01.447+0000] {dag.py:3947} INFO - Setting next_dagrun for sales_silver_cleaning_pipeline to None, run_after=None
[2026-02-04T10:11:01.476+0000] {processor.py:183} INFO - Processing /opt/airflow/dags/clean_sales_dag.py took 0.139 seconds
[2026-02-04T10:11:31.829+0000] {processor.py:161} INFO - Started process (PID=229) to work on /opt/airflow/dags/clean_sales_dag.py
[2026-02-04T10:11:31.830+0000] {processor.py:830} INFO - Processing file /opt/airflow/dags/clean_sales_dag.py for tasks to queue
[2026-02-04T10:11:31.832+0000] {logging_mixin.py:188} INFO - [2026-02-04T10:11:31.831+0000] {dagbag.py:545} INFO - Filling up the DagBag from /opt/airflow/dags/clean_sales_dag.py
[2026-02-04T10:11:31.851+0000] {processor.py:840} INFO - DAG(s) 'sales_silver_cleaning_pipeline' retrieved from /opt/airflow/dags/clean_sales_dag.py
[2026-02-04T10:11:31.881+0000] {logging_mixin.py:188} INFO - [2026-02-04T10:11:31.881+0000] {dag.py:3089} INFO - Sync 1 DAGs
[2026-02-04T10:11:31.898+0000] {logging_mixin.py:188} INFO - [2026-02-04T10:11:31.897+0000] {dag.py:3947} INFO - Setting next_dagrun for sales_silver_cleaning_pipeline to None, run_after=None
[2026-02-04T10:11:31.935+0000] {processor.py:183} INFO - Processing /opt/airflow/dags/clean_sales_dag.py took 0.111 seconds
[2026-02-04T10:12:02.363+0000] {processor.py:161} INFO - Started process (PID=233) to work on /opt/airflow/dags/clean_sales_dag.py
[2026-02-04T10:12:02.364+0000] {processor.py:830} INFO - Processing file /opt/airflow/dags/clean_sales_dag.py for tasks to queue
[2026-02-04T10:12:02.365+0000] {logging_mixin.py:188} INFO - [2026-02-04T10:12:02.365+0000] {dagbag.py:545} INFO - Filling up the DagBag from /opt/airflow/dags/clean_sales_dag.py
[2026-02-04T10:12:02.390+0000] {processor.py:840} INFO - DAG(s) 'sales_silver_cleaning_pipeline' retrieved from /opt/airflow/dags/clean_sales_dag.py
[2026-02-04T10:12:02.422+0000] {logging_mixin.py:188} INFO - [2026-02-04T10:12:02.422+0000] {dag.py:3089} INFO - Sync 1 DAGs
[2026-02-04T10:12:02.439+0000] {logging_mixin.py:188} INFO - [2026-02-04T10:12:02.438+0000] {dag.py:3947} INFO - Setting next_dagrun for sales_silver_cleaning_pipeline to None, run_after=None
[2026-02-04T10:12:02.465+0000] {processor.py:183} INFO - Processing /opt/airflow/dags/clean_sales_dag.py took 0.110 seconds
[2026-02-04T10:12:32.962+0000] {processor.py:161} INFO - Started process (PID=237) to work on /opt/airflow/dags/clean_sales_dag.py
[2026-02-04T10:12:32.964+0000] {processor.py:830} INFO - Processing file /opt/airflow/dags/clean_sales_dag.py for tasks to queue
[2026-02-04T10:12:32.966+0000] {logging_mixin.py:188} INFO - [2026-02-04T10:12:32.966+0000] {dagbag.py:545} INFO - Filling up the DagBag from /opt/airflow/dags/clean_sales_dag.py
[2026-02-04T10:12:32.988+0000] {processor.py:840} INFO - DAG(s) 'sales_silver_cleaning_pipeline' retrieved from /opt/airflow/dags/clean_sales_dag.py
[2026-02-04T10:12:33.014+0000] {logging_mixin.py:188} INFO - [2026-02-04T10:12:33.014+0000] {dag.py:3089} INFO - Sync 1 DAGs
[2026-02-04T10:12:33.028+0000] {logging_mixin.py:188} INFO - [2026-02-04T10:12:33.027+0000] {dag.py:3947} INFO - Setting next_dagrun for sales_silver_cleaning_pipeline to None, run_after=None
[2026-02-04T10:12:33.051+0000] {processor.py:183} INFO - Processing /opt/airflow/dags/clean_sales_dag.py took 0.095 seconds
[2026-02-04T10:13:03.736+0000] {processor.py:161} INFO - Started process (PID=241) to work on /opt/airflow/dags/clean_sales_dag.py
[2026-02-04T10:13:03.736+0000] {processor.py:830} INFO - Processing file /opt/airflow/dags/clean_sales_dag.py for tasks to queue
[2026-02-04T10:13:03.738+0000] {logging_mixin.py:188} INFO - [2026-02-04T10:13:03.738+0000] {dagbag.py:545} INFO - Filling up the DagBag from /opt/airflow/dags/clean_sales_dag.py
[2026-02-04T10:13:03.757+0000] {processor.py:840} INFO - DAG(s) 'sales_silver_cleaning_pipeline' retrieved from /opt/airflow/dags/clean_sales_dag.py
[2026-02-04T10:13:03.786+0000] {logging_mixin.py:188} INFO - [2026-02-04T10:13:03.786+0000] {dag.py:3089} INFO - Sync 1 DAGs
[2026-02-04T10:13:03.813+0000] {logging_mixin.py:188} INFO - [2026-02-04T10:13:03.813+0000] {dag.py:3947} INFO - Setting next_dagrun for sales_silver_cleaning_pipeline to None, run_after=None
[2026-02-04T10:13:03.844+0000] {processor.py:183} INFO - Processing /opt/airflow/dags/clean_sales_dag.py took 0.114 seconds
[2026-02-04T10:23:22.888+0000] {processor.py:161} INFO - Started process (PID=245) to work on /opt/airflow/dags/clean_sales_dag.py
[2026-02-04T10:23:22.889+0000] {processor.py:830} INFO - Processing file /opt/airflow/dags/clean_sales_dag.py for tasks to queue
[2026-02-04T10:23:22.919+0000] {logging_mixin.py:188} INFO - [2026-02-04T10:23:22.918+0000] {dagbag.py:545} INFO - Filling up the DagBag from /opt/airflow/dags/clean_sales_dag.py
[2026-02-04T10:23:23.052+0000] {processor.py:840} INFO - DAG(s) 'sales_silver_cleaning_pipeline' retrieved from /opt/airflow/dags/clean_sales_dag.py
[2026-02-04T10:23:23.133+0000] {logging_mixin.py:188} INFO - [2026-02-04T10:23:23.133+0000] {dag.py:3089} INFO - Sync 1 DAGs
[2026-02-04T10:23:23.180+0000] {logging_mixin.py:188} INFO - [2026-02-04T10:23:23.179+0000] {dag.py:3947} INFO - Setting next_dagrun for sales_silver_cleaning_pipeline to None, run_after=None
[2026-02-04T10:23:23.237+0000] {processor.py:183} INFO - Processing /opt/airflow/dags/clean_sales_dag.py took 0.386 seconds
[2026-02-04T10:35:57.965+0000] {processor.py:161} INFO - Started process (PID=249) to work on /opt/airflow/dags/clean_sales_dag.py
[2026-02-04T10:35:57.966+0000] {processor.py:830} INFO - Processing file /opt/airflow/dags/clean_sales_dag.py for tasks to queue
[2026-02-04T10:35:57.967+0000] {logging_mixin.py:188} INFO - [2026-02-04T10:35:57.967+0000] {dagbag.py:545} INFO - Filling up the DagBag from /opt/airflow/dags/clean_sales_dag.py
[2026-02-04T10:35:57.988+0000] {processor.py:840} INFO - DAG(s) 'sales_silver_cleaning_pipeline' retrieved from /opt/airflow/dags/clean_sales_dag.py
[2026-02-04T10:35:58.014+0000] {logging_mixin.py:188} INFO - [2026-02-04T10:35:58.014+0000] {dag.py:3089} INFO - Sync 1 DAGs
[2026-02-04T10:35:58.034+0000] {logging_mixin.py:188} INFO - [2026-02-04T10:35:58.034+0000] {dag.py:3947} INFO - Setting next_dagrun for sales_silver_cleaning_pipeline to None, run_after=None
[2026-02-04T10:35:58.060+0000] {processor.py:183} INFO - Processing /opt/airflow/dags/clean_sales_dag.py took 0.102 seconds
[2026-02-04T10:36:28.468+0000] {processor.py:161} INFO - Started process (PID=253) to work on /opt/airflow/dags/clean_sales_dag.py
[2026-02-04T10:36:28.469+0000] {processor.py:830} INFO - Processing file /opt/airflow/dags/clean_sales_dag.py for tasks to queue
[2026-02-04T10:36:28.471+0000] {logging_mixin.py:188} INFO - [2026-02-04T10:36:28.471+0000] {dagbag.py:545} INFO - Filling up the DagBag from /opt/airflow/dags/clean_sales_dag.py
[2026-02-04T10:36:28.488+0000] {processor.py:840} INFO - DAG(s) 'sales_silver_cleaning_pipeline' retrieved from /opt/airflow/dags/clean_sales_dag.py
[2026-02-04T10:36:28.512+0000] {logging_mixin.py:188} INFO - [2026-02-04T10:36:28.512+0000] {dag.py:3089} INFO - Sync 1 DAGs
[2026-02-04T10:36:28.527+0000] {logging_mixin.py:188} INFO - [2026-02-04T10:36:28.526+0000] {dag.py:3947} INFO - Setting next_dagrun for sales_silver_cleaning_pipeline to None, run_after=None
[2026-02-04T10:36:28.554+0000] {processor.py:183} INFO - Processing /opt/airflow/dags/clean_sales_dag.py took 0.091 seconds
[2026-02-04T10:36:59.014+0000] {processor.py:161} INFO - Started process (PID=257) to work on /opt/airflow/dags/clean_sales_dag.py
[2026-02-04T10:36:59.015+0000] {processor.py:830} INFO - Processing file /opt/airflow/dags/clean_sales_dag.py for tasks to queue
[2026-02-04T10:36:59.017+0000] {logging_mixin.py:188} INFO - [2026-02-04T10:36:59.017+0000] {dagbag.py:545} INFO - Filling up the DagBag from /opt/airflow/dags/clean_sales_dag.py
[2026-02-04T10:36:59.039+0000] {processor.py:840} INFO - DAG(s) 'sales_silver_cleaning_pipeline' retrieved from /opt/airflow/dags/clean_sales_dag.py
[2026-02-04T10:36:59.066+0000] {logging_mixin.py:188} INFO - [2026-02-04T10:36:59.066+0000] {dag.py:3089} INFO - Sync 1 DAGs
[2026-02-04T10:36:59.080+0000] {logging_mixin.py:188} INFO - [2026-02-04T10:36:59.080+0000] {dag.py:3947} INFO - Setting next_dagrun for sales_silver_cleaning_pipeline to None, run_after=None
[2026-02-04T10:36:59.115+0000] {processor.py:183} INFO - Processing /opt/airflow/dags/clean_sales_dag.py took 0.107 seconds
[2026-02-04T10:37:29.602+0000] {processor.py:161} INFO - Started process (PID=261) to work on /opt/airflow/dags/clean_sales_dag.py
[2026-02-04T10:37:29.603+0000] {processor.py:830} INFO - Processing file /opt/airflow/dags/clean_sales_dag.py for tasks to queue
[2026-02-04T10:37:29.605+0000] {logging_mixin.py:188} INFO - [2026-02-04T10:37:29.605+0000] {dagbag.py:545} INFO - Filling up the DagBag from /opt/airflow/dags/clean_sales_dag.py
[2026-02-04T10:37:29.622+0000] {processor.py:840} INFO - DAG(s) 'sales_silver_cleaning_pipeline' retrieved from /opt/airflow/dags/clean_sales_dag.py
[2026-02-04T10:37:29.646+0000] {logging_mixin.py:188} INFO - [2026-02-04T10:37:29.646+0000] {dag.py:3089} INFO - Sync 1 DAGs
[2026-02-04T10:37:29.659+0000] {logging_mixin.py:188} INFO - [2026-02-04T10:37:29.659+0000] {dag.py:3947} INFO - Setting next_dagrun for sales_silver_cleaning_pipeline to None, run_after=None
[2026-02-04T10:37:29.695+0000] {processor.py:183} INFO - Processing /opt/airflow/dags/clean_sales_dag.py took 0.099 seconds
[2026-02-04T10:38:00.086+0000] {processor.py:161} INFO - Started process (PID=265) to work on /opt/airflow/dags/clean_sales_dag.py
[2026-02-04T10:38:00.087+0000] {processor.py:830} INFO - Processing file /opt/airflow/dags/clean_sales_dag.py for tasks to queue
[2026-02-04T10:38:00.089+0000] {logging_mixin.py:188} INFO - [2026-02-04T10:38:00.089+0000] {dagbag.py:545} INFO - Filling up the DagBag from /opt/airflow/dags/clean_sales_dag.py
[2026-02-04T10:38:00.110+0000] {processor.py:840} INFO - DAG(s) 'sales_silver_cleaning_pipeline' retrieved from /opt/airflow/dags/clean_sales_dag.py
[2026-02-04T10:38:00.138+0000] {logging_mixin.py:188} INFO - [2026-02-04T10:38:00.138+0000] {dag.py:3089} INFO - Sync 1 DAGs
[2026-02-04T10:38:00.153+0000] {logging_mixin.py:188} INFO - [2026-02-04T10:38:00.153+0000] {dag.py:3947} INFO - Setting next_dagrun for sales_silver_cleaning_pipeline to None, run_after=None
[2026-02-04T10:38:00.178+0000] {processor.py:183} INFO - Processing /opt/airflow/dags/clean_sales_dag.py took 0.098 seconds
[2026-02-04T10:38:30.642+0000] {processor.py:161} INFO - Started process (PID=269) to work on /opt/airflow/dags/clean_sales_dag.py
[2026-02-04T10:38:30.643+0000] {processor.py:830} INFO - Processing file /opt/airflow/dags/clean_sales_dag.py for tasks to queue
[2026-02-04T10:38:30.645+0000] {logging_mixin.py:188} INFO - [2026-02-04T10:38:30.644+0000] {dagbag.py:545} INFO - Filling up the DagBag from /opt/airflow/dags/clean_sales_dag.py
[2026-02-04T10:38:30.661+0000] {processor.py:840} INFO - DAG(s) 'sales_silver_cleaning_pipeline' retrieved from /opt/airflow/dags/clean_sales_dag.py
[2026-02-04T10:38:30.686+0000] {logging_mixin.py:188} INFO - [2026-02-04T10:38:30.686+0000] {dag.py:3089} INFO - Sync 1 DAGs
[2026-02-04T10:38:30.700+0000] {logging_mixin.py:188} INFO - [2026-02-04T10:38:30.700+0000] {dag.py:3947} INFO - Setting next_dagrun for sales_silver_cleaning_pipeline to None, run_after=None
[2026-02-04T10:38:30.723+0000] {processor.py:183} INFO - Processing /opt/airflow/dags/clean_sales_dag.py took 0.086 seconds
[2026-02-04T10:39:01.206+0000] {processor.py:161} INFO - Started process (PID=276) to work on /opt/airflow/dags/clean_sales_dag.py
[2026-02-04T10:39:01.208+0000] {processor.py:830} INFO - Processing file /opt/airflow/dags/clean_sales_dag.py for tasks to queue
[2026-02-04T10:39:01.210+0000] {logging_mixin.py:188} INFO - [2026-02-04T10:39:01.210+0000] {dagbag.py:545} INFO - Filling up the DagBag from /opt/airflow/dags/clean_sales_dag.py
[2026-02-04T10:39:01.233+0000] {processor.py:840} INFO - DAG(s) 'sales_silver_cleaning_pipeline' retrieved from /opt/airflow/dags/clean_sales_dag.py
[2026-02-04T10:39:01.256+0000] {logging_mixin.py:188} INFO - [2026-02-04T10:39:01.255+0000] {dag.py:3089} INFO - Sync 1 DAGs
[2026-02-04T10:39:01.269+0000] {logging_mixin.py:188} INFO - [2026-02-04T10:39:01.268+0000] {dag.py:3947} INFO - Setting next_dagrun for sales_silver_cleaning_pipeline to None, run_after=None
[2026-02-04T10:39:01.291+0000] {processor.py:183} INFO - Processing /opt/airflow/dags/clean_sales_dag.py took 0.092 seconds
[2026-02-04T10:39:26.541+0000] {processor.py:161} INFO - Started process (PID=278) to work on /opt/airflow/dags/clean_sales_dag.py
[2026-02-04T10:39:26.542+0000] {processor.py:830} INFO - Processing file /opt/airflow/dags/clean_sales_dag.py for tasks to queue
[2026-02-04T10:39:26.544+0000] {logging_mixin.py:188} INFO - [2026-02-04T10:39:26.544+0000] {dagbag.py:545} INFO - Filling up the DagBag from /opt/airflow/dags/clean_sales_dag.py
[2026-02-04T10:39:26.567+0000] {processor.py:840} INFO - DAG(s) 'sales_silver_cleaning_pipeline' retrieved from /opt/airflow/dags/clean_sales_dag.py
[2026-02-04T10:39:26.594+0000] {logging_mixin.py:188} INFO - [2026-02-04T10:39:26.594+0000] {dag.py:3089} INFO - Sync 1 DAGs
[2026-02-04T10:39:26.610+0000] {logging_mixin.py:188} INFO - [2026-02-04T10:39:26.610+0000] {dag.py:3947} INFO - Setting next_dagrun for sales_silver_cleaning_pipeline to None, run_after=None
[2026-02-04T10:39:26.632+0000] {processor.py:183} INFO - Processing /opt/airflow/dags/clean_sales_dag.py took 0.097 seconds
[2026-02-04T10:39:46.916+0000] {processor.py:161} INFO - Started process (PID=282) to work on /opt/airflow/dags/clean_sales_dag.py
[2026-02-04T10:39:46.917+0000] {processor.py:830} INFO - Processing file /opt/airflow/dags/clean_sales_dag.py for tasks to queue
[2026-02-04T10:39:46.919+0000] {logging_mixin.py:188} INFO - [2026-02-04T10:39:46.919+0000] {dagbag.py:545} INFO - Filling up the DagBag from /opt/airflow/dags/clean_sales_dag.py
[2026-02-04T10:39:46.950+0000] {processor.py:840} INFO - DAG(s) 'sales_silver_cleaning_pipeline' retrieved from /opt/airflow/dags/clean_sales_dag.py
[2026-02-04T10:39:47.042+0000] {logging_mixin.py:188} INFO - [2026-02-04T10:39:47.041+0000] {dag.py:3089} INFO - Sync 1 DAGs
[2026-02-04T10:39:47.052+0000] {logging_mixin.py:188} INFO - [2026-02-04T10:39:47.052+0000] {dag.py:3947} INFO - Setting next_dagrun for sales_silver_cleaning_pipeline to None, run_after=None
[2026-02-04T10:39:47.080+0000] {processor.py:183} INFO - Processing /opt/airflow/dags/clean_sales_dag.py took 0.170 seconds
[2026-02-04T10:40:17.519+0000] {processor.py:161} INFO - Started process (PID=286) to work on /opt/airflow/dags/clean_sales_dag.py
[2026-02-04T10:40:17.520+0000] {processor.py:830} INFO - Processing file /opt/airflow/dags/clean_sales_dag.py for tasks to queue
[2026-02-04T10:40:17.521+0000] {logging_mixin.py:188} INFO - [2026-02-04T10:40:17.521+0000] {dagbag.py:545} INFO - Filling up the DagBag from /opt/airflow/dags/clean_sales_dag.py
[2026-02-04T10:40:17.542+0000] {processor.py:840} INFO - DAG(s) 'sales_silver_cleaning_pipeline' retrieved from /opt/airflow/dags/clean_sales_dag.py
[2026-02-04T10:40:17.568+0000] {logging_mixin.py:188} INFO - [2026-02-04T10:40:17.567+0000] {dag.py:3089} INFO - Sync 1 DAGs
[2026-02-04T10:40:17.582+0000] {logging_mixin.py:188} INFO - [2026-02-04T10:40:17.582+0000] {dag.py:3947} INFO - Setting next_dagrun for sales_silver_cleaning_pipeline to None, run_after=None
[2026-02-04T10:40:17.610+0000] {processor.py:183} INFO - Processing /opt/airflow/dags/clean_sales_dag.py took 0.096 seconds
