[2026-02-04T09:58:18.280+0000] {processor.py:161} INFO - Started process (PID=27) to work on /opt/airflow/dags/ingest_sales_dag.py
[2026-02-04T09:58:18.282+0000] {processor.py:830} INFO - Processing file /opt/airflow/dags/ingest_sales_dag.py for tasks to queue
[2026-02-04T09:58:18.284+0000] {logging_mixin.py:188} INFO - [2026-02-04T09:58:18.284+0000] {dagbag.py:545} INFO - Filling up the DagBag from /opt/airflow/dags/ingest_sales_dag.py
[2026-02-04T09:58:19.749+0000] {processor.py:840} INFO - DAG(s) 'sales_ingestion_pipeline' retrieved from /opt/airflow/dags/ingest_sales_dag.py
[2026-02-04T09:58:19.783+0000] {logging_mixin.py:188} INFO - [2026-02-04T09:58:19.782+0000] {dag.py:3089} INFO - Sync 1 DAGs
[2026-02-04T09:58:19.812+0000] {logging_mixin.py:188} INFO - [2026-02-04T09:58:19.812+0000] {dag.py:3947} INFO - Setting next_dagrun for sales_ingestion_pipeline to 2026-02-04 09:50:00+00:00, run_after=2026-02-04 09:55:00+00:00
[2026-02-04T09:58:19.838+0000] {processor.py:183} INFO - Processing /opt/airflow/dags/ingest_sales_dag.py took 1.565 seconds
[2026-02-04T09:58:50.642+0000] {processor.py:161} INFO - Started process (PID=31) to work on /opt/airflow/dags/ingest_sales_dag.py
[2026-02-04T09:58:50.643+0000] {processor.py:830} INFO - Processing file /opt/airflow/dags/ingest_sales_dag.py for tasks to queue
[2026-02-04T09:58:50.645+0000] {logging_mixin.py:188} INFO - [2026-02-04T09:58:50.645+0000] {dagbag.py:545} INFO - Filling up the DagBag from /opt/airflow/dags/ingest_sales_dag.py
[2026-02-04T09:58:50.959+0000] {processor.py:840} INFO - DAG(s) 'sales_ingestion_pipeline' retrieved from /opt/airflow/dags/ingest_sales_dag.py
[2026-02-04T09:58:50.990+0000] {logging_mixin.py:188} INFO - [2026-02-04T09:58:50.990+0000] {dag.py:3089} INFO - Sync 1 DAGs
[2026-02-04T09:58:51.014+0000] {logging_mixin.py:188} INFO - [2026-02-04T09:58:51.013+0000] {dag.py:3947} INFO - Setting next_dagrun for sales_ingestion_pipeline to 2026-02-04 09:50:00+00:00, run_after=2026-02-04 09:55:00+00:00
[2026-02-04T09:58:51.036+0000] {processor.py:183} INFO - Processing /opt/airflow/dags/ingest_sales_dag.py took 0.400 seconds
[2026-02-04T09:59:21.121+0000] {processor.py:161} INFO - Started process (PID=35) to work on /opt/airflow/dags/ingest_sales_dag.py
[2026-02-04T09:59:21.122+0000] {processor.py:830} INFO - Processing file /opt/airflow/dags/ingest_sales_dag.py for tasks to queue
[2026-02-04T09:59:21.124+0000] {logging_mixin.py:188} INFO - [2026-02-04T09:59:21.124+0000] {dagbag.py:545} INFO - Filling up the DagBag from /opt/airflow/dags/ingest_sales_dag.py
[2026-02-04T09:59:21.389+0000] {processor.py:840} INFO - DAG(s) 'sales_ingestion_pipeline' retrieved from /opt/airflow/dags/ingest_sales_dag.py
[2026-02-04T09:59:21.412+0000] {logging_mixin.py:188} INFO - [2026-02-04T09:59:21.412+0000] {dag.py:3089} INFO - Sync 1 DAGs
[2026-02-04T09:59:21.433+0000] {logging_mixin.py:188} INFO - [2026-02-04T09:59:21.433+0000] {dag.py:3947} INFO - Setting next_dagrun for sales_ingestion_pipeline to 2026-02-04 09:50:00+00:00, run_after=2026-02-04 09:55:00+00:00
[2026-02-04T09:59:21.453+0000] {processor.py:183} INFO - Processing /opt/airflow/dags/ingest_sales_dag.py took 0.337 seconds
[2026-02-04T09:59:51.666+0000] {processor.py:161} INFO - Started process (PID=39) to work on /opt/airflow/dags/ingest_sales_dag.py
[2026-02-04T09:59:51.667+0000] {processor.py:830} INFO - Processing file /opt/airflow/dags/ingest_sales_dag.py for tasks to queue
[2026-02-04T09:59:51.668+0000] {logging_mixin.py:188} INFO - [2026-02-04T09:59:51.668+0000] {dagbag.py:545} INFO - Filling up the DagBag from /opt/airflow/dags/ingest_sales_dag.py
[2026-02-04T09:59:51.951+0000] {processor.py:840} INFO - DAG(s) 'sales_ingestion_pipeline' retrieved from /opt/airflow/dags/ingest_sales_dag.py
[2026-02-04T09:59:51.973+0000] {logging_mixin.py:188} INFO - [2026-02-04T09:59:51.973+0000] {dag.py:3089} INFO - Sync 1 DAGs
[2026-02-04T09:59:51.996+0000] {logging_mixin.py:188} INFO - [2026-02-04T09:59:51.995+0000] {dag.py:3947} INFO - Setting next_dagrun for sales_ingestion_pipeline to 2026-02-04 09:50:00+00:00, run_after=2026-02-04 09:55:00+00:00
[2026-02-04T09:59:52.053+0000] {processor.py:183} INFO - Processing /opt/airflow/dags/ingest_sales_dag.py took 0.392 seconds
[2026-02-04T10:00:22.206+0000] {processor.py:161} INFO - Started process (PID=43) to work on /opt/airflow/dags/ingest_sales_dag.py
[2026-02-04T10:00:22.207+0000] {processor.py:830} INFO - Processing file /opt/airflow/dags/ingest_sales_dag.py for tasks to queue
[2026-02-04T10:00:22.209+0000] {logging_mixin.py:188} INFO - [2026-02-04T10:00:22.209+0000] {dagbag.py:545} INFO - Filling up the DagBag from /opt/airflow/dags/ingest_sales_dag.py
[2026-02-04T10:00:22.486+0000] {processor.py:840} INFO - DAG(s) 'sales_ingestion_pipeline' retrieved from /opt/airflow/dags/ingest_sales_dag.py
[2026-02-04T10:00:22.512+0000] {logging_mixin.py:188} INFO - [2026-02-04T10:00:22.511+0000] {dag.py:3089} INFO - Sync 1 DAGs
[2026-02-04T10:00:22.531+0000] {logging_mixin.py:188} INFO - [2026-02-04T10:00:22.531+0000] {dag.py:3947} INFO - Setting next_dagrun for sales_ingestion_pipeline to 2026-02-04 09:55:00+00:00, run_after=2026-02-04 10:00:00+00:00
[2026-02-04T10:00:22.565+0000] {processor.py:183} INFO - Processing /opt/airflow/dags/ingest_sales_dag.py took 0.363 seconds
[2026-02-04T10:00:52.953+0000] {processor.py:161} INFO - Started process (PID=47) to work on /opt/airflow/dags/ingest_sales_dag.py
[2026-02-04T10:00:52.954+0000] {processor.py:830} INFO - Processing file /opt/airflow/dags/ingest_sales_dag.py for tasks to queue
[2026-02-04T10:00:52.955+0000] {logging_mixin.py:188} INFO - [2026-02-04T10:00:52.955+0000] {dagbag.py:545} INFO - Filling up the DagBag from /opt/airflow/dags/ingest_sales_dag.py
[2026-02-04T10:00:53.238+0000] {processor.py:840} INFO - DAG(s) 'sales_ingestion_pipeline' retrieved from /opt/airflow/dags/ingest_sales_dag.py
[2026-02-04T10:00:53.261+0000] {logging_mixin.py:188} INFO - [2026-02-04T10:00:53.261+0000] {dag.py:3089} INFO - Sync 1 DAGs
[2026-02-04T10:00:53.280+0000] {logging_mixin.py:188} INFO - [2026-02-04T10:00:53.280+0000] {dag.py:3947} INFO - Setting next_dagrun for sales_ingestion_pipeline to 2026-02-04 09:55:00+00:00, run_after=2026-02-04 10:00:00+00:00
[2026-02-04T10:00:53.314+0000] {processor.py:183} INFO - Processing /opt/airflow/dags/ingest_sales_dag.py took 0.366 seconds
[2026-02-04T10:01:23.394+0000] {processor.py:161} INFO - Started process (PID=51) to work on /opt/airflow/dags/ingest_sales_dag.py
[2026-02-04T10:01:23.395+0000] {processor.py:830} INFO - Processing file /opt/airflow/dags/ingest_sales_dag.py for tasks to queue
[2026-02-04T10:01:23.397+0000] {logging_mixin.py:188} INFO - [2026-02-04T10:01:23.397+0000] {dagbag.py:545} INFO - Filling up the DagBag from /opt/airflow/dags/ingest_sales_dag.py
[2026-02-04T10:01:23.674+0000] {processor.py:840} INFO - DAG(s) 'sales_ingestion_pipeline' retrieved from /opt/airflow/dags/ingest_sales_dag.py
[2026-02-04T10:01:23.697+0000] {logging_mixin.py:188} INFO - [2026-02-04T10:01:23.697+0000] {dag.py:3089} INFO - Sync 1 DAGs
[2026-02-04T10:01:23.717+0000] {logging_mixin.py:188} INFO - [2026-02-04T10:01:23.717+0000] {dag.py:3947} INFO - Setting next_dagrun for sales_ingestion_pipeline to 2026-02-04 09:55:00+00:00, run_after=2026-02-04 10:00:00+00:00
[2026-02-04T10:01:23.752+0000] {processor.py:183} INFO - Processing /opt/airflow/dags/ingest_sales_dag.py took 0.362 seconds
[2026-02-04T10:01:54.056+0000] {processor.py:161} INFO - Started process (PID=55) to work on /opt/airflow/dags/ingest_sales_dag.py
[2026-02-04T10:01:54.057+0000] {processor.py:830} INFO - Processing file /opt/airflow/dags/ingest_sales_dag.py for tasks to queue
[2026-02-04T10:01:54.058+0000] {logging_mixin.py:188} INFO - [2026-02-04T10:01:54.058+0000] {dagbag.py:545} INFO - Filling up the DagBag from /opt/airflow/dags/ingest_sales_dag.py
[2026-02-04T10:01:54.337+0000] {processor.py:840} INFO - DAG(s) 'sales_ingestion_pipeline' retrieved from /opt/airflow/dags/ingest_sales_dag.py
[2026-02-04T10:01:54.360+0000] {logging_mixin.py:188} INFO - [2026-02-04T10:01:54.360+0000] {dag.py:3089} INFO - Sync 1 DAGs
[2026-02-04T10:01:54.380+0000] {logging_mixin.py:188} INFO - [2026-02-04T10:01:54.380+0000] {dag.py:3947} INFO - Setting next_dagrun for sales_ingestion_pipeline to 2026-02-04 09:55:00+00:00, run_after=2026-02-04 10:00:00+00:00
[2026-02-04T10:01:54.405+0000] {processor.py:183} INFO - Processing /opt/airflow/dags/ingest_sales_dag.py took 0.354 seconds
[2026-02-04T10:02:24.498+0000] {processor.py:161} INFO - Started process (PID=59) to work on /opt/airflow/dags/ingest_sales_dag.py
[2026-02-04T10:02:24.500+0000] {processor.py:830} INFO - Processing file /opt/airflow/dags/ingest_sales_dag.py for tasks to queue
[2026-02-04T10:02:24.502+0000] {logging_mixin.py:188} INFO - [2026-02-04T10:02:24.501+0000] {dagbag.py:545} INFO - Filling up the DagBag from /opt/airflow/dags/ingest_sales_dag.py
[2026-02-04T10:02:24.798+0000] {processor.py:840} INFO - DAG(s) 'sales_ingestion_pipeline' retrieved from /opt/airflow/dags/ingest_sales_dag.py
[2026-02-04T10:02:24.822+0000] {logging_mixin.py:188} INFO - [2026-02-04T10:02:24.822+0000] {dag.py:3089} INFO - Sync 1 DAGs
[2026-02-04T10:02:24.846+0000] {logging_mixin.py:188} INFO - [2026-02-04T10:02:24.845+0000] {dag.py:3947} INFO - Setting next_dagrun for sales_ingestion_pipeline to 2026-02-04 09:55:00+00:00, run_after=2026-02-04 10:00:00+00:00
[2026-02-04T10:02:25.037+0000] {processor.py:183} INFO - Processing /opt/airflow/dags/ingest_sales_dag.py took 0.545 seconds
[2026-02-04T10:02:55.160+0000] {processor.py:161} INFO - Started process (PID=63) to work on /opt/airflow/dags/ingest_sales_dag.py
[2026-02-04T10:02:55.161+0000] {processor.py:830} INFO - Processing file /opt/airflow/dags/ingest_sales_dag.py for tasks to queue
[2026-02-04T10:02:55.163+0000] {logging_mixin.py:188} INFO - [2026-02-04T10:02:55.162+0000] {dagbag.py:545} INFO - Filling up the DagBag from /opt/airflow/dags/ingest_sales_dag.py
[2026-02-04T10:02:55.457+0000] {processor.py:840} INFO - DAG(s) 'sales_ingestion_pipeline' retrieved from /opt/airflow/dags/ingest_sales_dag.py
[2026-02-04T10:02:55.484+0000] {logging_mixin.py:188} INFO - [2026-02-04T10:02:55.483+0000] {dag.py:3089} INFO - Sync 1 DAGs
[2026-02-04T10:02:55.505+0000] {logging_mixin.py:188} INFO - [2026-02-04T10:02:55.505+0000] {dag.py:3947} INFO - Setting next_dagrun for sales_ingestion_pipeline to 2026-02-04 09:55:00+00:00, run_after=2026-02-04 10:00:00+00:00
[2026-02-04T10:02:55.527+0000] {processor.py:183} INFO - Processing /opt/airflow/dags/ingest_sales_dag.py took 0.372 seconds
[2026-02-04T10:03:25.645+0000] {processor.py:161} INFO - Started process (PID=67) to work on /opt/airflow/dags/ingest_sales_dag.py
[2026-02-04T10:03:25.646+0000] {processor.py:830} INFO - Processing file /opt/airflow/dags/ingest_sales_dag.py for tasks to queue
[2026-02-04T10:03:25.647+0000] {logging_mixin.py:188} INFO - [2026-02-04T10:03:25.647+0000] {dagbag.py:545} INFO - Filling up the DagBag from /opt/airflow/dags/ingest_sales_dag.py
[2026-02-04T10:03:25.936+0000] {processor.py:840} INFO - DAG(s) 'sales_ingestion_pipeline' retrieved from /opt/airflow/dags/ingest_sales_dag.py
[2026-02-04T10:03:25.962+0000] {logging_mixin.py:188} INFO - [2026-02-04T10:03:25.962+0000] {dag.py:3089} INFO - Sync 1 DAGs
[2026-02-04T10:03:25.986+0000] {logging_mixin.py:188} INFO - [2026-02-04T10:03:25.986+0000] {dag.py:3947} INFO - Setting next_dagrun for sales_ingestion_pipeline to 2026-02-04 09:55:00+00:00, run_after=2026-02-04 10:00:00+00:00
[2026-02-04T10:03:26.006+0000] {processor.py:183} INFO - Processing /opt/airflow/dags/ingest_sales_dag.py took 0.366 seconds
[2026-02-04T10:03:56.222+0000] {processor.py:161} INFO - Started process (PID=71) to work on /opt/airflow/dags/ingest_sales_dag.py
[2026-02-04T10:03:56.223+0000] {processor.py:830} INFO - Processing file /opt/airflow/dags/ingest_sales_dag.py for tasks to queue
[2026-02-04T10:03:56.224+0000] {logging_mixin.py:188} INFO - [2026-02-04T10:03:56.224+0000] {dagbag.py:545} INFO - Filling up the DagBag from /opt/airflow/dags/ingest_sales_dag.py
[2026-02-04T10:03:56.507+0000] {processor.py:840} INFO - DAG(s) 'sales_ingestion_pipeline' retrieved from /opt/airflow/dags/ingest_sales_dag.py
[2026-02-04T10:03:56.530+0000] {logging_mixin.py:188} INFO - [2026-02-04T10:03:56.529+0000] {dag.py:3089} INFO - Sync 1 DAGs
[2026-02-04T10:03:56.549+0000] {logging_mixin.py:188} INFO - [2026-02-04T10:03:56.549+0000] {dag.py:3947} INFO - Setting next_dagrun for sales_ingestion_pipeline to 2026-02-04 09:55:00+00:00, run_after=2026-02-04 10:00:00+00:00
[2026-02-04T10:03:56.571+0000] {processor.py:183} INFO - Processing /opt/airflow/dags/ingest_sales_dag.py took 0.354 seconds
[2026-02-04T10:04:26.860+0000] {processor.py:161} INFO - Started process (PID=95) to work on /opt/airflow/dags/ingest_sales_dag.py
[2026-02-04T10:04:26.861+0000] {processor.py:830} INFO - Processing file /opt/airflow/dags/ingest_sales_dag.py for tasks to queue
[2026-02-04T10:04:26.863+0000] {logging_mixin.py:188} INFO - [2026-02-04T10:04:26.863+0000] {dagbag.py:545} INFO - Filling up the DagBag from /opt/airflow/dags/ingest_sales_dag.py
[2026-02-04T10:04:27.174+0000] {processor.py:840} INFO - DAG(s) 'sales_ingestion_pipeline' retrieved from /opt/airflow/dags/ingest_sales_dag.py
[2026-02-04T10:04:27.207+0000] {logging_mixin.py:188} INFO - [2026-02-04T10:04:27.206+0000] {dag.py:3089} INFO - Sync 1 DAGs
[2026-02-04T10:04:27.237+0000] {logging_mixin.py:188} INFO - [2026-02-04T10:04:27.237+0000] {dag.py:3947} INFO - Setting next_dagrun for sales_ingestion_pipeline to 2026-02-04 10:00:00+00:00, run_after=2026-02-04 10:05:00+00:00
[2026-02-04T10:04:27.276+0000] {processor.py:183} INFO - Processing /opt/airflow/dags/ingest_sales_dag.py took 0.423 seconds
[2026-02-04T10:04:57.371+0000] {processor.py:161} INFO - Started process (PID=129) to work on /opt/airflow/dags/ingest_sales_dag.py
[2026-02-04T10:04:57.374+0000] {processor.py:830} INFO - Processing file /opt/airflow/dags/ingest_sales_dag.py for tasks to queue
[2026-02-04T10:04:57.377+0000] {logging_mixin.py:188} INFO - [2026-02-04T10:04:57.377+0000] {dagbag.py:545} INFO - Filling up the DagBag from /opt/airflow/dags/ingest_sales_dag.py
[2026-02-04T10:04:57.715+0000] {processor.py:840} INFO - DAG(s) 'sales_ingestion_pipeline' retrieved from /opt/airflow/dags/ingest_sales_dag.py
[2026-02-04T10:04:57.738+0000] {logging_mixin.py:188} INFO - [2026-02-04T10:04:57.738+0000] {dag.py:3089} INFO - Sync 1 DAGs
[2026-02-04T10:04:57.758+0000] {logging_mixin.py:188} INFO - [2026-02-04T10:04:57.758+0000] {dag.py:3947} INFO - Setting next_dagrun for sales_ingestion_pipeline to 2026-02-04 10:00:00+00:00, run_after=2026-02-04 10:05:00+00:00
[2026-02-04T10:04:57.789+0000] {processor.py:183} INFO - Processing /opt/airflow/dags/ingest_sales_dag.py took 0.429 seconds
[2026-02-04T10:05:28.731+0000] {processor.py:161} INFO - Started process (PID=183) to work on /opt/airflow/dags/ingest_sales_dag.py
[2026-02-04T10:05:28.732+0000] {processor.py:830} INFO - Processing file /opt/airflow/dags/ingest_sales_dag.py for tasks to queue
[2026-02-04T10:05:28.734+0000] {logging_mixin.py:188} INFO - [2026-02-04T10:05:28.734+0000] {dagbag.py:545} INFO - Filling up the DagBag from /opt/airflow/dags/ingest_sales_dag.py
[2026-02-04T10:05:29.021+0000] {processor.py:840} INFO - DAG(s) 'sales_ingestion_pipeline' retrieved from /opt/airflow/dags/ingest_sales_dag.py
[2026-02-04T10:05:29.045+0000] {logging_mixin.py:188} INFO - [2026-02-04T10:05:29.044+0000] {dag.py:3089} INFO - Sync 1 DAGs
[2026-02-04T10:05:29.067+0000] {logging_mixin.py:188} INFO - [2026-02-04T10:05:29.066+0000] {dag.py:3947} INFO - Setting next_dagrun for sales_ingestion_pipeline to 2026-02-04 10:05:00+00:00, run_after=2026-02-04 10:10:00+00:00
[2026-02-04T10:05:29.219+0000] {processor.py:183} INFO - Processing /opt/airflow/dags/ingest_sales_dag.py took 0.493 seconds
[2026-02-04T10:05:59.447+0000] {processor.py:161} INFO - Started process (PID=187) to work on /opt/airflow/dags/ingest_sales_dag.py
[2026-02-04T10:05:59.449+0000] {processor.py:830} INFO - Processing file /opt/airflow/dags/ingest_sales_dag.py for tasks to queue
[2026-02-04T10:05:59.451+0000] {logging_mixin.py:188} INFO - [2026-02-04T10:05:59.451+0000] {dagbag.py:545} INFO - Filling up the DagBag from /opt/airflow/dags/ingest_sales_dag.py
[2026-02-04T10:05:59.830+0000] {processor.py:840} INFO - DAG(s) 'sales_ingestion_pipeline' retrieved from /opt/airflow/dags/ingest_sales_dag.py
[2026-02-04T10:05:59.857+0000] {logging_mixin.py:188} INFO - [2026-02-04T10:05:59.856+0000] {dag.py:3089} INFO - Sync 1 DAGs
[2026-02-04T10:05:59.883+0000] {logging_mixin.py:188} INFO - [2026-02-04T10:05:59.883+0000] {dag.py:3947} INFO - Setting next_dagrun for sales_ingestion_pipeline to 2026-02-04 10:05:00+00:00, run_after=2026-02-04 10:10:00+00:00
[2026-02-04T10:05:59.904+0000] {processor.py:183} INFO - Processing /opt/airflow/dags/ingest_sales_dag.py took 0.463 seconds
[2026-02-04T10:06:29.993+0000] {processor.py:161} INFO - Started process (PID=191) to work on /opt/airflow/dags/ingest_sales_dag.py
[2026-02-04T10:06:29.994+0000] {processor.py:830} INFO - Processing file /opt/airflow/dags/ingest_sales_dag.py for tasks to queue
[2026-02-04T10:06:30.007+0000] {logging_mixin.py:188} INFO - [2026-02-04T10:06:30.007+0000] {dagbag.py:545} INFO - Filling up the DagBag from /opt/airflow/dags/ingest_sales_dag.py
[2026-02-04T10:06:30.305+0000] {processor.py:840} INFO - DAG(s) 'sales_ingestion_pipeline' retrieved from /opt/airflow/dags/ingest_sales_dag.py
[2026-02-04T10:06:30.330+0000] {logging_mixin.py:188} INFO - [2026-02-04T10:06:30.330+0000] {dag.py:3089} INFO - Sync 1 DAGs
[2026-02-04T10:06:30.351+0000] {logging_mixin.py:188} INFO - [2026-02-04T10:06:30.350+0000] {dag.py:3947} INFO - Setting next_dagrun for sales_ingestion_pipeline to 2026-02-04 10:05:00+00:00, run_after=2026-02-04 10:10:00+00:00
[2026-02-04T10:06:30.373+0000] {processor.py:183} INFO - Processing /opt/airflow/dags/ingest_sales_dag.py took 0.384 seconds
[2026-02-04T10:07:00.790+0000] {processor.py:161} INFO - Started process (PID=195) to work on /opt/airflow/dags/ingest_sales_dag.py
[2026-02-04T10:07:00.791+0000] {processor.py:830} INFO - Processing file /opt/airflow/dags/ingest_sales_dag.py for tasks to queue
[2026-02-04T10:07:00.794+0000] {logging_mixin.py:188} INFO - [2026-02-04T10:07:00.793+0000] {dagbag.py:545} INFO - Filling up the DagBag from /opt/airflow/dags/ingest_sales_dag.py
[2026-02-04T10:07:01.082+0000] {processor.py:840} INFO - DAG(s) 'sales_ingestion_pipeline' retrieved from /opt/airflow/dags/ingest_sales_dag.py
[2026-02-04T10:07:01.284+0000] {logging_mixin.py:188} INFO - [2026-02-04T10:07:01.284+0000] {dag.py:3089} INFO - Sync 1 DAGs
[2026-02-04T10:07:01.293+0000] {logging_mixin.py:188} INFO - [2026-02-04T10:07:01.292+0000] {dag.py:3111} INFO - Creating ORM DAG for sales_ingestion_pipeline
[2026-02-04T10:07:01.302+0000] {logging_mixin.py:188} INFO - [2026-02-04T10:07:01.302+0000] {dag.py:3947} INFO - Setting next_dagrun for sales_ingestion_pipeline to 2026-02-04 10:00:00+00:00, run_after=2026-02-04 10:05:00+00:00
[2026-02-04T10:07:01.333+0000] {processor.py:183} INFO - Processing /opt/airflow/dags/ingest_sales_dag.py took 0.548 seconds
[2026-02-04T10:07:31.974+0000] {processor.py:161} INFO - Started process (PID=199) to work on /opt/airflow/dags/ingest_sales_dag.py
[2026-02-04T10:07:31.975+0000] {processor.py:830} INFO - Processing file /opt/airflow/dags/ingest_sales_dag.py for tasks to queue
[2026-02-04T10:07:31.977+0000] {logging_mixin.py:188} INFO - [2026-02-04T10:07:31.977+0000] {dagbag.py:545} INFO - Filling up the DagBag from /opt/airflow/dags/ingest_sales_dag.py
[2026-02-04T10:07:32.238+0000] {processor.py:840} INFO - DAG(s) 'sales_ingestion_pipeline' retrieved from /opt/airflow/dags/ingest_sales_dag.py
[2026-02-04T10:07:32.261+0000] {logging_mixin.py:188} INFO - [2026-02-04T10:07:32.261+0000] {dag.py:3089} INFO - Sync 1 DAGs
[2026-02-04T10:07:32.281+0000] {logging_mixin.py:188} INFO - [2026-02-04T10:07:32.280+0000] {dag.py:3947} INFO - Setting next_dagrun for sales_ingestion_pipeline to 2026-02-04 10:00:00+00:00, run_after=2026-02-04 10:05:00+00:00
[2026-02-04T10:07:32.314+0000] {processor.py:183} INFO - Processing /opt/airflow/dags/ingest_sales_dag.py took 0.345 seconds
[2026-02-04T10:08:02.506+0000] {processor.py:161} INFO - Started process (PID=203) to work on /opt/airflow/dags/ingest_sales_dag.py
[2026-02-04T10:08:02.507+0000] {processor.py:830} INFO - Processing file /opt/airflow/dags/ingest_sales_dag.py for tasks to queue
[2026-02-04T10:08:02.509+0000] {logging_mixin.py:188} INFO - [2026-02-04T10:08:02.509+0000] {dagbag.py:545} INFO - Filling up the DagBag from /opt/airflow/dags/ingest_sales_dag.py
[2026-02-04T10:08:02.812+0000] {processor.py:840} INFO - DAG(s) 'sales_ingestion_pipeline' retrieved from /opt/airflow/dags/ingest_sales_dag.py
[2026-02-04T10:08:02.836+0000] {logging_mixin.py:188} INFO - [2026-02-04T10:08:02.835+0000] {dag.py:3089} INFO - Sync 1 DAGs
[2026-02-04T10:08:02.856+0000] {logging_mixin.py:188} INFO - [2026-02-04T10:08:02.856+0000] {dag.py:3947} INFO - Setting next_dagrun for sales_ingestion_pipeline to 2026-02-04 10:00:00+00:00, run_after=2026-02-04 10:05:00+00:00
[2026-02-04T10:08:02.879+0000] {processor.py:183} INFO - Processing /opt/airflow/dags/ingest_sales_dag.py took 0.379 seconds
[2026-02-04T10:08:33.002+0000] {processor.py:161} INFO - Started process (PID=207) to work on /opt/airflow/dags/ingest_sales_dag.py
[2026-02-04T10:08:33.003+0000] {processor.py:830} INFO - Processing file /opt/airflow/dags/ingest_sales_dag.py for tasks to queue
[2026-02-04T10:08:33.005+0000] {logging_mixin.py:188} INFO - [2026-02-04T10:08:33.005+0000] {dagbag.py:545} INFO - Filling up the DagBag from /opt/airflow/dags/ingest_sales_dag.py
[2026-02-04T10:08:33.375+0000] {processor.py:840} INFO - DAG(s) 'sales_ingestion_pipeline' retrieved from /opt/airflow/dags/ingest_sales_dag.py
[2026-02-04T10:08:33.399+0000] {logging_mixin.py:188} INFO - [2026-02-04T10:08:33.399+0000] {dag.py:3089} INFO - Sync 1 DAGs
[2026-02-04T10:08:33.425+0000] {logging_mixin.py:188} INFO - [2026-02-04T10:08:33.424+0000] {dag.py:3947} INFO - Setting next_dagrun for sales_ingestion_pipeline to 2026-02-04 10:00:00+00:00, run_after=2026-02-04 10:05:00+00:00
[2026-02-04T10:08:33.459+0000] {processor.py:183} INFO - Processing /opt/airflow/dags/ingest_sales_dag.py took 0.462 seconds
[2026-02-04T10:09:03.548+0000] {processor.py:161} INFO - Started process (PID=211) to work on /opt/airflow/dags/ingest_sales_dag.py
[2026-02-04T10:09:03.549+0000] {processor.py:830} INFO - Processing file /opt/airflow/dags/ingest_sales_dag.py for tasks to queue
[2026-02-04T10:09:03.551+0000] {logging_mixin.py:188} INFO - [2026-02-04T10:09:03.551+0000] {dagbag.py:545} INFO - Filling up the DagBag from /opt/airflow/dags/ingest_sales_dag.py
[2026-02-04T10:09:03.834+0000] {processor.py:840} INFO - DAG(s) 'sales_ingestion_pipeline' retrieved from /opt/airflow/dags/ingest_sales_dag.py
[2026-02-04T10:09:03.859+0000] {logging_mixin.py:188} INFO - [2026-02-04T10:09:03.858+0000] {dag.py:3089} INFO - Sync 1 DAGs
[2026-02-04T10:09:03.881+0000] {logging_mixin.py:188} INFO - [2026-02-04T10:09:03.881+0000] {dag.py:3947} INFO - Setting next_dagrun for sales_ingestion_pipeline to 2026-02-04 10:00:00+00:00, run_after=2026-02-04 10:05:00+00:00
[2026-02-04T10:09:03.905+0000] {processor.py:183} INFO - Processing /opt/airflow/dags/ingest_sales_dag.py took 0.364 seconds
[2026-02-04T10:09:34.057+0000] {processor.py:161} INFO - Started process (PID=215) to work on /opt/airflow/dags/ingest_sales_dag.py
[2026-02-04T10:09:34.059+0000] {processor.py:830} INFO - Processing file /opt/airflow/dags/ingest_sales_dag.py for tasks to queue
[2026-02-04T10:09:34.060+0000] {logging_mixin.py:188} INFO - [2026-02-04T10:09:34.060+0000] {dagbag.py:545} INFO - Filling up the DagBag from /opt/airflow/dags/ingest_sales_dag.py
[2026-02-04T10:09:34.365+0000] {processor.py:840} INFO - DAG(s) 'sales_ingestion_pipeline' retrieved from /opt/airflow/dags/ingest_sales_dag.py
[2026-02-04T10:09:34.390+0000] {logging_mixin.py:188} INFO - [2026-02-04T10:09:34.390+0000] {dag.py:3089} INFO - Sync 1 DAGs
[2026-02-04T10:09:34.414+0000] {logging_mixin.py:188} INFO - [2026-02-04T10:09:34.414+0000] {dag.py:3947} INFO - Setting next_dagrun for sales_ingestion_pipeline to 2026-02-04 10:00:00+00:00, run_after=2026-02-04 10:05:00+00:00
[2026-02-04T10:09:34.436+0000] {processor.py:183} INFO - Processing /opt/airflow/dags/ingest_sales_dag.py took 0.384 seconds
[2026-02-04T10:10:04.604+0000] {processor.py:161} INFO - Started process (PID=219) to work on /opt/airflow/dags/ingest_sales_dag.py
[2026-02-04T10:10:04.605+0000] {processor.py:830} INFO - Processing file /opt/airflow/dags/ingest_sales_dag.py for tasks to queue
[2026-02-04T10:10:04.606+0000] {logging_mixin.py:188} INFO - [2026-02-04T10:10:04.606+0000] {dagbag.py:545} INFO - Filling up the DagBag from /opt/airflow/dags/ingest_sales_dag.py
[2026-02-04T10:10:04.875+0000] {processor.py:840} INFO - DAG(s) 'sales_ingestion_pipeline' retrieved from /opt/airflow/dags/ingest_sales_dag.py
[2026-02-04T10:10:04.896+0000] {logging_mixin.py:188} INFO - [2026-02-04T10:10:04.896+0000] {dag.py:3089} INFO - Sync 1 DAGs
[2026-02-04T10:10:04.917+0000] {logging_mixin.py:188} INFO - [2026-02-04T10:10:04.916+0000] {dag.py:3947} INFO - Setting next_dagrun for sales_ingestion_pipeline to 2026-02-04 10:05:00+00:00, run_after=2026-02-04 10:10:00+00:00
[2026-02-04T10:10:04.937+0000] {processor.py:183} INFO - Processing /opt/airflow/dags/ingest_sales_dag.py took 0.338 seconds
[2026-02-04T10:10:35.126+0000] {processor.py:161} INFO - Started process (PID=223) to work on /opt/airflow/dags/ingest_sales_dag.py
[2026-02-04T10:10:35.127+0000] {processor.py:830} INFO - Processing file /opt/airflow/dags/ingest_sales_dag.py for tasks to queue
[2026-02-04T10:10:35.129+0000] {logging_mixin.py:188} INFO - [2026-02-04T10:10:35.129+0000] {dagbag.py:545} INFO - Filling up the DagBag from /opt/airflow/dags/ingest_sales_dag.py
[2026-02-04T10:10:35.487+0000] {processor.py:840} INFO - DAG(s) 'sales_ingestion_pipeline' retrieved from /opt/airflow/dags/ingest_sales_dag.py
[2026-02-04T10:10:35.514+0000] {logging_mixin.py:188} INFO - [2026-02-04T10:10:35.514+0000] {dag.py:3089} INFO - Sync 1 DAGs
[2026-02-04T10:10:35.540+0000] {logging_mixin.py:188} INFO - [2026-02-04T10:10:35.540+0000] {dag.py:3947} INFO - Setting next_dagrun for sales_ingestion_pipeline to 2026-02-04 10:05:00+00:00, run_after=2026-02-04 10:10:00+00:00
[2026-02-04T10:10:35.563+0000] {processor.py:183} INFO - Processing /opt/airflow/dags/ingest_sales_dag.py took 0.443 seconds
[2026-02-04T10:11:06.428+0000] {processor.py:161} INFO - Started process (PID=227) to work on /opt/airflow/dags/ingest_sales_dag.py
[2026-02-04T10:11:06.430+0000] {processor.py:830} INFO - Processing file /opt/airflow/dags/ingest_sales_dag.py for tasks to queue
[2026-02-04T10:11:06.432+0000] {logging_mixin.py:188} INFO - [2026-02-04T10:11:06.432+0000] {dagbag.py:545} INFO - Filling up the DagBag from /opt/airflow/dags/ingest_sales_dag.py
[2026-02-04T10:11:06.765+0000] {processor.py:840} INFO - DAG(s) 'sales_ingestion_pipeline' retrieved from /opt/airflow/dags/ingest_sales_dag.py
[2026-02-04T10:11:06.795+0000] {logging_mixin.py:188} INFO - [2026-02-04T10:11:06.795+0000] {dag.py:3089} INFO - Sync 1 DAGs
[2026-02-04T10:11:06.820+0000] {logging_mixin.py:188} INFO - [2026-02-04T10:11:06.820+0000] {dag.py:3947} INFO - Setting next_dagrun for sales_ingestion_pipeline to 2026-02-04 10:05:00+00:00, run_after=2026-02-04 10:10:00+00:00
[2026-02-04T10:11:06.842+0000] {processor.py:183} INFO - Processing /opt/airflow/dags/ingest_sales_dag.py took 0.421 seconds
[2026-02-04T10:11:36.936+0000] {processor.py:161} INFO - Started process (PID=231) to work on /opt/airflow/dags/ingest_sales_dag.py
[2026-02-04T10:11:36.937+0000] {processor.py:830} INFO - Processing file /opt/airflow/dags/ingest_sales_dag.py for tasks to queue
[2026-02-04T10:11:36.939+0000] {logging_mixin.py:188} INFO - [2026-02-04T10:11:36.938+0000] {dagbag.py:545} INFO - Filling up the DagBag from /opt/airflow/dags/ingest_sales_dag.py
[2026-02-04T10:11:37.217+0000] {processor.py:840} INFO - DAG(s) 'sales_ingestion_pipeline' retrieved from /opt/airflow/dags/ingest_sales_dag.py
[2026-02-04T10:11:37.241+0000] {logging_mixin.py:188} INFO - [2026-02-04T10:11:37.241+0000] {dag.py:3089} INFO - Sync 1 DAGs
[2026-02-04T10:11:37.409+0000] {logging_mixin.py:188} INFO - [2026-02-04T10:11:37.409+0000] {dag.py:3947} INFO - Setting next_dagrun for sales_ingestion_pipeline to 2026-02-04 10:05:00+00:00, run_after=2026-02-04 10:10:00+00:00
[2026-02-04T10:11:37.438+0000] {processor.py:183} INFO - Processing /opt/airflow/dags/ingest_sales_dag.py took 0.507 seconds
[2026-02-04T10:12:07.581+0000] {processor.py:161} INFO - Started process (PID=235) to work on /opt/airflow/dags/ingest_sales_dag.py
[2026-02-04T10:12:07.582+0000] {processor.py:830} INFO - Processing file /opt/airflow/dags/ingest_sales_dag.py for tasks to queue
[2026-02-04T10:12:07.584+0000] {logging_mixin.py:188} INFO - [2026-02-04T10:12:07.584+0000] {dagbag.py:545} INFO - Filling up the DagBag from /opt/airflow/dags/ingest_sales_dag.py
[2026-02-04T10:12:07.963+0000] {processor.py:840} INFO - DAG(s) 'sales_ingestion_pipeline' retrieved from /opt/airflow/dags/ingest_sales_dag.py
[2026-02-04T10:12:07.988+0000] {logging_mixin.py:188} INFO - [2026-02-04T10:12:07.987+0000] {dag.py:3089} INFO - Sync 1 DAGs
[2026-02-04T10:12:08.012+0000] {logging_mixin.py:188} INFO - [2026-02-04T10:12:08.012+0000] {dag.py:3947} INFO - Setting next_dagrun for sales_ingestion_pipeline to 2026-02-04 10:05:00+00:00, run_after=2026-02-04 10:10:00+00:00
[2026-02-04T10:12:08.035+0000] {processor.py:183} INFO - Processing /opt/airflow/dags/ingest_sales_dag.py took 0.459 seconds
[2026-02-04T10:12:38.177+0000] {processor.py:161} INFO - Started process (PID=239) to work on /opt/airflow/dags/ingest_sales_dag.py
[2026-02-04T10:12:38.179+0000] {processor.py:830} INFO - Processing file /opt/airflow/dags/ingest_sales_dag.py for tasks to queue
[2026-02-04T10:12:38.180+0000] {logging_mixin.py:188} INFO - [2026-02-04T10:12:38.180+0000] {dagbag.py:545} INFO - Filling up the DagBag from /opt/airflow/dags/ingest_sales_dag.py
[2026-02-04T10:12:38.458+0000] {processor.py:840} INFO - DAG(s) 'sales_ingestion_pipeline' retrieved from /opt/airflow/dags/ingest_sales_dag.py
[2026-02-04T10:12:38.484+0000] {logging_mixin.py:188} INFO - [2026-02-04T10:12:38.484+0000] {dag.py:3089} INFO - Sync 1 DAGs
[2026-02-04T10:12:38.505+0000] {logging_mixin.py:188} INFO - [2026-02-04T10:12:38.504+0000] {dag.py:3947} INFO - Setting next_dagrun for sales_ingestion_pipeline to 2026-02-04 10:05:00+00:00, run_after=2026-02-04 10:10:00+00:00
[2026-02-04T10:12:38.525+0000] {processor.py:183} INFO - Processing /opt/airflow/dags/ingest_sales_dag.py took 0.353 seconds
[2026-02-04T10:13:08.853+0000] {processor.py:161} INFO - Started process (PID=243) to work on /opt/airflow/dags/ingest_sales_dag.py
[2026-02-04T10:13:08.854+0000] {processor.py:830} INFO - Processing file /opt/airflow/dags/ingest_sales_dag.py for tasks to queue
[2026-02-04T10:13:08.856+0000] {logging_mixin.py:188} INFO - [2026-02-04T10:13:08.856+0000] {dagbag.py:545} INFO - Filling up the DagBag from /opt/airflow/dags/ingest_sales_dag.py
[2026-02-04T10:13:09.178+0000] {processor.py:840} INFO - DAG(s) 'sales_ingestion_pipeline' retrieved from /opt/airflow/dags/ingest_sales_dag.py
[2026-02-04T10:13:09.200+0000] {logging_mixin.py:188} INFO - [2026-02-04T10:13:09.200+0000] {dag.py:3089} INFO - Sync 1 DAGs
[2026-02-04T10:13:09.220+0000] {logging_mixin.py:188} INFO - [2026-02-04T10:13:09.219+0000] {dag.py:3947} INFO - Setting next_dagrun for sales_ingestion_pipeline to 2026-02-04 10:05:00+00:00, run_after=2026-02-04 10:10:00+00:00
[2026-02-04T10:13:09.242+0000] {processor.py:183} INFO - Processing /opt/airflow/dags/ingest_sales_dag.py took 0.395 seconds
[2026-02-04T10:23:23.316+0000] {processor.py:161} INFO - Started process (PID=247) to work on /opt/airflow/dags/ingest_sales_dag.py
[2026-02-04T10:23:23.318+0000] {processor.py:830} INFO - Processing file /opt/airflow/dags/ingest_sales_dag.py for tasks to queue
[2026-02-04T10:23:23.322+0000] {logging_mixin.py:188} INFO - [2026-02-04T10:23:23.322+0000] {dagbag.py:545} INFO - Filling up the DagBag from /opt/airflow/dags/ingest_sales_dag.py
[2026-02-04T10:23:23.868+0000] {processor.py:840} INFO - DAG(s) 'sales_ingestion_pipeline' retrieved from /opt/airflow/dags/ingest_sales_dag.py
[2026-02-04T10:23:23.909+0000] {logging_mixin.py:188} INFO - [2026-02-04T10:23:23.908+0000] {dag.py:3089} INFO - Sync 1 DAGs
[2026-02-04T10:23:23.953+0000] {logging_mixin.py:188} INFO - [2026-02-04T10:23:23.953+0000] {dag.py:3947} INFO - Setting next_dagrun for sales_ingestion_pipeline to 2026-02-04 10:15:00+00:00, run_after=2026-02-04 10:20:00+00:00
[2026-02-04T10:23:23.980+0000] {processor.py:183} INFO - Processing /opt/airflow/dags/ingest_sales_dag.py took 0.678 seconds
[2026-02-04T10:35:58.111+0000] {processor.py:161} INFO - Started process (PID=251) to work on /opt/airflow/dags/ingest_sales_dag.py
[2026-02-04T10:35:58.112+0000] {processor.py:830} INFO - Processing file /opt/airflow/dags/ingest_sales_dag.py for tasks to queue
[2026-02-04T10:35:58.116+0000] {logging_mixin.py:188} INFO - [2026-02-04T10:35:58.116+0000] {dagbag.py:545} INFO - Filling up the DagBag from /opt/airflow/dags/ingest_sales_dag.py
[2026-02-04T10:35:58.409+0000] {processor.py:840} INFO - DAG(s) 'sales_ingestion_pipeline' retrieved from /opt/airflow/dags/ingest_sales_dag.py
[2026-02-04T10:35:58.432+0000] {logging_mixin.py:188} INFO - [2026-02-04T10:35:58.432+0000] {dag.py:3089} INFO - Sync 1 DAGs
[2026-02-04T10:35:58.453+0000] {logging_mixin.py:188} INFO - [2026-02-04T10:35:58.453+0000] {dag.py:3947} INFO - Setting next_dagrun for sales_ingestion_pipeline to 2026-02-04 10:30:00+00:00, run_after=2026-02-04 10:35:00+00:00
[2026-02-04T10:35:58.475+0000] {processor.py:183} INFO - Processing /opt/airflow/dags/ingest_sales_dag.py took 0.373 seconds
[2026-02-04T10:36:28.608+0000] {processor.py:161} INFO - Started process (PID=255) to work on /opt/airflow/dags/ingest_sales_dag.py
[2026-02-04T10:36:28.609+0000] {processor.py:830} INFO - Processing file /opt/airflow/dags/ingest_sales_dag.py for tasks to queue
[2026-02-04T10:36:28.611+0000] {logging_mixin.py:188} INFO - [2026-02-04T10:36:28.611+0000] {dagbag.py:545} INFO - Filling up the DagBag from /opt/airflow/dags/ingest_sales_dag.py
[2026-02-04T10:36:28.933+0000] {processor.py:840} INFO - DAG(s) 'sales_ingestion_pipeline' retrieved from /opt/airflow/dags/ingest_sales_dag.py
[2026-02-04T10:36:28.958+0000] {logging_mixin.py:188} INFO - [2026-02-04T10:36:28.958+0000] {dag.py:3089} INFO - Sync 1 DAGs
[2026-02-04T10:36:28.978+0000] {logging_mixin.py:188} INFO - [2026-02-04T10:36:28.978+0000] {dag.py:3947} INFO - Setting next_dagrun for sales_ingestion_pipeline to 2026-02-04 10:30:00+00:00, run_after=2026-02-04 10:35:00+00:00
[2026-02-04T10:36:29.000+0000] {processor.py:183} INFO - Processing /opt/airflow/dags/ingest_sales_dag.py took 0.398 seconds
[2026-02-04T10:36:59.167+0000] {processor.py:161} INFO - Started process (PID=259) to work on /opt/airflow/dags/ingest_sales_dag.py
[2026-02-04T10:36:59.168+0000] {processor.py:830} INFO - Processing file /opt/airflow/dags/ingest_sales_dag.py for tasks to queue
[2026-02-04T10:36:59.170+0000] {logging_mixin.py:188} INFO - [2026-02-04T10:36:59.170+0000] {dagbag.py:545} INFO - Filling up the DagBag from /opt/airflow/dags/ingest_sales_dag.py
[2026-02-04T10:36:59.438+0000] {processor.py:840} INFO - DAG(s) 'sales_ingestion_pipeline' retrieved from /opt/airflow/dags/ingest_sales_dag.py
[2026-02-04T10:36:59.461+0000] {logging_mixin.py:188} INFO - [2026-02-04T10:36:59.460+0000] {dag.py:3089} INFO - Sync 1 DAGs
[2026-02-04T10:36:59.481+0000] {logging_mixin.py:188} INFO - [2026-02-04T10:36:59.481+0000] {dag.py:3947} INFO - Setting next_dagrun for sales_ingestion_pipeline to 2026-02-04 10:30:00+00:00, run_after=2026-02-04 10:35:00+00:00
[2026-02-04T10:36:59.642+0000] {processor.py:183} INFO - Processing /opt/airflow/dags/ingest_sales_dag.py took 0.480 seconds
[2026-02-04T10:37:29.733+0000] {processor.py:161} INFO - Started process (PID=263) to work on /opt/airflow/dags/ingest_sales_dag.py
[2026-02-04T10:37:29.734+0000] {processor.py:830} INFO - Processing file /opt/airflow/dags/ingest_sales_dag.py for tasks to queue
[2026-02-04T10:37:29.736+0000] {logging_mixin.py:188} INFO - [2026-02-04T10:37:29.736+0000] {dagbag.py:545} INFO - Filling up the DagBag from /opt/airflow/dags/ingest_sales_dag.py
[2026-02-04T10:37:29.996+0000] {processor.py:840} INFO - DAG(s) 'sales_ingestion_pipeline' retrieved from /opt/airflow/dags/ingest_sales_dag.py
[2026-02-04T10:37:30.020+0000] {logging_mixin.py:188} INFO - [2026-02-04T10:37:30.020+0000] {dag.py:3089} INFO - Sync 1 DAGs
[2026-02-04T10:37:30.043+0000] {logging_mixin.py:188} INFO - [2026-02-04T10:37:30.043+0000] {dag.py:3947} INFO - Setting next_dagrun for sales_ingestion_pipeline to 2026-02-04 10:30:00+00:00, run_after=2026-02-04 10:35:00+00:00
[2026-02-04T10:37:30.064+0000] {processor.py:183} INFO - Processing /opt/airflow/dags/ingest_sales_dag.py took 0.336 seconds
[2026-02-04T10:38:00.232+0000] {processor.py:161} INFO - Started process (PID=267) to work on /opt/airflow/dags/ingest_sales_dag.py
[2026-02-04T10:38:00.233+0000] {processor.py:830} INFO - Processing file /opt/airflow/dags/ingest_sales_dag.py for tasks to queue
[2026-02-04T10:38:00.235+0000] {logging_mixin.py:188} INFO - [2026-02-04T10:38:00.235+0000] {dagbag.py:545} INFO - Filling up the DagBag from /opt/airflow/dags/ingest_sales_dag.py
[2026-02-04T10:38:00.521+0000] {processor.py:840} INFO - DAG(s) 'sales_ingestion_pipeline' retrieved from /opt/airflow/dags/ingest_sales_dag.py
[2026-02-04T10:38:00.548+0000] {logging_mixin.py:188} INFO - [2026-02-04T10:38:00.548+0000] {dag.py:3089} INFO - Sync 1 DAGs
[2026-02-04T10:38:00.569+0000] {logging_mixin.py:188} INFO - [2026-02-04T10:38:00.569+0000] {dag.py:3947} INFO - Setting next_dagrun for sales_ingestion_pipeline to 2026-02-04 10:30:00+00:00, run_after=2026-02-04 10:35:00+00:00
[2026-02-04T10:38:00.602+0000] {processor.py:183} INFO - Processing /opt/airflow/dags/ingest_sales_dag.py took 0.376 seconds
[2026-02-04T10:38:30.762+0000] {processor.py:161} INFO - Started process (PID=271) to work on /opt/airflow/dags/ingest_sales_dag.py
[2026-02-04T10:38:30.763+0000] {processor.py:830} INFO - Processing file /opt/airflow/dags/ingest_sales_dag.py for tasks to queue
[2026-02-04T10:38:30.765+0000] {logging_mixin.py:188} INFO - [2026-02-04T10:38:30.765+0000] {dagbag.py:545} INFO - Filling up the DagBag from /opt/airflow/dags/ingest_sales_dag.py
[2026-02-04T10:38:31.025+0000] {processor.py:840} INFO - DAG(s) 'sales_ingestion_pipeline' retrieved from /opt/airflow/dags/ingest_sales_dag.py
[2026-02-04T10:38:31.050+0000] {logging_mixin.py:188} INFO - [2026-02-04T10:38:31.050+0000] {dag.py:3089} INFO - Sync 1 DAGs
[2026-02-04T10:38:31.069+0000] {logging_mixin.py:188} INFO - [2026-02-04T10:38:31.069+0000] {dag.py:3947} INFO - Setting next_dagrun for sales_ingestion_pipeline to 2026-02-04 10:30:00+00:00, run_after=2026-02-04 10:35:00+00:00
[2026-02-04T10:38:31.102+0000] {processor.py:183} INFO - Processing /opt/airflow/dags/ingest_sales_dag.py took 0.346 seconds
[2026-02-04T10:38:43.307+0000] {processor.py:161} INFO - Started process (PID=273) to work on /opt/airflow/dags/ingest_sales_dag.py
[2026-02-04T10:38:43.308+0000] {processor.py:830} INFO - Processing file /opt/airflow/dags/ingest_sales_dag.py for tasks to queue
[2026-02-04T10:38:43.311+0000] {logging_mixin.py:188} INFO - [2026-02-04T10:38:43.310+0000] {dagbag.py:545} INFO - Filling up the DagBag from /opt/airflow/dags/ingest_sales_dag.py
[2026-02-04T10:38:43.328+0000] {logging_mixin.py:188} INFO - [2026-02-04T10:38:43.326+0000] {dagbag.py:355} ERROR - Failed to import: /opt/airflow/dags/ingest_sales_dag.py
Traceback (most recent call last):
  File "/home/airflow/.local/lib/python3.12/site-packages/airflow/models/dagbag.py", line 351, in parse
    loader.exec_module(new_module)
  File "<frozen importlib._bootstrap_external>", line 991, in exec_module
  File "<frozen importlib._bootstrap_external>", line 1129, in get_code
  File "<frozen importlib._bootstrap_external>", line 1059, in source_to_code
  File "<frozen importlib._bootstrap>", line 488, in _call_with_frames_removed
  File "/opt/airflow/dags/ingest_sales_dag.py", line 28
    import time
    ^^^^^^
IndentationError: expected an indented block after 'with' statement on line 18
[2026-02-04T10:38:43.329+0000] {processor.py:842} WARNING - No viable dags retrieved from /opt/airflow/dags/ingest_sales_dag.py
[2026-02-04T10:38:43.358+0000] {processor.py:183} INFO - Processing /opt/airflow/dags/ingest_sales_dag.py took 0.057 seconds
[2026-02-04T10:38:59.526+0000] {processor.py:161} INFO - Started process (PID=274) to work on /opt/airflow/dags/ingest_sales_dag.py
[2026-02-04T10:38:59.527+0000] {processor.py:830} INFO - Processing file /opt/airflow/dags/ingest_sales_dag.py for tasks to queue
[2026-02-04T10:38:59.529+0000] {logging_mixin.py:188} INFO - [2026-02-04T10:38:59.529+0000] {dagbag.py:545} INFO - Filling up the DagBag from /opt/airflow/dags/ingest_sales_dag.py
[2026-02-04T10:38:59.838+0000] {processor.py:840} INFO - DAG(s) 'sales_ingestion_pipeline' retrieved from /opt/airflow/dags/ingest_sales_dag.py
[2026-02-04T10:39:00.088+0000] {logging_mixin.py:188} INFO - [2026-02-04T10:39:00.088+0000] {dag.py:3089} INFO - Sync 1 DAGs
[2026-02-04T10:39:00.106+0000] {logging_mixin.py:188} INFO - [2026-02-04T10:39:00.106+0000] {dag.py:3947} INFO - Setting next_dagrun for sales_ingestion_pipeline to 2026-02-04 10:30:00+00:00, run_after=2026-02-04 10:35:00+00:00
[2026-02-04T10:39:00.132+0000] {processor.py:183} INFO - Processing /opt/airflow/dags/ingest_sales_dag.py took 0.610 seconds
[2026-02-04T10:39:30.664+0000] {processor.py:161} INFO - Started process (PID=279) to work on /opt/airflow/dags/ingest_sales_dag.py
[2026-02-04T10:39:30.665+0000] {processor.py:830} INFO - Processing file /opt/airflow/dags/ingest_sales_dag.py for tasks to queue
[2026-02-04T10:39:30.667+0000] {logging_mixin.py:188} INFO - [2026-02-04T10:39:30.666+0000] {dagbag.py:545} INFO - Filling up the DagBag from /opt/airflow/dags/ingest_sales_dag.py
[2026-02-04T10:39:30.949+0000] {processor.py:840} INFO - DAG(s) 'sales_ingestion_pipeline' retrieved from /opt/airflow/dags/ingest_sales_dag.py
[2026-02-04T10:39:30.975+0000] {logging_mixin.py:188} INFO - [2026-02-04T10:39:30.974+0000] {dag.py:3089} INFO - Sync 1 DAGs
[2026-02-04T10:39:30.996+0000] {logging_mixin.py:188} INFO - [2026-02-04T10:39:30.996+0000] {dag.py:3947} INFO - Setting next_dagrun for sales_ingestion_pipeline to 2026-02-04 10:30:00+00:00, run_after=2026-02-04 10:35:00+00:00
[2026-02-04T10:39:31.030+0000] {processor.py:183} INFO - Processing /opt/airflow/dags/ingest_sales_dag.py took 0.371 seconds
[2026-02-04T10:40:01.150+0000] {processor.py:161} INFO - Started process (PID=283) to work on /opt/airflow/dags/ingest_sales_dag.py
[2026-02-04T10:40:01.151+0000] {processor.py:830} INFO - Processing file /opt/airflow/dags/ingest_sales_dag.py for tasks to queue
[2026-02-04T10:40:01.152+0000] {logging_mixin.py:188} INFO - [2026-02-04T10:40:01.152+0000] {dagbag.py:545} INFO - Filling up the DagBag from /opt/airflow/dags/ingest_sales_dag.py
[2026-02-04T10:40:01.427+0000] {processor.py:840} INFO - DAG(s) 'sales_ingestion_pipeline' retrieved from /opt/airflow/dags/ingest_sales_dag.py
[2026-02-04T10:40:01.460+0000] {logging_mixin.py:188} INFO - [2026-02-04T10:40:01.460+0000] {dag.py:3089} INFO - Sync 1 DAGs
[2026-02-04T10:40:01.663+0000] {logging_mixin.py:188} INFO - [2026-02-04T10:40:01.663+0000] {dag.py:3947} INFO - Setting next_dagrun for sales_ingestion_pipeline to 2026-02-04 10:35:00+00:00, run_after=2026-02-04 10:40:00+00:00
[2026-02-04T10:40:01.684+0000] {processor.py:183} INFO - Processing /opt/airflow/dags/ingest_sales_dag.py took 0.539 seconds
[2026-02-04T10:40:31.794+0000] {processor.py:161} INFO - Started process (PID=287) to work on /opt/airflow/dags/ingest_sales_dag.py
[2026-02-04T10:40:31.795+0000] {processor.py:830} INFO - Processing file /opt/airflow/dags/ingest_sales_dag.py for tasks to queue
[2026-02-04T10:40:31.797+0000] {logging_mixin.py:188} INFO - [2026-02-04T10:40:31.797+0000] {dagbag.py:545} INFO - Filling up the DagBag from /opt/airflow/dags/ingest_sales_dag.py
[2026-02-04T10:40:32.102+0000] {processor.py:840} INFO - DAG(s) 'sales_ingestion_pipeline' retrieved from /opt/airflow/dags/ingest_sales_dag.py
[2026-02-04T10:40:32.131+0000] {logging_mixin.py:188} INFO - [2026-02-04T10:40:32.131+0000] {dag.py:3089} INFO - Sync 1 DAGs
[2026-02-04T10:40:32.155+0000] {logging_mixin.py:188} INFO - [2026-02-04T10:40:32.155+0000] {dag.py:3947} INFO - Setting next_dagrun for sales_ingestion_pipeline to 2026-02-04 10:35:00+00:00, run_after=2026-02-04 10:40:00+00:00
[2026-02-04T10:40:32.177+0000] {processor.py:183} INFO - Processing /opt/airflow/dags/ingest_sales_dag.py took 0.389 seconds
[2026-02-04T10:41:02.374+0000] {processor.py:161} INFO - Started process (PID=291) to work on /opt/airflow/dags/ingest_sales_dag.py
[2026-02-04T10:41:02.375+0000] {processor.py:830} INFO - Processing file /opt/airflow/dags/ingest_sales_dag.py for tasks to queue
[2026-02-04T10:41:02.377+0000] {logging_mixin.py:188} INFO - [2026-02-04T10:41:02.377+0000] {dagbag.py:545} INFO - Filling up the DagBag from /opt/airflow/dags/ingest_sales_dag.py
[2026-02-04T10:41:02.650+0000] {processor.py:840} INFO - DAG(s) 'sales_ingestion_pipeline' retrieved from /opt/airflow/dags/ingest_sales_dag.py
[2026-02-04T10:41:02.673+0000] {logging_mixin.py:188} INFO - [2026-02-04T10:41:02.673+0000] {dag.py:3089} INFO - Sync 1 DAGs
[2026-02-04T10:41:02.692+0000] {logging_mixin.py:188} INFO - [2026-02-04T10:41:02.692+0000] {dag.py:3947} INFO - Setting next_dagrun for sales_ingestion_pipeline to 2026-02-04 10:35:00+00:00, run_after=2026-02-04 10:40:00+00:00
[2026-02-04T10:41:02.712+0000] {processor.py:183} INFO - Processing /opt/airflow/dags/ingest_sales_dag.py took 0.343 seconds
[2026-02-04T10:42:48.490+0000] {processor.py:161} INFO - Started process (PID=27) to work on /opt/airflow/dags/ingest_sales_dag.py
[2026-02-04T10:42:48.492+0000] {processor.py:830} INFO - Processing file /opt/airflow/dags/ingest_sales_dag.py for tasks to queue
[2026-02-04T10:42:48.495+0000] {logging_mixin.py:188} INFO - [2026-02-04T10:42:48.494+0000] {dagbag.py:545} INFO - Filling up the DagBag from /opt/airflow/dags/ingest_sales_dag.py
[2026-02-04T10:42:49.562+0000] {processor.py:840} INFO - DAG(s) 'sales_ingestion_pipeline' retrieved from /opt/airflow/dags/ingest_sales_dag.py
[2026-02-04T10:42:49.596+0000] {logging_mixin.py:188} INFO - [2026-02-04T10:42:49.596+0000] {dag.py:3089} INFO - Sync 1 DAGs
[2026-02-04T10:42:49.618+0000] {logging_mixin.py:188} INFO - [2026-02-04T10:42:49.618+0000] {dag.py:3947} INFO - Setting next_dagrun for sales_ingestion_pipeline to 2026-02-04 10:40:00+00:00, run_after=2026-02-04 10:45:00+00:00
[2026-02-04T10:42:49.641+0000] {processor.py:183} INFO - Processing /opt/airflow/dags/ingest_sales_dag.py took 1.159 seconds
[2026-02-04T10:43:20.109+0000] {processor.py:161} INFO - Started process (PID=51) to work on /opt/airflow/dags/ingest_sales_dag.py
[2026-02-04T10:43:20.111+0000] {processor.py:830} INFO - Processing file /opt/airflow/dags/ingest_sales_dag.py for tasks to queue
[2026-02-04T10:43:20.113+0000] {logging_mixin.py:188} INFO - [2026-02-04T10:43:20.113+0000] {dagbag.py:545} INFO - Filling up the DagBag from /opt/airflow/dags/ingest_sales_dag.py
[2026-02-04T10:43:20.459+0000] {processor.py:840} INFO - DAG(s) 'sales_ingestion_pipeline' retrieved from /opt/airflow/dags/ingest_sales_dag.py
[2026-02-04T10:43:20.485+0000] {logging_mixin.py:188} INFO - [2026-02-04T10:43:20.485+0000] {dag.py:3089} INFO - Sync 1 DAGs
[2026-02-04T10:43:20.507+0000] {logging_mixin.py:188} INFO - [2026-02-04T10:43:20.507+0000] {dag.py:3947} INFO - Setting next_dagrun for sales_ingestion_pipeline to 2026-02-04 10:40:00+00:00, run_after=2026-02-04 10:45:00+00:00
[2026-02-04T10:43:20.528+0000] {processor.py:183} INFO - Processing /opt/airflow/dags/ingest_sales_dag.py took 0.428 seconds
[2026-02-04T10:43:50.710+0000] {processor.py:161} INFO - Started process (PID=55) to work on /opt/airflow/dags/ingest_sales_dag.py
[2026-02-04T10:43:50.711+0000] {processor.py:830} INFO - Processing file /opt/airflow/dags/ingest_sales_dag.py for tasks to queue
[2026-02-04T10:43:50.714+0000] {logging_mixin.py:188} INFO - [2026-02-04T10:43:50.713+0000] {dagbag.py:545} INFO - Filling up the DagBag from /opt/airflow/dags/ingest_sales_dag.py
[2026-02-04T10:43:51.097+0000] {processor.py:840} INFO - DAG(s) 'sales_ingestion_pipeline' retrieved from /opt/airflow/dags/ingest_sales_dag.py
[2026-02-04T10:43:51.122+0000] {logging_mixin.py:188} INFO - [2026-02-04T10:43:51.121+0000] {dag.py:3089} INFO - Sync 1 DAGs
[2026-02-04T10:43:51.143+0000] {logging_mixin.py:188} INFO - [2026-02-04T10:43:51.143+0000] {dag.py:3947} INFO - Setting next_dagrun for sales_ingestion_pipeline to 2026-02-04 10:40:00+00:00, run_after=2026-02-04 10:45:00+00:00
[2026-02-04T10:43:51.164+0000] {processor.py:183} INFO - Processing /opt/airflow/dags/ingest_sales_dag.py took 0.461 seconds
[2026-02-04T10:44:21.344+0000] {processor.py:161} INFO - Started process (PID=89) to work on /opt/airflow/dags/ingest_sales_dag.py
[2026-02-04T10:44:21.346+0000] {processor.py:830} INFO - Processing file /opt/airflow/dags/ingest_sales_dag.py for tasks to queue
[2026-02-04T10:44:21.348+0000] {logging_mixin.py:188} INFO - [2026-02-04T10:44:21.348+0000] {dagbag.py:545} INFO - Filling up the DagBag from /opt/airflow/dags/ingest_sales_dag.py
[2026-02-04T10:44:21.663+0000] {processor.py:840} INFO - DAG(s) 'sales_ingestion_pipeline' retrieved from /opt/airflow/dags/ingest_sales_dag.py
[2026-02-04T10:44:21.690+0000] {logging_mixin.py:188} INFO - [2026-02-04T10:44:21.689+0000] {dag.py:3089} INFO - Sync 1 DAGs
[2026-02-04T10:44:21.711+0000] {logging_mixin.py:188} INFO - [2026-02-04T10:44:21.711+0000] {dag.py:3947} INFO - Setting next_dagrun for sales_ingestion_pipeline to 2026-02-04 10:40:00+00:00, run_after=2026-02-04 10:45:00+00:00
[2026-02-04T10:44:21.734+0000] {processor.py:183} INFO - Processing /opt/airflow/dags/ingest_sales_dag.py took 0.396 seconds
[2026-02-04T10:44:52.034+0000] {processor.py:161} INFO - Started process (PID=93) to work on /opt/airflow/dags/ingest_sales_dag.py
[2026-02-04T10:44:52.035+0000] {processor.py:830} INFO - Processing file /opt/airflow/dags/ingest_sales_dag.py for tasks to queue
[2026-02-04T10:44:52.037+0000] {logging_mixin.py:188} INFO - [2026-02-04T10:44:52.036+0000] {dagbag.py:545} INFO - Filling up the DagBag from /opt/airflow/dags/ingest_sales_dag.py
[2026-02-04T10:44:52.372+0000] {processor.py:840} INFO - DAG(s) 'sales_ingestion_pipeline' retrieved from /opt/airflow/dags/ingest_sales_dag.py
[2026-02-04T10:44:52.396+0000] {logging_mixin.py:188} INFO - [2026-02-04T10:44:52.396+0000] {dag.py:3089} INFO - Sync 1 DAGs
[2026-02-04T10:44:52.425+0000] {logging_mixin.py:188} INFO - [2026-02-04T10:44:52.425+0000] {dag.py:3947} INFO - Setting next_dagrun for sales_ingestion_pipeline to 2026-02-04 10:40:00+00:00, run_after=2026-02-04 10:45:00+00:00
[2026-02-04T10:44:52.448+0000] {processor.py:183} INFO - Processing /opt/airflow/dags/ingest_sales_dag.py took 0.418 seconds
[2026-02-04T10:45:22.556+0000] {processor.py:161} INFO - Started process (PID=126) to work on /opt/airflow/dags/ingest_sales_dag.py
[2026-02-04T10:45:22.557+0000] {processor.py:830} INFO - Processing file /opt/airflow/dags/ingest_sales_dag.py for tasks to queue
[2026-02-04T10:45:22.558+0000] {logging_mixin.py:188} INFO - [2026-02-04T10:45:22.558+0000] {dagbag.py:545} INFO - Filling up the DagBag from /opt/airflow/dags/ingest_sales_dag.py
[2026-02-04T10:45:22.826+0000] {processor.py:840} INFO - DAG(s) 'sales_ingestion_pipeline' retrieved from /opt/airflow/dags/ingest_sales_dag.py
[2026-02-04T10:45:22.852+0000] {logging_mixin.py:188} INFO - [2026-02-04T10:45:22.851+0000] {dag.py:3089} INFO - Sync 1 DAGs
[2026-02-04T10:45:22.875+0000] {logging_mixin.py:188} INFO - [2026-02-04T10:45:22.875+0000] {dag.py:3947} INFO - Setting next_dagrun for sales_ingestion_pipeline to 2026-02-04 10:45:00+00:00, run_after=2026-02-04 10:50:00+00:00
[2026-02-04T10:45:22.907+0000] {processor.py:183} INFO - Processing /opt/airflow/dags/ingest_sales_dag.py took 0.356 seconds
[2026-02-04T10:45:53.089+0000] {processor.py:161} INFO - Started process (PID=130) to work on /opt/airflow/dags/ingest_sales_dag.py
[2026-02-04T10:45:53.091+0000] {processor.py:830} INFO - Processing file /opt/airflow/dags/ingest_sales_dag.py for tasks to queue
[2026-02-04T10:45:53.093+0000] {logging_mixin.py:188} INFO - [2026-02-04T10:45:53.092+0000] {dagbag.py:545} INFO - Filling up the DagBag from /opt/airflow/dags/ingest_sales_dag.py
[2026-02-04T10:45:53.397+0000] {processor.py:840} INFO - DAG(s) 'sales_ingestion_pipeline' retrieved from /opt/airflow/dags/ingest_sales_dag.py
[2026-02-04T10:45:53.421+0000] {logging_mixin.py:188} INFO - [2026-02-04T10:45:53.420+0000] {dag.py:3089} INFO - Sync 1 DAGs
[2026-02-04T10:45:53.442+0000] {logging_mixin.py:188} INFO - [2026-02-04T10:45:53.442+0000] {dag.py:3947} INFO - Setting next_dagrun for sales_ingestion_pipeline to 2026-02-04 10:45:00+00:00, run_after=2026-02-04 10:50:00+00:00
[2026-02-04T10:45:53.462+0000] {processor.py:183} INFO - Processing /opt/airflow/dags/ingest_sales_dag.py took 0.378 seconds
[2026-02-04T10:46:23.570+0000] {processor.py:161} INFO - Started process (PID=145) to work on /opt/airflow/dags/ingest_sales_dag.py
[2026-02-04T10:46:23.571+0000] {processor.py:830} INFO - Processing file /opt/airflow/dags/ingest_sales_dag.py for tasks to queue
[2026-02-04T10:46:23.573+0000] {logging_mixin.py:188} INFO - [2026-02-04T10:46:23.573+0000] {dagbag.py:545} INFO - Filling up the DagBag from /opt/airflow/dags/ingest_sales_dag.py
[2026-02-04T10:46:23.882+0000] {processor.py:840} INFO - DAG(s) 'sales_ingestion_pipeline' retrieved from /opt/airflow/dags/ingest_sales_dag.py
[2026-02-04T10:46:23.904+0000] {logging_mixin.py:188} INFO - [2026-02-04T10:46:23.904+0000] {dag.py:3089} INFO - Sync 1 DAGs
[2026-02-04T10:46:23.924+0000] {logging_mixin.py:188} INFO - [2026-02-04T10:46:23.924+0000] {dag.py:3947} INFO - Setting next_dagrun for sales_ingestion_pipeline to 2026-02-04 10:45:00+00:00, run_after=2026-02-04 10:50:00+00:00
[2026-02-04T10:46:23.948+0000] {processor.py:183} INFO - Processing /opt/airflow/dags/ingest_sales_dag.py took 0.383 seconds
[2026-02-04T10:46:54.084+0000] {processor.py:161} INFO - Started process (PID=178) to work on /opt/airflow/dags/ingest_sales_dag.py
[2026-02-04T10:46:54.085+0000] {processor.py:830} INFO - Processing file /opt/airflow/dags/ingest_sales_dag.py for tasks to queue
[2026-02-04T10:46:54.087+0000] {logging_mixin.py:188} INFO - [2026-02-04T10:46:54.087+0000] {dagbag.py:545} INFO - Filling up the DagBag from /opt/airflow/dags/ingest_sales_dag.py
[2026-02-04T10:46:54.459+0000] {processor.py:840} INFO - DAG(s) 'sales_ingestion_pipeline' retrieved from /opt/airflow/dags/ingest_sales_dag.py
[2026-02-04T10:46:54.481+0000] {logging_mixin.py:188} INFO - [2026-02-04T10:46:54.480+0000] {dag.py:3089} INFO - Sync 1 DAGs
[2026-02-04T10:46:54.503+0000] {logging_mixin.py:188} INFO - [2026-02-04T10:46:54.503+0000] {dag.py:3947} INFO - Setting next_dagrun for sales_ingestion_pipeline to 2026-02-04 10:45:00+00:00, run_after=2026-02-04 10:50:00+00:00
[2026-02-04T10:46:54.680+0000] {processor.py:183} INFO - Processing /opt/airflow/dags/ingest_sales_dag.py took 0.601 seconds
[2026-02-04T10:47:24.784+0000] {processor.py:161} INFO - Started process (PID=182) to work on /opt/airflow/dags/ingest_sales_dag.py
[2026-02-04T10:47:24.785+0000] {processor.py:830} INFO - Processing file /opt/airflow/dags/ingest_sales_dag.py for tasks to queue
[2026-02-04T10:47:24.787+0000] {logging_mixin.py:188} INFO - [2026-02-04T10:47:24.787+0000] {dagbag.py:545} INFO - Filling up the DagBag from /opt/airflow/dags/ingest_sales_dag.py
[2026-02-04T10:47:25.136+0000] {processor.py:840} INFO - DAG(s) 'sales_ingestion_pipeline' retrieved from /opt/airflow/dags/ingest_sales_dag.py
[2026-02-04T10:47:25.162+0000] {logging_mixin.py:188} INFO - [2026-02-04T10:47:25.161+0000] {dag.py:3089} INFO - Sync 1 DAGs
[2026-02-04T10:47:25.194+0000] {logging_mixin.py:188} INFO - [2026-02-04T10:47:25.194+0000] {dag.py:3947} INFO - Setting next_dagrun for sales_ingestion_pipeline to 2026-02-04 10:45:00+00:00, run_after=2026-02-04 10:50:00+00:00
[2026-02-04T10:47:25.228+0000] {processor.py:183} INFO - Processing /opt/airflow/dags/ingest_sales_dag.py took 0.450 seconds
[2026-02-04T10:47:55.329+0000] {processor.py:161} INFO - Started process (PID=186) to work on /opt/airflow/dags/ingest_sales_dag.py
[2026-02-04T10:47:55.330+0000] {processor.py:830} INFO - Processing file /opt/airflow/dags/ingest_sales_dag.py for tasks to queue
[2026-02-04T10:47:55.332+0000] {logging_mixin.py:188} INFO - [2026-02-04T10:47:55.332+0000] {dagbag.py:545} INFO - Filling up the DagBag from /opt/airflow/dags/ingest_sales_dag.py
[2026-02-04T10:47:55.594+0000] {processor.py:840} INFO - DAG(s) 'sales_ingestion_pipeline' retrieved from /opt/airflow/dags/ingest_sales_dag.py
[2026-02-04T10:47:55.616+0000] {logging_mixin.py:188} INFO - [2026-02-04T10:47:55.616+0000] {dag.py:3089} INFO - Sync 1 DAGs
[2026-02-04T10:47:55.634+0000] {logging_mixin.py:188} INFO - [2026-02-04T10:47:55.634+0000] {dag.py:3947} INFO - Setting next_dagrun for sales_ingestion_pipeline to 2026-02-04 10:45:00+00:00, run_after=2026-02-04 10:50:00+00:00
[2026-02-04T10:47:55.654+0000] {processor.py:183} INFO - Processing /opt/airflow/dags/ingest_sales_dag.py took 0.330 seconds
[2026-02-04T10:48:25.813+0000] {processor.py:161} INFO - Started process (PID=190) to work on /opt/airflow/dags/ingest_sales_dag.py
[2026-02-04T10:48:25.814+0000] {processor.py:830} INFO - Processing file /opt/airflow/dags/ingest_sales_dag.py for tasks to queue
[2026-02-04T10:48:25.816+0000] {logging_mixin.py:188} INFO - [2026-02-04T10:48:25.816+0000] {dagbag.py:545} INFO - Filling up the DagBag from /opt/airflow/dags/ingest_sales_dag.py
[2026-02-04T10:48:26.116+0000] {processor.py:840} INFO - DAG(s) 'sales_ingestion_pipeline' retrieved from /opt/airflow/dags/ingest_sales_dag.py
[2026-02-04T10:48:26.138+0000] {logging_mixin.py:188} INFO - [2026-02-04T10:48:26.137+0000] {dag.py:3089} INFO - Sync 1 DAGs
[2026-02-04T10:48:26.159+0000] {logging_mixin.py:188} INFO - [2026-02-04T10:48:26.158+0000] {dag.py:3947} INFO - Setting next_dagrun for sales_ingestion_pipeline to 2026-02-04 10:45:00+00:00, run_after=2026-02-04 10:50:00+00:00
[2026-02-04T10:48:26.178+0000] {processor.py:183} INFO - Processing /opt/airflow/dags/ingest_sales_dag.py took 0.371 seconds
[2026-02-04T10:48:56.317+0000] {processor.py:161} INFO - Started process (PID=194) to work on /opt/airflow/dags/ingest_sales_dag.py
[2026-02-04T10:48:56.318+0000] {processor.py:830} INFO - Processing file /opt/airflow/dags/ingest_sales_dag.py for tasks to queue
[2026-02-04T10:48:56.320+0000] {logging_mixin.py:188} INFO - [2026-02-04T10:48:56.319+0000] {dagbag.py:545} INFO - Filling up the DagBag from /opt/airflow/dags/ingest_sales_dag.py
[2026-02-04T10:48:56.581+0000] {processor.py:840} INFO - DAG(s) 'sales_ingestion_pipeline' retrieved from /opt/airflow/dags/ingest_sales_dag.py
[2026-02-04T10:48:56.606+0000] {logging_mixin.py:188} INFO - [2026-02-04T10:48:56.606+0000] {dag.py:3089} INFO - Sync 1 DAGs
[2026-02-04T10:48:56.633+0000] {logging_mixin.py:188} INFO - [2026-02-04T10:48:56.632+0000] {dag.py:3947} INFO - Setting next_dagrun for sales_ingestion_pipeline to 2026-02-04 10:45:00+00:00, run_after=2026-02-04 10:50:00+00:00
[2026-02-04T10:48:56.666+0000] {processor.py:183} INFO - Processing /opt/airflow/dags/ingest_sales_dag.py took 0.354 seconds
[2026-02-04T10:49:26.845+0000] {processor.py:161} INFO - Started process (PID=198) to work on /opt/airflow/dags/ingest_sales_dag.py
[2026-02-04T10:49:26.846+0000] {processor.py:830} INFO - Processing file /opt/airflow/dags/ingest_sales_dag.py for tasks to queue
[2026-02-04T10:49:26.847+0000] {logging_mixin.py:188} INFO - [2026-02-04T10:49:26.847+0000] {dagbag.py:545} INFO - Filling up the DagBag from /opt/airflow/dags/ingest_sales_dag.py
[2026-02-04T10:49:27.111+0000] {processor.py:840} INFO - DAG(s) 'sales_ingestion_pipeline' retrieved from /opt/airflow/dags/ingest_sales_dag.py
[2026-02-04T10:49:27.136+0000] {logging_mixin.py:188} INFO - [2026-02-04T10:49:27.135+0000] {dag.py:3089} INFO - Sync 1 DAGs
[2026-02-04T10:49:27.156+0000] {logging_mixin.py:188} INFO - [2026-02-04T10:49:27.155+0000] {dag.py:3947} INFO - Setting next_dagrun for sales_ingestion_pipeline to 2026-02-04 10:45:00+00:00, run_after=2026-02-04 10:50:00+00:00
[2026-02-04T10:49:27.188+0000] {processor.py:183} INFO - Processing /opt/airflow/dags/ingest_sales_dag.py took 0.347 seconds
[2026-02-04T10:49:57.388+0000] {processor.py:161} INFO - Started process (PID=202) to work on /opt/airflow/dags/ingest_sales_dag.py
[2026-02-04T10:49:57.389+0000] {processor.py:830} INFO - Processing file /opt/airflow/dags/ingest_sales_dag.py for tasks to queue
[2026-02-04T10:49:57.391+0000] {logging_mixin.py:188} INFO - [2026-02-04T10:49:57.390+0000] {dagbag.py:545} INFO - Filling up the DagBag from /opt/airflow/dags/ingest_sales_dag.py
[2026-02-04T10:49:57.663+0000] {processor.py:840} INFO - DAG(s) 'sales_ingestion_pipeline' retrieved from /opt/airflow/dags/ingest_sales_dag.py
[2026-02-04T10:49:57.685+0000] {logging_mixin.py:188} INFO - [2026-02-04T10:49:57.685+0000] {dag.py:3089} INFO - Sync 1 DAGs
[2026-02-04T10:49:57.704+0000] {logging_mixin.py:188} INFO - [2026-02-04T10:49:57.704+0000] {dag.py:3947} INFO - Setting next_dagrun for sales_ingestion_pipeline to 2026-02-04 10:45:00+00:00, run_after=2026-02-04 10:50:00+00:00
[2026-02-04T10:49:57.853+0000] {processor.py:183} INFO - Processing /opt/airflow/dags/ingest_sales_dag.py took 0.470 seconds
[2026-02-04T10:50:27.952+0000] {processor.py:161} INFO - Started process (PID=206) to work on /opt/airflow/dags/ingest_sales_dag.py
[2026-02-04T10:50:27.953+0000] {processor.py:830} INFO - Processing file /opt/airflow/dags/ingest_sales_dag.py for tasks to queue
[2026-02-04T10:50:27.955+0000] {logging_mixin.py:188} INFO - [2026-02-04T10:50:27.954+0000] {dagbag.py:545} INFO - Filling up the DagBag from /opt/airflow/dags/ingest_sales_dag.py
[2026-02-04T10:50:28.212+0000] {processor.py:840} INFO - DAG(s) 'sales_ingestion_pipeline' retrieved from /opt/airflow/dags/ingest_sales_dag.py
[2026-02-04T10:50:28.234+0000] {logging_mixin.py:188} INFO - [2026-02-04T10:50:28.233+0000] {dag.py:3089} INFO - Sync 1 DAGs
[2026-02-04T10:50:28.254+0000] {logging_mixin.py:188} INFO - [2026-02-04T10:50:28.254+0000] {dag.py:3947} INFO - Setting next_dagrun for sales_ingestion_pipeline to 2026-02-04 10:45:00+00:00, run_after=2026-02-04 10:50:00+00:00
[2026-02-04T10:50:28.276+0000] {processor.py:183} INFO - Processing /opt/airflow/dags/ingest_sales_dag.py took 0.328 seconds
[2026-02-04T10:50:58.466+0000] {processor.py:161} INFO - Started process (PID=210) to work on /opt/airflow/dags/ingest_sales_dag.py
[2026-02-04T10:50:58.467+0000] {processor.py:830} INFO - Processing file /opt/airflow/dags/ingest_sales_dag.py for tasks to queue
[2026-02-04T10:50:58.471+0000] {logging_mixin.py:188} INFO - [2026-02-04T10:50:58.471+0000] {dagbag.py:545} INFO - Filling up the DagBag from /opt/airflow/dags/ingest_sales_dag.py
[2026-02-04T10:50:58.783+0000] {processor.py:840} INFO - DAG(s) 'sales_ingestion_pipeline' retrieved from /opt/airflow/dags/ingest_sales_dag.py
[2026-02-04T10:50:58.806+0000] {logging_mixin.py:188} INFO - [2026-02-04T10:50:58.805+0000] {dag.py:3089} INFO - Sync 1 DAGs
[2026-02-04T10:50:58.827+0000] {logging_mixin.py:188} INFO - [2026-02-04T10:50:58.827+0000] {dag.py:3947} INFO - Setting next_dagrun for sales_ingestion_pipeline to 2026-02-04 10:45:00+00:00, run_after=2026-02-04 10:50:00+00:00
[2026-02-04T10:50:58.863+0000] {processor.py:183} INFO - Processing /opt/airflow/dags/ingest_sales_dag.py took 0.404 seconds
[2026-02-04T10:51:29.015+0000] {processor.py:161} INFO - Started process (PID=214) to work on /opt/airflow/dags/ingest_sales_dag.py
[2026-02-04T10:51:29.016+0000] {processor.py:830} INFO - Processing file /opt/airflow/dags/ingest_sales_dag.py for tasks to queue
[2026-02-04T10:51:29.018+0000] {logging_mixin.py:188} INFO - [2026-02-04T10:51:29.017+0000] {dagbag.py:545} INFO - Filling up the DagBag from /opt/airflow/dags/ingest_sales_dag.py
[2026-02-04T10:51:29.275+0000] {processor.py:840} INFO - DAG(s) 'sales_ingestion_pipeline' retrieved from /opt/airflow/dags/ingest_sales_dag.py
[2026-02-04T10:51:29.297+0000] {logging_mixin.py:188} INFO - [2026-02-04T10:51:29.297+0000] {dag.py:3089} INFO - Sync 1 DAGs
[2026-02-04T10:51:29.315+0000] {logging_mixin.py:188} INFO - [2026-02-04T10:51:29.315+0000] {dag.py:3947} INFO - Setting next_dagrun for sales_ingestion_pipeline to 2026-02-04 10:45:00+00:00, run_after=2026-02-04 10:50:00+00:00
[2026-02-04T10:51:29.349+0000] {processor.py:183} INFO - Processing /opt/airflow/dags/ingest_sales_dag.py took 0.340 seconds
[2026-02-04T10:51:59.566+0000] {processor.py:161} INFO - Started process (PID=218) to work on /opt/airflow/dags/ingest_sales_dag.py
[2026-02-04T10:51:59.567+0000] {processor.py:830} INFO - Processing file /opt/airflow/dags/ingest_sales_dag.py for tasks to queue
[2026-02-04T10:51:59.569+0000] {logging_mixin.py:188} INFO - [2026-02-04T10:51:59.568+0000] {dagbag.py:545} INFO - Filling up the DagBag from /opt/airflow/dags/ingest_sales_dag.py
[2026-02-04T10:51:59.832+0000] {processor.py:840} INFO - DAG(s) 'sales_ingestion_pipeline' retrieved from /opt/airflow/dags/ingest_sales_dag.py
[2026-02-04T10:51:59.854+0000] {logging_mixin.py:188} INFO - [2026-02-04T10:51:59.853+0000] {dag.py:3089} INFO - Sync 1 DAGs
[2026-02-04T10:51:59.873+0000] {logging_mixin.py:188} INFO - [2026-02-04T10:51:59.872+0000] {dag.py:3947} INFO - Setting next_dagrun for sales_ingestion_pipeline to 2026-02-04 10:45:00+00:00, run_after=2026-02-04 10:50:00+00:00
[2026-02-04T10:51:59.903+0000] {processor.py:183} INFO - Processing /opt/airflow/dags/ingest_sales_dag.py took 0.343 seconds
[2026-02-04T10:52:30.201+0000] {processor.py:161} INFO - Started process (PID=222) to work on /opt/airflow/dags/ingest_sales_dag.py
[2026-02-04T10:52:30.202+0000] {processor.py:830} INFO - Processing file /opt/airflow/dags/ingest_sales_dag.py for tasks to queue
[2026-02-04T10:52:30.204+0000] {logging_mixin.py:188} INFO - [2026-02-04T10:52:30.204+0000] {dagbag.py:545} INFO - Filling up the DagBag from /opt/airflow/dags/ingest_sales_dag.py
[2026-02-04T10:52:30.481+0000] {processor.py:840} INFO - DAG(s) 'sales_ingestion_pipeline' retrieved from /opt/airflow/dags/ingest_sales_dag.py
[2026-02-04T10:52:30.502+0000] {logging_mixin.py:188} INFO - [2026-02-04T10:52:30.502+0000] {dag.py:3089} INFO - Sync 1 DAGs
[2026-02-04T10:52:30.525+0000] {logging_mixin.py:188} INFO - [2026-02-04T10:52:30.525+0000] {dag.py:3947} INFO - Setting next_dagrun for sales_ingestion_pipeline to 2026-02-04 10:45:00+00:00, run_after=2026-02-04 10:50:00+00:00
[2026-02-04T10:52:30.561+0000] {processor.py:183} INFO - Processing /opt/airflow/dags/ingest_sales_dag.py took 0.365 seconds
[2026-02-04T10:53:00.666+0000] {processor.py:161} INFO - Started process (PID=226) to work on /opt/airflow/dags/ingest_sales_dag.py
[2026-02-04T10:53:00.667+0000] {processor.py:830} INFO - Processing file /opt/airflow/dags/ingest_sales_dag.py for tasks to queue
[2026-02-04T10:53:00.669+0000] {logging_mixin.py:188} INFO - [2026-02-04T10:53:00.669+0000] {dagbag.py:545} INFO - Filling up the DagBag from /opt/airflow/dags/ingest_sales_dag.py
[2026-02-04T10:53:00.993+0000] {processor.py:840} INFO - DAG(s) 'sales_ingestion_pipeline' retrieved from /opt/airflow/dags/ingest_sales_dag.py
[2026-02-04T10:53:01.021+0000] {logging_mixin.py:188} INFO - [2026-02-04T10:53:01.020+0000] {dag.py:3089} INFO - Sync 1 DAGs
[2026-02-04T10:53:01.043+0000] {logging_mixin.py:188} INFO - [2026-02-04T10:53:01.043+0000] {dag.py:3947} INFO - Setting next_dagrun for sales_ingestion_pipeline to 2026-02-04 10:45:00+00:00, run_after=2026-02-04 10:50:00+00:00
[2026-02-04T10:53:01.076+0000] {processor.py:183} INFO - Processing /opt/airflow/dags/ingest_sales_dag.py took 0.416 seconds
[2026-02-04T10:53:31.164+0000] {processor.py:161} INFO - Started process (PID=230) to work on /opt/airflow/dags/ingest_sales_dag.py
[2026-02-04T10:53:31.165+0000] {processor.py:830} INFO - Processing file /opt/airflow/dags/ingest_sales_dag.py for tasks to queue
[2026-02-04T10:53:31.167+0000] {logging_mixin.py:188} INFO - [2026-02-04T10:53:31.167+0000] {dagbag.py:545} INFO - Filling up the DagBag from /opt/airflow/dags/ingest_sales_dag.py
[2026-02-04T10:53:31.441+0000] {processor.py:840} INFO - DAG(s) 'sales_ingestion_pipeline' retrieved from /opt/airflow/dags/ingest_sales_dag.py
[2026-02-04T10:53:31.469+0000] {logging_mixin.py:188} INFO - [2026-02-04T10:53:31.469+0000] {dag.py:3089} INFO - Sync 1 DAGs
[2026-02-04T10:53:31.493+0000] {logging_mixin.py:188} INFO - [2026-02-04T10:53:31.493+0000] {dag.py:3947} INFO - Setting next_dagrun for sales_ingestion_pipeline to 2026-02-04 10:45:00+00:00, run_after=2026-02-04 10:50:00+00:00
[2026-02-04T10:53:31.518+0000] {processor.py:183} INFO - Processing /opt/airflow/dags/ingest_sales_dag.py took 0.360 seconds
[2026-02-04T10:54:01.889+0000] {processor.py:161} INFO - Started process (PID=234) to work on /opt/airflow/dags/ingest_sales_dag.py
[2026-02-04T10:54:01.890+0000] {processor.py:830} INFO - Processing file /opt/airflow/dags/ingest_sales_dag.py for tasks to queue
[2026-02-04T10:54:01.892+0000] {logging_mixin.py:188} INFO - [2026-02-04T10:54:01.891+0000] {dagbag.py:545} INFO - Filling up the DagBag from /opt/airflow/dags/ingest_sales_dag.py
[2026-02-04T10:54:02.150+0000] {processor.py:840} INFO - DAG(s) 'sales_ingestion_pipeline' retrieved from /opt/airflow/dags/ingest_sales_dag.py
[2026-02-04T10:54:02.175+0000] {logging_mixin.py:188} INFO - [2026-02-04T10:54:02.174+0000] {dag.py:3089} INFO - Sync 1 DAGs
[2026-02-04T10:54:02.199+0000] {logging_mixin.py:188} INFO - [2026-02-04T10:54:02.199+0000] {dag.py:3947} INFO - Setting next_dagrun for sales_ingestion_pipeline to 2026-02-04 10:45:00+00:00, run_after=2026-02-04 10:50:00+00:00
[2026-02-04T10:54:02.220+0000] {processor.py:183} INFO - Processing /opt/airflow/dags/ingest_sales_dag.py took 0.336 seconds
[2026-02-04T10:54:32.297+0000] {processor.py:161} INFO - Started process (PID=238) to work on /opt/airflow/dags/ingest_sales_dag.py
[2026-02-04T10:54:32.298+0000] {processor.py:830} INFO - Processing file /opt/airflow/dags/ingest_sales_dag.py for tasks to queue
[2026-02-04T10:54:32.300+0000] {logging_mixin.py:188} INFO - [2026-02-04T10:54:32.299+0000] {dagbag.py:545} INFO - Filling up the DagBag from /opt/airflow/dags/ingest_sales_dag.py
[2026-02-04T10:54:32.569+0000] {processor.py:840} INFO - DAG(s) 'sales_ingestion_pipeline' retrieved from /opt/airflow/dags/ingest_sales_dag.py
[2026-02-04T10:54:32.592+0000] {logging_mixin.py:188} INFO - [2026-02-04T10:54:32.592+0000] {dag.py:3089} INFO - Sync 1 DAGs
[2026-02-04T10:54:32.614+0000] {logging_mixin.py:188} INFO - [2026-02-04T10:54:32.613+0000] {dag.py:3947} INFO - Setting next_dagrun for sales_ingestion_pipeline to 2026-02-04 10:45:00+00:00, run_after=2026-02-04 10:50:00+00:00
[2026-02-04T10:54:32.645+0000] {processor.py:183} INFO - Processing /opt/airflow/dags/ingest_sales_dag.py took 0.352 seconds
[2026-02-04T10:55:02.817+0000] {processor.py:161} INFO - Started process (PID=242) to work on /opt/airflow/dags/ingest_sales_dag.py
[2026-02-04T10:55:02.818+0000] {processor.py:830} INFO - Processing file /opt/airflow/dags/ingest_sales_dag.py for tasks to queue
[2026-02-04T10:55:02.820+0000] {logging_mixin.py:188} INFO - [2026-02-04T10:55:02.820+0000] {dagbag.py:545} INFO - Filling up the DagBag from /opt/airflow/dags/ingest_sales_dag.py
[2026-02-04T10:55:03.108+0000] {processor.py:840} INFO - DAG(s) 'sales_ingestion_pipeline' retrieved from /opt/airflow/dags/ingest_sales_dag.py
[2026-02-04T10:55:03.130+0000] {logging_mixin.py:188} INFO - [2026-02-04T10:55:03.130+0000] {dag.py:3089} INFO - Sync 1 DAGs
[2026-02-04T10:55:03.152+0000] {logging_mixin.py:188} INFO - [2026-02-04T10:55:03.151+0000] {dag.py:3947} INFO - Setting next_dagrun for sales_ingestion_pipeline to 2026-02-04 10:50:00+00:00, run_after=2026-02-04 10:55:00+00:00
[2026-02-04T10:55:03.175+0000] {processor.py:183} INFO - Processing /opt/airflow/dags/ingest_sales_dag.py took 0.362 seconds
[2026-02-04T10:55:33.346+0000] {processor.py:161} INFO - Started process (PID=246) to work on /opt/airflow/dags/ingest_sales_dag.py
[2026-02-04T10:55:33.347+0000] {processor.py:830} INFO - Processing file /opt/airflow/dags/ingest_sales_dag.py for tasks to queue
[2026-02-04T10:55:33.349+0000] {logging_mixin.py:188} INFO - [2026-02-04T10:55:33.348+0000] {dagbag.py:545} INFO - Filling up the DagBag from /opt/airflow/dags/ingest_sales_dag.py
[2026-02-04T10:55:33.624+0000] {processor.py:840} INFO - DAG(s) 'sales_ingestion_pipeline' retrieved from /opt/airflow/dags/ingest_sales_dag.py
[2026-02-04T10:55:33.647+0000] {logging_mixin.py:188} INFO - [2026-02-04T10:55:33.646+0000] {dag.py:3089} INFO - Sync 1 DAGs
[2026-02-04T10:55:33.667+0000] {logging_mixin.py:188} INFO - [2026-02-04T10:55:33.666+0000] {dag.py:3947} INFO - Setting next_dagrun for sales_ingestion_pipeline to 2026-02-04 10:50:00+00:00, run_after=2026-02-04 10:55:00+00:00
[2026-02-04T10:55:33.830+0000] {processor.py:183} INFO - Processing /opt/airflow/dags/ingest_sales_dag.py took 0.489 seconds
[2026-02-04T10:56:04.014+0000] {processor.py:161} INFO - Started process (PID=250) to work on /opt/airflow/dags/ingest_sales_dag.py
[2026-02-04T10:56:04.015+0000] {processor.py:830} INFO - Processing file /opt/airflow/dags/ingest_sales_dag.py for tasks to queue
[2026-02-04T10:56:04.016+0000] {logging_mixin.py:188} INFO - [2026-02-04T10:56:04.016+0000] {dagbag.py:545} INFO - Filling up the DagBag from /opt/airflow/dags/ingest_sales_dag.py
[2026-02-04T10:56:04.287+0000] {processor.py:840} INFO - DAG(s) 'sales_ingestion_pipeline' retrieved from /opt/airflow/dags/ingest_sales_dag.py
[2026-02-04T10:56:04.322+0000] {logging_mixin.py:188} INFO - [2026-02-04T10:56:04.321+0000] {dag.py:3089} INFO - Sync 1 DAGs
[2026-02-04T10:56:04.533+0000] {logging_mixin.py:188} INFO - [2026-02-04T10:56:04.533+0000] {dag.py:3947} INFO - Setting next_dagrun for sales_ingestion_pipeline to 2026-02-04 10:50:00+00:00, run_after=2026-02-04 10:55:00+00:00
[2026-02-04T10:56:04.577+0000] {processor.py:183} INFO - Processing /opt/airflow/dags/ingest_sales_dag.py took 0.571 seconds
[2026-02-04T10:56:34.650+0000] {processor.py:161} INFO - Started process (PID=254) to work on /opt/airflow/dags/ingest_sales_dag.py
[2026-02-04T10:56:34.651+0000] {processor.py:830} INFO - Processing file /opt/airflow/dags/ingest_sales_dag.py for tasks to queue
[2026-02-04T10:56:34.653+0000] {logging_mixin.py:188} INFO - [2026-02-04T10:56:34.653+0000] {dagbag.py:545} INFO - Filling up the DagBag from /opt/airflow/dags/ingest_sales_dag.py
[2026-02-04T10:56:34.947+0000] {processor.py:840} INFO - DAG(s) 'sales_ingestion_pipeline' retrieved from /opt/airflow/dags/ingest_sales_dag.py
[2026-02-04T10:56:34.972+0000] {logging_mixin.py:188} INFO - [2026-02-04T10:56:34.971+0000] {dag.py:3089} INFO - Sync 1 DAGs
[2026-02-04T10:56:34.996+0000] {logging_mixin.py:188} INFO - [2026-02-04T10:56:34.996+0000] {dag.py:3947} INFO - Setting next_dagrun for sales_ingestion_pipeline to 2026-02-04 10:50:00+00:00, run_after=2026-02-04 10:55:00+00:00
[2026-02-04T10:56:35.018+0000] {processor.py:183} INFO - Processing /opt/airflow/dags/ingest_sales_dag.py took 0.375 seconds
[2026-02-04T10:57:05.143+0000] {processor.py:161} INFO - Started process (PID=258) to work on /opt/airflow/dags/ingest_sales_dag.py
[2026-02-04T10:57:05.144+0000] {processor.py:830} INFO - Processing file /opt/airflow/dags/ingest_sales_dag.py for tasks to queue
[2026-02-04T10:57:05.146+0000] {logging_mixin.py:188} INFO - [2026-02-04T10:57:05.146+0000] {dagbag.py:545} INFO - Filling up the DagBag from /opt/airflow/dags/ingest_sales_dag.py
[2026-02-04T10:57:05.440+0000] {processor.py:840} INFO - DAG(s) 'sales_ingestion_pipeline' retrieved from /opt/airflow/dags/ingest_sales_dag.py
[2026-02-04T10:57:05.465+0000] {logging_mixin.py:188} INFO - [2026-02-04T10:57:05.465+0000] {dag.py:3089} INFO - Sync 1 DAGs
[2026-02-04T10:57:05.485+0000] {logging_mixin.py:188} INFO - [2026-02-04T10:57:05.485+0000] {dag.py:3947} INFO - Setting next_dagrun for sales_ingestion_pipeline to 2026-02-04 10:50:00+00:00, run_after=2026-02-04 10:55:00+00:00
[2026-02-04T10:57:05.516+0000] {processor.py:183} INFO - Processing /opt/airflow/dags/ingest_sales_dag.py took 0.378 seconds
