[2026-02-04T09:58:17.989+0000] {processor.py:161} INFO - Started process (PID=26) to work on /opt/airflow/dags/star_schema_dag.py
[2026-02-04T09:58:17.992+0000] {processor.py:830} INFO - Processing file /opt/airflow/dags/star_schema_dag.py for tasks to queue
[2026-02-04T09:58:17.997+0000] {logging_mixin.py:188} INFO - [2026-02-04T09:58:17.996+0000] {dagbag.py:545} INFO - Filling up the DagBag from /opt/airflow/dags/star_schema_dag.py
[2026-02-04T09:58:18.051+0000] {processor.py:840} INFO - DAG(s) 'star_schema_pipeline' retrieved from /opt/airflow/dags/star_schema_dag.py
[2026-02-04T09:58:18.149+0000] {logging_mixin.py:188} INFO - [2026-02-04T09:58:18.149+0000] {dag.py:3089} INFO - Sync 1 DAGs
[2026-02-04T09:58:18.183+0000] {logging_mixin.py:188} INFO - [2026-02-04T09:58:18.183+0000] {dag.py:3947} INFO - Setting next_dagrun for star_schema_pipeline to None, run_after=None
[2026-02-04T09:58:18.220+0000] {processor.py:183} INFO - Processing /opt/airflow/dags/star_schema_dag.py took 0.244 seconds
[2026-02-04T09:58:48.601+0000] {processor.py:161} INFO - Started process (PID=30) to work on /opt/airflow/dags/star_schema_dag.py
[2026-02-04T09:58:48.602+0000] {processor.py:830} INFO - Processing file /opt/airflow/dags/star_schema_dag.py for tasks to queue
[2026-02-04T09:58:48.604+0000] {logging_mixin.py:188} INFO - [2026-02-04T09:58:48.604+0000] {dagbag.py:545} INFO - Filling up the DagBag from /opt/airflow/dags/star_schema_dag.py
[2026-02-04T09:58:48.625+0000] {processor.py:840} INFO - DAG(s) 'star_schema_pipeline' retrieved from /opt/airflow/dags/star_schema_dag.py
[2026-02-04T09:58:48.656+0000] {logging_mixin.py:188} INFO - [2026-02-04T09:58:48.656+0000] {dag.py:3089} INFO - Sync 1 DAGs
[2026-02-04T09:58:48.675+0000] {logging_mixin.py:188} INFO - [2026-02-04T09:58:48.674+0000] {dag.py:3947} INFO - Setting next_dagrun for star_schema_pipeline to None, run_after=None
[2026-02-04T09:58:48.704+0000] {processor.py:183} INFO - Processing /opt/airflow/dags/star_schema_dag.py took 0.107 seconds
[2026-02-04T09:59:19.067+0000] {processor.py:161} INFO - Started process (PID=34) to work on /opt/airflow/dags/star_schema_dag.py
[2026-02-04T09:59:19.068+0000] {processor.py:830} INFO - Processing file /opt/airflow/dags/star_schema_dag.py for tasks to queue
[2026-02-04T09:59:19.071+0000] {logging_mixin.py:188} INFO - [2026-02-04T09:59:19.070+0000] {dagbag.py:545} INFO - Filling up the DagBag from /opt/airflow/dags/star_schema_dag.py
[2026-02-04T09:59:19.097+0000] {processor.py:840} INFO - DAG(s) 'star_schema_pipeline' retrieved from /opt/airflow/dags/star_schema_dag.py
[2026-02-04T09:59:19.141+0000] {logging_mixin.py:188} INFO - [2026-02-04T09:59:19.141+0000] {dag.py:3089} INFO - Sync 1 DAGs
[2026-02-04T09:59:19.157+0000] {logging_mixin.py:188} INFO - [2026-02-04T09:59:19.157+0000] {dag.py:3947} INFO - Setting next_dagrun for star_schema_pipeline to None, run_after=None
[2026-02-04T09:59:19.183+0000] {processor.py:183} INFO - Processing /opt/airflow/dags/star_schema_dag.py took 0.123 seconds
[2026-02-04T09:59:49.623+0000] {processor.py:161} INFO - Started process (PID=38) to work on /opt/airflow/dags/star_schema_dag.py
[2026-02-04T09:59:49.625+0000] {processor.py:830} INFO - Processing file /opt/airflow/dags/star_schema_dag.py for tasks to queue
[2026-02-04T09:59:49.627+0000] {logging_mixin.py:188} INFO - [2026-02-04T09:59:49.626+0000] {dagbag.py:545} INFO - Filling up the DagBag from /opt/airflow/dags/star_schema_dag.py
[2026-02-04T09:59:49.650+0000] {processor.py:840} INFO - DAG(s) 'star_schema_pipeline' retrieved from /opt/airflow/dags/star_schema_dag.py
[2026-02-04T09:59:49.690+0000] {logging_mixin.py:188} INFO - [2026-02-04T09:59:49.690+0000] {dag.py:3089} INFO - Sync 1 DAGs
[2026-02-04T09:59:49.710+0000] {logging_mixin.py:188} INFO - [2026-02-04T09:59:49.709+0000] {dag.py:3947} INFO - Setting next_dagrun for star_schema_pipeline to None, run_after=None
[2026-02-04T09:59:49.735+0000] {processor.py:183} INFO - Processing /opt/airflow/dags/star_schema_dag.py took 0.119 seconds
[2026-02-04T10:00:20.176+0000] {processor.py:161} INFO - Started process (PID=42) to work on /opt/airflow/dags/star_schema_dag.py
[2026-02-04T10:00:20.177+0000] {processor.py:830} INFO - Processing file /opt/airflow/dags/star_schema_dag.py for tasks to queue
[2026-02-04T10:00:20.180+0000] {logging_mixin.py:188} INFO - [2026-02-04T10:00:20.180+0000] {dagbag.py:545} INFO - Filling up the DagBag from /opt/airflow/dags/star_schema_dag.py
[2026-02-04T10:00:20.204+0000] {processor.py:840} INFO - DAG(s) 'star_schema_pipeline' retrieved from /opt/airflow/dags/star_schema_dag.py
[2026-02-04T10:00:20.245+0000] {logging_mixin.py:188} INFO - [2026-02-04T10:00:20.245+0000] {dag.py:3089} INFO - Sync 1 DAGs
[2026-02-04T10:00:20.270+0000] {logging_mixin.py:188} INFO - [2026-02-04T10:00:20.270+0000] {dag.py:3947} INFO - Setting next_dagrun for star_schema_pipeline to None, run_after=None
[2026-02-04T10:00:20.310+0000] {processor.py:183} INFO - Processing /opt/airflow/dags/star_schema_dag.py took 0.142 seconds
[2026-02-04T10:00:50.804+0000] {processor.py:161} INFO - Started process (PID=46) to work on /opt/airflow/dags/star_schema_dag.py
[2026-02-04T10:00:50.805+0000] {processor.py:830} INFO - Processing file /opt/airflow/dags/star_schema_dag.py for tasks to queue
[2026-02-04T10:00:50.807+0000] {logging_mixin.py:188} INFO - [2026-02-04T10:00:50.806+0000] {dagbag.py:545} INFO - Filling up the DagBag from /opt/airflow/dags/star_schema_dag.py
[2026-02-04T10:00:50.824+0000] {processor.py:840} INFO - DAG(s) 'star_schema_pipeline' retrieved from /opt/airflow/dags/star_schema_dag.py
[2026-02-04T10:00:50.853+0000] {logging_mixin.py:188} INFO - [2026-02-04T10:00:50.853+0000] {dag.py:3089} INFO - Sync 1 DAGs
[2026-02-04T10:00:50.873+0000] {logging_mixin.py:188} INFO - [2026-02-04T10:00:50.872+0000] {dag.py:3947} INFO - Setting next_dagrun for star_schema_pipeline to None, run_after=None
[2026-02-04T10:00:50.912+0000] {processor.py:183} INFO - Processing /opt/airflow/dags/star_schema_dag.py took 0.115 seconds
[2026-02-04T10:01:21.347+0000] {processor.py:161} INFO - Started process (PID=50) to work on /opt/airflow/dags/star_schema_dag.py
[2026-02-04T10:01:21.348+0000] {processor.py:830} INFO - Processing file /opt/airflow/dags/star_schema_dag.py for tasks to queue
[2026-02-04T10:01:21.350+0000] {logging_mixin.py:188} INFO - [2026-02-04T10:01:21.349+0000] {dagbag.py:545} INFO - Filling up the DagBag from /opt/airflow/dags/star_schema_dag.py
[2026-02-04T10:01:21.366+0000] {processor.py:840} INFO - DAG(s) 'star_schema_pipeline' retrieved from /opt/airflow/dags/star_schema_dag.py
[2026-02-04T10:01:21.391+0000] {logging_mixin.py:188} INFO - [2026-02-04T10:01:21.391+0000] {dag.py:3089} INFO - Sync 1 DAGs
[2026-02-04T10:01:21.412+0000] {logging_mixin.py:188} INFO - [2026-02-04T10:01:21.412+0000] {dag.py:3947} INFO - Setting next_dagrun for star_schema_pipeline to None, run_after=None
[2026-02-04T10:01:21.441+0000] {processor.py:183} INFO - Processing /opt/airflow/dags/star_schema_dag.py took 0.100 seconds
[2026-02-04T10:01:51.889+0000] {processor.py:161} INFO - Started process (PID=54) to work on /opt/airflow/dags/star_schema_dag.py
[2026-02-04T10:01:51.890+0000] {processor.py:830} INFO - Processing file /opt/airflow/dags/star_schema_dag.py for tasks to queue
[2026-02-04T10:01:51.892+0000] {logging_mixin.py:188} INFO - [2026-02-04T10:01:51.892+0000] {dagbag.py:545} INFO - Filling up the DagBag from /opt/airflow/dags/star_schema_dag.py
[2026-02-04T10:01:51.910+0000] {processor.py:840} INFO - DAG(s) 'star_schema_pipeline' retrieved from /opt/airflow/dags/star_schema_dag.py
[2026-02-04T10:01:51.941+0000] {logging_mixin.py:188} INFO - [2026-02-04T10:01:51.941+0000] {dag.py:3089} INFO - Sync 1 DAGs
[2026-02-04T10:01:51.961+0000] {logging_mixin.py:188} INFO - [2026-02-04T10:01:51.961+0000] {dag.py:3947} INFO - Setting next_dagrun for star_schema_pipeline to None, run_after=None
[2026-02-04T10:01:51.989+0000] {processor.py:183} INFO - Processing /opt/airflow/dags/star_schema_dag.py took 0.104 seconds
[2026-02-04T10:02:22.444+0000] {processor.py:161} INFO - Started process (PID=58) to work on /opt/airflow/dags/star_schema_dag.py
[2026-02-04T10:02:22.445+0000] {processor.py:830} INFO - Processing file /opt/airflow/dags/star_schema_dag.py for tasks to queue
[2026-02-04T10:02:22.447+0000] {logging_mixin.py:188} INFO - [2026-02-04T10:02:22.447+0000] {dagbag.py:545} INFO - Filling up the DagBag from /opt/airflow/dags/star_schema_dag.py
[2026-02-04T10:02:22.464+0000] {processor.py:840} INFO - DAG(s) 'star_schema_pipeline' retrieved from /opt/airflow/dags/star_schema_dag.py
[2026-02-04T10:02:22.498+0000] {logging_mixin.py:188} INFO - [2026-02-04T10:02:22.497+0000] {dag.py:3089} INFO - Sync 1 DAGs
[2026-02-04T10:02:22.519+0000] {logging_mixin.py:188} INFO - [2026-02-04T10:02:22.519+0000] {dag.py:3947} INFO - Setting next_dagrun for star_schema_pipeline to None, run_after=None
[2026-02-04T10:02:22.557+0000] {processor.py:183} INFO - Processing /opt/airflow/dags/star_schema_dag.py took 0.120 seconds
[2026-02-04T10:02:53.005+0000] {processor.py:161} INFO - Started process (PID=62) to work on /opt/airflow/dags/star_schema_dag.py
[2026-02-04T10:02:53.006+0000] {processor.py:830} INFO - Processing file /opt/airflow/dags/star_schema_dag.py for tasks to queue
[2026-02-04T10:02:53.009+0000] {logging_mixin.py:188} INFO - [2026-02-04T10:02:53.008+0000] {dagbag.py:545} INFO - Filling up the DagBag from /opt/airflow/dags/star_schema_dag.py
[2026-02-04T10:02:53.024+0000] {processor.py:840} INFO - DAG(s) 'star_schema_pipeline' retrieved from /opt/airflow/dags/star_schema_dag.py
[2026-02-04T10:02:53.048+0000] {logging_mixin.py:188} INFO - [2026-02-04T10:02:53.048+0000] {dag.py:3089} INFO - Sync 1 DAGs
[2026-02-04T10:02:53.062+0000] {logging_mixin.py:188} INFO - [2026-02-04T10:02:53.062+0000] {dag.py:3947} INFO - Setting next_dagrun for star_schema_pipeline to None, run_after=None
[2026-02-04T10:02:53.086+0000] {processor.py:183} INFO - Processing /opt/airflow/dags/star_schema_dag.py took 0.087 seconds
[2026-02-04T10:03:23.603+0000] {processor.py:161} INFO - Started process (PID=66) to work on /opt/airflow/dags/star_schema_dag.py
[2026-02-04T10:03:23.605+0000] {processor.py:830} INFO - Processing file /opt/airflow/dags/star_schema_dag.py for tasks to queue
[2026-02-04T10:03:23.607+0000] {logging_mixin.py:188} INFO - [2026-02-04T10:03:23.606+0000] {dagbag.py:545} INFO - Filling up the DagBag from /opt/airflow/dags/star_schema_dag.py
[2026-02-04T10:03:23.627+0000] {processor.py:840} INFO - DAG(s) 'star_schema_pipeline' retrieved from /opt/airflow/dags/star_schema_dag.py
[2026-02-04T10:03:23.651+0000] {logging_mixin.py:188} INFO - [2026-02-04T10:03:23.651+0000] {dag.py:3089} INFO - Sync 1 DAGs
[2026-02-04T10:03:23.665+0000] {logging_mixin.py:188} INFO - [2026-02-04T10:03:23.665+0000] {dag.py:3947} INFO - Setting next_dagrun for star_schema_pipeline to None, run_after=None
[2026-02-04T10:03:23.688+0000] {processor.py:183} INFO - Processing /opt/airflow/dags/star_schema_dag.py took 0.091 seconds
[2026-02-04T10:03:54.175+0000] {processor.py:161} INFO - Started process (PID=70) to work on /opt/airflow/dags/star_schema_dag.py
[2026-02-04T10:03:54.176+0000] {processor.py:830} INFO - Processing file /opt/airflow/dags/star_schema_dag.py for tasks to queue
[2026-02-04T10:03:54.178+0000] {logging_mixin.py:188} INFO - [2026-02-04T10:03:54.177+0000] {dagbag.py:545} INFO - Filling up the DagBag from /opt/airflow/dags/star_schema_dag.py
[2026-02-04T10:03:54.196+0000] {processor.py:840} INFO - DAG(s) 'star_schema_pipeline' retrieved from /opt/airflow/dags/star_schema_dag.py
[2026-02-04T10:03:54.221+0000] {logging_mixin.py:188} INFO - [2026-02-04T10:03:54.221+0000] {dag.py:3089} INFO - Sync 1 DAGs
[2026-02-04T10:03:54.235+0000] {logging_mixin.py:188} INFO - [2026-02-04T10:03:54.235+0000] {dag.py:3947} INFO - Setting next_dagrun for star_schema_pipeline to None, run_after=None
[2026-02-04T10:03:54.260+0000] {processor.py:183} INFO - Processing /opt/airflow/dags/star_schema_dag.py took 0.091 seconds
[2026-02-04T10:04:24.702+0000] {processor.py:161} INFO - Started process (PID=93) to work on /opt/airflow/dags/star_schema_dag.py
[2026-02-04T10:04:24.704+0000] {processor.py:830} INFO - Processing file /opt/airflow/dags/star_schema_dag.py for tasks to queue
[2026-02-04T10:04:24.708+0000] {logging_mixin.py:188} INFO - [2026-02-04T10:04:24.707+0000] {dagbag.py:545} INFO - Filling up the DagBag from /opt/airflow/dags/star_schema_dag.py
[2026-02-04T10:04:24.733+0000] {processor.py:840} INFO - DAG(s) 'star_schema_pipeline' retrieved from /opt/airflow/dags/star_schema_dag.py
[2026-02-04T10:04:24.765+0000] {logging_mixin.py:188} INFO - [2026-02-04T10:04:24.765+0000] {dag.py:3089} INFO - Sync 1 DAGs
[2026-02-04T10:04:24.782+0000] {logging_mixin.py:188} INFO - [2026-02-04T10:04:24.782+0000] {dag.py:3947} INFO - Setting next_dagrun for star_schema_pipeline to None, run_after=None
[2026-02-04T10:04:24.807+0000] {processor.py:183} INFO - Processing /opt/airflow/dags/star_schema_dag.py took 0.112 seconds
[2026-02-04T10:04:55.212+0000] {processor.py:161} INFO - Started process (PID=128) to work on /opt/airflow/dags/star_schema_dag.py
[2026-02-04T10:04:55.213+0000] {processor.py:830} INFO - Processing file /opt/airflow/dags/star_schema_dag.py for tasks to queue
[2026-02-04T10:04:55.215+0000] {logging_mixin.py:188} INFO - [2026-02-04T10:04:55.214+0000] {dagbag.py:545} INFO - Filling up the DagBag from /opt/airflow/dags/star_schema_dag.py
[2026-02-04T10:04:55.230+0000] {processor.py:840} INFO - DAG(s) 'star_schema_pipeline' retrieved from /opt/airflow/dags/star_schema_dag.py
[2026-02-04T10:04:55.252+0000] {logging_mixin.py:188} INFO - [2026-02-04T10:04:55.252+0000] {dag.py:3089} INFO - Sync 1 DAGs
[2026-02-04T10:04:55.269+0000] {logging_mixin.py:188} INFO - [2026-02-04T10:04:55.269+0000] {dag.py:3947} INFO - Setting next_dagrun for star_schema_pipeline to None, run_after=None
[2026-02-04T10:04:55.293+0000] {processor.py:183} INFO - Processing /opt/airflow/dags/star_schema_dag.py took 0.086 seconds
[2026-02-04T10:05:25.689+0000] {processor.py:161} INFO - Started process (PID=182) to work on /opt/airflow/dags/star_schema_dag.py
[2026-02-04T10:05:25.690+0000] {processor.py:830} INFO - Processing file /opt/airflow/dags/star_schema_dag.py for tasks to queue
[2026-02-04T10:05:25.691+0000] {logging_mixin.py:188} INFO - [2026-02-04T10:05:25.691+0000] {dagbag.py:545} INFO - Filling up the DagBag from /opt/airflow/dags/star_schema_dag.py
[2026-02-04T10:05:25.709+0000] {processor.py:840} INFO - DAG(s) 'star_schema_pipeline' retrieved from /opt/airflow/dags/star_schema_dag.py
[2026-02-04T10:05:25.732+0000] {logging_mixin.py:188} INFO - [2026-02-04T10:05:25.732+0000] {dag.py:3089} INFO - Sync 1 DAGs
[2026-02-04T10:05:25.745+0000] {logging_mixin.py:188} INFO - [2026-02-04T10:05:25.744+0000] {dag.py:3947} INFO - Setting next_dagrun for star_schema_pipeline to None, run_after=None
[2026-02-04T10:05:25.768+0000] {processor.py:183} INFO - Processing /opt/airflow/dags/star_schema_dag.py took 0.086 seconds
[2026-02-04T10:05:56.252+0000] {processor.py:161} INFO - Started process (PID=186) to work on /opt/airflow/dags/star_schema_dag.py
[2026-02-04T10:05:56.253+0000] {processor.py:830} INFO - Processing file /opt/airflow/dags/star_schema_dag.py for tasks to queue
[2026-02-04T10:05:56.256+0000] {logging_mixin.py:188} INFO - [2026-02-04T10:05:56.256+0000] {dagbag.py:545} INFO - Filling up the DagBag from /opt/airflow/dags/star_schema_dag.py
[2026-02-04T10:05:56.281+0000] {processor.py:840} INFO - DAG(s) 'star_schema_pipeline' retrieved from /opt/airflow/dags/star_schema_dag.py
[2026-02-04T10:05:56.312+0000] {logging_mixin.py:188} INFO - [2026-02-04T10:05:56.311+0000] {dag.py:3089} INFO - Sync 1 DAGs
[2026-02-04T10:05:56.330+0000] {logging_mixin.py:188} INFO - [2026-02-04T10:05:56.330+0000] {dag.py:3947} INFO - Setting next_dagrun for star_schema_pipeline to None, run_after=None
[2026-02-04T10:05:56.357+0000] {processor.py:183} INFO - Processing /opt/airflow/dags/star_schema_dag.py took 0.112 seconds
[2026-02-04T10:06:26.807+0000] {processor.py:161} INFO - Started process (PID=190) to work on /opt/airflow/dags/star_schema_dag.py
[2026-02-04T10:06:26.809+0000] {processor.py:830} INFO - Processing file /opt/airflow/dags/star_schema_dag.py for tasks to queue
[2026-02-04T10:06:26.811+0000] {logging_mixin.py:188} INFO - [2026-02-04T10:06:26.811+0000] {dagbag.py:545} INFO - Filling up the DagBag from /opt/airflow/dags/star_schema_dag.py
[2026-02-04T10:06:26.830+0000] {processor.py:840} INFO - DAG(s) 'star_schema_pipeline' retrieved from /opt/airflow/dags/star_schema_dag.py
[2026-02-04T10:06:26.862+0000] {logging_mixin.py:188} INFO - [2026-02-04T10:06:26.862+0000] {dag.py:3089} INFO - Sync 1 DAGs
[2026-02-04T10:06:26.880+0000] {logging_mixin.py:188} INFO - [2026-02-04T10:06:26.880+0000] {dag.py:3947} INFO - Setting next_dagrun for star_schema_pipeline to None, run_after=None
[2026-02-04T10:06:26.912+0000] {processor.py:183} INFO - Processing /opt/airflow/dags/star_schema_dag.py took 0.111 seconds
[2026-02-04T10:06:57.383+0000] {processor.py:161} INFO - Started process (PID=194) to work on /opt/airflow/dags/star_schema_dag.py
[2026-02-04T10:06:57.386+0000] {processor.py:830} INFO - Processing file /opt/airflow/dags/star_schema_dag.py for tasks to queue
[2026-02-04T10:06:57.392+0000] {logging_mixin.py:188} INFO - [2026-02-04T10:06:57.391+0000] {dagbag.py:545} INFO - Filling up the DagBag from /opt/airflow/dags/star_schema_dag.py
[2026-02-04T10:06:57.429+0000] {processor.py:840} INFO - DAG(s) 'star_schema_pipeline' retrieved from /opt/airflow/dags/star_schema_dag.py
[2026-02-04T10:06:57.671+0000] {logging_mixin.py:188} INFO - [2026-02-04T10:06:57.671+0000] {dag.py:3089} INFO - Sync 1 DAGs
[2026-02-04T10:06:57.683+0000] {logging_mixin.py:188} INFO - [2026-02-04T10:06:57.683+0000] {dag.py:3111} INFO - Creating ORM DAG for star_schema_pipeline
[2026-02-04T10:06:57.684+0000] {logging_mixin.py:188} INFO - [2026-02-04T10:06:57.684+0000] {dag.py:3947} INFO - Setting next_dagrun for star_schema_pipeline to None, run_after=None
[2026-02-04T10:06:57.708+0000] {processor.py:183} INFO - Processing /opt/airflow/dags/star_schema_dag.py took 0.333 seconds
[2026-02-04T10:07:27.784+0000] {processor.py:161} INFO - Started process (PID=198) to work on /opt/airflow/dags/star_schema_dag.py
[2026-02-04T10:07:27.785+0000] {processor.py:830} INFO - Processing file /opt/airflow/dags/star_schema_dag.py for tasks to queue
[2026-02-04T10:07:27.786+0000] {logging_mixin.py:188} INFO - [2026-02-04T10:07:27.786+0000] {dagbag.py:545} INFO - Filling up the DagBag from /opt/airflow/dags/star_schema_dag.py
[2026-02-04T10:07:27.805+0000] {processor.py:840} INFO - DAG(s) 'star_schema_pipeline' retrieved from /opt/airflow/dags/star_schema_dag.py
[2026-02-04T10:07:27.834+0000] {logging_mixin.py:188} INFO - [2026-02-04T10:07:27.834+0000] {dag.py:3089} INFO - Sync 1 DAGs
[2026-02-04T10:07:27.850+0000] {logging_mixin.py:188} INFO - [2026-02-04T10:07:27.850+0000] {dag.py:3947} INFO - Setting next_dagrun for star_schema_pipeline to None, run_after=None
[2026-02-04T10:07:27.876+0000] {processor.py:183} INFO - Processing /opt/airflow/dags/star_schema_dag.py took 0.097 seconds
[2026-02-04T10:07:58.434+0000] {processor.py:161} INFO - Started process (PID=202) to work on /opt/airflow/dags/star_schema_dag.py
[2026-02-04T10:07:58.435+0000] {processor.py:830} INFO - Processing file /opt/airflow/dags/star_schema_dag.py for tasks to queue
[2026-02-04T10:07:58.438+0000] {logging_mixin.py:188} INFO - [2026-02-04T10:07:58.437+0000] {dagbag.py:545} INFO - Filling up the DagBag from /opt/airflow/dags/star_schema_dag.py
[2026-02-04T10:07:58.459+0000] {processor.py:840} INFO - DAG(s) 'star_schema_pipeline' retrieved from /opt/airflow/dags/star_schema_dag.py
[2026-02-04T10:07:58.484+0000] {logging_mixin.py:188} INFO - [2026-02-04T10:07:58.483+0000] {dag.py:3089} INFO - Sync 1 DAGs
[2026-02-04T10:07:58.501+0000] {logging_mixin.py:188} INFO - [2026-02-04T10:07:58.501+0000] {dag.py:3947} INFO - Setting next_dagrun for star_schema_pipeline to None, run_after=None
[2026-02-04T10:07:58.525+0000] {processor.py:183} INFO - Processing /opt/airflow/dags/star_schema_dag.py took 0.095 seconds
[2026-02-04T10:08:28.945+0000] {processor.py:161} INFO - Started process (PID=206) to work on /opt/airflow/dags/star_schema_dag.py
[2026-02-04T10:08:28.946+0000] {processor.py:830} INFO - Processing file /opt/airflow/dags/star_schema_dag.py for tasks to queue
[2026-02-04T10:08:28.948+0000] {logging_mixin.py:188} INFO - [2026-02-04T10:08:28.948+0000] {dagbag.py:545} INFO - Filling up the DagBag from /opt/airflow/dags/star_schema_dag.py
[2026-02-04T10:08:28.967+0000] {processor.py:840} INFO - DAG(s) 'star_schema_pipeline' retrieved from /opt/airflow/dags/star_schema_dag.py
[2026-02-04T10:08:28.992+0000] {logging_mixin.py:188} INFO - [2026-02-04T10:08:28.992+0000] {dag.py:3089} INFO - Sync 1 DAGs
[2026-02-04T10:08:29.006+0000] {logging_mixin.py:188} INFO - [2026-02-04T10:08:29.005+0000] {dag.py:3947} INFO - Setting next_dagrun for star_schema_pipeline to None, run_after=None
[2026-02-04T10:08:29.030+0000] {processor.py:183} INFO - Processing /opt/airflow/dags/star_schema_dag.py took 0.091 seconds
[2026-02-04T10:08:59.484+0000] {processor.py:161} INFO - Started process (PID=210) to work on /opt/airflow/dags/star_schema_dag.py
[2026-02-04T10:08:59.485+0000] {processor.py:830} INFO - Processing file /opt/airflow/dags/star_schema_dag.py for tasks to queue
[2026-02-04T10:08:59.487+0000] {logging_mixin.py:188} INFO - [2026-02-04T10:08:59.487+0000] {dagbag.py:545} INFO - Filling up the DagBag from /opt/airflow/dags/star_schema_dag.py
[2026-02-04T10:08:59.503+0000] {processor.py:840} INFO - DAG(s) 'star_schema_pipeline' retrieved from /opt/airflow/dags/star_schema_dag.py
[2026-02-04T10:08:59.527+0000] {logging_mixin.py:188} INFO - [2026-02-04T10:08:59.527+0000] {dag.py:3089} INFO - Sync 1 DAGs
[2026-02-04T10:08:59.542+0000] {logging_mixin.py:188} INFO - [2026-02-04T10:08:59.542+0000] {dag.py:3947} INFO - Setting next_dagrun for star_schema_pipeline to None, run_after=None
[2026-02-04T10:08:59.566+0000] {processor.py:183} INFO - Processing /opt/airflow/dags/star_schema_dag.py took 0.089 seconds
[2026-02-04T10:09:29.991+0000] {processor.py:161} INFO - Started process (PID=214) to work on /opt/airflow/dags/star_schema_dag.py
[2026-02-04T10:09:29.992+0000] {processor.py:830} INFO - Processing file /opt/airflow/dags/star_schema_dag.py for tasks to queue
[2026-02-04T10:09:29.994+0000] {logging_mixin.py:188} INFO - [2026-02-04T10:09:29.994+0000] {dagbag.py:545} INFO - Filling up the DagBag from /opt/airflow/dags/star_schema_dag.py
[2026-02-04T10:09:30.015+0000] {processor.py:840} INFO - DAG(s) 'star_schema_pipeline' retrieved from /opt/airflow/dags/star_schema_dag.py
[2026-02-04T10:09:30.042+0000] {logging_mixin.py:188} INFO - [2026-02-04T10:09:30.042+0000] {dag.py:3089} INFO - Sync 1 DAGs
[2026-02-04T10:09:30.057+0000] {logging_mixin.py:188} INFO - [2026-02-04T10:09:30.057+0000] {dag.py:3947} INFO - Setting next_dagrun for star_schema_pipeline to None, run_after=None
[2026-02-04T10:09:30.080+0000] {processor.py:183} INFO - Processing /opt/airflow/dags/star_schema_dag.py took 0.094 seconds
[2026-02-04T10:10:00.523+0000] {processor.py:161} INFO - Started process (PID=218) to work on /opt/airflow/dags/star_schema_dag.py
[2026-02-04T10:10:00.524+0000] {processor.py:830} INFO - Processing file /opt/airflow/dags/star_schema_dag.py for tasks to queue
[2026-02-04T10:10:00.525+0000] {logging_mixin.py:188} INFO - [2026-02-04T10:10:00.525+0000] {dagbag.py:545} INFO - Filling up the DagBag from /opt/airflow/dags/star_schema_dag.py
[2026-02-04T10:10:00.541+0000] {processor.py:840} INFO - DAG(s) 'star_schema_pipeline' retrieved from /opt/airflow/dags/star_schema_dag.py
[2026-02-04T10:10:00.564+0000] {logging_mixin.py:188} INFO - [2026-02-04T10:10:00.564+0000] {dag.py:3089} INFO - Sync 1 DAGs
[2026-02-04T10:10:00.578+0000] {logging_mixin.py:188} INFO - [2026-02-04T10:10:00.578+0000] {dag.py:3947} INFO - Setting next_dagrun for star_schema_pipeline to None, run_after=None
[2026-02-04T10:10:00.601+0000] {processor.py:183} INFO - Processing /opt/airflow/dags/star_schema_dag.py took 0.083 seconds
[2026-02-04T10:10:31.082+0000] {processor.py:161} INFO - Started process (PID=222) to work on /opt/airflow/dags/star_schema_dag.py
[2026-02-04T10:10:31.083+0000] {processor.py:830} INFO - Processing file /opt/airflow/dags/star_schema_dag.py for tasks to queue
[2026-02-04T10:10:31.085+0000] {logging_mixin.py:188} INFO - [2026-02-04T10:10:31.085+0000] {dagbag.py:545} INFO - Filling up the DagBag from /opt/airflow/dags/star_schema_dag.py
[2026-02-04T10:10:31.115+0000] {processor.py:840} INFO - DAG(s) 'star_schema_pipeline' retrieved from /opt/airflow/dags/star_schema_dag.py
[2026-02-04T10:10:31.159+0000] {logging_mixin.py:188} INFO - [2026-02-04T10:10:31.159+0000] {dag.py:3089} INFO - Sync 1 DAGs
[2026-02-04T10:10:31.181+0000] {logging_mixin.py:188} INFO - [2026-02-04T10:10:31.180+0000] {dag.py:3947} INFO - Setting next_dagrun for star_schema_pipeline to None, run_after=None
[2026-02-04T10:10:31.217+0000] {processor.py:183} INFO - Processing /opt/airflow/dags/star_schema_dag.py took 0.143 seconds
[2026-02-04T10:11:01.347+0000] {processor.py:161} INFO - Started process (PID=226) to work on /opt/airflow/dags/star_schema_dag.py
[2026-02-04T10:11:01.348+0000] {processor.py:830} INFO - Processing file /opt/airflow/dags/star_schema_dag.py for tasks to queue
[2026-02-04T10:11:01.350+0000] {logging_mixin.py:188} INFO - [2026-02-04T10:11:01.349+0000] {dagbag.py:545} INFO - Filling up the DagBag from /opt/airflow/dags/star_schema_dag.py
[2026-02-04T10:11:01.376+0000] {processor.py:840} INFO - DAG(s) 'star_schema_pipeline' retrieved from /opt/airflow/dags/star_schema_dag.py
[2026-02-04T10:11:01.419+0000] {logging_mixin.py:188} INFO - [2026-02-04T10:11:01.418+0000] {dag.py:3089} INFO - Sync 1 DAGs
[2026-02-04T10:11:01.445+0000] {logging_mixin.py:188} INFO - [2026-02-04T10:11:01.444+0000] {dag.py:3947} INFO - Setting next_dagrun for star_schema_pipeline to None, run_after=None
[2026-02-04T10:11:01.470+0000] {processor.py:183} INFO - Processing /opt/airflow/dags/star_schema_dag.py took 0.129 seconds
[2026-02-04T10:11:31.838+0000] {processor.py:161} INFO - Started process (PID=230) to work on /opt/airflow/dags/star_schema_dag.py
[2026-02-04T10:11:31.838+0000] {processor.py:830} INFO - Processing file /opt/airflow/dags/star_schema_dag.py for tasks to queue
[2026-02-04T10:11:31.841+0000] {logging_mixin.py:188} INFO - [2026-02-04T10:11:31.840+0000] {dagbag.py:545} INFO - Filling up the DagBag from /opt/airflow/dags/star_schema_dag.py
[2026-02-04T10:11:31.860+0000] {processor.py:840} INFO - DAG(s) 'star_schema_pipeline' retrieved from /opt/airflow/dags/star_schema_dag.py
[2026-02-04T10:11:31.887+0000] {logging_mixin.py:188} INFO - [2026-02-04T10:11:31.887+0000] {dag.py:3089} INFO - Sync 1 DAGs
[2026-02-04T10:11:31.903+0000] {logging_mixin.py:188} INFO - [2026-02-04T10:11:31.903+0000] {dag.py:3947} INFO - Setting next_dagrun for star_schema_pipeline to None, run_after=None
[2026-02-04T10:11:31.935+0000] {processor.py:183} INFO - Processing /opt/airflow/dags/star_schema_dag.py took 0.102 seconds
[2026-02-04T10:12:02.371+0000] {processor.py:161} INFO - Started process (PID=234) to work on /opt/airflow/dags/star_schema_dag.py
[2026-02-04T10:12:02.372+0000] {processor.py:830} INFO - Processing file /opt/airflow/dags/star_schema_dag.py for tasks to queue
[2026-02-04T10:12:02.374+0000] {logging_mixin.py:188} INFO - [2026-02-04T10:12:02.373+0000] {dagbag.py:545} INFO - Filling up the DagBag from /opt/airflow/dags/star_schema_dag.py
[2026-02-04T10:12:02.393+0000] {processor.py:840} INFO - DAG(s) 'star_schema_pipeline' retrieved from /opt/airflow/dags/star_schema_dag.py
[2026-02-04T10:12:02.424+0000] {logging_mixin.py:188} INFO - [2026-02-04T10:12:02.424+0000] {dag.py:3089} INFO - Sync 1 DAGs
[2026-02-04T10:12:02.440+0000] {logging_mixin.py:188} INFO - [2026-02-04T10:12:02.440+0000] {dag.py:3947} INFO - Setting next_dagrun for star_schema_pipeline to None, run_after=None
[2026-02-04T10:12:02.466+0000] {processor.py:183} INFO - Processing /opt/airflow/dags/star_schema_dag.py took 0.100 seconds
[2026-02-04T10:12:32.963+0000] {processor.py:161} INFO - Started process (PID=238) to work on /opt/airflow/dags/star_schema_dag.py
[2026-02-04T10:12:32.964+0000] {processor.py:830} INFO - Processing file /opt/airflow/dags/star_schema_dag.py for tasks to queue
[2026-02-04T10:12:32.966+0000] {logging_mixin.py:188} INFO - [2026-02-04T10:12:32.966+0000] {dagbag.py:545} INFO - Filling up the DagBag from /opt/airflow/dags/star_schema_dag.py
[2026-02-04T10:12:32.988+0000] {processor.py:840} INFO - DAG(s) 'star_schema_pipeline' retrieved from /opt/airflow/dags/star_schema_dag.py
[2026-02-04T10:12:33.014+0000] {logging_mixin.py:188} INFO - [2026-02-04T10:12:33.014+0000] {dag.py:3089} INFO - Sync 1 DAGs
[2026-02-04T10:12:33.028+0000] {logging_mixin.py:188} INFO - [2026-02-04T10:12:33.027+0000] {dag.py:3947} INFO - Setting next_dagrun for star_schema_pipeline to None, run_after=None
[2026-02-04T10:12:33.051+0000] {processor.py:183} INFO - Processing /opt/airflow/dags/star_schema_dag.py took 0.094 seconds
[2026-02-04T10:13:03.740+0000] {processor.py:161} INFO - Started process (PID=242) to work on /opt/airflow/dags/star_schema_dag.py
[2026-02-04T10:13:03.741+0000] {processor.py:830} INFO - Processing file /opt/airflow/dags/star_schema_dag.py for tasks to queue
[2026-02-04T10:13:03.742+0000] {logging_mixin.py:188} INFO - [2026-02-04T10:13:03.742+0000] {dagbag.py:545} INFO - Filling up the DagBag from /opt/airflow/dags/star_schema_dag.py
[2026-02-04T10:13:03.759+0000] {processor.py:840} INFO - DAG(s) 'star_schema_pipeline' retrieved from /opt/airflow/dags/star_schema_dag.py
[2026-02-04T10:13:03.786+0000] {logging_mixin.py:188} INFO - [2026-02-04T10:13:03.786+0000] {dag.py:3089} INFO - Sync 1 DAGs
[2026-02-04T10:13:03.806+0000] {logging_mixin.py:188} INFO - [2026-02-04T10:13:03.805+0000] {dag.py:3947} INFO - Setting next_dagrun for star_schema_pipeline to None, run_after=None
[2026-02-04T10:13:03.840+0000] {processor.py:183} INFO - Processing /opt/airflow/dags/star_schema_dag.py took 0.105 seconds
[2026-02-04T10:23:22.899+0000] {processor.py:161} INFO - Started process (PID=246) to work on /opt/airflow/dags/star_schema_dag.py
[2026-02-04T10:23:22.919+0000] {processor.py:830} INFO - Processing file /opt/airflow/dags/star_schema_dag.py for tasks to queue
[2026-02-04T10:23:22.929+0000] {logging_mixin.py:188} INFO - [2026-02-04T10:23:22.928+0000] {dagbag.py:545} INFO - Filling up the DagBag from /opt/airflow/dags/star_schema_dag.py
[2026-02-04T10:23:23.039+0000] {processor.py:840} INFO - DAG(s) 'star_schema_pipeline' retrieved from /opt/airflow/dags/star_schema_dag.py
[2026-02-04T10:23:23.131+0000] {logging_mixin.py:188} INFO - [2026-02-04T10:23:23.131+0000] {dag.py:3089} INFO - Sync 1 DAGs
[2026-02-04T10:23:23.178+0000] {logging_mixin.py:188} INFO - [2026-02-04T10:23:23.178+0000] {dag.py:3947} INFO - Setting next_dagrun for star_schema_pipeline to None, run_after=None
[2026-02-04T10:23:23.237+0000] {processor.py:183} INFO - Processing /opt/airflow/dags/star_schema_dag.py took 0.361 seconds
[2026-02-04T10:35:57.972+0000] {processor.py:161} INFO - Started process (PID=250) to work on /opt/airflow/dags/star_schema_dag.py
[2026-02-04T10:35:57.973+0000] {processor.py:830} INFO - Processing file /opt/airflow/dags/star_schema_dag.py for tasks to queue
[2026-02-04T10:35:57.976+0000] {logging_mixin.py:188} INFO - [2026-02-04T10:35:57.975+0000] {dagbag.py:545} INFO - Filling up the DagBag from /opt/airflow/dags/star_schema_dag.py
[2026-02-04T10:35:57.996+0000] {processor.py:840} INFO - DAG(s) 'star_schema_pipeline' retrieved from /opt/airflow/dags/star_schema_dag.py
[2026-02-04T10:35:58.020+0000] {logging_mixin.py:188} INFO - [2026-02-04T10:35:58.020+0000] {dag.py:3089} INFO - Sync 1 DAGs
[2026-02-04T10:35:58.041+0000] {logging_mixin.py:188} INFO - [2026-02-04T10:35:58.041+0000] {dag.py:3947} INFO - Setting next_dagrun for star_schema_pipeline to None, run_after=None
[2026-02-04T10:35:58.063+0000] {processor.py:183} INFO - Processing /opt/airflow/dags/star_schema_dag.py took 0.097 seconds
[2026-02-04T10:36:28.475+0000] {processor.py:161} INFO - Started process (PID=254) to work on /opt/airflow/dags/star_schema_dag.py
[2026-02-04T10:36:28.476+0000] {processor.py:830} INFO - Processing file /opt/airflow/dags/star_schema_dag.py for tasks to queue
[2026-02-04T10:36:28.477+0000] {logging_mixin.py:188} INFO - [2026-02-04T10:36:28.477+0000] {dagbag.py:545} INFO - Filling up the DagBag from /opt/airflow/dags/star_schema_dag.py
[2026-02-04T10:36:28.493+0000] {processor.py:840} INFO - DAG(s) 'star_schema_pipeline' retrieved from /opt/airflow/dags/star_schema_dag.py
[2026-02-04T10:36:28.516+0000] {logging_mixin.py:188} INFO - [2026-02-04T10:36:28.516+0000] {dag.py:3089} INFO - Sync 1 DAGs
[2026-02-04T10:36:28.531+0000] {logging_mixin.py:188} INFO - [2026-02-04T10:36:28.531+0000] {dag.py:3947} INFO - Setting next_dagrun for star_schema_pipeline to None, run_after=None
[2026-02-04T10:36:28.559+0000] {processor.py:183} INFO - Processing /opt/airflow/dags/star_schema_dag.py took 0.090 seconds
[2026-02-04T10:36:59.020+0000] {processor.py:161} INFO - Started process (PID=258) to work on /opt/airflow/dags/star_schema_dag.py
[2026-02-04T10:36:59.021+0000] {processor.py:830} INFO - Processing file /opt/airflow/dags/star_schema_dag.py for tasks to queue
[2026-02-04T10:36:59.023+0000] {logging_mixin.py:188} INFO - [2026-02-04T10:36:59.023+0000] {dagbag.py:545} INFO - Filling up the DagBag from /opt/airflow/dags/star_schema_dag.py
[2026-02-04T10:36:59.044+0000] {processor.py:840} INFO - DAG(s) 'star_schema_pipeline' retrieved from /opt/airflow/dags/star_schema_dag.py
[2026-02-04T10:36:59.069+0000] {logging_mixin.py:188} INFO - [2026-02-04T10:36:59.068+0000] {dag.py:3089} INFO - Sync 1 DAGs
[2026-02-04T10:36:59.083+0000] {logging_mixin.py:188} INFO - [2026-02-04T10:36:59.083+0000] {dag.py:3947} INFO - Setting next_dagrun for star_schema_pipeline to None, run_after=None
[2026-02-04T10:36:59.116+0000] {processor.py:183} INFO - Processing /opt/airflow/dags/star_schema_dag.py took 0.101 seconds
[2026-02-04T10:37:29.605+0000] {processor.py:161} INFO - Started process (PID=262) to work on /opt/airflow/dags/star_schema_dag.py
[2026-02-04T10:37:29.607+0000] {processor.py:830} INFO - Processing file /opt/airflow/dags/star_schema_dag.py for tasks to queue
[2026-02-04T10:37:29.609+0000] {logging_mixin.py:188} INFO - [2026-02-04T10:37:29.609+0000] {dagbag.py:545} INFO - Filling up the DagBag from /opt/airflow/dags/star_schema_dag.py
[2026-02-04T10:37:29.624+0000] {processor.py:840} INFO - DAG(s) 'star_schema_pipeline' retrieved from /opt/airflow/dags/star_schema_dag.py
[2026-02-04T10:37:29.646+0000] {logging_mixin.py:188} INFO - [2026-02-04T10:37:29.645+0000] {dag.py:3089} INFO - Sync 1 DAGs
[2026-02-04T10:37:29.661+0000] {logging_mixin.py:188} INFO - [2026-02-04T10:37:29.661+0000] {dag.py:3947} INFO - Setting next_dagrun for star_schema_pipeline to None, run_after=None
[2026-02-04T10:37:29.695+0000] {processor.py:183} INFO - Processing /opt/airflow/dags/star_schema_dag.py took 0.095 seconds
[2026-02-04T10:38:00.095+0000] {processor.py:161} INFO - Started process (PID=266) to work on /opt/airflow/dags/star_schema_dag.py
[2026-02-04T10:38:00.096+0000] {processor.py:830} INFO - Processing file /opt/airflow/dags/star_schema_dag.py for tasks to queue
[2026-02-04T10:38:00.098+0000] {logging_mixin.py:188} INFO - [2026-02-04T10:38:00.098+0000] {dagbag.py:545} INFO - Filling up the DagBag from /opt/airflow/dags/star_schema_dag.py
[2026-02-04T10:38:00.118+0000] {processor.py:840} INFO - DAG(s) 'star_schema_pipeline' retrieved from /opt/airflow/dags/star_schema_dag.py
[2026-02-04T10:38:00.146+0000] {logging_mixin.py:188} INFO - [2026-02-04T10:38:00.145+0000] {dag.py:3089} INFO - Sync 1 DAGs
[2026-02-04T10:38:00.161+0000] {logging_mixin.py:188} INFO - [2026-02-04T10:38:00.161+0000] {dag.py:3947} INFO - Setting next_dagrun for star_schema_pipeline to None, run_after=None
[2026-02-04T10:38:00.185+0000] {processor.py:183} INFO - Processing /opt/airflow/dags/star_schema_dag.py took 0.097 seconds
[2026-02-04T10:38:30.647+0000] {processor.py:161} INFO - Started process (PID=270) to work on /opt/airflow/dags/star_schema_dag.py
[2026-02-04T10:38:30.648+0000] {processor.py:830} INFO - Processing file /opt/airflow/dags/star_schema_dag.py for tasks to queue
[2026-02-04T10:38:30.650+0000] {logging_mixin.py:188} INFO - [2026-02-04T10:38:30.650+0000] {dagbag.py:545} INFO - Filling up the DagBag from /opt/airflow/dags/star_schema_dag.py
[2026-02-04T10:38:30.666+0000] {processor.py:840} INFO - DAG(s) 'star_schema_pipeline' retrieved from /opt/airflow/dags/star_schema_dag.py
[2026-02-04T10:38:30.693+0000] {logging_mixin.py:188} INFO - [2026-02-04T10:38:30.693+0000] {dag.py:3089} INFO - Sync 1 DAGs
[2026-02-04T10:38:30.707+0000] {logging_mixin.py:188} INFO - [2026-02-04T10:38:30.707+0000] {dag.py:3947} INFO - Setting next_dagrun for star_schema_pipeline to None, run_after=None
[2026-02-04T10:38:30.729+0000] {processor.py:183} INFO - Processing /opt/airflow/dags/star_schema_dag.py took 0.087 seconds
[2026-02-04T10:39:01.216+0000] {processor.py:161} INFO - Started process (PID=277) to work on /opt/airflow/dags/star_schema_dag.py
[2026-02-04T10:39:01.218+0000] {processor.py:830} INFO - Processing file /opt/airflow/dags/star_schema_dag.py for tasks to queue
[2026-02-04T10:39:01.220+0000] {logging_mixin.py:188} INFO - [2026-02-04T10:39:01.219+0000] {dagbag.py:545} INFO - Filling up the DagBag from /opt/airflow/dags/star_schema_dag.py
[2026-02-04T10:39:01.239+0000] {processor.py:840} INFO - DAG(s) 'star_schema_pipeline' retrieved from /opt/airflow/dags/star_schema_dag.py
[2026-02-04T10:39:01.259+0000] {logging_mixin.py:188} INFO - [2026-02-04T10:39:01.259+0000] {dag.py:3089} INFO - Sync 1 DAGs
[2026-02-04T10:39:01.272+0000] {logging_mixin.py:188} INFO - [2026-02-04T10:39:01.271+0000] {dag.py:3947} INFO - Setting next_dagrun for star_schema_pipeline to None, run_after=None
[2026-02-04T10:39:01.293+0000] {processor.py:183} INFO - Processing /opt/airflow/dags/star_schema_dag.py took 0.084 seconds
[2026-02-04T10:39:31.727+0000] {processor.py:161} INFO - Started process (PID=281) to work on /opt/airflow/dags/star_schema_dag.py
[2026-02-04T10:39:31.728+0000] {processor.py:830} INFO - Processing file /opt/airflow/dags/star_schema_dag.py for tasks to queue
[2026-02-04T10:39:31.729+0000] {logging_mixin.py:188} INFO - [2026-02-04T10:39:31.729+0000] {dagbag.py:545} INFO - Filling up the DagBag from /opt/airflow/dags/star_schema_dag.py
[2026-02-04T10:39:31.743+0000] {processor.py:840} INFO - DAG(s) 'star_schema_pipeline' retrieved from /opt/airflow/dags/star_schema_dag.py
[2026-02-04T10:39:31.765+0000] {logging_mixin.py:188} INFO - [2026-02-04T10:39:31.765+0000] {dag.py:3089} INFO - Sync 1 DAGs
[2026-02-04T10:39:31.777+0000] {logging_mixin.py:188} INFO - [2026-02-04T10:39:31.777+0000] {dag.py:3947} INFO - Setting next_dagrun for star_schema_pipeline to None, run_after=None
[2026-02-04T10:39:31.799+0000] {processor.py:183} INFO - Processing /opt/airflow/dags/star_schema_dag.py took 0.078 seconds
[2026-02-04T10:40:02.290+0000] {processor.py:161} INFO - Started process (PID=285) to work on /opt/airflow/dags/star_schema_dag.py
[2026-02-04T10:40:02.291+0000] {processor.py:830} INFO - Processing file /opt/airflow/dags/star_schema_dag.py for tasks to queue
[2026-02-04T10:40:02.293+0000] {logging_mixin.py:188} INFO - [2026-02-04T10:40:02.292+0000] {dagbag.py:545} INFO - Filling up the DagBag from /opt/airflow/dags/star_schema_dag.py
[2026-02-04T10:40:02.308+0000] {processor.py:840} INFO - DAG(s) 'star_schema_pipeline' retrieved from /opt/airflow/dags/star_schema_dag.py
[2026-02-04T10:40:02.329+0000] {logging_mixin.py:188} INFO - [2026-02-04T10:40:02.329+0000] {dag.py:3089} INFO - Sync 1 DAGs
[2026-02-04T10:40:02.340+0000] {logging_mixin.py:188} INFO - [2026-02-04T10:40:02.340+0000] {dag.py:3947} INFO - Setting next_dagrun for star_schema_pipeline to None, run_after=None
[2026-02-04T10:40:02.360+0000] {processor.py:183} INFO - Processing /opt/airflow/dags/star_schema_dag.py took 0.075 seconds
[2026-02-04T10:40:32.829+0000] {processor.py:161} INFO - Started process (PID=289) to work on /opt/airflow/dags/star_schema_dag.py
[2026-02-04T10:40:32.830+0000] {processor.py:830} INFO - Processing file /opt/airflow/dags/star_schema_dag.py for tasks to queue
[2026-02-04T10:40:32.832+0000] {logging_mixin.py:188} INFO - [2026-02-04T10:40:32.831+0000] {dagbag.py:545} INFO - Filling up the DagBag from /opt/airflow/dags/star_schema_dag.py
[2026-02-04T10:40:32.846+0000] {processor.py:840} INFO - DAG(s) 'star_schema_pipeline' retrieved from /opt/airflow/dags/star_schema_dag.py
[2026-02-04T10:40:32.872+0000] {logging_mixin.py:188} INFO - [2026-02-04T10:40:32.871+0000] {dag.py:3089} INFO - Sync 1 DAGs
[2026-02-04T10:40:32.895+0000] {logging_mixin.py:188} INFO - [2026-02-04T10:40:32.895+0000] {dag.py:3947} INFO - Setting next_dagrun for star_schema_pipeline to None, run_after=None
[2026-02-04T10:40:32.938+0000] {processor.py:183} INFO - Processing /opt/airflow/dags/star_schema_dag.py took 0.114 seconds
