[2026-02-02T16:43:19.441+0000] {local_task_job_runner.py:120} INFO - ::group::Pre task execution logs
[2026-02-02T16:43:19.524+0000] {taskinstance.py:2076} INFO - Dependencies all met for dep_context=non-requeueable deps ti=<TaskInstance: sales_ingestion_pipeline.trigger_silver_cleaning scheduled__2026-02-02T16:35:00+00:00 [queued]>
[2026-02-02T16:43:19.548+0000] {taskinstance.py:2076} INFO - Dependencies all met for dep_context=requeueable deps ti=<TaskInstance: sales_ingestion_pipeline.trigger_silver_cleaning scheduled__2026-02-02T16:35:00+00:00 [queued]>
[2026-02-02T16:43:19.550+0000] {taskinstance.py:2306} INFO - Starting attempt 1 of 2
[2026-02-02T16:43:19.609+0000] {taskinstance.py:2330} INFO - Executing <Task(TriggerDagRunOperator): trigger_silver_cleaning> on 2026-02-02 16:35:00+00:00
[2026-02-02T16:43:19.631+0000] {standard_task_runner.py:90} INFO - Running: ['airflow', 'tasks', 'run', 'sales_ingestion_pipeline', 'trigger_silver_cleaning', 'scheduled__2026-02-02T16:35:00+00:00', '--job-id', '561', '--raw', '--subdir', 'DAGS_FOLDER/ingest_sales_dag.py', '--cfg-path', '/tmp/tmpuakd7o67']
[2026-02-02T16:43:19.640+0000] {standard_task_runner.py:91} INFO - Job 561: Subtask trigger_silver_cleaning
[2026-02-02T16:43:19.642+0000] {logging_mixin.py:188} WARNING - /home/airflow/.local/lib/python3.12/site-packages/airflow/task/task_runner/standard_task_runner.py:62 DeprecationWarning: This process (pid=49) is multi-threaded, use of fork() may lead to deadlocks in the child.
[2026-02-02T16:43:19.644+0000] {standard_task_runner.py:64} INFO - Started process 58 to run task
[2026-02-02T16:43:19.817+0000] {task_command.py:426} INFO - Running <TaskInstance: sales_ingestion_pipeline.trigger_silver_cleaning scheduled__2026-02-02T16:35:00+00:00 [running]> on host b3b10c89bc2f
[2026-02-02T16:43:20.180+0000] {taskinstance.py:2648} INFO - Exporting env vars: AIRFLOW_CTX_DAG_OWNER='you' AIRFLOW_CTX_DAG_ID='sales_ingestion_pipeline' AIRFLOW_CTX_TASK_ID='trigger_silver_cleaning' AIRFLOW_CTX_EXECUTION_DATE='2026-02-02T16:35:00+00:00' AIRFLOW_CTX_TRY_NUMBER='1' AIRFLOW_CTX_DAG_RUN_ID='scheduled__2026-02-02T16:35:00+00:00'
[2026-02-02T16:43:20.185+0000] {taskinstance.py:430} INFO - ::endgroup::
[2026-02-02T16:43:27.860+0000] {logging_mixin.py:188} WARNING - /home/airflow/.local/lib/python3.12/site-packages/azure/synapse/artifacts/models/_models_py3.py:175 SyntaxWarning: invalid escape sequence '\d'
[2026-02-02T16:43:27.862+0000] {logging_mixin.py:188} WARNING - /home/airflow/.local/lib/python3.12/site-packages/azure/synapse/artifacts/models/_models_py3.py:222 SyntaxWarning: invalid escape sequence '\d'
[2026-02-02T16:43:27.866+0000] {logging_mixin.py:188} WARNING - /home/airflow/.local/lib/python3.12/site-packages/azure/synapse/artifacts/models/_models_py3.py:1151 SyntaxWarning: invalid escape sequence '\d'
[2026-02-02T16:43:27.867+0000] {logging_mixin.py:188} WARNING - /home/airflow/.local/lib/python3.12/site-packages/azure/synapse/artifacts/models/_models_py3.py:1248 SyntaxWarning: invalid escape sequence '\d'
[2026-02-02T16:43:27.869+0000] {logging_mixin.py:188} WARNING - /home/airflow/.local/lib/python3.12/site-packages/azure/synapse/artifacts/models/_models_py3.py:1271 SyntaxWarning: invalid escape sequence '\d'
[2026-02-02T16:43:27.871+0000] {logging_mixin.py:188} WARNING - /home/airflow/.local/lib/python3.12/site-packages/azure/synapse/artifacts/models/_models_py3.py:1406 SyntaxWarning: invalid escape sequence '\d'
[2026-02-02T16:43:27.873+0000] {logging_mixin.py:188} WARNING - /home/airflow/.local/lib/python3.12/site-packages/azure/synapse/artifacts/models/_models_py3.py:1439 SyntaxWarning: invalid escape sequence '\d'
[2026-02-02T16:43:27.874+0000] {logging_mixin.py:188} WARNING - /home/airflow/.local/lib/python3.12/site-packages/azure/synapse/artifacts/models/_models_py3.py:1495 SyntaxWarning: invalid escape sequence '\d'
[2026-02-02T16:43:27.876+0000] {logging_mixin.py:188} WARNING - /home/airflow/.local/lib/python3.12/site-packages/azure/synapse/artifacts/models/_models_py3.py:1683 SyntaxWarning: invalid escape sequence '\d'
[2026-02-02T16:43:27.878+0000] {logging_mixin.py:188} WARNING - /home/airflow/.local/lib/python3.12/site-packages/azure/synapse/artifacts/models/_models_py3.py:1750 SyntaxWarning: invalid escape sequence '\d'
[2026-02-02T16:43:27.880+0000] {logging_mixin.py:188} WARNING - /home/airflow/.local/lib/python3.12/site-packages/azure/synapse/artifacts/models/_models_py3.py:2025 SyntaxWarning: invalid escape sequence '\d'
[2026-02-02T16:43:27.882+0000] {logging_mixin.py:188} WARNING - /home/airflow/.local/lib/python3.12/site-packages/azure/synapse/artifacts/models/_models_py3.py:2110 SyntaxWarning: invalid escape sequence '\d'
[2026-02-02T16:43:27.884+0000] {logging_mixin.py:188} WARNING - /home/airflow/.local/lib/python3.12/site-packages/azure/synapse/artifacts/models/_models_py3.py:2407 SyntaxWarning: invalid escape sequence '\d'
[2026-02-02T16:43:27.885+0000] {logging_mixin.py:188} WARNING - /home/airflow/.local/lib/python3.12/site-packages/azure/synapse/artifacts/models/_models_py3.py:2468 SyntaxWarning: invalid escape sequence '\d'
[2026-02-02T16:43:27.893+0000] {logging_mixin.py:188} WARNING - /home/airflow/.local/lib/python3.12/site-packages/azure/synapse/artifacts/models/_models_py3.py:3987 SyntaxWarning: invalid escape sequence '\d'
[2026-02-02T16:43:27.895+0000] {logging_mixin.py:188} WARNING - /home/airflow/.local/lib/python3.12/site-packages/azure/synapse/artifacts/models/_models_py3.py:4096 SyntaxWarning: invalid escape sequence '\d'
[2026-02-02T16:43:27.896+0000] {logging_mixin.py:188} WARNING - /home/airflow/.local/lib/python3.12/site-packages/azure/synapse/artifacts/models/_models_py3.py:4127 SyntaxWarning: invalid escape sequence '\d'
[2026-02-02T16:43:27.899+0000] {logging_mixin.py:188} WARNING - /home/airflow/.local/lib/python3.12/site-packages/azure/synapse/artifacts/models/_models_py3.py:4186 SyntaxWarning: invalid escape sequence '\d'
[2026-02-02T16:43:27.900+0000] {logging_mixin.py:188} WARNING - /home/airflow/.local/lib/python3.12/site-packages/azure/synapse/artifacts/models/_models_py3.py:4225 SyntaxWarning: invalid escape sequence '\d'
[2026-02-02T16:43:27.902+0000] {logging_mixin.py:188} WARNING - /home/airflow/.local/lib/python3.12/site-packages/azure/synapse/artifacts/models/_models_py3.py:4275 SyntaxWarning: invalid escape sequence '\d'
[2026-02-02T16:43:27.905+0000] {logging_mixin.py:188} WARNING - /home/airflow/.local/lib/python3.12/site-packages/azure/synapse/artifacts/models/_models_py3.py:5209 SyntaxWarning: invalid escape sequence '\d'
[2026-02-02T16:43:27.909+0000] {logging_mixin.py:188} WARNING - /home/airflow/.local/lib/python3.12/site-packages/azure/synapse/artifacts/models/_models_py3.py:5265 SyntaxWarning: invalid escape sequence '\d'
[2026-02-02T16:43:27.911+0000] {logging_mixin.py:188} WARNING - /home/airflow/.local/lib/python3.12/site-packages/azure/synapse/artifacts/models/_models_py3.py:5302 SyntaxWarning: invalid escape sequence '\d'
[2026-02-02T16:43:27.912+0000] {logging_mixin.py:188} WARNING - /home/airflow/.local/lib/python3.12/site-packages/azure/synapse/artifacts/models/_models_py3.py:5358 SyntaxWarning: invalid escape sequence '\d'
[2026-02-02T16:43:27.918+0000] {logging_mixin.py:188} WARNING - /home/airflow/.local/lib/python3.12/site-packages/azure/synapse/artifacts/models/_models_py3.py:6437 SyntaxWarning: invalid escape sequence '\d'
[2026-02-02T16:43:27.920+0000] {logging_mixin.py:188} WARNING - /home/airflow/.local/lib/python3.12/site-packages/azure/synapse/artifacts/models/_models_py3.py:6497 SyntaxWarning: invalid escape sequence '\d'
[2026-02-02T16:43:27.922+0000] {logging_mixin.py:188} WARNING - /home/airflow/.local/lib/python3.12/site-packages/azure/synapse/artifacts/models/_models_py3.py:6538 SyntaxWarning: invalid escape sequence '\d'
[2026-02-02T16:43:27.924+0000] {logging_mixin.py:188} WARNING - /home/airflow/.local/lib/python3.12/site-packages/azure/synapse/artifacts/models/_models_py3.py:6588 SyntaxWarning: invalid escape sequence '\d'
[2026-02-02T16:43:27.927+0000] {logging_mixin.py:188} WARNING - /home/airflow/.local/lib/python3.12/site-packages/azure/synapse/artifacts/models/_models_py3.py:7023 SyntaxWarning: invalid escape sequence '\d'
[2026-02-02T16:43:27.928+0000] {logging_mixin.py:188} WARNING - /home/airflow/.local/lib/python3.12/site-packages/azure/synapse/artifacts/models/_models_py3.py:7096 SyntaxWarning: invalid escape sequence '\d'
[2026-02-02T16:43:27.930+0000] {logging_mixin.py:188} WARNING - /home/airflow/.local/lib/python3.12/site-packages/azure/synapse/artifacts/models/_models_py3.py:7267 SyntaxWarning: invalid escape sequence '\d'
[2026-02-02T16:43:27.932+0000] {logging_mixin.py:188} WARNING - /home/airflow/.local/lib/python3.12/site-packages/azure/synapse/artifacts/models/_models_py3.py:7333 SyntaxWarning: invalid escape sequence '\d'
[2026-02-02T16:43:27.933+0000] {logging_mixin.py:188} WARNING - /home/airflow/.local/lib/python3.12/site-packages/azure/synapse/artifacts/models/_models_py3.py:7378 SyntaxWarning: invalid escape sequence '\d'
[2026-02-02T16:43:27.934+0000] {logging_mixin.py:188} WARNING - /home/airflow/.local/lib/python3.12/site-packages/azure/synapse/artifacts/models/_models_py3.py:7440 SyntaxWarning: invalid escape sequence '\d'
[2026-02-02T16:43:27.937+0000] {logging_mixin.py:188} WARNING - /home/airflow/.local/lib/python3.12/site-packages/azure/synapse/artifacts/models/_models_py3.py:8222 SyntaxWarning: invalid escape sequence '\d'
[2026-02-02T16:43:27.938+0000] {logging_mixin.py:188} WARNING - /home/airflow/.local/lib/python3.12/site-packages/azure/synapse/artifacts/models/_models_py3.py:8282 SyntaxWarning: invalid escape sequence '\d'
[2026-02-02T16:43:27.939+0000] {logging_mixin.py:188} WARNING - /home/airflow/.local/lib/python3.12/site-packages/azure/synapse/artifacts/models/_models_py3.py:8322 SyntaxWarning: invalid escape sequence '\d'
[2026-02-02T16:43:27.940+0000] {logging_mixin.py:188} WARNING - /home/airflow/.local/lib/python3.12/site-packages/azure/synapse/artifacts/models/_models_py3.py:8368 SyntaxWarning: invalid escape sequence '\d'
[2026-02-02T16:43:27.945+0000] {logging_mixin.py:188} WARNING - /home/airflow/.local/lib/python3.12/site-packages/azure/synapse/artifacts/models/_models_py3.py:9475 SyntaxWarning: invalid escape sequence '\d'
[2026-02-02T16:43:27.947+0000] {logging_mixin.py:188} WARNING - /home/airflow/.local/lib/python3.12/site-packages/azure/synapse/artifacts/models/_models_py3.py:9531 SyntaxWarning: invalid escape sequence '\d'
[2026-02-02T16:43:27.953+0000] {logging_mixin.py:188} WARNING - /home/airflow/.local/lib/python3.12/site-packages/azure/synapse/artifacts/models/_models_py3.py:10532 SyntaxWarning: invalid escape sequence '\d'
[2026-02-02T16:43:27.955+0000] {logging_mixin.py:188} WARNING - /home/airflow/.local/lib/python3.12/site-packages/azure/synapse/artifacts/models/_models_py3.py:10588 SyntaxWarning: invalid escape sequence '\d'
[2026-02-02T16:43:27.956+0000] {logging_mixin.py:188} WARNING - /home/airflow/.local/lib/python3.12/site-packages/azure/synapse/artifacts/models/_models_py3.py:10625 SyntaxWarning: invalid escape sequence '\d'
[2026-02-02T16:43:27.958+0000] {logging_mixin.py:188} WARNING - /home/airflow/.local/lib/python3.12/site-packages/azure/synapse/artifacts/models/_models_py3.py:10680 SyntaxWarning: invalid escape sequence '\d'
[2026-02-02T16:43:27.963+0000] {logging_mixin.py:188} WARNING - /home/airflow/.local/lib/python3.12/site-packages/azure/synapse/artifacts/models/_models_py3.py:10923 SyntaxWarning: invalid escape sequence '\d'
[2026-02-02T16:43:27.965+0000] {logging_mixin.py:188} WARNING - /home/airflow/.local/lib/python3.12/site-packages/azure/synapse/artifacts/models/_models_py3.py:10979 SyntaxWarning: invalid escape sequence '\d'
[2026-02-02T16:43:27.967+0000] {logging_mixin.py:188} WARNING - /home/airflow/.local/lib/python3.12/site-packages/azure/synapse/artifacts/models/_models_py3.py:11016 SyntaxWarning: invalid escape sequence '\d'
[2026-02-02T16:43:27.968+0000] {logging_mixin.py:188} WARNING - /home/airflow/.local/lib/python3.12/site-packages/azure/synapse/artifacts/models/_models_py3.py:11072 SyntaxWarning: invalid escape sequence '\d'
[2026-02-02T16:43:27.970+0000] {logging_mixin.py:188} WARNING - /home/airflow/.local/lib/python3.12/site-packages/azure/synapse/artifacts/models/_models_py3.py:11231 SyntaxWarning: invalid escape sequence '\d'
[2026-02-02T16:43:27.973+0000] {logging_mixin.py:188} WARNING - /home/airflow/.local/lib/python3.12/site-packages/azure/synapse/artifacts/models/_models_py3.py:11282 SyntaxWarning: invalid escape sequence '\d'
[2026-02-02T16:43:27.975+0000] {logging_mixin.py:188} WARNING - /home/airflow/.local/lib/python3.12/site-packages/azure/synapse/artifacts/models/_models_py3.py:11420 SyntaxWarning: invalid escape sequence '\d'
[2026-02-02T16:43:27.976+0000] {logging_mixin.py:188} WARNING - /home/airflow/.local/lib/python3.12/site-packages/azure/synapse/artifacts/models/_models_py3.py:11477 SyntaxWarning: invalid escape sequence '\d'
[2026-02-02T16:43:27.980+0000] {logging_mixin.py:188} WARNING - /home/airflow/.local/lib/python3.12/site-packages/azure/synapse/artifacts/models/_models_py3.py:12300 SyntaxWarning: invalid escape sequence '\d'
[2026-02-02T16:43:27.982+0000] {logging_mixin.py:188} WARNING - /home/airflow/.local/lib/python3.12/site-packages/azure/synapse/artifacts/models/_models_py3.py:12383 SyntaxWarning: invalid escape sequence '\d'
[2026-02-02T16:43:27.983+0000] {logging_mixin.py:188} WARNING - /home/airflow/.local/lib/python3.12/site-packages/azure/synapse/artifacts/models/_models_py3.py:12439 SyntaxWarning: invalid escape sequence '\d'
[2026-02-02T16:43:27.985+0000] {logging_mixin.py:188} WARNING - /home/airflow/.local/lib/python3.12/site-packages/azure/synapse/artifacts/models/_models_py3.py:12524 SyntaxWarning: invalid escape sequence '\d'
[2026-02-02T16:43:27.989+0000] {logging_mixin.py:188} WARNING - /home/airflow/.local/lib/python3.12/site-packages/azure/synapse/artifacts/models/_models_py3.py:13019 SyntaxWarning: invalid escape sequence '\d'
[2026-02-02T16:43:27.991+0000] {logging_mixin.py:188} WARNING - /home/airflow/.local/lib/python3.12/site-packages/azure/synapse/artifacts/models/_models_py3.py:13090 SyntaxWarning: invalid escape sequence '\d'
[2026-02-02T16:43:27.993+0000] {logging_mixin.py:188} WARNING - /home/airflow/.local/lib/python3.12/site-packages/azure/synapse/artifacts/models/_models_py3.py:13139 SyntaxWarning: invalid escape sequence '\d'
[2026-02-02T16:43:27.995+0000] {logging_mixin.py:188} WARNING - /home/airflow/.local/lib/python3.12/site-packages/azure/synapse/artifacts/models/_models_py3.py:13200 SyntaxWarning: invalid escape sequence '\d'
[2026-02-02T16:43:27.998+0000] {logging_mixin.py:188} WARNING - /home/airflow/.local/lib/python3.12/site-packages/azure/synapse/artifacts/models/_models_py3.py:13886 SyntaxWarning: invalid escape sequence '\d'
[2026-02-02T16:43:28.000+0000] {logging_mixin.py:188} WARNING - /home/airflow/.local/lib/python3.12/site-packages/azure/synapse/artifacts/models/_models_py3.py:13941 SyntaxWarning: invalid escape sequence '\d'
[2026-02-02T16:43:28.003+0000] {logging_mixin.py:188} WARNING - /home/airflow/.local/lib/python3.12/site-packages/azure/synapse/artifacts/models/_models_py3.py:13977 SyntaxWarning: invalid escape sequence '\d'
[2026-02-02T16:43:28.006+0000] {logging_mixin.py:188} WARNING - /home/airflow/.local/lib/python3.12/site-packages/azure/synapse/artifacts/models/_models_py3.py:14026 SyntaxWarning: invalid escape sequence '\d'
[2026-02-02T16:43:28.009+0000] {logging_mixin.py:188} WARNING - /home/airflow/.local/lib/python3.12/site-packages/azure/synapse/artifacts/models/_models_py3.py:14318 SyntaxWarning: invalid escape sequence '\d'
[2026-02-02T16:43:28.012+0000] {logging_mixin.py:188} WARNING - /home/airflow/.local/lib/python3.12/site-packages/azure/synapse/artifacts/models/_models_py3.py:14388 SyntaxWarning: invalid escape sequence '\d'
[2026-02-02T16:43:28.013+0000] {logging_mixin.py:188} WARNING - /home/airflow/.local/lib/python3.12/site-packages/azure/synapse/artifacts/models/_models_py3.py:14436 SyntaxWarning: invalid escape sequence '\d'
[2026-02-02T16:43:28.015+0000] {logging_mixin.py:188} WARNING - /home/airflow/.local/lib/python3.12/site-packages/azure/synapse/artifacts/models/_models_py3.py:14492 SyntaxWarning: invalid escape sequence '\d'
[2026-02-02T16:43:28.018+0000] {logging_mixin.py:188} WARNING - /home/airflow/.local/lib/python3.12/site-packages/azure/synapse/artifacts/models/_models_py3.py:14744 SyntaxWarning: invalid escape sequence '\d'
[2026-02-02T16:43:28.020+0000] {logging_mixin.py:188} WARNING - /home/airflow/.local/lib/python3.12/site-packages/azure/synapse/artifacts/models/_models_py3.py:14810 SyntaxWarning: invalid escape sequence '\d'
[2026-02-02T16:43:28.024+0000] {logging_mixin.py:188} WARNING - /home/airflow/.local/lib/python3.12/site-packages/azure/synapse/artifacts/models/_models_py3.py:15415 SyntaxWarning: invalid escape sequence '\d'
[2026-02-02T16:43:28.026+0000] {logging_mixin.py:188} WARNING - /home/airflow/.local/lib/python3.12/site-packages/azure/synapse/artifacts/models/_models_py3.py:15482 SyntaxWarning: invalid escape sequence '\d'
[2026-02-02T16:43:28.028+0000] {logging_mixin.py:188} WARNING - /home/airflow/.local/lib/python3.12/site-packages/azure/synapse/artifacts/models/_models_py3.py:15527 SyntaxWarning: invalid escape sequence '\d'
[2026-02-02T16:43:28.030+0000] {logging_mixin.py:188} WARNING - /home/airflow/.local/lib/python3.12/site-packages/azure/synapse/artifacts/models/_models_py3.py:15578 SyntaxWarning: invalid escape sequence '\d'
[2026-02-02T16:43:28.033+0000] {logging_mixin.py:188} WARNING - /home/airflow/.local/lib/python3.12/site-packages/azure/synapse/artifacts/models/_models_py3.py:15897 SyntaxWarning: invalid escape sequence '\d'
[2026-02-02T16:43:28.036+0000] {logging_mixin.py:188} WARNING - /home/airflow/.local/lib/python3.12/site-packages/azure/synapse/artifacts/models/_models_py3.py:15953 SyntaxWarning: invalid escape sequence '\d'
[2026-02-02T16:43:28.040+0000] {logging_mixin.py:188} WARNING - /home/airflow/.local/lib/python3.12/site-packages/azure/synapse/artifacts/models/_models_py3.py:16617 SyntaxWarning: invalid escape sequence '\d'
[2026-02-02T16:43:28.043+0000] {logging_mixin.py:188} WARNING - /home/airflow/.local/lib/python3.12/site-packages/azure/synapse/artifacts/models/_models_py3.py:16674 SyntaxWarning: invalid escape sequence '\d'
[2026-02-02T16:43:28.046+0000] {logging_mixin.py:188} WARNING - /home/airflow/.local/lib/python3.12/site-packages/azure/synapse/artifacts/models/_models_py3.py:16712 SyntaxWarning: invalid escape sequence '\d'
[2026-02-02T16:43:28.049+0000] {logging_mixin.py:188} WARNING - /home/airflow/.local/lib/python3.12/site-packages/azure/synapse/artifacts/models/_models_py3.py:16780 SyntaxWarning: invalid escape sequence '\d'
[2026-02-02T16:43:28.052+0000] {logging_mixin.py:188} WARNING - /home/airflow/.local/lib/python3.12/site-packages/azure/synapse/artifacts/models/_models_py3.py:16932 SyntaxWarning: invalid escape sequence '\d'
[2026-02-02T16:43:28.055+0000] {logging_mixin.py:188} WARNING - /home/airflow/.local/lib/python3.12/site-packages/azure/synapse/artifacts/models/_models_py3.py:16988 SyntaxWarning: invalid escape sequence '\d'
[2026-02-02T16:43:28.057+0000] {logging_mixin.py:188} WARNING - /home/airflow/.local/lib/python3.12/site-packages/azure/synapse/artifacts/models/_models_py3.py:17025 SyntaxWarning: invalid escape sequence '\d'
[2026-02-02T16:43:28.060+0000] {logging_mixin.py:188} WARNING - /home/airflow/.local/lib/python3.12/site-packages/azure/synapse/artifacts/models/_models_py3.py:17090 SyntaxWarning: invalid escape sequence '\d'
[2026-02-02T16:43:28.063+0000] {logging_mixin.py:188} WARNING - /home/airflow/.local/lib/python3.12/site-packages/azure/synapse/artifacts/models/_models_py3.py:17228 SyntaxWarning: invalid escape sequence '\d'
[2026-02-02T16:43:28.066+0000] {logging_mixin.py:188} WARNING - /home/airflow/.local/lib/python3.12/site-packages/azure/synapse/artifacts/models/_models_py3.py:17284 SyntaxWarning: invalid escape sequence '\d'
[2026-02-02T16:43:28.077+0000] {logging_mixin.py:188} WARNING - /home/airflow/.local/lib/python3.12/site-packages/azure/synapse/artifacts/models/_models_py3.py:20234 SyntaxWarning: invalid escape sequence '\d'
[2026-02-02T16:43:28.079+0000] {logging_mixin.py:188} WARNING - /home/airflow/.local/lib/python3.12/site-packages/azure/synapse/artifacts/models/_models_py3.py:20289 SyntaxWarning: invalid escape sequence '\d'
[2026-02-02T16:43:28.084+0000] {logging_mixin.py:188} WARNING - /home/airflow/.local/lib/python3.12/site-packages/azure/synapse/artifacts/models/_models_py3.py:20862 SyntaxWarning: invalid escape sequence '\d'
[2026-02-02T16:43:28.086+0000] {logging_mixin.py:188} WARNING - /home/airflow/.local/lib/python3.12/site-packages/azure/synapse/artifacts/models/_models_py3.py:20921 SyntaxWarning: invalid escape sequence '\d'
[2026-02-02T16:43:28.087+0000] {logging_mixin.py:188} WARNING - /home/airflow/.local/lib/python3.12/site-packages/azure/synapse/artifacts/models/_models_py3.py:20960 SyntaxWarning: invalid escape sequence '\d'
[2026-02-02T16:43:28.089+0000] {logging_mixin.py:188} WARNING - /home/airflow/.local/lib/python3.12/site-packages/azure/synapse/artifacts/models/_models_py3.py:21014 SyntaxWarning: invalid escape sequence '\d'
[2026-02-02T16:43:28.101+0000] {logging_mixin.py:188} WARNING - /home/airflow/.local/lib/python3.12/site-packages/azure/synapse/artifacts/models/_models_py3.py:21316 SyntaxWarning: invalid escape sequence '\d'
[2026-02-02T16:43:28.102+0000] {logging_mixin.py:188} WARNING - /home/airflow/.local/lib/python3.12/site-packages/azure/synapse/artifacts/models/_models_py3.py:21377 SyntaxWarning: invalid escape sequence '\d'
[2026-02-02T16:43:28.105+0000] {logging_mixin.py:188} WARNING - /home/airflow/.local/lib/python3.12/site-packages/azure/synapse/artifacts/models/_models_py3.py:21418 SyntaxWarning: invalid escape sequence '\d'
[2026-02-02T16:43:28.107+0000] {logging_mixin.py:188} WARNING - /home/airflow/.local/lib/python3.12/site-packages/azure/synapse/artifacts/models/_models_py3.py:21478 SyntaxWarning: invalid escape sequence '\d'
[2026-02-02T16:43:28.111+0000] {logging_mixin.py:188} WARNING - /home/airflow/.local/lib/python3.12/site-packages/azure/synapse/artifacts/models/_models_py3.py:21612 SyntaxWarning: invalid escape sequence '\d'
[2026-02-02T16:43:28.112+0000] {logging_mixin.py:188} WARNING - /home/airflow/.local/lib/python3.12/site-packages/azure/synapse/artifacts/models/_models_py3.py:21668 SyntaxWarning: invalid escape sequence '\d'
[2026-02-02T16:43:28.118+0000] {logging_mixin.py:188} WARNING - /home/airflow/.local/lib/python3.12/site-packages/azure/synapse/artifacts/models/_models_py3.py:22155 SyntaxWarning: invalid escape sequence '\d'
[2026-02-02T16:43:28.120+0000] {logging_mixin.py:188} WARNING - /home/airflow/.local/lib/python3.12/site-packages/azure/synapse/artifacts/models/_models_py3.py:22218 SyntaxWarning: invalid escape sequence '\d'
[2026-02-02T16:43:28.123+0000] {logging_mixin.py:188} WARNING - /home/airflow/.local/lib/python3.12/site-packages/azure/synapse/artifacts/models/_models_py3.py:22559 SyntaxWarning: invalid escape sequence '\d'
[2026-02-02T16:43:28.125+0000] {logging_mixin.py:188} WARNING - /home/airflow/.local/lib/python3.12/site-packages/azure/synapse/artifacts/models/_models_py3.py:22626 SyntaxWarning: invalid escape sequence '\d'
[2026-02-02T16:43:28.127+0000] {logging_mixin.py:188} WARNING - /home/airflow/.local/lib/python3.12/site-packages/azure/synapse/artifacts/models/_models_py3.py:22671 SyntaxWarning: invalid escape sequence '\d'
[2026-02-02T16:43:28.128+0000] {logging_mixin.py:188} WARNING - /home/airflow/.local/lib/python3.12/site-packages/azure/synapse/artifacts/models/_models_py3.py:22722 SyntaxWarning: invalid escape sequence '\d'
[2026-02-02T16:43:28.131+0000] {logging_mixin.py:188} WARNING - /home/airflow/.local/lib/python3.12/site-packages/azure/synapse/artifacts/models/_models_py3.py:23061 SyntaxWarning: invalid escape sequence '\d'
[2026-02-02T16:43:28.133+0000] {logging_mixin.py:188} WARNING - /home/airflow/.local/lib/python3.12/site-packages/azure/synapse/artifacts/models/_models_py3.py:23128 SyntaxWarning: invalid escape sequence '\d'
[2026-02-02T16:43:28.135+0000] {logging_mixin.py:188} WARNING - /home/airflow/.local/lib/python3.12/site-packages/azure/synapse/artifacts/models/_models_py3.py:23173 SyntaxWarning: invalid escape sequence '\d'
[2026-02-02T16:43:28.137+0000] {logging_mixin.py:188} WARNING - /home/airflow/.local/lib/python3.12/site-packages/azure/synapse/artifacts/models/_models_py3.py:23224 SyntaxWarning: invalid escape sequence '\d'
[2026-02-02T16:43:28.139+0000] {logging_mixin.py:188} WARNING - /home/airflow/.local/lib/python3.12/site-packages/azure/synapse/artifacts/models/_models_py3.py:23511 SyntaxWarning: invalid escape sequence '\d'
[2026-02-02T16:43:28.141+0000] {logging_mixin.py:188} WARNING - /home/airflow/.local/lib/python3.12/site-packages/azure/synapse/artifacts/models/_models_py3.py:23567 SyntaxWarning: invalid escape sequence '\d'
[2026-02-02T16:43:28.144+0000] {logging_mixin.py:188} WARNING - /home/airflow/.local/lib/python3.12/site-packages/azure/synapse/artifacts/models/_models_py3.py:23968 SyntaxWarning: invalid escape sequence '\d'
[2026-02-02T16:43:28.147+0000] {logging_mixin.py:188} WARNING - /home/airflow/.local/lib/python3.12/site-packages/azure/synapse/artifacts/models/_models_py3.py:24018 SyntaxWarning: invalid escape sequence '\d'
[2026-02-02T16:43:28.153+0000] {logging_mixin.py:188} WARNING - /home/airflow/.local/lib/python3.12/site-packages/azure/synapse/artifacts/models/_models_py3.py:25343 SyntaxWarning: invalid escape sequence '\d'
[2026-02-02T16:43:28.155+0000] {logging_mixin.py:188} WARNING - /home/airflow/.local/lib/python3.12/site-packages/azure/synapse/artifacts/models/_models_py3.py:25398 SyntaxWarning: invalid escape sequence '\d'
[2026-02-02T16:43:28.157+0000] {logging_mixin.py:188} WARNING - /home/airflow/.local/lib/python3.12/site-packages/azure/synapse/artifacts/models/_models_py3.py:25434 SyntaxWarning: invalid escape sequence '\d'
[2026-02-02T16:43:28.159+0000] {logging_mixin.py:188} WARNING - /home/airflow/.local/lib/python3.12/site-packages/azure/synapse/artifacts/models/_models_py3.py:25485 SyntaxWarning: invalid escape sequence '\d'
[2026-02-02T16:43:28.165+0000] {logging_mixin.py:188} WARNING - /home/airflow/.local/lib/python3.12/site-packages/azure/synapse/artifacts/models/_models_py3.py:26723 SyntaxWarning: invalid escape sequence '\d'
[2026-02-02T16:43:28.167+0000] {logging_mixin.py:188} WARNING - /home/airflow/.local/lib/python3.12/site-packages/azure/synapse/artifacts/models/_models_py3.py:26779 SyntaxWarning: invalid escape sequence '\d'
[2026-02-02T16:43:28.170+0000] {logging_mixin.py:188} WARNING - /home/airflow/.local/lib/python3.12/site-packages/azure/synapse/artifacts/models/_models_py3.py:27121 SyntaxWarning: invalid escape sequence '\d'
[2026-02-02T16:43:28.172+0000] {logging_mixin.py:188} WARNING - /home/airflow/.local/lib/python3.12/site-packages/azure/synapse/artifacts/models/_models_py3.py:27177 SyntaxWarning: invalid escape sequence '\d'
[2026-02-02T16:43:28.174+0000] {logging_mixin.py:188} WARNING - /home/airflow/.local/lib/python3.12/site-packages/azure/synapse/artifacts/models/_models_py3.py:27461 SyntaxWarning: invalid escape sequence '\d'
[2026-02-02T16:43:28.176+0000] {logging_mixin.py:188} WARNING - /home/airflow/.local/lib/python3.12/site-packages/azure/synapse/artifacts/models/_models_py3.py:27517 SyntaxWarning: invalid escape sequence '\d'
[2026-02-02T16:43:28.179+0000] {logging_mixin.py:188} WARNING - /home/airflow/.local/lib/python3.12/site-packages/azure/synapse/artifacts/models/_models_py3.py:28053 SyntaxWarning: invalid escape sequence '\d'
[2026-02-02T16:43:28.181+0000] {logging_mixin.py:188} WARNING - /home/airflow/.local/lib/python3.12/site-packages/azure/synapse/artifacts/models/_models_py3.py:28109 SyntaxWarning: invalid escape sequence '\d'
[2026-02-02T16:43:28.184+0000] {logging_mixin.py:188} WARNING - /home/airflow/.local/lib/python3.12/site-packages/azure/synapse/artifacts/models/_models_py3.py:28536 SyntaxWarning: invalid escape sequence '\d'
[2026-02-02T16:43:28.186+0000] {logging_mixin.py:188} WARNING - /home/airflow/.local/lib/python3.12/site-packages/azure/synapse/artifacts/models/_models_py3.py:28592 SyntaxWarning: invalid escape sequence '\d'
[2026-02-02T16:43:28.188+0000] {logging_mixin.py:188} WARNING - /home/airflow/.local/lib/python3.12/site-packages/azure/synapse/artifacts/models/_models_py3.py:28932 SyntaxWarning: invalid escape sequence '\d'
[2026-02-02T16:43:28.191+0000] {logging_mixin.py:188} WARNING - /home/airflow/.local/lib/python3.12/site-packages/azure/synapse/artifacts/models/_models_py3.py:28982 SyntaxWarning: invalid escape sequence '\d'
[2026-02-02T16:43:28.198+0000] {logging_mixin.py:188} WARNING - /home/airflow/.local/lib/python3.12/site-packages/azure/synapse/artifacts/models/_models_py3.py:30727 SyntaxWarning: invalid escape sequence '\d'
[2026-02-02T16:43:28.200+0000] {logging_mixin.py:188} WARNING - /home/airflow/.local/lib/python3.12/site-packages/azure/synapse/artifacts/models/_models_py3.py:30783 SyntaxWarning: invalid escape sequence '\d'
[2026-02-02T16:43:28.202+0000] {logging_mixin.py:188} WARNING - /home/airflow/.local/lib/python3.12/site-packages/azure/synapse/artifacts/models/_models_py3.py:31296 SyntaxWarning: invalid escape sequence '\d'
[2026-02-02T16:43:28.204+0000] {logging_mixin.py:188} WARNING - /home/airflow/.local/lib/python3.12/site-packages/azure/synapse/artifacts/models/_models_py3.py:31344 SyntaxWarning: invalid escape sequence '\d'
[2026-02-02T16:43:28.210+0000] {logging_mixin.py:188} WARNING - /home/airflow/.local/lib/python3.12/site-packages/azure/synapse/artifacts/models/_models_py3.py:31617 SyntaxWarning: invalid escape sequence '\d'
[2026-02-02T16:43:28.212+0000] {logging_mixin.py:188} WARNING - /home/airflow/.local/lib/python3.12/site-packages/azure/synapse/artifacts/models/_models_py3.py:31673 SyntaxWarning: invalid escape sequence '\d'
[2026-02-02T16:43:28.216+0000] {logging_mixin.py:188} WARNING - /home/airflow/.local/lib/python3.12/site-packages/azure/synapse/artifacts/models/_models_py3.py:32120 SyntaxWarning: invalid escape sequence '\d'
[2026-02-02T16:43:28.218+0000] {logging_mixin.py:188} WARNING - /home/airflow/.local/lib/python3.12/site-packages/azure/synapse/artifacts/models/_models_py3.py:32176 SyntaxWarning: invalid escape sequence '\d'
[2026-02-02T16:43:28.219+0000] {logging_mixin.py:188} WARNING - /home/airflow/.local/lib/python3.12/site-packages/azure/synapse/artifacts/models/_models_py3.py:32339 SyntaxWarning: invalid escape sequence '\d'
[2026-02-02T16:43:28.221+0000] {logging_mixin.py:188} WARNING - /home/airflow/.local/lib/python3.12/site-packages/azure/synapse/artifacts/models/_models_py3.py:32395 SyntaxWarning: invalid escape sequence '\d'
[2026-02-02T16:43:28.222+0000] {logging_mixin.py:188} WARNING - /home/airflow/.local/lib/python3.12/site-packages/azure/synapse/artifacts/models/_models_py3.py:32432 SyntaxWarning: invalid escape sequence '\d'
[2026-02-02T16:43:28.224+0000] {logging_mixin.py:188} WARNING - /home/airflow/.local/lib/python3.12/site-packages/azure/synapse/artifacts/models/_models_py3.py:32487 SyntaxWarning: invalid escape sequence '\d'
[2026-02-02T16:43:28.228+0000] {logging_mixin.py:188} WARNING - /home/airflow/.local/lib/python3.12/site-packages/azure/synapse/artifacts/models/_models_py3.py:33502 SyntaxWarning: invalid escape sequence '\d'
[2026-02-02T16:43:28.229+0000] {logging_mixin.py:188} WARNING - /home/airflow/.local/lib/python3.12/site-packages/azure/synapse/artifacts/models/_models_py3.py:33558 SyntaxWarning: invalid escape sequence '\d'
[2026-02-02T16:43:28.231+0000] {logging_mixin.py:188} WARNING - /home/airflow/.local/lib/python3.12/site-packages/azure/synapse/artifacts/models/_models_py3.py:33869 SyntaxWarning: invalid escape sequence '\d'
[2026-02-02T16:43:28.233+0000] {logging_mixin.py:188} WARNING - /home/airflow/.local/lib/python3.12/site-packages/azure/synapse/artifacts/models/_models_py3.py:33928 SyntaxWarning: invalid escape sequence '\d'
[2026-02-02T16:43:28.234+0000] {logging_mixin.py:188} WARNING - /home/airflow/.local/lib/python3.12/site-packages/azure/synapse/artifacts/models/_models_py3.py:33967 SyntaxWarning: invalid escape sequence '\d'
[2026-02-02T16:43:28.236+0000] {logging_mixin.py:188} WARNING - /home/airflow/.local/lib/python3.12/site-packages/azure/synapse/artifacts/models/_models_py3.py:34021 SyntaxWarning: invalid escape sequence '\d'
[2026-02-02T16:43:28.239+0000] {logging_mixin.py:188} WARNING - /home/airflow/.local/lib/python3.12/site-packages/azure/synapse/artifacts/models/_models_py3.py:34739 SyntaxWarning: invalid escape sequence '\d'
[2026-02-02T16:43:28.242+0000] {logging_mixin.py:188} WARNING - /home/airflow/.local/lib/python3.12/site-packages/azure/synapse/artifacts/models/_models_py3.py:34806 SyntaxWarning: invalid escape sequence '\d'
[2026-02-02T16:43:28.243+0000] {logging_mixin.py:188} WARNING - /home/airflow/.local/lib/python3.12/site-packages/azure/synapse/artifacts/models/_models_py3.py:34852 SyntaxWarning: invalid escape sequence '\d'
[2026-02-02T16:43:28.245+0000] {logging_mixin.py:188} WARNING - /home/airflow/.local/lib/python3.12/site-packages/azure/synapse/artifacts/models/_models_py3.py:34908 SyntaxWarning: invalid escape sequence '\d'
[2026-02-02T16:43:28.250+0000] {logging_mixin.py:188} WARNING - /home/airflow/.local/lib/python3.12/site-packages/azure/synapse/artifacts/models/_models_py3.py:36915 SyntaxWarning: invalid escape sequence '\d'
[2026-02-02T16:43:28.253+0000] {logging_mixin.py:188} WARNING - /home/airflow/.local/lib/python3.12/site-packages/azure/synapse/artifacts/models/_models_py3.py:36971 SyntaxWarning: invalid escape sequence '\d'
[2026-02-02T16:43:28.255+0000] {logging_mixin.py:188} WARNING - /home/airflow/.local/lib/python3.12/site-packages/azure/synapse/artifacts/models/_models_py3.py:37417 SyntaxWarning: invalid escape sequence '\d'
[2026-02-02T16:43:28.260+0000] {logging_mixin.py:188} WARNING - /home/airflow/.local/lib/python3.12/site-packages/azure/synapse/artifacts/models/_models_py3.py:37473 SyntaxWarning: invalid escape sequence '\d'
[2026-02-02T16:43:28.262+0000] {logging_mixin.py:188} WARNING - /home/airflow/.local/lib/python3.12/site-packages/azure/synapse/artifacts/models/_models_py3.py:37845 SyntaxWarning: invalid escape sequence '\d'
[2026-02-02T16:43:28.264+0000] {logging_mixin.py:188} WARNING - /home/airflow/.local/lib/python3.12/site-packages/azure/synapse/artifacts/models/_models_py3.py:37901 SyntaxWarning: invalid escape sequence '\d'
[2026-02-02T16:43:28.266+0000] {logging_mixin.py:188} WARNING - /home/airflow/.local/lib/python3.12/site-packages/azure/synapse/artifacts/models/_models_py3.py:38208 SyntaxWarning: invalid escape sequence '\d'
[2026-02-02T16:43:28.267+0000] {logging_mixin.py:188} WARNING - /home/airflow/.local/lib/python3.12/site-packages/azure/synapse/artifacts/models/_models_py3.py:38264 SyntaxWarning: invalid escape sequence '\d'
[2026-02-02T16:43:28.269+0000] {logging_mixin.py:188} WARNING - /home/airflow/.local/lib/python3.12/site-packages/azure/synapse/artifacts/models/_models_py3.py:38301 SyntaxWarning: invalid escape sequence '\d'
[2026-02-02T16:43:28.272+0000] {logging_mixin.py:188} WARNING - /home/airflow/.local/lib/python3.12/site-packages/azure/synapse/artifacts/models/_models_py3.py:38351 SyntaxWarning: invalid escape sequence '\d'
[2026-02-02T16:43:28.276+0000] {logging_mixin.py:188} WARNING - /home/airflow/.local/lib/python3.12/site-packages/azure/synapse/artifacts/models/_models_py3.py:38690 SyntaxWarning: invalid escape sequence '\d'
[2026-02-02T16:43:28.278+0000] {logging_mixin.py:188} WARNING - /home/airflow/.local/lib/python3.12/site-packages/azure/synapse/artifacts/models/_models_py3.py:38758 SyntaxWarning: invalid escape sequence '\d'
[2026-02-02T16:43:28.281+0000] {logging_mixin.py:188} WARNING - /home/airflow/.local/lib/python3.12/site-packages/azure/synapse/artifacts/models/_models_py3.py:39141 SyntaxWarning: invalid escape sequence '\d'
[2026-02-02T16:43:28.283+0000] {logging_mixin.py:188} WARNING - /home/airflow/.local/lib/python3.12/site-packages/azure/synapse/artifacts/models/_models_py3.py:39192 SyntaxWarning: invalid escape sequence '\d'
[2026-02-02T16:43:28.287+0000] {logging_mixin.py:188} WARNING - /home/airflow/.local/lib/python3.12/site-packages/azure/synapse/artifacts/models/_models_py3.py:39419 SyntaxWarning: invalid escape sequence '\d'
[2026-02-02T16:43:28.289+0000] {logging_mixin.py:188} WARNING - /home/airflow/.local/lib/python3.12/site-packages/azure/synapse/artifacts/models/_models_py3.py:39487 SyntaxWarning: invalid escape sequence '\d'
[2026-02-02T16:43:28.293+0000] {logging_mixin.py:188} WARNING - /home/airflow/.local/lib/python3.12/site-packages/azure/synapse/artifacts/models/_models_py3.py:39683 SyntaxWarning: invalid escape sequence '\d'
[2026-02-02T16:43:28.295+0000] {logging_mixin.py:188} WARNING - /home/airflow/.local/lib/python3.12/site-packages/azure/synapse/artifacts/models/_models_py3.py:39738 SyntaxWarning: invalid escape sequence '\d'
[2026-02-02T16:43:28.299+0000] {logging_mixin.py:188} WARNING - /home/airflow/.local/lib/python3.12/site-packages/azure/synapse/artifacts/models/_models_py3.py:40019 SyntaxWarning: invalid escape sequence '\d'
[2026-02-02T16:43:28.301+0000] {logging_mixin.py:188} WARNING - /home/airflow/.local/lib/python3.12/site-packages/azure/synapse/artifacts/models/_models_py3.py:40084 SyntaxWarning: invalid escape sequence '\d'
[2026-02-02T16:43:28.306+0000] {logging_mixin.py:188} WARNING - /home/airflow/.local/lib/python3.12/site-packages/azure/synapse/artifacts/models/_models_py3.py:41138 SyntaxWarning: invalid escape sequence '\d'
[2026-02-02T16:43:28.308+0000] {logging_mixin.py:188} WARNING - /home/airflow/.local/lib/python3.12/site-packages/azure/synapse/artifacts/models/_models_py3.py:41196 SyntaxWarning: invalid escape sequence '\d'
[2026-02-02T16:43:28.311+0000] {logging_mixin.py:188} WARNING - /home/airflow/.local/lib/python3.12/site-packages/azure/synapse/artifacts/models/_models_py3.py:41359 SyntaxWarning: invalid escape sequence '\d'
[2026-02-02T16:43:28.313+0000] {logging_mixin.py:188} WARNING - /home/airflow/.local/lib/python3.12/site-packages/azure/synapse/artifacts/models/_models_py3.py:41415 SyntaxWarning: invalid escape sequence '\d'
[2026-02-02T16:43:28.315+0000] {logging_mixin.py:188} WARNING - /home/airflow/.local/lib/python3.12/site-packages/azure/synapse/artifacts/models/_models_py3.py:41452 SyntaxWarning: invalid escape sequence '\d'
[2026-02-02T16:43:28.317+0000] {logging_mixin.py:188} WARNING - /home/airflow/.local/lib/python3.12/site-packages/azure/synapse/artifacts/models/_models_py3.py:41507 SyntaxWarning: invalid escape sequence '\d'
[2026-02-02T16:43:28.320+0000] {logging_mixin.py:188} WARNING - /home/airflow/.local/lib/python3.12/site-packages/azure/synapse/artifacts/models/_models_py3.py:41875 SyntaxWarning: invalid escape sequence '\d'
[2026-02-02T16:43:28.322+0000] {logging_mixin.py:188} WARNING - /home/airflow/.local/lib/python3.12/site-packages/azure/synapse/artifacts/models/_models_py3.py:41947 SyntaxWarning: invalid escape sequence '\d'
[2026-02-02T16:43:28.355+0000] {logging_mixin.py:188} WARNING - /home/airflow/.local/lib/python3.12/site-packages/azure/synapse/artifacts/models/_models_py3.py:42441 SyntaxWarning: invalid escape sequence '\d'
[2026-02-02T16:43:28.359+0000] {logging_mixin.py:188} WARNING - /home/airflow/.local/lib/python3.12/site-packages/azure/synapse/artifacts/models/_models_py3.py:42497 SyntaxWarning: invalid escape sequence '\d'
[2026-02-02T16:43:28.362+0000] {logging_mixin.py:188} WARNING - /home/airflow/.local/lib/python3.12/site-packages/azure/synapse/artifacts/models/_models_py3.py:42534 SyntaxWarning: invalid escape sequence '\d'
[2026-02-02T16:43:28.365+0000] {logging_mixin.py:188} WARNING - /home/airflow/.local/lib/python3.12/site-packages/azure/synapse/artifacts/models/_models_py3.py:42590 SyntaxWarning: invalid escape sequence '\d'
[2026-02-02T16:43:28.369+0000] {logging_mixin.py:188} WARNING - /home/airflow/.local/lib/python3.12/site-packages/azure/synapse/artifacts/models/_models_py3.py:42627 SyntaxWarning: invalid escape sequence '\d'
[2026-02-02T16:43:28.373+0000] {logging_mixin.py:188} WARNING - /home/airflow/.local/lib/python3.12/site-packages/azure/synapse/artifacts/models/_models_py3.py:42692 SyntaxWarning: invalid escape sequence '\d'
[2026-02-02T16:43:28.378+0000] {logging_mixin.py:188} WARNING - /home/airflow/.local/lib/python3.12/site-packages/azure/synapse/artifacts/models/_models_py3.py:43020 SyntaxWarning: invalid escape sequence '\d'
[2026-02-02T16:43:28.381+0000] {logging_mixin.py:188} WARNING - /home/airflow/.local/lib/python3.12/site-packages/azure/synapse/artifacts/models/_models_py3.py:43079 SyntaxWarning: invalid escape sequence '\d'
[2026-02-02T16:43:28.384+0000] {logging_mixin.py:188} WARNING - /home/airflow/.local/lib/python3.12/site-packages/azure/synapse/artifacts/models/_models_py3.py:43118 SyntaxWarning: invalid escape sequence '\d'
[2026-02-02T16:43:28.387+0000] {logging_mixin.py:188} WARNING - /home/airflow/.local/lib/python3.12/site-packages/azure/synapse/artifacts/models/_models_py3.py:43168 SyntaxWarning: invalid escape sequence '\d'
[2026-02-02T16:43:28.391+0000] {logging_mixin.py:188} WARNING - /home/airflow/.local/lib/python3.12/site-packages/azure/synapse/artifacts/models/_models_py3.py:43514 SyntaxWarning: invalid escape sequence '\d'
[2026-02-02T16:43:28.394+0000] {logging_mixin.py:188} WARNING - /home/airflow/.local/lib/python3.12/site-packages/azure/synapse/artifacts/models/_models_py3.py:43573 SyntaxWarning: invalid escape sequence '\d'
[2026-02-02T16:43:28.397+0000] {logging_mixin.py:188} WARNING - /home/airflow/.local/lib/python3.12/site-packages/azure/synapse/artifacts/models/_models_py3.py:43612 SyntaxWarning: invalid escape sequence '\d'
[2026-02-02T16:43:28.400+0000] {logging_mixin.py:188} WARNING - /home/airflow/.local/lib/python3.12/site-packages/azure/synapse/artifacts/models/_models_py3.py:43666 SyntaxWarning: invalid escape sequence '\d'
[2026-02-02T16:43:28.403+0000] {logging_mixin.py:188} WARNING - /home/airflow/.local/lib/python3.12/site-packages/azure/synapse/artifacts/models/_models_py3.py:43989 SyntaxWarning: invalid escape sequence '\d'
[2026-02-02T16:43:28.406+0000] {logging_mixin.py:188} WARNING - /home/airflow/.local/lib/python3.12/site-packages/azure/synapse/artifacts/models/_models_py3.py:44045 SyntaxWarning: invalid escape sequence '\d'
[2026-02-02T16:43:28.411+0000] {logging_mixin.py:188} WARNING - /home/airflow/.local/lib/python3.12/site-packages/azure/synapse/artifacts/models/_models_py3.py:44386 SyntaxWarning: invalid escape sequence '\d'
[2026-02-02T16:43:28.415+0000] {logging_mixin.py:188} WARNING - /home/airflow/.local/lib/python3.12/site-packages/azure/synapse/artifacts/models/_models_py3.py:44442 SyntaxWarning: invalid escape sequence '\d'
[2026-02-02T16:43:28.427+0000] {logging_mixin.py:188} WARNING - /home/airflow/.local/lib/python3.12/site-packages/azure/synapse/artifacts/models/_models_py3.py:45003 SyntaxWarning: invalid escape sequence '\d'
[2026-02-02T16:43:28.430+0000] {logging_mixin.py:188} WARNING - /home/airflow/.local/lib/python3.12/site-packages/azure/synapse/artifacts/models/_models_py3.py:45058 SyntaxWarning: invalid escape sequence '\d'
[2026-02-02T16:43:28.434+0000] {logging_mixin.py:188} WARNING - /home/airflow/.local/lib/python3.12/site-packages/azure/synapse/artifacts/models/_models_py3.py:45444 SyntaxWarning: invalid escape sequence '\d'
[2026-02-02T16:43:28.436+0000] {logging_mixin.py:188} WARNING - /home/airflow/.local/lib/python3.12/site-packages/azure/synapse/artifacts/models/_models_py3.py:45499 SyntaxWarning: invalid escape sequence '\d'
[2026-02-02T16:43:28.441+0000] {logging_mixin.py:188} WARNING - /home/airflow/.local/lib/python3.12/site-packages/azure/synapse/artifacts/models/_models_py3.py:46042 SyntaxWarning: invalid escape sequence '\d'
[2026-02-02T16:43:28.443+0000] {logging_mixin.py:188} WARNING - /home/airflow/.local/lib/python3.12/site-packages/azure/synapse/artifacts/models/_models_py3.py:46098 SyntaxWarning: invalid escape sequence '\d'
[2026-02-02T16:43:28.447+0000] {logging_mixin.py:188} WARNING - /home/airflow/.local/lib/python3.12/site-packages/azure/synapse/artifacts/models/_models_py3.py:46702 SyntaxWarning: invalid escape sequence '\d'
[2026-02-02T16:43:28.449+0000] {logging_mixin.py:188} WARNING - /home/airflow/.local/lib/python3.12/site-packages/azure/synapse/artifacts/models/_models_py3.py:46758 SyntaxWarning: invalid escape sequence '\d'
[2026-02-02T16:43:28.452+0000] {logging_mixin.py:188} WARNING - /home/airflow/.local/lib/python3.12/site-packages/azure/synapse/artifacts/models/_models_py3.py:47000 SyntaxWarning: invalid escape sequence '\d'
[2026-02-02T16:43:28.454+0000] {logging_mixin.py:188} WARNING - /home/airflow/.local/lib/python3.12/site-packages/azure/synapse/artifacts/models/_models_py3.py:47050 SyntaxWarning: invalid escape sequence '\d'
[2026-02-02T16:43:28.460+0000] {logging_mixin.py:188} WARNING - /home/airflow/.local/lib/python3.12/site-packages/azure/synapse/artifacts/models/_models_py3.py:47648 SyntaxWarning: invalid escape sequence '\d'
[2026-02-02T16:43:28.463+0000] {logging_mixin.py:188} WARNING - /home/airflow/.local/lib/python3.12/site-packages/azure/synapse/artifacts/models/_models_py3.py:47704 SyntaxWarning: invalid escape sequence '\d'
[2026-02-02T16:43:28.467+0000] {logging_mixin.py:188} WARNING - /home/airflow/.local/lib/python3.12/site-packages/azure/synapse/artifacts/models/_models_py3.py:48113 SyntaxWarning: invalid escape sequence '\d'
[2026-02-02T16:43:28.470+0000] {logging_mixin.py:188} WARNING - /home/airflow/.local/lib/python3.12/site-packages/azure/synapse/artifacts/models/_models_py3.py:48190 SyntaxWarning: invalid escape sequence '\d'
[2026-02-02T16:43:28.472+0000] {logging_mixin.py:188} WARNING - /home/airflow/.local/lib/python3.12/site-packages/azure/synapse/artifacts/models/_models_py3.py:48244 SyntaxWarning: invalid escape sequence '\d'
[2026-02-02T16:43:28.475+0000] {logging_mixin.py:188} WARNING - /home/airflow/.local/lib/python3.12/site-packages/azure/synapse/artifacts/models/_models_py3.py:48321 SyntaxWarning: invalid escape sequence '\d'
[2026-02-02T16:43:28.482+0000] {logging_mixin.py:188} WARNING - /home/airflow/.local/lib/python3.12/site-packages/azure/synapse/artifacts/models/_models_py3.py:49499 SyntaxWarning: invalid escape sequence '\d'
[2026-02-02T16:43:28.484+0000] {logging_mixin.py:188} WARNING - /home/airflow/.local/lib/python3.12/site-packages/azure/synapse/artifacts/models/_models_py3.py:49555 SyntaxWarning: invalid escape sequence '\d'
[2026-02-02T16:43:28.490+0000] {logging_mixin.py:188} WARNING - /home/airflow/.local/lib/python3.12/site-packages/azure/synapse/artifacts/models/_models_py3.py:49932 SyntaxWarning: invalid escape sequence '\d'
[2026-02-02T16:43:28.493+0000] {logging_mixin.py:188} WARNING - /home/airflow/.local/lib/python3.12/site-packages/azure/synapse/artifacts/models/_models_py3.py:50002 SyntaxWarning: invalid escape sequence '\d'
[2026-02-02T16:43:28.496+0000] {logging_mixin.py:188} WARNING - /home/airflow/.local/lib/python3.12/site-packages/azure/synapse/artifacts/models/_models_py3.py:50052 SyntaxWarning: invalid escape sequence '\d'
[2026-02-02T16:43:28.499+0000] {logging_mixin.py:188} WARNING - /home/airflow/.local/lib/python3.12/site-packages/azure/synapse/artifacts/models/_models_py3.py:50107 SyntaxWarning: invalid escape sequence '\d'
[2026-02-02T16:43:28.502+0000] {logging_mixin.py:188} WARNING - /home/airflow/.local/lib/python3.12/site-packages/azure/synapse/artifacts/models/_models_py3.py:50379 SyntaxWarning: invalid escape sequence '\d'
[2026-02-02T16:43:28.505+0000] {logging_mixin.py:188} WARNING - /home/airflow/.local/lib/python3.12/site-packages/azure/synapse/artifacts/models/_models_py3.py:50449 SyntaxWarning: invalid escape sequence '\d'
[2026-02-02T16:43:28.508+0000] {logging_mixin.py:188} WARNING - /home/airflow/.local/lib/python3.12/site-packages/azure/synapse/artifacts/models/_models_py3.py:50499 SyntaxWarning: invalid escape sequence '\d'
[2026-02-02T16:43:28.511+0000] {logging_mixin.py:188} WARNING - /home/airflow/.local/lib/python3.12/site-packages/azure/synapse/artifacts/models/_models_py3.py:50554 SyntaxWarning: invalid escape sequence '\d'
[2026-02-02T16:43:28.513+0000] {logging_mixin.py:188} WARNING - /home/airflow/.local/lib/python3.12/site-packages/azure/synapse/artifacts/models/_models_py3.py:50590 SyntaxWarning: invalid escape sequence '\d'
[2026-02-02T16:43:28.516+0000] {logging_mixin.py:188} WARNING - /home/airflow/.local/lib/python3.12/site-packages/azure/synapse/artifacts/models/_models_py3.py:50660 SyntaxWarning: invalid escape sequence '\d'
[2026-02-02T16:43:28.519+0000] {logging_mixin.py:188} WARNING - /home/airflow/.local/lib/python3.12/site-packages/azure/synapse/artifacts/models/_models_py3.py:50710 SyntaxWarning: invalid escape sequence '\d'
[2026-02-02T16:43:28.522+0000] {logging_mixin.py:188} WARNING - /home/airflow/.local/lib/python3.12/site-packages/azure/synapse/artifacts/models/_models_py3.py:50770 SyntaxWarning: invalid escape sequence '\d'
[2026-02-02T16:43:28.525+0000] {logging_mixin.py:188} WARNING - /home/airflow/.local/lib/python3.12/site-packages/azure/synapse/artifacts/models/_models_py3.py:51046 SyntaxWarning: invalid escape sequence '\d'
[2026-02-02T16:43:28.528+0000] {logging_mixin.py:188} WARNING - /home/airflow/.local/lib/python3.12/site-packages/azure/synapse/artifacts/models/_models_py3.py:51116 SyntaxWarning: invalid escape sequence '\d'
[2026-02-02T16:43:28.530+0000] {logging_mixin.py:188} WARNING - /home/airflow/.local/lib/python3.12/site-packages/azure/synapse/artifacts/models/_models_py3.py:51166 SyntaxWarning: invalid escape sequence '\d'
[2026-02-02T16:43:28.533+0000] {logging_mixin.py:188} WARNING - /home/airflow/.local/lib/python3.12/site-packages/azure/synapse/artifacts/models/_models_py3.py:51226 SyntaxWarning: invalid escape sequence '\d'
[2026-02-02T16:43:28.536+0000] {logging_mixin.py:188} WARNING - /home/airflow/.local/lib/python3.12/site-packages/azure/synapse/artifacts/models/_models_py3.py:51485 SyntaxWarning: invalid escape sequence '\d'
[2026-02-02T16:43:28.539+0000] {logging_mixin.py:188} WARNING - /home/airflow/.local/lib/python3.12/site-packages/azure/synapse/artifacts/models/_models_py3.py:51540 SyntaxWarning: invalid escape sequence '\d'
[2026-02-02T16:43:28.543+0000] {logging_mixin.py:188} WARNING - /home/airflow/.local/lib/python3.12/site-packages/azure/synapse/artifacts/models/_models_py3.py:51787 SyntaxWarning: invalid escape sequence '\d'
[2026-02-02T16:43:28.546+0000] {logging_mixin.py:188} WARNING - /home/airflow/.local/lib/python3.12/site-packages/azure/synapse/artifacts/models/_models_py3.py:51851 SyntaxWarning: invalid escape sequence '\d'
[2026-02-02T16:43:28.548+0000] {logging_mixin.py:188} WARNING - /home/airflow/.local/lib/python3.12/site-packages/azure/synapse/artifacts/models/_models_py3.py:51895 SyntaxWarning: invalid escape sequence '\d'
[2026-02-02T16:43:28.551+0000] {logging_mixin.py:188} WARNING - /home/airflow/.local/lib/python3.12/site-packages/azure/synapse/artifacts/models/_models_py3.py:51958 SyntaxWarning: invalid escape sequence '\d'
[2026-02-02T16:43:28.555+0000] {logging_mixin.py:188} WARNING - /home/airflow/.local/lib/python3.12/site-packages/azure/synapse/artifacts/models/_models_py3.py:52212 SyntaxWarning: invalid escape sequence '\d'
[2026-02-02T16:43:28.557+0000] {logging_mixin.py:188} WARNING - /home/airflow/.local/lib/python3.12/site-packages/azure/synapse/artifacts/models/_models_py3.py:52275 SyntaxWarning: invalid escape sequence '\d'
[2026-02-02T16:43:28.560+0000] {logging_mixin.py:188} WARNING - /home/airflow/.local/lib/python3.12/site-packages/azure/synapse/artifacts/models/_models_py3.py:52463 SyntaxWarning: invalid escape sequence '\d'
[2026-02-02T16:43:28.563+0000] {logging_mixin.py:188} WARNING - /home/airflow/.local/lib/python3.12/site-packages/azure/synapse/artifacts/models/_models_py3.py:52532 SyntaxWarning: invalid escape sequence '\d'
[2026-02-02T16:43:28.568+0000] {logging_mixin.py:188} WARNING - /home/airflow/.local/lib/python3.12/site-packages/azure/synapse/artifacts/models/_models_py3.py:53040 SyntaxWarning: invalid escape sequence '\d'
[2026-02-02T16:43:28.571+0000] {logging_mixin.py:188} WARNING - /home/airflow/.local/lib/python3.12/site-packages/azure/synapse/artifacts/models/_models_py3.py:53111 SyntaxWarning: invalid escape sequence '\d'
[2026-02-02T16:43:28.574+0000] {logging_mixin.py:188} WARNING - /home/airflow/.local/lib/python3.12/site-packages/azure/synapse/artifacts/models/_models_py3.py:53334 SyntaxWarning: invalid escape sequence '\d'
[2026-02-02T16:43:28.576+0000] {logging_mixin.py:188} WARNING - /home/airflow/.local/lib/python3.12/site-packages/azure/synapse/artifacts/models/_models_py3.py:53407 SyntaxWarning: invalid escape sequence '\d'
[2026-02-02T16:43:28.580+0000] {logging_mixin.py:188} WARNING - /home/airflow/.local/lib/python3.12/site-packages/azure/synapse/artifacts/models/_models_py3.py:53961 SyntaxWarning: invalid escape sequence '\d'
[2026-02-02T16:43:28.584+0000] {logging_mixin.py:188} WARNING - /home/airflow/.local/lib/python3.12/site-packages/azure/synapse/artifacts/models/_models_py3.py:54059 SyntaxWarning: invalid escape sequence '\d'
[2026-02-02T16:43:28.587+0000] {logging_mixin.py:188} WARNING - /home/airflow/.local/lib/python3.12/site-packages/azure/synapse/artifacts/models/_models_py3.py:54322 SyntaxWarning: invalid escape sequence '\d'
[2026-02-02T16:43:28.590+0000] {logging_mixin.py:188} WARNING - /home/airflow/.local/lib/python3.12/site-packages/azure/synapse/artifacts/models/_models_py3.py:54398 SyntaxWarning: invalid escape sequence '\d'
[2026-02-02T16:43:28.594+0000] {logging_mixin.py:188} WARNING - /home/airflow/.local/lib/python3.12/site-packages/azure/synapse/artifacts/models/_models_py3.py:55022 SyntaxWarning: invalid escape sequence '\d'
[2026-02-02T16:43:28.597+0000] {logging_mixin.py:188} WARNING - /home/airflow/.local/lib/python3.12/site-packages/azure/synapse/artifacts/models/_models_py3.py:55078 SyntaxWarning: invalid escape sequence '\d'
[2026-02-02T16:43:28.600+0000] {logging_mixin.py:188} WARNING - /home/airflow/.local/lib/python3.12/site-packages/azure/synapse/artifacts/models/_models_py3.py:55310 SyntaxWarning: invalid escape sequence '\d'
[2026-02-02T16:43:28.603+0000] {logging_mixin.py:188} WARNING - /home/airflow/.local/lib/python3.12/site-packages/azure/synapse/artifacts/models/_models_py3.py:55365 SyntaxWarning: invalid escape sequence '\d'
[2026-02-02T16:43:28.608+0000] {logging_mixin.py:188} WARNING - /home/airflow/.local/lib/python3.12/site-packages/azure/synapse/artifacts/models/_models_py3.py:56196 SyntaxWarning: invalid escape sequence '\d'
[2026-02-02T16:43:28.611+0000] {logging_mixin.py:188} WARNING - /home/airflow/.local/lib/python3.12/site-packages/azure/synapse/artifacts/models/_models_py3.py:56248 SyntaxWarning: invalid escape sequence '\d'
[2026-02-02T16:43:28.615+0000] {logging_mixin.py:188} WARNING - /home/airflow/.local/lib/python3.12/site-packages/azure/synapse/artifacts/models/_models_py3.py:56508 SyntaxWarning: invalid escape sequence '\d'
[2026-02-02T16:43:28.618+0000] {logging_mixin.py:188} WARNING - /home/airflow/.local/lib/python3.12/site-packages/azure/synapse/artifacts/models/_models_py3.py:56564 SyntaxWarning: invalid escape sequence '\d'
[2026-02-02T16:43:28.622+0000] {logging_mixin.py:188} WARNING - /home/airflow/.local/lib/python3.12/site-packages/azure/synapse/artifacts/models/_models_py3.py:57087 SyntaxWarning: invalid escape sequence '\d'
[2026-02-02T16:43:28.625+0000] {logging_mixin.py:188} WARNING - /home/airflow/.local/lib/python3.12/site-packages/azure/synapse/artifacts/models/_models_py3.py:57147 SyntaxWarning: invalid escape sequence '\d'
[2026-02-02T16:43:28.627+0000] {logging_mixin.py:188} WARNING - /home/airflow/.local/lib/python3.12/site-packages/azure/synapse/artifacts/models/_models_py3.py:57187 SyntaxWarning: invalid escape sequence '\d'
[2026-02-02T16:43:28.630+0000] {logging_mixin.py:188} WARNING - /home/airflow/.local/lib/python3.12/site-packages/azure/synapse/artifacts/models/_models_py3.py:57237 SyntaxWarning: invalid escape sequence '\d'
[2026-02-02T16:43:28.634+0000] {logging_mixin.py:188} WARNING - /home/airflow/.local/lib/python3.12/site-packages/azure/synapse/artifacts/models/_models_py3.py:57560 SyntaxWarning: invalid escape sequence '\d'
[2026-02-02T16:43:28.636+0000] {logging_mixin.py:188} WARNING - /home/airflow/.local/lib/python3.12/site-packages/azure/synapse/artifacts/models/_models_py3.py:57620 SyntaxWarning: invalid escape sequence '\d'
[2026-02-02T16:43:28.639+0000] {logging_mixin.py:188} WARNING - /home/airflow/.local/lib/python3.12/site-packages/azure/synapse/artifacts/models/_models_py3.py:57660 SyntaxWarning: invalid escape sequence '\d'
[2026-02-02T16:43:28.641+0000] {logging_mixin.py:188} WARNING - /home/airflow/.local/lib/python3.12/site-packages/azure/synapse/artifacts/models/_models_py3.py:57710 SyntaxWarning: invalid escape sequence '\d'
[2026-02-02T16:43:28.650+0000] {logging_mixin.py:188} WARNING - /home/airflow/.local/lib/python3.12/site-packages/azure/synapse/artifacts/models/_models_py3.py:59106 SyntaxWarning: invalid escape sequence '\d'
[2026-02-02T16:43:28.653+0000] {logging_mixin.py:188} WARNING - /home/airflow/.local/lib/python3.12/site-packages/azure/synapse/artifacts/models/_models_py3.py:59162 SyntaxWarning: invalid escape sequence '\d'
[2026-02-02T16:43:28.656+0000] {logging_mixin.py:188} WARNING - /home/airflow/.local/lib/python3.12/site-packages/azure/synapse/artifacts/models/_models_py3.py:59316 SyntaxWarning: invalid escape sequence '\d'
[2026-02-02T16:43:28.658+0000] {logging_mixin.py:188} WARNING - /home/airflow/.local/lib/python3.12/site-packages/azure/synapse/artifacts/models/_models_py3.py:59396 SyntaxWarning: invalid escape sequence '\d'
[2026-02-02T16:43:28.661+0000] {logging_mixin.py:188} WARNING - /home/airflow/.local/lib/python3.12/site-packages/azure/synapse/artifacts/models/_models_py3.py:59452 SyntaxWarning: invalid escape sequence '\d'
[2026-02-02T16:43:28.664+0000] {logging_mixin.py:188} WARNING - /home/airflow/.local/lib/python3.12/site-packages/azure/synapse/artifacts/models/_models_py3.py:59535 SyntaxWarning: invalid escape sequence '\d'
[2026-02-02T16:43:28.667+0000] {logging_mixin.py:188} WARNING - /home/airflow/.local/lib/python3.12/site-packages/azure/synapse/artifacts/models/_models_py3.py:59594 SyntaxWarning: invalid escape sequence '\d'
[2026-02-02T16:43:28.670+0000] {logging_mixin.py:188} WARNING - /home/airflow/.local/lib/python3.12/site-packages/azure/synapse/artifacts/models/_models_py3.py:59677 SyntaxWarning: invalid escape sequence '\d'
[2026-02-02T16:43:28.673+0000] {logging_mixin.py:188} WARNING - /home/airflow/.local/lib/python3.12/site-packages/azure/synapse/artifacts/models/_models_py3.py:59733 SyntaxWarning: invalid escape sequence '\d'
[2026-02-02T16:43:28.676+0000] {logging_mixin.py:188} WARNING - /home/airflow/.local/lib/python3.12/site-packages/azure/synapse/artifacts/models/_models_py3.py:59818 SyntaxWarning: invalid escape sequence '\d'
[2026-02-02T16:43:28.682+0000] {logging_mixin.py:188} WARNING - /home/airflow/.local/lib/python3.12/site-packages/azure/synapse/artifacts/models/_models_py3.py:60639 SyntaxWarning: invalid escape sequence '\d'
[2026-02-02T16:43:28.685+0000] {logging_mixin.py:188} WARNING - /home/airflow/.local/lib/python3.12/site-packages/azure/synapse/artifacts/models/_models_py3.py:60722 SyntaxWarning: invalid escape sequence '\d'
[2026-02-02T16:43:28.688+0000] {logging_mixin.py:188} WARNING - /home/airflow/.local/lib/python3.12/site-packages/azure/synapse/artifacts/models/_models_py3.py:60778 SyntaxWarning: invalid escape sequence '\d'
[2026-02-02T16:43:28.693+0000] {logging_mixin.py:188} WARNING - /home/airflow/.local/lib/python3.12/site-packages/azure/synapse/artifacts/models/_models_py3.py:60863 SyntaxWarning: invalid escape sequence '\d'
[2026-02-02T16:43:28.698+0000] {logging_mixin.py:188} WARNING - /home/airflow/.local/lib/python3.12/site-packages/azure/synapse/artifacts/models/_models_py3.py:61167 SyntaxWarning: invalid escape sequence '\d'
[2026-02-02T16:43:28.701+0000] {logging_mixin.py:188} WARNING - /home/airflow/.local/lib/python3.12/site-packages/azure/synapse/artifacts/models/_models_py3.py:61250 SyntaxWarning: invalid escape sequence '\d'
[2026-02-02T16:43:28.704+0000] {logging_mixin.py:188} WARNING - /home/airflow/.local/lib/python3.12/site-packages/azure/synapse/artifacts/models/_models_py3.py:61306 SyntaxWarning: invalid escape sequence '\d'
[2026-02-02T16:43:28.707+0000] {logging_mixin.py:188} WARNING - /home/airflow/.local/lib/python3.12/site-packages/azure/synapse/artifacts/models/_models_py3.py:61387 SyntaxWarning: invalid escape sequence '\d'
[2026-02-02T16:43:28.748+0000] {logging_mixin.py:188} WARNING - /home/airflow/.local/lib/python3.12/site-packages/azure/synapse/artifacts/models/_models_py3.py:61696 SyntaxWarning: invalid escape sequence '\d'
[2026-02-02T16:43:28.751+0000] {logging_mixin.py:188} WARNING - /home/airflow/.local/lib/python3.12/site-packages/azure/synapse/artifacts/models/_models_py3.py:61752 SyntaxWarning: invalid escape sequence '\d'
[2026-02-02T16:43:28.756+0000] {logging_mixin.py:188} WARNING - /home/airflow/.local/lib/python3.12/site-packages/azure/synapse/artifacts/models/_models_py3.py:61954 SyntaxWarning: invalid escape sequence '\d'
[2026-02-02T16:43:28.759+0000] {logging_mixin.py:188} WARNING - /home/airflow/.local/lib/python3.12/site-packages/azure/synapse/artifacts/models/_models_py3.py:61992 SyntaxWarning: invalid escape sequence '\d'
[2026-02-02T16:43:28.768+0000] {logging_mixin.py:188} WARNING - /home/airflow/.local/lib/python3.12/site-packages/azure/synapse/artifacts/models/_models_py3.py:62660 SyntaxWarning: invalid escape sequence '\d'
[2026-02-02T16:43:28.771+0000] {logging_mixin.py:188} WARNING - /home/airflow/.local/lib/python3.12/site-packages/azure/synapse/artifacts/models/_models_py3.py:62715 SyntaxWarning: invalid escape sequence '\d'
[2026-02-02T16:43:28.779+0000] {logging_mixin.py:188} WARNING - /home/airflow/.local/lib/python3.12/site-packages/azure/synapse/artifacts/models/_models_py3.py:63882 SyntaxWarning: invalid escape sequence '\d'
[2026-02-02T16:43:28.781+0000] {logging_mixin.py:188} WARNING - /home/airflow/.local/lib/python3.12/site-packages/azure/synapse/artifacts/models/_models_py3.py:63946 SyntaxWarning: invalid escape sequence '\d'
[2026-02-02T16:43:28.785+0000] {logging_mixin.py:188} WARNING - /home/airflow/.local/lib/python3.12/site-packages/azure/synapse/artifacts/models/_models_py3.py:64582 SyntaxWarning: invalid escape sequence '\d'
[2026-02-02T16:43:28.787+0000] {logging_mixin.py:188} WARNING - /home/airflow/.local/lib/python3.12/site-packages/azure/synapse/artifacts/models/_models_py3.py:64674 SyntaxWarning: invalid escape sequence '\d'
[2026-02-02T16:43:28.790+0000] {logging_mixin.py:188} WARNING - /home/airflow/.local/lib/python3.12/site-packages/azure/synapse/artifacts/models/_models_py3.py:64940 SyntaxWarning: invalid escape sequence '\d'
[2026-02-02T16:43:28.793+0000] {logging_mixin.py:188} WARNING - /home/airflow/.local/lib/python3.12/site-packages/azure/synapse/artifacts/models/_models_py3.py:65014 SyntaxWarning: invalid escape sequence '\d'
[2026-02-02T16:43:28.795+0000] {logging_mixin.py:188} WARNING - /home/airflow/.local/lib/python3.12/site-packages/azure/synapse/artifacts/models/_models_py3.py:65117 SyntaxWarning: invalid escape sequence '\d'
[2026-02-02T16:43:28.796+0000] {logging_mixin.py:188} WARNING - /home/airflow/.local/lib/python3.12/site-packages/azure/synapse/artifacts/models/_models_py3.py:65199 SyntaxWarning: invalid escape sequence '\d'
[2026-02-02T16:43:28.798+0000] {logging_mixin.py:188} WARNING - /home/airflow/.local/lib/python3.12/site-packages/azure/synapse/artifacts/models/_models_py3.py:65385 SyntaxWarning: invalid escape sequence '\d'
[2026-02-02T16:43:28.800+0000] {logging_mixin.py:188} WARNING - /home/airflow/.local/lib/python3.12/site-packages/azure/synapse/artifacts/models/_models_py3.py:65441 SyntaxWarning: invalid escape sequence '\d'
[2026-02-02T16:43:28.802+0000] {logging_mixin.py:188} WARNING - /home/airflow/.local/lib/python3.12/site-packages/azure/synapse/artifacts/models/_models_py3.py:65874 SyntaxWarning: invalid escape sequence '\d'
[2026-02-02T16:43:28.804+0000] {logging_mixin.py:188} WARNING - /home/airflow/.local/lib/python3.12/site-packages/azure/synapse/artifacts/models/_models_py3.py:65950 SyntaxWarning: invalid escape sequence '\d'
[2026-02-02T16:43:28.806+0000] {logging_mixin.py:188} WARNING - /home/airflow/.local/lib/python3.12/site-packages/azure/synapse/artifacts/models/_models_py3.py:66003 SyntaxWarning: invalid escape sequence '\d'
[2026-02-02T16:43:28.808+0000] {logging_mixin.py:188} WARNING - /home/airflow/.local/lib/python3.12/site-packages/azure/synapse/artifacts/models/_models_py3.py:66087 SyntaxWarning: invalid escape sequence '\d'
[2026-02-02T16:43:28.811+0000] {logging_mixin.py:188} WARNING - /home/airflow/.local/lib/python3.12/site-packages/azure/synapse/artifacts/models/_models_py3.py:66686 SyntaxWarning: invalid escape sequence '\d'
[2026-02-02T16:43:28.813+0000] {logging_mixin.py:188} WARNING - /home/airflow/.local/lib/python3.12/site-packages/azure/synapse/artifacts/models/_models_py3.py:66779 SyntaxWarning: invalid escape sequence '\d'
[2026-02-02T16:43:28.816+0000] {logging_mixin.py:188} WARNING - /home/airflow/.local/lib/python3.12/site-packages/azure/synapse/artifacts/models/_models_py3.py:66918 SyntaxWarning: invalid escape sequence '\d'
[2026-02-02T16:43:28.817+0000] {logging_mixin.py:188} WARNING - /home/airflow/.local/lib/python3.12/site-packages/azure/synapse/artifacts/models/_models_py3.py:66964 SyntaxWarning: invalid escape sequence '\d'
[2026-02-02T16:43:28.823+0000] {logging_mixin.py:188} WARNING - /home/airflow/.local/lib/python3.12/site-packages/azure/synapse/artifacts/models/_models_py3.py:67735 SyntaxWarning: invalid escape sequence '\d'
[2026-02-02T16:43:28.825+0000] {logging_mixin.py:188} WARNING - /home/airflow/.local/lib/python3.12/site-packages/azure/synapse/artifacts/models/_models_py3.py:67791 SyntaxWarning: invalid escape sequence '\d'
[2026-02-02T16:43:28.827+0000] {logging_mixin.py:188} WARNING - /home/airflow/.local/lib/python3.12/site-packages/azure/synapse/artifacts/models/_models_py3.py:68043 SyntaxWarning: invalid escape sequence '\d'
[2026-02-02T16:43:28.829+0000] {logging_mixin.py:188} WARNING - /home/airflow/.local/lib/python3.12/site-packages/azure/synapse/artifacts/models/_models_py3.py:68097 SyntaxWarning: invalid escape sequence '\d'
[2026-02-02T16:43:28.833+0000] {logging_mixin.py:188} WARNING - /home/airflow/.local/lib/python3.12/site-packages/azure/synapse/artifacts/models/_models_py3.py:68532 SyntaxWarning: invalid escape sequence '\d'
[2026-02-02T16:43:28.836+0000] {logging_mixin.py:188} WARNING - /home/airflow/.local/lib/python3.12/site-packages/azure/synapse/artifacts/models/_models_py3.py:68588 SyntaxWarning: invalid escape sequence '\d'
[2026-02-02T16:43:29.661+0000] {taskinstance.py:441} INFO - ::group::Post task execution logs
[2026-02-02T16:43:29.683+0000] {taskinstance.py:1206} INFO - Marking task as SUCCESS. dag_id=sales_ingestion_pipeline, task_id=trigger_silver_cleaning, run_id=scheduled__2026-02-02T16:35:00+00:00, execution_date=20260202T163500, start_date=20260202T164319, end_date=20260202T164329
[2026-02-02T16:43:29.763+0000] {local_task_job_runner.py:243} INFO - Task exited with return code 0
[2026-02-02T16:43:29.793+0000] {taskinstance.py:3503} INFO - 0 downstream tasks scheduled from follow-on schedule check
[2026-02-02T16:43:29.795+0000] {local_task_job_runner.py:222} INFO - ::endgroup::
