[2026-02-04T14:24:14.473+0000] {local_task_job_runner.py:120} INFO - ::group::Pre task execution logs
[2026-02-04T14:24:14.555+0000] {taskinstance.py:2076} INFO - Dependencies all met for dep_context=non-requeueable deps ti=<TaskInstance: sales_ingestion_pipeline.trigger_silver_cleaning scheduled__2026-02-04T14:15:00+00:00 [queued]>
[2026-02-04T14:24:14.572+0000] {taskinstance.py:2076} INFO - Dependencies all met for dep_context=requeueable deps ti=<TaskInstance: sales_ingestion_pipeline.trigger_silver_cleaning scheduled__2026-02-04T14:15:00+00:00 [queued]>
[2026-02-04T14:24:14.573+0000] {taskinstance.py:2306} INFO - Starting attempt 1 of 2
[2026-02-04T14:24:14.598+0000] {taskinstance.py:2330} INFO - Executing <Task(TriggerDagRunOperator): trigger_silver_cleaning> on 2026-02-04 14:15:00+00:00
[2026-02-04T14:24:14.618+0000] {standard_task_runner.py:90} INFO - Running: ['airflow', 'tasks', 'run', 'sales_ingestion_pipeline', 'trigger_silver_cleaning', 'scheduled__2026-02-04T14:15:00+00:00', '--job-id', '851', '--raw', '--subdir', 'DAGS_FOLDER/ingest_sales_dag.py', '--cfg-path', '/tmp/tmpqt9ehyec']
[2026-02-04T14:24:14.622+0000] {logging_mixin.py:188} WARNING - /home/airflow/.local/lib/python3.12/site-packages/airflow/task/task_runner/standard_task_runner.py:62 DeprecationWarning: This process (pid=39) is multi-threaded, use of fork() may lead to deadlocks in the child.
[2026-02-04T14:24:14.623+0000] {standard_task_runner.py:91} INFO - Job 851: Subtask trigger_silver_cleaning
[2026-02-04T14:24:14.623+0000] {standard_task_runner.py:64} INFO - Started process 48 to run task
[2026-02-04T14:24:14.787+0000] {task_command.py:426} INFO - Running <TaskInstance: sales_ingestion_pipeline.trigger_silver_cleaning scheduled__2026-02-04T14:15:00+00:00 [running]> on host 6acbc927f227
[2026-02-04T14:24:15.030+0000] {taskinstance.py:2648} INFO - Exporting env vars: AIRFLOW_CTX_DAG_OWNER='you' AIRFLOW_CTX_DAG_ID='sales_ingestion_pipeline' AIRFLOW_CTX_TASK_ID='trigger_silver_cleaning' AIRFLOW_CTX_EXECUTION_DATE='2026-02-04T14:15:00+00:00' AIRFLOW_CTX_TRY_NUMBER='1' AIRFLOW_CTX_DAG_RUN_ID='scheduled__2026-02-04T14:15:00+00:00'
[2026-02-04T14:24:15.033+0000] {taskinstance.py:430} INFO - ::endgroup::
[2026-02-04T14:24:20.226+0000] {logging_mixin.py:188} WARNING - /home/airflow/.local/lib/python3.12/site-packages/azure/synapse/artifacts/models/_models_py3.py:175 SyntaxWarning: invalid escape sequence '\d'
[2026-02-04T14:24:20.228+0000] {logging_mixin.py:188} WARNING - /home/airflow/.local/lib/python3.12/site-packages/azure/synapse/artifacts/models/_models_py3.py:222 SyntaxWarning: invalid escape sequence '\d'
[2026-02-04T14:24:20.232+0000] {logging_mixin.py:188} WARNING - /home/airflow/.local/lib/python3.12/site-packages/azure/synapse/artifacts/models/_models_py3.py:1151 SyntaxWarning: invalid escape sequence '\d'
[2026-02-04T14:24:20.234+0000] {logging_mixin.py:188} WARNING - /home/airflow/.local/lib/python3.12/site-packages/azure/synapse/artifacts/models/_models_py3.py:1248 SyntaxWarning: invalid escape sequence '\d'
[2026-02-04T14:24:20.235+0000] {logging_mixin.py:188} WARNING - /home/airflow/.local/lib/python3.12/site-packages/azure/synapse/artifacts/models/_models_py3.py:1271 SyntaxWarning: invalid escape sequence '\d'
[2026-02-04T14:24:20.238+0000] {logging_mixin.py:188} WARNING - /home/airflow/.local/lib/python3.12/site-packages/azure/synapse/artifacts/models/_models_py3.py:1406 SyntaxWarning: invalid escape sequence '\d'
[2026-02-04T14:24:20.239+0000] {logging_mixin.py:188} WARNING - /home/airflow/.local/lib/python3.12/site-packages/azure/synapse/artifacts/models/_models_py3.py:1439 SyntaxWarning: invalid escape sequence '\d'
[2026-02-04T14:24:20.241+0000] {logging_mixin.py:188} WARNING - /home/airflow/.local/lib/python3.12/site-packages/azure/synapse/artifacts/models/_models_py3.py:1495 SyntaxWarning: invalid escape sequence '\d'
[2026-02-04T14:24:20.244+0000] {logging_mixin.py:188} WARNING - /home/airflow/.local/lib/python3.12/site-packages/azure/synapse/artifacts/models/_models_py3.py:1683 SyntaxWarning: invalid escape sequence '\d'
[2026-02-04T14:24:20.245+0000] {logging_mixin.py:188} WARNING - /home/airflow/.local/lib/python3.12/site-packages/azure/synapse/artifacts/models/_models_py3.py:1750 SyntaxWarning: invalid escape sequence '\d'
[2026-02-04T14:24:20.247+0000] {logging_mixin.py:188} WARNING - /home/airflow/.local/lib/python3.12/site-packages/azure/synapse/artifacts/models/_models_py3.py:2025 SyntaxWarning: invalid escape sequence '\d'
[2026-02-04T14:24:20.249+0000] {logging_mixin.py:188} WARNING - /home/airflow/.local/lib/python3.12/site-packages/azure/synapse/artifacts/models/_models_py3.py:2110 SyntaxWarning: invalid escape sequence '\d'
[2026-02-04T14:24:20.251+0000] {logging_mixin.py:188} WARNING - /home/airflow/.local/lib/python3.12/site-packages/azure/synapse/artifacts/models/_models_py3.py:2407 SyntaxWarning: invalid escape sequence '\d'
[2026-02-04T14:24:20.253+0000] {logging_mixin.py:188} WARNING - /home/airflow/.local/lib/python3.12/site-packages/azure/synapse/artifacts/models/_models_py3.py:2468 SyntaxWarning: invalid escape sequence '\d'
[2026-02-04T14:24:20.260+0000] {logging_mixin.py:188} WARNING - /home/airflow/.local/lib/python3.12/site-packages/azure/synapse/artifacts/models/_models_py3.py:3987 SyntaxWarning: invalid escape sequence '\d'
[2026-02-04T14:24:20.262+0000] {logging_mixin.py:188} WARNING - /home/airflow/.local/lib/python3.12/site-packages/azure/synapse/artifacts/models/_models_py3.py:4096 SyntaxWarning: invalid escape sequence '\d'
[2026-02-04T14:24:20.264+0000] {logging_mixin.py:188} WARNING - /home/airflow/.local/lib/python3.12/site-packages/azure/synapse/artifacts/models/_models_py3.py:4127 SyntaxWarning: invalid escape sequence '\d'
[2026-02-04T14:24:20.265+0000] {logging_mixin.py:188} WARNING - /home/airflow/.local/lib/python3.12/site-packages/azure/synapse/artifacts/models/_models_py3.py:4186 SyntaxWarning: invalid escape sequence '\d'
[2026-02-04T14:24:20.267+0000] {logging_mixin.py:188} WARNING - /home/airflow/.local/lib/python3.12/site-packages/azure/synapse/artifacts/models/_models_py3.py:4225 SyntaxWarning: invalid escape sequence '\d'
[2026-02-04T14:24:20.268+0000] {logging_mixin.py:188} WARNING - /home/airflow/.local/lib/python3.12/site-packages/azure/synapse/artifacts/models/_models_py3.py:4275 SyntaxWarning: invalid escape sequence '\d'
[2026-02-04T14:24:20.271+0000] {logging_mixin.py:188} WARNING - /home/airflow/.local/lib/python3.12/site-packages/azure/synapse/artifacts/models/_models_py3.py:5209 SyntaxWarning: invalid escape sequence '\d'
[2026-02-04T14:24:20.273+0000] {logging_mixin.py:188} WARNING - /home/airflow/.local/lib/python3.12/site-packages/azure/synapse/artifacts/models/_models_py3.py:5265 SyntaxWarning: invalid escape sequence '\d'
[2026-02-04T14:24:20.275+0000] {logging_mixin.py:188} WARNING - /home/airflow/.local/lib/python3.12/site-packages/azure/synapse/artifacts/models/_models_py3.py:5302 SyntaxWarning: invalid escape sequence '\d'
[2026-02-04T14:24:20.277+0000] {logging_mixin.py:188} WARNING - /home/airflow/.local/lib/python3.12/site-packages/azure/synapse/artifacts/models/_models_py3.py:5358 SyntaxWarning: invalid escape sequence '\d'
[2026-02-04T14:24:20.281+0000] {logging_mixin.py:188} WARNING - /home/airflow/.local/lib/python3.12/site-packages/azure/synapse/artifacts/models/_models_py3.py:6437 SyntaxWarning: invalid escape sequence '\d'
[2026-02-04T14:24:20.283+0000] {logging_mixin.py:188} WARNING - /home/airflow/.local/lib/python3.12/site-packages/azure/synapse/artifacts/models/_models_py3.py:6497 SyntaxWarning: invalid escape sequence '\d'
[2026-02-04T14:24:20.284+0000] {logging_mixin.py:188} WARNING - /home/airflow/.local/lib/python3.12/site-packages/azure/synapse/artifacts/models/_models_py3.py:6538 SyntaxWarning: invalid escape sequence '\d'
[2026-02-04T14:24:20.286+0000] {logging_mixin.py:188} WARNING - /home/airflow/.local/lib/python3.12/site-packages/azure/synapse/artifacts/models/_models_py3.py:6588 SyntaxWarning: invalid escape sequence '\d'
[2026-02-04T14:24:20.288+0000] {logging_mixin.py:188} WARNING - /home/airflow/.local/lib/python3.12/site-packages/azure/synapse/artifacts/models/_models_py3.py:7023 SyntaxWarning: invalid escape sequence '\d'
[2026-02-04T14:24:20.290+0000] {logging_mixin.py:188} WARNING - /home/airflow/.local/lib/python3.12/site-packages/azure/synapse/artifacts/models/_models_py3.py:7096 SyntaxWarning: invalid escape sequence '\d'
[2026-02-04T14:24:20.292+0000] {logging_mixin.py:188} WARNING - /home/airflow/.local/lib/python3.12/site-packages/azure/synapse/artifacts/models/_models_py3.py:7267 SyntaxWarning: invalid escape sequence '\d'
[2026-02-04T14:24:20.294+0000] {logging_mixin.py:188} WARNING - /home/airflow/.local/lib/python3.12/site-packages/azure/synapse/artifacts/models/_models_py3.py:7333 SyntaxWarning: invalid escape sequence '\d'
[2026-02-04T14:24:20.296+0000] {logging_mixin.py:188} WARNING - /home/airflow/.local/lib/python3.12/site-packages/azure/synapse/artifacts/models/_models_py3.py:7378 SyntaxWarning: invalid escape sequence '\d'
[2026-02-04T14:24:20.298+0000] {logging_mixin.py:188} WARNING - /home/airflow/.local/lib/python3.12/site-packages/azure/synapse/artifacts/models/_models_py3.py:7440 SyntaxWarning: invalid escape sequence '\d'
[2026-02-04T14:24:20.302+0000] {logging_mixin.py:188} WARNING - /home/airflow/.local/lib/python3.12/site-packages/azure/synapse/artifacts/models/_models_py3.py:8222 SyntaxWarning: invalid escape sequence '\d'
[2026-02-04T14:24:20.304+0000] {logging_mixin.py:188} WARNING - /home/airflow/.local/lib/python3.12/site-packages/azure/synapse/artifacts/models/_models_py3.py:8282 SyntaxWarning: invalid escape sequence '\d'
[2026-02-04T14:24:20.306+0000] {logging_mixin.py:188} WARNING - /home/airflow/.local/lib/python3.12/site-packages/azure/synapse/artifacts/models/_models_py3.py:8322 SyntaxWarning: invalid escape sequence '\d'
[2026-02-04T14:24:20.308+0000] {logging_mixin.py:188} WARNING - /home/airflow/.local/lib/python3.12/site-packages/azure/synapse/artifacts/models/_models_py3.py:8368 SyntaxWarning: invalid escape sequence '\d'
[2026-02-04T14:24:20.314+0000] {logging_mixin.py:188} WARNING - /home/airflow/.local/lib/python3.12/site-packages/azure/synapse/artifacts/models/_models_py3.py:9475 SyntaxWarning: invalid escape sequence '\d'
[2026-02-04T14:24:20.316+0000] {logging_mixin.py:188} WARNING - /home/airflow/.local/lib/python3.12/site-packages/azure/synapse/artifacts/models/_models_py3.py:9531 SyntaxWarning: invalid escape sequence '\d'
[2026-02-04T14:24:20.321+0000] {logging_mixin.py:188} WARNING - /home/airflow/.local/lib/python3.12/site-packages/azure/synapse/artifacts/models/_models_py3.py:10532 SyntaxWarning: invalid escape sequence '\d'
[2026-02-04T14:24:20.323+0000] {logging_mixin.py:188} WARNING - /home/airflow/.local/lib/python3.12/site-packages/azure/synapse/artifacts/models/_models_py3.py:10588 SyntaxWarning: invalid escape sequence '\d'
[2026-02-04T14:24:20.324+0000] {logging_mixin.py:188} WARNING - /home/airflow/.local/lib/python3.12/site-packages/azure/synapse/artifacts/models/_models_py3.py:10625 SyntaxWarning: invalid escape sequence '\d'
[2026-02-04T14:24:20.327+0000] {logging_mixin.py:188} WARNING - /home/airflow/.local/lib/python3.12/site-packages/azure/synapse/artifacts/models/_models_py3.py:10680 SyntaxWarning: invalid escape sequence '\d'
[2026-02-04T14:24:20.330+0000] {logging_mixin.py:188} WARNING - /home/airflow/.local/lib/python3.12/site-packages/azure/synapse/artifacts/models/_models_py3.py:10923 SyntaxWarning: invalid escape sequence '\d'
[2026-02-04T14:24:20.332+0000] {logging_mixin.py:188} WARNING - /home/airflow/.local/lib/python3.12/site-packages/azure/synapse/artifacts/models/_models_py3.py:10979 SyntaxWarning: invalid escape sequence '\d'
[2026-02-04T14:24:20.334+0000] {logging_mixin.py:188} WARNING - /home/airflow/.local/lib/python3.12/site-packages/azure/synapse/artifacts/models/_models_py3.py:11016 SyntaxWarning: invalid escape sequence '\d'
[2026-02-04T14:24:20.337+0000] {logging_mixin.py:188} WARNING - /home/airflow/.local/lib/python3.12/site-packages/azure/synapse/artifacts/models/_models_py3.py:11072 SyntaxWarning: invalid escape sequence '\d'
[2026-02-04T14:24:20.339+0000] {logging_mixin.py:188} WARNING - /home/airflow/.local/lib/python3.12/site-packages/azure/synapse/artifacts/models/_models_py3.py:11231 SyntaxWarning: invalid escape sequence '\d'
[2026-02-04T14:24:20.340+0000] {logging_mixin.py:188} WARNING - /home/airflow/.local/lib/python3.12/site-packages/azure/synapse/artifacts/models/_models_py3.py:11282 SyntaxWarning: invalid escape sequence '\d'
[2026-02-04T14:24:20.342+0000] {logging_mixin.py:188} WARNING - /home/airflow/.local/lib/python3.12/site-packages/azure/synapse/artifacts/models/_models_py3.py:11420 SyntaxWarning: invalid escape sequence '\d'
[2026-02-04T14:24:20.344+0000] {logging_mixin.py:188} WARNING - /home/airflow/.local/lib/python3.12/site-packages/azure/synapse/artifacts/models/_models_py3.py:11477 SyntaxWarning: invalid escape sequence '\d'
[2026-02-04T14:24:20.347+0000] {logging_mixin.py:188} WARNING - /home/airflow/.local/lib/python3.12/site-packages/azure/synapse/artifacts/models/_models_py3.py:12300 SyntaxWarning: invalid escape sequence '\d'
[2026-02-04T14:24:20.348+0000] {logging_mixin.py:188} WARNING - /home/airflow/.local/lib/python3.12/site-packages/azure/synapse/artifacts/models/_models_py3.py:12383 SyntaxWarning: invalid escape sequence '\d'
[2026-02-04T14:24:20.350+0000] {logging_mixin.py:188} WARNING - /home/airflow/.local/lib/python3.12/site-packages/azure/synapse/artifacts/models/_models_py3.py:12439 SyntaxWarning: invalid escape sequence '\d'
[2026-02-04T14:24:20.351+0000] {logging_mixin.py:188} WARNING - /home/airflow/.local/lib/python3.12/site-packages/azure/synapse/artifacts/models/_models_py3.py:12524 SyntaxWarning: invalid escape sequence '\d'
[2026-02-04T14:24:20.355+0000] {logging_mixin.py:188} WARNING - /home/airflow/.local/lib/python3.12/site-packages/azure/synapse/artifacts/models/_models_py3.py:13019 SyntaxWarning: invalid escape sequence '\d'
[2026-02-04T14:24:20.357+0000] {logging_mixin.py:188} WARNING - /home/airflow/.local/lib/python3.12/site-packages/azure/synapse/artifacts/models/_models_py3.py:13090 SyntaxWarning: invalid escape sequence '\d'
[2026-02-04T14:24:20.358+0000] {logging_mixin.py:188} WARNING - /home/airflow/.local/lib/python3.12/site-packages/azure/synapse/artifacts/models/_models_py3.py:13139 SyntaxWarning: invalid escape sequence '\d'
[2026-02-04T14:24:20.360+0000] {logging_mixin.py:188} WARNING - /home/airflow/.local/lib/python3.12/site-packages/azure/synapse/artifacts/models/_models_py3.py:13200 SyntaxWarning: invalid escape sequence '\d'
[2026-02-04T14:24:20.363+0000] {logging_mixin.py:188} WARNING - /home/airflow/.local/lib/python3.12/site-packages/azure/synapse/artifacts/models/_models_py3.py:13886 SyntaxWarning: invalid escape sequence '\d'
[2026-02-04T14:24:20.364+0000] {logging_mixin.py:188} WARNING - /home/airflow/.local/lib/python3.12/site-packages/azure/synapse/artifacts/models/_models_py3.py:13941 SyntaxWarning: invalid escape sequence '\d'
[2026-02-04T14:24:20.365+0000] {logging_mixin.py:188} WARNING - /home/airflow/.local/lib/python3.12/site-packages/azure/synapse/artifacts/models/_models_py3.py:13977 SyntaxWarning: invalid escape sequence '\d'
[2026-02-04T14:24:20.368+0000] {logging_mixin.py:188} WARNING - /home/airflow/.local/lib/python3.12/site-packages/azure/synapse/artifacts/models/_models_py3.py:14026 SyntaxWarning: invalid escape sequence '\d'
[2026-02-04T14:24:20.370+0000] {logging_mixin.py:188} WARNING - /home/airflow/.local/lib/python3.12/site-packages/azure/synapse/artifacts/models/_models_py3.py:14318 SyntaxWarning: invalid escape sequence '\d'
[2026-02-04T14:24:20.372+0000] {logging_mixin.py:188} WARNING - /home/airflow/.local/lib/python3.12/site-packages/azure/synapse/artifacts/models/_models_py3.py:14388 SyntaxWarning: invalid escape sequence '\d'
[2026-02-04T14:24:20.373+0000] {logging_mixin.py:188} WARNING - /home/airflow/.local/lib/python3.12/site-packages/azure/synapse/artifacts/models/_models_py3.py:14436 SyntaxWarning: invalid escape sequence '\d'
[2026-02-04T14:24:20.375+0000] {logging_mixin.py:188} WARNING - /home/airflow/.local/lib/python3.12/site-packages/azure/synapse/artifacts/models/_models_py3.py:14492 SyntaxWarning: invalid escape sequence '\d'
[2026-02-04T14:24:20.377+0000] {logging_mixin.py:188} WARNING - /home/airflow/.local/lib/python3.12/site-packages/azure/synapse/artifacts/models/_models_py3.py:14744 SyntaxWarning: invalid escape sequence '\d'
[2026-02-04T14:24:20.378+0000] {logging_mixin.py:188} WARNING - /home/airflow/.local/lib/python3.12/site-packages/azure/synapse/artifacts/models/_models_py3.py:14810 SyntaxWarning: invalid escape sequence '\d'
[2026-02-04T14:24:20.381+0000] {logging_mixin.py:188} WARNING - /home/airflow/.local/lib/python3.12/site-packages/azure/synapse/artifacts/models/_models_py3.py:15415 SyntaxWarning: invalid escape sequence '\d'
[2026-02-04T14:24:20.382+0000] {logging_mixin.py:188} WARNING - /home/airflow/.local/lib/python3.12/site-packages/azure/synapse/artifacts/models/_models_py3.py:15482 SyntaxWarning: invalid escape sequence '\d'
[2026-02-04T14:24:20.384+0000] {logging_mixin.py:188} WARNING - /home/airflow/.local/lib/python3.12/site-packages/azure/synapse/artifacts/models/_models_py3.py:15527 SyntaxWarning: invalid escape sequence '\d'
[2026-02-04T14:24:20.385+0000] {logging_mixin.py:188} WARNING - /home/airflow/.local/lib/python3.12/site-packages/azure/synapse/artifacts/models/_models_py3.py:15578 SyntaxWarning: invalid escape sequence '\d'
[2026-02-04T14:24:20.388+0000] {logging_mixin.py:188} WARNING - /home/airflow/.local/lib/python3.12/site-packages/azure/synapse/artifacts/models/_models_py3.py:15897 SyntaxWarning: invalid escape sequence '\d'
[2026-02-04T14:24:20.390+0000] {logging_mixin.py:188} WARNING - /home/airflow/.local/lib/python3.12/site-packages/azure/synapse/artifacts/models/_models_py3.py:15953 SyntaxWarning: invalid escape sequence '\d'
[2026-02-04T14:24:20.392+0000] {logging_mixin.py:188} WARNING - /home/airflow/.local/lib/python3.12/site-packages/azure/synapse/artifacts/models/_models_py3.py:16617 SyntaxWarning: invalid escape sequence '\d'
[2026-02-04T14:24:20.394+0000] {logging_mixin.py:188} WARNING - /home/airflow/.local/lib/python3.12/site-packages/azure/synapse/artifacts/models/_models_py3.py:16674 SyntaxWarning: invalid escape sequence '\d'
[2026-02-04T14:24:20.396+0000] {logging_mixin.py:188} WARNING - /home/airflow/.local/lib/python3.12/site-packages/azure/synapse/artifacts/models/_models_py3.py:16712 SyntaxWarning: invalid escape sequence '\d'
[2026-02-04T14:24:20.397+0000] {logging_mixin.py:188} WARNING - /home/airflow/.local/lib/python3.12/site-packages/azure/synapse/artifacts/models/_models_py3.py:16780 SyntaxWarning: invalid escape sequence '\d'
[2026-02-04T14:24:20.400+0000] {logging_mixin.py:188} WARNING - /home/airflow/.local/lib/python3.12/site-packages/azure/synapse/artifacts/models/_models_py3.py:16932 SyntaxWarning: invalid escape sequence '\d'
[2026-02-04T14:24:20.402+0000] {logging_mixin.py:188} WARNING - /home/airflow/.local/lib/python3.12/site-packages/azure/synapse/artifacts/models/_models_py3.py:16988 SyntaxWarning: invalid escape sequence '\d'
[2026-02-04T14:24:20.404+0000] {logging_mixin.py:188} WARNING - /home/airflow/.local/lib/python3.12/site-packages/azure/synapse/artifacts/models/_models_py3.py:17025 SyntaxWarning: invalid escape sequence '\d'
[2026-02-04T14:24:20.405+0000] {logging_mixin.py:188} WARNING - /home/airflow/.local/lib/python3.12/site-packages/azure/synapse/artifacts/models/_models_py3.py:17090 SyntaxWarning: invalid escape sequence '\d'
[2026-02-04T14:24:20.407+0000] {logging_mixin.py:188} WARNING - /home/airflow/.local/lib/python3.12/site-packages/azure/synapse/artifacts/models/_models_py3.py:17228 SyntaxWarning: invalid escape sequence '\d'
[2026-02-04T14:24:20.408+0000] {logging_mixin.py:188} WARNING - /home/airflow/.local/lib/python3.12/site-packages/azure/synapse/artifacts/models/_models_py3.py:17284 SyntaxWarning: invalid escape sequence '\d'
[2026-02-04T14:24:20.415+0000] {logging_mixin.py:188} WARNING - /home/airflow/.local/lib/python3.12/site-packages/azure/synapse/artifacts/models/_models_py3.py:20234 SyntaxWarning: invalid escape sequence '\d'
[2026-02-04T14:24:20.417+0000] {logging_mixin.py:188} WARNING - /home/airflow/.local/lib/python3.12/site-packages/azure/synapse/artifacts/models/_models_py3.py:20289 SyntaxWarning: invalid escape sequence '\d'
[2026-02-04T14:24:20.419+0000] {logging_mixin.py:188} WARNING - /home/airflow/.local/lib/python3.12/site-packages/azure/synapse/artifacts/models/_models_py3.py:20862 SyntaxWarning: invalid escape sequence '\d'
[2026-02-04T14:24:20.421+0000] {logging_mixin.py:188} WARNING - /home/airflow/.local/lib/python3.12/site-packages/azure/synapse/artifacts/models/_models_py3.py:20921 SyntaxWarning: invalid escape sequence '\d'
[2026-02-04T14:24:20.422+0000] {logging_mixin.py:188} WARNING - /home/airflow/.local/lib/python3.12/site-packages/azure/synapse/artifacts/models/_models_py3.py:20960 SyntaxWarning: invalid escape sequence '\d'
[2026-02-04T14:24:20.423+0000] {logging_mixin.py:188} WARNING - /home/airflow/.local/lib/python3.12/site-packages/azure/synapse/artifacts/models/_models_py3.py:21014 SyntaxWarning: invalid escape sequence '\d'
[2026-02-04T14:24:20.427+0000] {logging_mixin.py:188} WARNING - /home/airflow/.local/lib/python3.12/site-packages/azure/synapse/artifacts/models/_models_py3.py:21316 SyntaxWarning: invalid escape sequence '\d'
[2026-02-04T14:24:20.428+0000] {logging_mixin.py:188} WARNING - /home/airflow/.local/lib/python3.12/site-packages/azure/synapse/artifacts/models/_models_py3.py:21377 SyntaxWarning: invalid escape sequence '\d'
[2026-02-04T14:24:20.430+0000] {logging_mixin.py:188} WARNING - /home/airflow/.local/lib/python3.12/site-packages/azure/synapse/artifacts/models/_models_py3.py:21418 SyntaxWarning: invalid escape sequence '\d'
[2026-02-04T14:24:20.431+0000] {logging_mixin.py:188} WARNING - /home/airflow/.local/lib/python3.12/site-packages/azure/synapse/artifacts/models/_models_py3.py:21478 SyntaxWarning: invalid escape sequence '\d'
[2026-02-04T14:24:20.432+0000] {logging_mixin.py:188} WARNING - /home/airflow/.local/lib/python3.12/site-packages/azure/synapse/artifacts/models/_models_py3.py:21612 SyntaxWarning: invalid escape sequence '\d'
[2026-02-04T14:24:20.434+0000] {logging_mixin.py:188} WARNING - /home/airflow/.local/lib/python3.12/site-packages/azure/synapse/artifacts/models/_models_py3.py:21668 SyntaxWarning: invalid escape sequence '\d'
[2026-02-04T14:24:20.436+0000] {logging_mixin.py:188} WARNING - /home/airflow/.local/lib/python3.12/site-packages/azure/synapse/artifacts/models/_models_py3.py:22155 SyntaxWarning: invalid escape sequence '\d'
[2026-02-04T14:24:20.437+0000] {logging_mixin.py:188} WARNING - /home/airflow/.local/lib/python3.12/site-packages/azure/synapse/artifacts/models/_models_py3.py:22218 SyntaxWarning: invalid escape sequence '\d'
[2026-02-04T14:24:20.439+0000] {logging_mixin.py:188} WARNING - /home/airflow/.local/lib/python3.12/site-packages/azure/synapse/artifacts/models/_models_py3.py:22559 SyntaxWarning: invalid escape sequence '\d'
[2026-02-04T14:24:20.441+0000] {logging_mixin.py:188} WARNING - /home/airflow/.local/lib/python3.12/site-packages/azure/synapse/artifacts/models/_models_py3.py:22626 SyntaxWarning: invalid escape sequence '\d'
[2026-02-04T14:24:20.442+0000] {logging_mixin.py:188} WARNING - /home/airflow/.local/lib/python3.12/site-packages/azure/synapse/artifacts/models/_models_py3.py:22671 SyntaxWarning: invalid escape sequence '\d'
[2026-02-04T14:24:20.444+0000] {logging_mixin.py:188} WARNING - /home/airflow/.local/lib/python3.12/site-packages/azure/synapse/artifacts/models/_models_py3.py:22722 SyntaxWarning: invalid escape sequence '\d'
[2026-02-04T14:24:20.446+0000] {logging_mixin.py:188} WARNING - /home/airflow/.local/lib/python3.12/site-packages/azure/synapse/artifacts/models/_models_py3.py:23061 SyntaxWarning: invalid escape sequence '\d'
[2026-02-04T14:24:20.448+0000] {logging_mixin.py:188} WARNING - /home/airflow/.local/lib/python3.12/site-packages/azure/synapse/artifacts/models/_models_py3.py:23128 SyntaxWarning: invalid escape sequence '\d'
[2026-02-04T14:24:20.450+0000] {logging_mixin.py:188} WARNING - /home/airflow/.local/lib/python3.12/site-packages/azure/synapse/artifacts/models/_models_py3.py:23173 SyntaxWarning: invalid escape sequence '\d'
[2026-02-04T14:24:20.451+0000] {logging_mixin.py:188} WARNING - /home/airflow/.local/lib/python3.12/site-packages/azure/synapse/artifacts/models/_models_py3.py:23224 SyntaxWarning: invalid escape sequence '\d'
[2026-02-04T14:24:20.453+0000] {logging_mixin.py:188} WARNING - /home/airflow/.local/lib/python3.12/site-packages/azure/synapse/artifacts/models/_models_py3.py:23511 SyntaxWarning: invalid escape sequence '\d'
[2026-02-04T14:24:20.454+0000] {logging_mixin.py:188} WARNING - /home/airflow/.local/lib/python3.12/site-packages/azure/synapse/artifacts/models/_models_py3.py:23567 SyntaxWarning: invalid escape sequence '\d'
[2026-02-04T14:24:20.457+0000] {logging_mixin.py:188} WARNING - /home/airflow/.local/lib/python3.12/site-packages/azure/synapse/artifacts/models/_models_py3.py:23968 SyntaxWarning: invalid escape sequence '\d'
[2026-02-04T14:24:20.458+0000] {logging_mixin.py:188} WARNING - /home/airflow/.local/lib/python3.12/site-packages/azure/synapse/artifacts/models/_models_py3.py:24018 SyntaxWarning: invalid escape sequence '\d'
[2026-02-04T14:24:20.462+0000] {logging_mixin.py:188} WARNING - /home/airflow/.local/lib/python3.12/site-packages/azure/synapse/artifacts/models/_models_py3.py:25343 SyntaxWarning: invalid escape sequence '\d'
[2026-02-04T14:24:20.464+0000] {logging_mixin.py:188} WARNING - /home/airflow/.local/lib/python3.12/site-packages/azure/synapse/artifacts/models/_models_py3.py:25398 SyntaxWarning: invalid escape sequence '\d'
[2026-02-04T14:24:20.465+0000] {logging_mixin.py:188} WARNING - /home/airflow/.local/lib/python3.12/site-packages/azure/synapse/artifacts/models/_models_py3.py:25434 SyntaxWarning: invalid escape sequence '\d'
[2026-02-04T14:24:20.466+0000] {logging_mixin.py:188} WARNING - /home/airflow/.local/lib/python3.12/site-packages/azure/synapse/artifacts/models/_models_py3.py:25485 SyntaxWarning: invalid escape sequence '\d'
[2026-02-04T14:24:20.470+0000] {logging_mixin.py:188} WARNING - /home/airflow/.local/lib/python3.12/site-packages/azure/synapse/artifacts/models/_models_py3.py:26723 SyntaxWarning: invalid escape sequence '\d'
[2026-02-04T14:24:20.471+0000] {logging_mixin.py:188} WARNING - /home/airflow/.local/lib/python3.12/site-packages/azure/synapse/artifacts/models/_models_py3.py:26779 SyntaxWarning: invalid escape sequence '\d'
[2026-02-04T14:24:20.473+0000] {logging_mixin.py:188} WARNING - /home/airflow/.local/lib/python3.12/site-packages/azure/synapse/artifacts/models/_models_py3.py:27121 SyntaxWarning: invalid escape sequence '\d'
[2026-02-04T14:24:20.475+0000] {logging_mixin.py:188} WARNING - /home/airflow/.local/lib/python3.12/site-packages/azure/synapse/artifacts/models/_models_py3.py:27177 SyntaxWarning: invalid escape sequence '\d'
[2026-02-04T14:24:20.477+0000] {logging_mixin.py:188} WARNING - /home/airflow/.local/lib/python3.12/site-packages/azure/synapse/artifacts/models/_models_py3.py:27461 SyntaxWarning: invalid escape sequence '\d'
[2026-02-04T14:24:20.479+0000] {logging_mixin.py:188} WARNING - /home/airflow/.local/lib/python3.12/site-packages/azure/synapse/artifacts/models/_models_py3.py:27517 SyntaxWarning: invalid escape sequence '\d'
[2026-02-04T14:24:20.483+0000] {logging_mixin.py:188} WARNING - /home/airflow/.local/lib/python3.12/site-packages/azure/synapse/artifacts/models/_models_py3.py:28053 SyntaxWarning: invalid escape sequence '\d'
[2026-02-04T14:24:20.485+0000] {logging_mixin.py:188} WARNING - /home/airflow/.local/lib/python3.12/site-packages/azure/synapse/artifacts/models/_models_py3.py:28109 SyntaxWarning: invalid escape sequence '\d'
[2026-02-04T14:24:20.487+0000] {logging_mixin.py:188} WARNING - /home/airflow/.local/lib/python3.12/site-packages/azure/synapse/artifacts/models/_models_py3.py:28536 SyntaxWarning: invalid escape sequence '\d'
[2026-02-04T14:24:20.489+0000] {logging_mixin.py:188} WARNING - /home/airflow/.local/lib/python3.12/site-packages/azure/synapse/artifacts/models/_models_py3.py:28592 SyntaxWarning: invalid escape sequence '\d'
[2026-02-04T14:24:20.492+0000] {logging_mixin.py:188} WARNING - /home/airflow/.local/lib/python3.12/site-packages/azure/synapse/artifacts/models/_models_py3.py:28932 SyntaxWarning: invalid escape sequence '\d'
[2026-02-04T14:24:20.494+0000] {logging_mixin.py:188} WARNING - /home/airflow/.local/lib/python3.12/site-packages/azure/synapse/artifacts/models/_models_py3.py:28982 SyntaxWarning: invalid escape sequence '\d'
[2026-02-04T14:24:20.499+0000] {logging_mixin.py:188} WARNING - /home/airflow/.local/lib/python3.12/site-packages/azure/synapse/artifacts/models/_models_py3.py:30727 SyntaxWarning: invalid escape sequence '\d'
[2026-02-04T14:24:20.501+0000] {logging_mixin.py:188} WARNING - /home/airflow/.local/lib/python3.12/site-packages/azure/synapse/artifacts/models/_models_py3.py:30783 SyntaxWarning: invalid escape sequence '\d'
[2026-02-04T14:24:20.503+0000] {logging_mixin.py:188} WARNING - /home/airflow/.local/lib/python3.12/site-packages/azure/synapse/artifacts/models/_models_py3.py:31296 SyntaxWarning: invalid escape sequence '\d'
[2026-02-04T14:24:20.505+0000] {logging_mixin.py:188} WARNING - /home/airflow/.local/lib/python3.12/site-packages/azure/synapse/artifacts/models/_models_py3.py:31344 SyntaxWarning: invalid escape sequence '\d'
[2026-02-04T14:24:20.506+0000] {logging_mixin.py:188} WARNING - /home/airflow/.local/lib/python3.12/site-packages/azure/synapse/artifacts/models/_models_py3.py:31617 SyntaxWarning: invalid escape sequence '\d'
[2026-02-04T14:24:20.508+0000] {logging_mixin.py:188} WARNING - /home/airflow/.local/lib/python3.12/site-packages/azure/synapse/artifacts/models/_models_py3.py:31673 SyntaxWarning: invalid escape sequence '\d'
[2026-02-04T14:24:20.510+0000] {logging_mixin.py:188} WARNING - /home/airflow/.local/lib/python3.12/site-packages/azure/synapse/artifacts/models/_models_py3.py:32120 SyntaxWarning: invalid escape sequence '\d'
[2026-02-04T14:24:20.511+0000] {logging_mixin.py:188} WARNING - /home/airflow/.local/lib/python3.12/site-packages/azure/synapse/artifacts/models/_models_py3.py:32176 SyntaxWarning: invalid escape sequence '\d'
[2026-02-04T14:24:20.513+0000] {logging_mixin.py:188} WARNING - /home/airflow/.local/lib/python3.12/site-packages/azure/synapse/artifacts/models/_models_py3.py:32339 SyntaxWarning: invalid escape sequence '\d'
[2026-02-04T14:24:20.514+0000] {logging_mixin.py:188} WARNING - /home/airflow/.local/lib/python3.12/site-packages/azure/synapse/artifacts/models/_models_py3.py:32395 SyntaxWarning: invalid escape sequence '\d'
[2026-02-04T14:24:20.515+0000] {logging_mixin.py:188} WARNING - /home/airflow/.local/lib/python3.12/site-packages/azure/synapse/artifacts/models/_models_py3.py:32432 SyntaxWarning: invalid escape sequence '\d'
[2026-02-04T14:24:20.516+0000] {logging_mixin.py:188} WARNING - /home/airflow/.local/lib/python3.12/site-packages/azure/synapse/artifacts/models/_models_py3.py:32487 SyntaxWarning: invalid escape sequence '\d'
[2026-02-04T14:24:20.519+0000] {logging_mixin.py:188} WARNING - /home/airflow/.local/lib/python3.12/site-packages/azure/synapse/artifacts/models/_models_py3.py:33502 SyntaxWarning: invalid escape sequence '\d'
[2026-02-04T14:24:20.521+0000] {logging_mixin.py:188} WARNING - /home/airflow/.local/lib/python3.12/site-packages/azure/synapse/artifacts/models/_models_py3.py:33558 SyntaxWarning: invalid escape sequence '\d'
[2026-02-04T14:24:20.523+0000] {logging_mixin.py:188} WARNING - /home/airflow/.local/lib/python3.12/site-packages/azure/synapse/artifacts/models/_models_py3.py:33869 SyntaxWarning: invalid escape sequence '\d'
[2026-02-04T14:24:20.524+0000] {logging_mixin.py:188} WARNING - /home/airflow/.local/lib/python3.12/site-packages/azure/synapse/artifacts/models/_models_py3.py:33928 SyntaxWarning: invalid escape sequence '\d'
[2026-02-04T14:24:20.525+0000] {logging_mixin.py:188} WARNING - /home/airflow/.local/lib/python3.12/site-packages/azure/synapse/artifacts/models/_models_py3.py:33967 SyntaxWarning: invalid escape sequence '\d'
[2026-02-04T14:24:20.526+0000] {logging_mixin.py:188} WARNING - /home/airflow/.local/lib/python3.12/site-packages/azure/synapse/artifacts/models/_models_py3.py:34021 SyntaxWarning: invalid escape sequence '\d'
[2026-02-04T14:24:20.529+0000] {logging_mixin.py:188} WARNING - /home/airflow/.local/lib/python3.12/site-packages/azure/synapse/artifacts/models/_models_py3.py:34739 SyntaxWarning: invalid escape sequence '\d'
[2026-02-04T14:24:20.531+0000] {logging_mixin.py:188} WARNING - /home/airflow/.local/lib/python3.12/site-packages/azure/synapse/artifacts/models/_models_py3.py:34806 SyntaxWarning: invalid escape sequence '\d'
[2026-02-04T14:24:20.532+0000] {logging_mixin.py:188} WARNING - /home/airflow/.local/lib/python3.12/site-packages/azure/synapse/artifacts/models/_models_py3.py:34852 SyntaxWarning: invalid escape sequence '\d'
[2026-02-04T14:24:20.534+0000] {logging_mixin.py:188} WARNING - /home/airflow/.local/lib/python3.12/site-packages/azure/synapse/artifacts/models/_models_py3.py:34908 SyntaxWarning: invalid escape sequence '\d'
[2026-02-04T14:24:20.541+0000] {logging_mixin.py:188} WARNING - /home/airflow/.local/lib/python3.12/site-packages/azure/synapse/artifacts/models/_models_py3.py:36915 SyntaxWarning: invalid escape sequence '\d'
[2026-02-04T14:24:20.543+0000] {logging_mixin.py:188} WARNING - /home/airflow/.local/lib/python3.12/site-packages/azure/synapse/artifacts/models/_models_py3.py:36971 SyntaxWarning: invalid escape sequence '\d'
[2026-02-04T14:24:20.545+0000] {logging_mixin.py:188} WARNING - /home/airflow/.local/lib/python3.12/site-packages/azure/synapse/artifacts/models/_models_py3.py:37417 SyntaxWarning: invalid escape sequence '\d'
[2026-02-04T14:24:20.547+0000] {logging_mixin.py:188} WARNING - /home/airflow/.local/lib/python3.12/site-packages/azure/synapse/artifacts/models/_models_py3.py:37473 SyntaxWarning: invalid escape sequence '\d'
[2026-02-04T14:24:20.549+0000] {logging_mixin.py:188} WARNING - /home/airflow/.local/lib/python3.12/site-packages/azure/synapse/artifacts/models/_models_py3.py:37845 SyntaxWarning: invalid escape sequence '\d'
[2026-02-04T14:24:20.551+0000] {logging_mixin.py:188} WARNING - /home/airflow/.local/lib/python3.12/site-packages/azure/synapse/artifacts/models/_models_py3.py:37901 SyntaxWarning: invalid escape sequence '\d'
[2026-02-04T14:24:20.553+0000] {logging_mixin.py:188} WARNING - /home/airflow/.local/lib/python3.12/site-packages/azure/synapse/artifacts/models/_models_py3.py:38208 SyntaxWarning: invalid escape sequence '\d'
[2026-02-04T14:24:20.555+0000] {logging_mixin.py:188} WARNING - /home/airflow/.local/lib/python3.12/site-packages/azure/synapse/artifacts/models/_models_py3.py:38264 SyntaxWarning: invalid escape sequence '\d'
[2026-02-04T14:24:20.557+0000] {logging_mixin.py:188} WARNING - /home/airflow/.local/lib/python3.12/site-packages/azure/synapse/artifacts/models/_models_py3.py:38301 SyntaxWarning: invalid escape sequence '\d'
[2026-02-04T14:24:20.559+0000] {logging_mixin.py:188} WARNING - /home/airflow/.local/lib/python3.12/site-packages/azure/synapse/artifacts/models/_models_py3.py:38351 SyntaxWarning: invalid escape sequence '\d'
[2026-02-04T14:24:20.562+0000] {logging_mixin.py:188} WARNING - /home/airflow/.local/lib/python3.12/site-packages/azure/synapse/artifacts/models/_models_py3.py:38690 SyntaxWarning: invalid escape sequence '\d'
[2026-02-04T14:24:20.564+0000] {logging_mixin.py:188} WARNING - /home/airflow/.local/lib/python3.12/site-packages/azure/synapse/artifacts/models/_models_py3.py:38758 SyntaxWarning: invalid escape sequence '\d'
[2026-02-04T14:24:20.567+0000] {logging_mixin.py:188} WARNING - /home/airflow/.local/lib/python3.12/site-packages/azure/synapse/artifacts/models/_models_py3.py:39141 SyntaxWarning: invalid escape sequence '\d'
[2026-02-04T14:24:20.569+0000] {logging_mixin.py:188} WARNING - /home/airflow/.local/lib/python3.12/site-packages/azure/synapse/artifacts/models/_models_py3.py:39192 SyntaxWarning: invalid escape sequence '\d'
[2026-02-04T14:24:20.572+0000] {logging_mixin.py:188} WARNING - /home/airflow/.local/lib/python3.12/site-packages/azure/synapse/artifacts/models/_models_py3.py:39419 SyntaxWarning: invalid escape sequence '\d'
[2026-02-04T14:24:20.574+0000] {logging_mixin.py:188} WARNING - /home/airflow/.local/lib/python3.12/site-packages/azure/synapse/artifacts/models/_models_py3.py:39487 SyntaxWarning: invalid escape sequence '\d'
[2026-02-04T14:24:20.577+0000] {logging_mixin.py:188} WARNING - /home/airflow/.local/lib/python3.12/site-packages/azure/synapse/artifacts/models/_models_py3.py:39683 SyntaxWarning: invalid escape sequence '\d'
[2026-02-04T14:24:20.579+0000] {logging_mixin.py:188} WARNING - /home/airflow/.local/lib/python3.12/site-packages/azure/synapse/artifacts/models/_models_py3.py:39738 SyntaxWarning: invalid escape sequence '\d'
[2026-02-04T14:24:20.582+0000] {logging_mixin.py:188} WARNING - /home/airflow/.local/lib/python3.12/site-packages/azure/synapse/artifacts/models/_models_py3.py:40019 SyntaxWarning: invalid escape sequence '\d'
[2026-02-04T14:24:20.584+0000] {logging_mixin.py:188} WARNING - /home/airflow/.local/lib/python3.12/site-packages/azure/synapse/artifacts/models/_models_py3.py:40084 SyntaxWarning: invalid escape sequence '\d'
[2026-02-04T14:24:20.589+0000] {logging_mixin.py:188} WARNING - /home/airflow/.local/lib/python3.12/site-packages/azure/synapse/artifacts/models/_models_py3.py:41138 SyntaxWarning: invalid escape sequence '\d'
[2026-02-04T14:24:20.591+0000] {logging_mixin.py:188} WARNING - /home/airflow/.local/lib/python3.12/site-packages/azure/synapse/artifacts/models/_models_py3.py:41196 SyntaxWarning: invalid escape sequence '\d'
[2026-02-04T14:24:20.594+0000] {logging_mixin.py:188} WARNING - /home/airflow/.local/lib/python3.12/site-packages/azure/synapse/artifacts/models/_models_py3.py:41359 SyntaxWarning: invalid escape sequence '\d'
[2026-02-04T14:24:20.596+0000] {logging_mixin.py:188} WARNING - /home/airflow/.local/lib/python3.12/site-packages/azure/synapse/artifacts/models/_models_py3.py:41415 SyntaxWarning: invalid escape sequence '\d'
[2026-02-04T14:24:20.598+0000] {logging_mixin.py:188} WARNING - /home/airflow/.local/lib/python3.12/site-packages/azure/synapse/artifacts/models/_models_py3.py:41452 SyntaxWarning: invalid escape sequence '\d'
[2026-02-04T14:24:20.601+0000] {logging_mixin.py:188} WARNING - /home/airflow/.local/lib/python3.12/site-packages/azure/synapse/artifacts/models/_models_py3.py:41507 SyntaxWarning: invalid escape sequence '\d'
[2026-02-04T14:24:20.605+0000] {logging_mixin.py:188} WARNING - /home/airflow/.local/lib/python3.12/site-packages/azure/synapse/artifacts/models/_models_py3.py:41875 SyntaxWarning: invalid escape sequence '\d'
[2026-02-04T14:24:20.607+0000] {logging_mixin.py:188} WARNING - /home/airflow/.local/lib/python3.12/site-packages/azure/synapse/artifacts/models/_models_py3.py:41947 SyntaxWarning: invalid escape sequence '\d'
[2026-02-04T14:24:20.626+0000] {logging_mixin.py:188} WARNING - /home/airflow/.local/lib/python3.12/site-packages/azure/synapse/artifacts/models/_models_py3.py:42441 SyntaxWarning: invalid escape sequence '\d'
[2026-02-04T14:24:20.629+0000] {logging_mixin.py:188} WARNING - /home/airflow/.local/lib/python3.12/site-packages/azure/synapse/artifacts/models/_models_py3.py:42497 SyntaxWarning: invalid escape sequence '\d'
[2026-02-04T14:24:20.632+0000] {logging_mixin.py:188} WARNING - /home/airflow/.local/lib/python3.12/site-packages/azure/synapse/artifacts/models/_models_py3.py:42534 SyntaxWarning: invalid escape sequence '\d'
[2026-02-04T14:24:20.634+0000] {logging_mixin.py:188} WARNING - /home/airflow/.local/lib/python3.12/site-packages/azure/synapse/artifacts/models/_models_py3.py:42590 SyntaxWarning: invalid escape sequence '\d'
[2026-02-04T14:24:20.636+0000] {logging_mixin.py:188} WARNING - /home/airflow/.local/lib/python3.12/site-packages/azure/synapse/artifacts/models/_models_py3.py:42627 SyntaxWarning: invalid escape sequence '\d'
[2026-02-04T14:24:20.638+0000] {logging_mixin.py:188} WARNING - /home/airflow/.local/lib/python3.12/site-packages/azure/synapse/artifacts/models/_models_py3.py:42692 SyntaxWarning: invalid escape sequence '\d'
[2026-02-04T14:24:20.641+0000] {logging_mixin.py:188} WARNING - /home/airflow/.local/lib/python3.12/site-packages/azure/synapse/artifacts/models/_models_py3.py:43020 SyntaxWarning: invalid escape sequence '\d'
[2026-02-04T14:24:20.644+0000] {logging_mixin.py:188} WARNING - /home/airflow/.local/lib/python3.12/site-packages/azure/synapse/artifacts/models/_models_py3.py:43079 SyntaxWarning: invalid escape sequence '\d'
[2026-02-04T14:24:20.646+0000] {logging_mixin.py:188} WARNING - /home/airflow/.local/lib/python3.12/site-packages/azure/synapse/artifacts/models/_models_py3.py:43118 SyntaxWarning: invalid escape sequence '\d'
[2026-02-04T14:24:20.648+0000] {logging_mixin.py:188} WARNING - /home/airflow/.local/lib/python3.12/site-packages/azure/synapse/artifacts/models/_models_py3.py:43168 SyntaxWarning: invalid escape sequence '\d'
[2026-02-04T14:24:20.651+0000] {logging_mixin.py:188} WARNING - /home/airflow/.local/lib/python3.12/site-packages/azure/synapse/artifacts/models/_models_py3.py:43514 SyntaxWarning: invalid escape sequence '\d'
[2026-02-04T14:24:20.653+0000] {logging_mixin.py:188} WARNING - /home/airflow/.local/lib/python3.12/site-packages/azure/synapse/artifacts/models/_models_py3.py:43573 SyntaxWarning: invalid escape sequence '\d'
[2026-02-04T14:24:20.655+0000] {logging_mixin.py:188} WARNING - /home/airflow/.local/lib/python3.12/site-packages/azure/synapse/artifacts/models/_models_py3.py:43612 SyntaxWarning: invalid escape sequence '\d'
[2026-02-04T14:24:20.657+0000] {logging_mixin.py:188} WARNING - /home/airflow/.local/lib/python3.12/site-packages/azure/synapse/artifacts/models/_models_py3.py:43666 SyntaxWarning: invalid escape sequence '\d'
[2026-02-04T14:24:20.660+0000] {logging_mixin.py:188} WARNING - /home/airflow/.local/lib/python3.12/site-packages/azure/synapse/artifacts/models/_models_py3.py:43989 SyntaxWarning: invalid escape sequence '\d'
[2026-02-04T14:24:20.663+0000] {logging_mixin.py:188} WARNING - /home/airflow/.local/lib/python3.12/site-packages/azure/synapse/artifacts/models/_models_py3.py:44045 SyntaxWarning: invalid escape sequence '\d'
[2026-02-04T14:24:20.667+0000] {logging_mixin.py:188} WARNING - /home/airflow/.local/lib/python3.12/site-packages/azure/synapse/artifacts/models/_models_py3.py:44386 SyntaxWarning: invalid escape sequence '\d'
[2026-02-04T14:24:20.670+0000] {logging_mixin.py:188} WARNING - /home/airflow/.local/lib/python3.12/site-packages/azure/synapse/artifacts/models/_models_py3.py:44442 SyntaxWarning: invalid escape sequence '\d'
[2026-02-04T14:24:20.677+0000] {logging_mixin.py:188} WARNING - /home/airflow/.local/lib/python3.12/site-packages/azure/synapse/artifacts/models/_models_py3.py:45003 SyntaxWarning: invalid escape sequence '\d'
[2026-02-04T14:24:20.680+0000] {logging_mixin.py:188} WARNING - /home/airflow/.local/lib/python3.12/site-packages/azure/synapse/artifacts/models/_models_py3.py:45058 SyntaxWarning: invalid escape sequence '\d'
[2026-02-04T14:24:20.685+0000] {logging_mixin.py:188} WARNING - /home/airflow/.local/lib/python3.12/site-packages/azure/synapse/artifacts/models/_models_py3.py:45444 SyntaxWarning: invalid escape sequence '\d'
[2026-02-04T14:24:20.687+0000] {logging_mixin.py:188} WARNING - /home/airflow/.local/lib/python3.12/site-packages/azure/synapse/artifacts/models/_models_py3.py:45499 SyntaxWarning: invalid escape sequence '\d'
[2026-02-04T14:24:20.690+0000] {logging_mixin.py:188} WARNING - /home/airflow/.local/lib/python3.12/site-packages/azure/synapse/artifacts/models/_models_py3.py:46042 SyntaxWarning: invalid escape sequence '\d'
[2026-02-04T14:24:20.692+0000] {logging_mixin.py:188} WARNING - /home/airflow/.local/lib/python3.12/site-packages/azure/synapse/artifacts/models/_models_py3.py:46098 SyntaxWarning: invalid escape sequence '\d'
[2026-02-04T14:24:20.695+0000] {logging_mixin.py:188} WARNING - /home/airflow/.local/lib/python3.12/site-packages/azure/synapse/artifacts/models/_models_py3.py:46702 SyntaxWarning: invalid escape sequence '\d'
[2026-02-04T14:24:20.697+0000] {logging_mixin.py:188} WARNING - /home/airflow/.local/lib/python3.12/site-packages/azure/synapse/artifacts/models/_models_py3.py:46758 SyntaxWarning: invalid escape sequence '\d'
[2026-02-04T14:24:20.700+0000] {logging_mixin.py:188} WARNING - /home/airflow/.local/lib/python3.12/site-packages/azure/synapse/artifacts/models/_models_py3.py:47000 SyntaxWarning: invalid escape sequence '\d'
[2026-02-04T14:24:20.702+0000] {logging_mixin.py:188} WARNING - /home/airflow/.local/lib/python3.12/site-packages/azure/synapse/artifacts/models/_models_py3.py:47050 SyntaxWarning: invalid escape sequence '\d'
[2026-02-04T14:24:20.707+0000] {logging_mixin.py:188} WARNING - /home/airflow/.local/lib/python3.12/site-packages/azure/synapse/artifacts/models/_models_py3.py:47648 SyntaxWarning: invalid escape sequence '\d'
[2026-02-04T14:24:20.709+0000] {logging_mixin.py:188} WARNING - /home/airflow/.local/lib/python3.12/site-packages/azure/synapse/artifacts/models/_models_py3.py:47704 SyntaxWarning: invalid escape sequence '\d'
[2026-02-04T14:24:20.713+0000] {logging_mixin.py:188} WARNING - /home/airflow/.local/lib/python3.12/site-packages/azure/synapse/artifacts/models/_models_py3.py:48113 SyntaxWarning: invalid escape sequence '\d'
[2026-02-04T14:24:20.715+0000] {logging_mixin.py:188} WARNING - /home/airflow/.local/lib/python3.12/site-packages/azure/synapse/artifacts/models/_models_py3.py:48190 SyntaxWarning: invalid escape sequence '\d'
[2026-02-04T14:24:20.717+0000] {logging_mixin.py:188} WARNING - /home/airflow/.local/lib/python3.12/site-packages/azure/synapse/artifacts/models/_models_py3.py:48244 SyntaxWarning: invalid escape sequence '\d'
[2026-02-04T14:24:20.719+0000] {logging_mixin.py:188} WARNING - /home/airflow/.local/lib/python3.12/site-packages/azure/synapse/artifacts/models/_models_py3.py:48321 SyntaxWarning: invalid escape sequence '\d'
[2026-02-04T14:24:20.725+0000] {logging_mixin.py:188} WARNING - /home/airflow/.local/lib/python3.12/site-packages/azure/synapse/artifacts/models/_models_py3.py:49499 SyntaxWarning: invalid escape sequence '\d'
[2026-02-04T14:24:20.727+0000] {logging_mixin.py:188} WARNING - /home/airflow/.local/lib/python3.12/site-packages/azure/synapse/artifacts/models/_models_py3.py:49555 SyntaxWarning: invalid escape sequence '\d'
[2026-02-04T14:24:20.733+0000] {logging_mixin.py:188} WARNING - /home/airflow/.local/lib/python3.12/site-packages/azure/synapse/artifacts/models/_models_py3.py:49932 SyntaxWarning: invalid escape sequence '\d'
[2026-02-04T14:24:20.736+0000] {logging_mixin.py:188} WARNING - /home/airflow/.local/lib/python3.12/site-packages/azure/synapse/artifacts/models/_models_py3.py:50002 SyntaxWarning: invalid escape sequence '\d'
[2026-02-04T14:24:20.738+0000] {logging_mixin.py:188} WARNING - /home/airflow/.local/lib/python3.12/site-packages/azure/synapse/artifacts/models/_models_py3.py:50052 SyntaxWarning: invalid escape sequence '\d'
[2026-02-04T14:24:20.740+0000] {logging_mixin.py:188} WARNING - /home/airflow/.local/lib/python3.12/site-packages/azure/synapse/artifacts/models/_models_py3.py:50107 SyntaxWarning: invalid escape sequence '\d'
[2026-02-04T14:24:20.743+0000] {logging_mixin.py:188} WARNING - /home/airflow/.local/lib/python3.12/site-packages/azure/synapse/artifacts/models/_models_py3.py:50379 SyntaxWarning: invalid escape sequence '\d'
[2026-02-04T14:24:20.744+0000] {logging_mixin.py:188} WARNING - /home/airflow/.local/lib/python3.12/site-packages/azure/synapse/artifacts/models/_models_py3.py:50449 SyntaxWarning: invalid escape sequence '\d'
[2026-02-04T14:24:20.746+0000] {logging_mixin.py:188} WARNING - /home/airflow/.local/lib/python3.12/site-packages/azure/synapse/artifacts/models/_models_py3.py:50499 SyntaxWarning: invalid escape sequence '\d'
[2026-02-04T14:24:20.748+0000] {logging_mixin.py:188} WARNING - /home/airflow/.local/lib/python3.12/site-packages/azure/synapse/artifacts/models/_models_py3.py:50554 SyntaxWarning: invalid escape sequence '\d'
[2026-02-04T14:24:20.750+0000] {logging_mixin.py:188} WARNING - /home/airflow/.local/lib/python3.12/site-packages/azure/synapse/artifacts/models/_models_py3.py:50590 SyntaxWarning: invalid escape sequence '\d'
[2026-02-04T14:24:20.752+0000] {logging_mixin.py:188} WARNING - /home/airflow/.local/lib/python3.12/site-packages/azure/synapse/artifacts/models/_models_py3.py:50660 SyntaxWarning: invalid escape sequence '\d'
[2026-02-04T14:24:20.754+0000] {logging_mixin.py:188} WARNING - /home/airflow/.local/lib/python3.12/site-packages/azure/synapse/artifacts/models/_models_py3.py:50710 SyntaxWarning: invalid escape sequence '\d'
[2026-02-04T14:24:20.755+0000] {logging_mixin.py:188} WARNING - /home/airflow/.local/lib/python3.12/site-packages/azure/synapse/artifacts/models/_models_py3.py:50770 SyntaxWarning: invalid escape sequence '\d'
[2026-02-04T14:24:20.757+0000] {logging_mixin.py:188} WARNING - /home/airflow/.local/lib/python3.12/site-packages/azure/synapse/artifacts/models/_models_py3.py:51046 SyntaxWarning: invalid escape sequence '\d'
[2026-02-04T14:24:20.759+0000] {logging_mixin.py:188} WARNING - /home/airflow/.local/lib/python3.12/site-packages/azure/synapse/artifacts/models/_models_py3.py:51116 SyntaxWarning: invalid escape sequence '\d'
[2026-02-04T14:24:20.761+0000] {logging_mixin.py:188} WARNING - /home/airflow/.local/lib/python3.12/site-packages/azure/synapse/artifacts/models/_models_py3.py:51166 SyntaxWarning: invalid escape sequence '\d'
[2026-02-04T14:24:20.763+0000] {logging_mixin.py:188} WARNING - /home/airflow/.local/lib/python3.12/site-packages/azure/synapse/artifacts/models/_models_py3.py:51226 SyntaxWarning: invalid escape sequence '\d'
[2026-02-04T14:24:20.765+0000] {logging_mixin.py:188} WARNING - /home/airflow/.local/lib/python3.12/site-packages/azure/synapse/artifacts/models/_models_py3.py:51485 SyntaxWarning: invalid escape sequence '\d'
[2026-02-04T14:24:20.767+0000] {logging_mixin.py:188} WARNING - /home/airflow/.local/lib/python3.12/site-packages/azure/synapse/artifacts/models/_models_py3.py:51540 SyntaxWarning: invalid escape sequence '\d'
[2026-02-04T14:24:20.770+0000] {logging_mixin.py:188} WARNING - /home/airflow/.local/lib/python3.12/site-packages/azure/synapse/artifacts/models/_models_py3.py:51787 SyntaxWarning: invalid escape sequence '\d'
[2026-02-04T14:24:20.773+0000] {logging_mixin.py:188} WARNING - /home/airflow/.local/lib/python3.12/site-packages/azure/synapse/artifacts/models/_models_py3.py:51851 SyntaxWarning: invalid escape sequence '\d'
[2026-02-04T14:24:20.775+0000] {logging_mixin.py:188} WARNING - /home/airflow/.local/lib/python3.12/site-packages/azure/synapse/artifacts/models/_models_py3.py:51895 SyntaxWarning: invalid escape sequence '\d'
[2026-02-04T14:24:20.777+0000] {logging_mixin.py:188} WARNING - /home/airflow/.local/lib/python3.12/site-packages/azure/synapse/artifacts/models/_models_py3.py:51958 SyntaxWarning: invalid escape sequence '\d'
[2026-02-04T14:24:20.779+0000] {logging_mixin.py:188} WARNING - /home/airflow/.local/lib/python3.12/site-packages/azure/synapse/artifacts/models/_models_py3.py:52212 SyntaxWarning: invalid escape sequence '\d'
[2026-02-04T14:24:20.780+0000] {logging_mixin.py:188} WARNING - /home/airflow/.local/lib/python3.12/site-packages/azure/synapse/artifacts/models/_models_py3.py:52275 SyntaxWarning: invalid escape sequence '\d'
[2026-02-04T14:24:20.782+0000] {logging_mixin.py:188} WARNING - /home/airflow/.local/lib/python3.12/site-packages/azure/synapse/artifacts/models/_models_py3.py:52463 SyntaxWarning: invalid escape sequence '\d'
[2026-02-04T14:24:20.784+0000] {logging_mixin.py:188} WARNING - /home/airflow/.local/lib/python3.12/site-packages/azure/synapse/artifacts/models/_models_py3.py:52532 SyntaxWarning: invalid escape sequence '\d'
[2026-02-04T14:24:20.786+0000] {logging_mixin.py:188} WARNING - /home/airflow/.local/lib/python3.12/site-packages/azure/synapse/artifacts/models/_models_py3.py:53040 SyntaxWarning: invalid escape sequence '\d'
[2026-02-04T14:24:20.788+0000] {logging_mixin.py:188} WARNING - /home/airflow/.local/lib/python3.12/site-packages/azure/synapse/artifacts/models/_models_py3.py:53111 SyntaxWarning: invalid escape sequence '\d'
[2026-02-04T14:24:20.790+0000] {logging_mixin.py:188} WARNING - /home/airflow/.local/lib/python3.12/site-packages/azure/synapse/artifacts/models/_models_py3.py:53334 SyntaxWarning: invalid escape sequence '\d'
[2026-02-04T14:24:20.792+0000] {logging_mixin.py:188} WARNING - /home/airflow/.local/lib/python3.12/site-packages/azure/synapse/artifacts/models/_models_py3.py:53407 SyntaxWarning: invalid escape sequence '\d'
[2026-02-04T14:24:20.795+0000] {logging_mixin.py:188} WARNING - /home/airflow/.local/lib/python3.12/site-packages/azure/synapse/artifacts/models/_models_py3.py:53961 SyntaxWarning: invalid escape sequence '\d'
[2026-02-04T14:24:20.796+0000] {logging_mixin.py:188} WARNING - /home/airflow/.local/lib/python3.12/site-packages/azure/synapse/artifacts/models/_models_py3.py:54059 SyntaxWarning: invalid escape sequence '\d'
[2026-02-04T14:24:20.799+0000] {logging_mixin.py:188} WARNING - /home/airflow/.local/lib/python3.12/site-packages/azure/synapse/artifacts/models/_models_py3.py:54322 SyntaxWarning: invalid escape sequence '\d'
[2026-02-04T14:24:20.801+0000] {logging_mixin.py:188} WARNING - /home/airflow/.local/lib/python3.12/site-packages/azure/synapse/artifacts/models/_models_py3.py:54398 SyntaxWarning: invalid escape sequence '\d'
[2026-02-04T14:24:20.805+0000] {logging_mixin.py:188} WARNING - /home/airflow/.local/lib/python3.12/site-packages/azure/synapse/artifacts/models/_models_py3.py:55022 SyntaxWarning: invalid escape sequence '\d'
[2026-02-04T14:24:20.807+0000] {logging_mixin.py:188} WARNING - /home/airflow/.local/lib/python3.12/site-packages/azure/synapse/artifacts/models/_models_py3.py:55078 SyntaxWarning: invalid escape sequence '\d'
[2026-02-04T14:24:20.808+0000] {logging_mixin.py:188} WARNING - /home/airflow/.local/lib/python3.12/site-packages/azure/synapse/artifacts/models/_models_py3.py:55310 SyntaxWarning: invalid escape sequence '\d'
[2026-02-04T14:24:20.810+0000] {logging_mixin.py:188} WARNING - /home/airflow/.local/lib/python3.12/site-packages/azure/synapse/artifacts/models/_models_py3.py:55365 SyntaxWarning: invalid escape sequence '\d'
[2026-02-04T14:24:20.814+0000] {logging_mixin.py:188} WARNING - /home/airflow/.local/lib/python3.12/site-packages/azure/synapse/artifacts/models/_models_py3.py:56196 SyntaxWarning: invalid escape sequence '\d'
[2026-02-04T14:24:20.816+0000] {logging_mixin.py:188} WARNING - /home/airflow/.local/lib/python3.12/site-packages/azure/synapse/artifacts/models/_models_py3.py:56248 SyntaxWarning: invalid escape sequence '\d'
[2026-02-04T14:24:20.819+0000] {logging_mixin.py:188} WARNING - /home/airflow/.local/lib/python3.12/site-packages/azure/synapse/artifacts/models/_models_py3.py:56508 SyntaxWarning: invalid escape sequence '\d'
[2026-02-04T14:24:20.821+0000] {logging_mixin.py:188} WARNING - /home/airflow/.local/lib/python3.12/site-packages/azure/synapse/artifacts/models/_models_py3.py:56564 SyntaxWarning: invalid escape sequence '\d'
[2026-02-04T14:24:20.825+0000] {logging_mixin.py:188} WARNING - /home/airflow/.local/lib/python3.12/site-packages/azure/synapse/artifacts/models/_models_py3.py:57087 SyntaxWarning: invalid escape sequence '\d'
[2026-02-04T14:24:20.827+0000] {logging_mixin.py:188} WARNING - /home/airflow/.local/lib/python3.12/site-packages/azure/synapse/artifacts/models/_models_py3.py:57147 SyntaxWarning: invalid escape sequence '\d'
[2026-02-04T14:24:20.830+0000] {logging_mixin.py:188} WARNING - /home/airflow/.local/lib/python3.12/site-packages/azure/synapse/artifacts/models/_models_py3.py:57187 SyntaxWarning: invalid escape sequence '\d'
[2026-02-04T14:24:20.832+0000] {logging_mixin.py:188} WARNING - /home/airflow/.local/lib/python3.12/site-packages/azure/synapse/artifacts/models/_models_py3.py:57237 SyntaxWarning: invalid escape sequence '\d'
[2026-02-04T14:24:20.837+0000] {logging_mixin.py:188} WARNING - /home/airflow/.local/lib/python3.12/site-packages/azure/synapse/artifacts/models/_models_py3.py:57560 SyntaxWarning: invalid escape sequence '\d'
[2026-02-04T14:24:20.839+0000] {logging_mixin.py:188} WARNING - /home/airflow/.local/lib/python3.12/site-packages/azure/synapse/artifacts/models/_models_py3.py:57620 SyntaxWarning: invalid escape sequence '\d'
[2026-02-04T14:24:20.842+0000] {logging_mixin.py:188} WARNING - /home/airflow/.local/lib/python3.12/site-packages/azure/synapse/artifacts/models/_models_py3.py:57660 SyntaxWarning: invalid escape sequence '\d'
[2026-02-04T14:24:20.844+0000] {logging_mixin.py:188} WARNING - /home/airflow/.local/lib/python3.12/site-packages/azure/synapse/artifacts/models/_models_py3.py:57710 SyntaxWarning: invalid escape sequence '\d'
[2026-02-04T14:24:20.855+0000] {logging_mixin.py:188} WARNING - /home/airflow/.local/lib/python3.12/site-packages/azure/synapse/artifacts/models/_models_py3.py:59106 SyntaxWarning: invalid escape sequence '\d'
[2026-02-04T14:24:20.857+0000] {logging_mixin.py:188} WARNING - /home/airflow/.local/lib/python3.12/site-packages/azure/synapse/artifacts/models/_models_py3.py:59162 SyntaxWarning: invalid escape sequence '\d'
[2026-02-04T14:24:20.860+0000] {logging_mixin.py:188} WARNING - /home/airflow/.local/lib/python3.12/site-packages/azure/synapse/artifacts/models/_models_py3.py:59316 SyntaxWarning: invalid escape sequence '\d'
[2026-02-04T14:24:20.863+0000] {logging_mixin.py:188} WARNING - /home/airflow/.local/lib/python3.12/site-packages/azure/synapse/artifacts/models/_models_py3.py:59396 SyntaxWarning: invalid escape sequence '\d'
[2026-02-04T14:24:20.866+0000] {logging_mixin.py:188} WARNING - /home/airflow/.local/lib/python3.12/site-packages/azure/synapse/artifacts/models/_models_py3.py:59452 SyntaxWarning: invalid escape sequence '\d'
[2026-02-04T14:24:20.869+0000] {logging_mixin.py:188} WARNING - /home/airflow/.local/lib/python3.12/site-packages/azure/synapse/artifacts/models/_models_py3.py:59535 SyntaxWarning: invalid escape sequence '\d'
[2026-02-04T14:24:20.871+0000] {logging_mixin.py:188} WARNING - /home/airflow/.local/lib/python3.12/site-packages/azure/synapse/artifacts/models/_models_py3.py:59594 SyntaxWarning: invalid escape sequence '\d'
[2026-02-04T14:24:20.874+0000] {logging_mixin.py:188} WARNING - /home/airflow/.local/lib/python3.12/site-packages/azure/synapse/artifacts/models/_models_py3.py:59677 SyntaxWarning: invalid escape sequence '\d'
[2026-02-04T14:24:20.877+0000] {logging_mixin.py:188} WARNING - /home/airflow/.local/lib/python3.12/site-packages/azure/synapse/artifacts/models/_models_py3.py:59733 SyntaxWarning: invalid escape sequence '\d'
[2026-02-04T14:24:20.879+0000] {logging_mixin.py:188} WARNING - /home/airflow/.local/lib/python3.12/site-packages/azure/synapse/artifacts/models/_models_py3.py:59818 SyntaxWarning: invalid escape sequence '\d'
[2026-02-04T14:24:20.888+0000] {logging_mixin.py:188} WARNING - /home/airflow/.local/lib/python3.12/site-packages/azure/synapse/artifacts/models/_models_py3.py:60639 SyntaxWarning: invalid escape sequence '\d'
[2026-02-04T14:24:20.891+0000] {logging_mixin.py:188} WARNING - /home/airflow/.local/lib/python3.12/site-packages/azure/synapse/artifacts/models/_models_py3.py:60722 SyntaxWarning: invalid escape sequence '\d'
[2026-02-04T14:24:20.895+0000] {logging_mixin.py:188} WARNING - /home/airflow/.local/lib/python3.12/site-packages/azure/synapse/artifacts/models/_models_py3.py:60778 SyntaxWarning: invalid escape sequence '\d'
[2026-02-04T14:24:20.899+0000] {logging_mixin.py:188} WARNING - /home/airflow/.local/lib/python3.12/site-packages/azure/synapse/artifacts/models/_models_py3.py:60863 SyntaxWarning: invalid escape sequence '\d'
[2026-02-04T14:24:20.904+0000] {logging_mixin.py:188} WARNING - /home/airflow/.local/lib/python3.12/site-packages/azure/synapse/artifacts/models/_models_py3.py:61167 SyntaxWarning: invalid escape sequence '\d'
[2026-02-04T14:24:20.908+0000] {logging_mixin.py:188} WARNING - /home/airflow/.local/lib/python3.12/site-packages/azure/synapse/artifacts/models/_models_py3.py:61250 SyntaxWarning: invalid escape sequence '\d'
[2026-02-04T14:24:20.912+0000] {logging_mixin.py:188} WARNING - /home/airflow/.local/lib/python3.12/site-packages/azure/synapse/artifacts/models/_models_py3.py:61306 SyntaxWarning: invalid escape sequence '\d'
[2026-02-04T14:24:20.915+0000] {logging_mixin.py:188} WARNING - /home/airflow/.local/lib/python3.12/site-packages/azure/synapse/artifacts/models/_models_py3.py:61387 SyntaxWarning: invalid escape sequence '\d'
[2026-02-04T14:24:20.919+0000] {logging_mixin.py:188} WARNING - /home/airflow/.local/lib/python3.12/site-packages/azure/synapse/artifacts/models/_models_py3.py:61696 SyntaxWarning: invalid escape sequence '\d'
[2026-02-04T14:24:20.921+0000] {logging_mixin.py:188} WARNING - /home/airflow/.local/lib/python3.12/site-packages/azure/synapse/artifacts/models/_models_py3.py:61752 SyntaxWarning: invalid escape sequence '\d'
[2026-02-04T14:24:20.925+0000] {logging_mixin.py:188} WARNING - /home/airflow/.local/lib/python3.12/site-packages/azure/synapse/artifacts/models/_models_py3.py:61954 SyntaxWarning: invalid escape sequence '\d'
[2026-02-04T14:24:20.927+0000] {logging_mixin.py:188} WARNING - /home/airflow/.local/lib/python3.12/site-packages/azure/synapse/artifacts/models/_models_py3.py:61992 SyntaxWarning: invalid escape sequence '\d'
[2026-02-04T14:24:20.933+0000] {logging_mixin.py:188} WARNING - /home/airflow/.local/lib/python3.12/site-packages/azure/synapse/artifacts/models/_models_py3.py:62660 SyntaxWarning: invalid escape sequence '\d'
[2026-02-04T14:24:20.936+0000] {logging_mixin.py:188} WARNING - /home/airflow/.local/lib/python3.12/site-packages/azure/synapse/artifacts/models/_models_py3.py:62715 SyntaxWarning: invalid escape sequence '\d'
[2026-02-04T14:24:20.946+0000] {logging_mixin.py:188} WARNING - /home/airflow/.local/lib/python3.12/site-packages/azure/synapse/artifacts/models/_models_py3.py:63882 SyntaxWarning: invalid escape sequence '\d'
[2026-02-04T14:24:20.950+0000] {logging_mixin.py:188} WARNING - /home/airflow/.local/lib/python3.12/site-packages/azure/synapse/artifacts/models/_models_py3.py:63946 SyntaxWarning: invalid escape sequence '\d'
[2026-02-04T14:24:20.955+0000] {logging_mixin.py:188} WARNING - /home/airflow/.local/lib/python3.12/site-packages/azure/synapse/artifacts/models/_models_py3.py:64582 SyntaxWarning: invalid escape sequence '\d'
[2026-02-04T14:24:20.959+0000] {logging_mixin.py:188} WARNING - /home/airflow/.local/lib/python3.12/site-packages/azure/synapse/artifacts/models/_models_py3.py:64674 SyntaxWarning: invalid escape sequence '\d'
[2026-02-04T14:24:20.963+0000] {logging_mixin.py:188} WARNING - /home/airflow/.local/lib/python3.12/site-packages/azure/synapse/artifacts/models/_models_py3.py:64940 SyntaxWarning: invalid escape sequence '\d'
[2026-02-04T14:24:20.966+0000] {logging_mixin.py:188} WARNING - /home/airflow/.local/lib/python3.12/site-packages/azure/synapse/artifacts/models/_models_py3.py:65014 SyntaxWarning: invalid escape sequence '\d'
[2026-02-04T14:24:20.969+0000] {logging_mixin.py:188} WARNING - /home/airflow/.local/lib/python3.12/site-packages/azure/synapse/artifacts/models/_models_py3.py:65117 SyntaxWarning: invalid escape sequence '\d'
[2026-02-04T14:24:20.972+0000] {logging_mixin.py:188} WARNING - /home/airflow/.local/lib/python3.12/site-packages/azure/synapse/artifacts/models/_models_py3.py:65199 SyntaxWarning: invalid escape sequence '\d'
[2026-02-04T14:24:20.975+0000] {logging_mixin.py:188} WARNING - /home/airflow/.local/lib/python3.12/site-packages/azure/synapse/artifacts/models/_models_py3.py:65385 SyntaxWarning: invalid escape sequence '\d'
[2026-02-04T14:24:20.978+0000] {logging_mixin.py:188} WARNING - /home/airflow/.local/lib/python3.12/site-packages/azure/synapse/artifacts/models/_models_py3.py:65441 SyntaxWarning: invalid escape sequence '\d'
[2026-02-04T14:24:20.982+0000] {logging_mixin.py:188} WARNING - /home/airflow/.local/lib/python3.12/site-packages/azure/synapse/artifacts/models/_models_py3.py:65874 SyntaxWarning: invalid escape sequence '\d'
[2026-02-04T14:24:20.985+0000] {logging_mixin.py:188} WARNING - /home/airflow/.local/lib/python3.12/site-packages/azure/synapse/artifacts/models/_models_py3.py:65950 SyntaxWarning: invalid escape sequence '\d'
[2026-02-04T14:24:20.987+0000] {logging_mixin.py:188} WARNING - /home/airflow/.local/lib/python3.12/site-packages/azure/synapse/artifacts/models/_models_py3.py:66003 SyntaxWarning: invalid escape sequence '\d'
[2026-02-04T14:24:20.990+0000] {logging_mixin.py:188} WARNING - /home/airflow/.local/lib/python3.12/site-packages/azure/synapse/artifacts/models/_models_py3.py:66087 SyntaxWarning: invalid escape sequence '\d'
[2026-02-04T14:24:20.996+0000] {logging_mixin.py:188} WARNING - /home/airflow/.local/lib/python3.12/site-packages/azure/synapse/artifacts/models/_models_py3.py:66686 SyntaxWarning: invalid escape sequence '\d'
[2026-02-04T14:24:20.999+0000] {logging_mixin.py:188} WARNING - /home/airflow/.local/lib/python3.12/site-packages/azure/synapse/artifacts/models/_models_py3.py:66779 SyntaxWarning: invalid escape sequence '\d'
[2026-02-04T14:24:21.004+0000] {logging_mixin.py:188} WARNING - /home/airflow/.local/lib/python3.12/site-packages/azure/synapse/artifacts/models/_models_py3.py:66918 SyntaxWarning: invalid escape sequence '\d'
[2026-02-04T14:24:21.007+0000] {logging_mixin.py:188} WARNING - /home/airflow/.local/lib/python3.12/site-packages/azure/synapse/artifacts/models/_models_py3.py:66964 SyntaxWarning: invalid escape sequence '\d'
[2026-02-04T14:24:21.014+0000] {logging_mixin.py:188} WARNING - /home/airflow/.local/lib/python3.12/site-packages/azure/synapse/artifacts/models/_models_py3.py:67735 SyntaxWarning: invalid escape sequence '\d'
[2026-02-04T14:24:21.017+0000] {logging_mixin.py:188} WARNING - /home/airflow/.local/lib/python3.12/site-packages/azure/synapse/artifacts/models/_models_py3.py:67791 SyntaxWarning: invalid escape sequence '\d'
[2026-02-04T14:24:21.023+0000] {logging_mixin.py:188} WARNING - /home/airflow/.local/lib/python3.12/site-packages/azure/synapse/artifacts/models/_models_py3.py:68043 SyntaxWarning: invalid escape sequence '\d'
[2026-02-04T14:24:21.026+0000] {logging_mixin.py:188} WARNING - /home/airflow/.local/lib/python3.12/site-packages/azure/synapse/artifacts/models/_models_py3.py:68097 SyntaxWarning: invalid escape sequence '\d'
[2026-02-04T14:24:21.031+0000] {logging_mixin.py:188} WARNING - /home/airflow/.local/lib/python3.12/site-packages/azure/synapse/artifacts/models/_models_py3.py:68532 SyntaxWarning: invalid escape sequence '\d'
[2026-02-04T14:24:21.035+0000] {logging_mixin.py:188} WARNING - /home/airflow/.local/lib/python3.12/site-packages/azure/synapse/artifacts/models/_models_py3.py:68588 SyntaxWarning: invalid escape sequence '\d'
[2026-02-04T14:24:21.613+0000] {taskinstance.py:441} INFO - ::group::Post task execution logs
[2026-02-04T14:24:21.638+0000] {taskinstance.py:1206} INFO - Marking task as SUCCESS. dag_id=sales_ingestion_pipeline, task_id=trigger_silver_cleaning, run_id=scheduled__2026-02-04T14:15:00+00:00, execution_date=20260204T141500, start_date=20260204T142414, end_date=20260204T142421
[2026-02-04T14:24:21.690+0000] {local_task_job_runner.py:243} INFO - Task exited with return code 0
[2026-02-04T14:24:21.721+0000] {taskinstance.py:3503} INFO - 0 downstream tasks scheduled from follow-on schedule check
[2026-02-04T14:24:21.725+0000] {local_task_job_runner.py:222} INFO - ::endgroup::
